2026-08-07 13:28:36 | INFO     | ==================================================
2026-08-07 13:28:36 | INFO     | 📂 正在加载试卷数据库...
2026-08-07 13:28:36 | INFO     |    运行模式: VARIANCE_OPT
2026-08-07 13:28:36 | INFO     |    题目范围: ['ML_4']
2026-08-07 13:28:36 | INFO     |    文本模型: glm5 -> glm-5.2 (thinking=disabled)
2026-08-07 13:28:36 | INFO     |    提取后端: csbench_hybrid
2026-08-07 13:28:36 | INFO     |    题库文件: D:\users\王鑫020420\Desktop\refgrader-main\data\csbench\exam_database.json
2026-08-07 13:28:36 | INFO     |    教师分文件: D:\users\王鑫020420\Desktop\refgrader-main\data\csbench\teacher_scores.json
2026-08-07 13:28:36 | INFO     |    Sample quality policy: raw (mode=raw, excluded=0, corrected=0)
2026-08-07 13:28:36 | INFO     |    答案元数据: D:\users\王鑫020420\Desktop\refgrader-main\data\csbench\answer_metadata.jsonl
2026-08-07 13:28:36 | INFO     |    并发数:   2
2026-08-07 13:28:36 | INFO     |    结果目录: D:\users\王鑫020420\Desktop\refgrader-main\results_runs\csbench_ml4_rubric_opt
2026-08-07 13:28:36 | INFO     |    Rubric目录: D:\users\王鑫020420\Desktop\refgrader-main\data\csbench\rubrics\optimized
2026-08-07 13:28:36 | INFO     |    初始Rubric目录: D:\users\王鑫020420\Desktop\refgrader-main\data\csbench\rubrics\initial
2026-08-07 13:28:36 | INFO     |    允许回退初始Rubric: False
2026-08-07 13:28:36 | INFO     |    进度文件: D:\users\王鑫020420\Desktop\refgrader-main\results_runs\csbench_ml4_rubric_opt\progress.json
2026-08-07 13:28:36 | INFO     |    日志文件: logs\experiment_20260807_132836.log
2026-08-07 13:28:36 | INFO     | 🔬 当前处于【方差优化模式】(VARIANCE OPT MODE)
2026-08-07 13:28:36 | INFO     |    系统将生成标准，进行小样本测试，修正并保存最终标准。
2026-08-07 13:28:36 | INFO     | 
============================================================
🔬 [断点续传模式] 处理题目: ML_4
============================================================
2026-08-07 13:28:36 | INFO     | restart from the immutable initial rubric and ignore the existing optimized rubric.
2026-08-07 13:28:36 | INFO     | Loaded immutable initial rubric: data/csbench/rubrics/initial/ML/ML_4_rubric_standard.json
2026-08-07 13:28:36 | INFO     | force-rerun enabled; ignore old variance checkpoint for this question.
2026-08-07 13:28:36 | INFO     | [data isolation] variance optimization is restricted to 6 calibration answers.
2026-08-07 13:28:36 | INFO     | 
👉 正在处理新样本: ANS_ML_171.jpg
2026-08-07 13:28:39 | INFO     |    ⏳ [V0 保护] 脱敏清单生成完毕，休眠 2 秒...
2026-08-07 13:28:41 | INFO     |    [单次视觉采样] 正在看图提取事实...
2026-08-07 13:28:41 | INFO     | [metadata] loaded 3326 answer records from D:\users\王鑫020420\Desktop\refgrader-main\data\csbench\answer_metadata.jsonl
2026-08-07 13:29:43 | INFO     |    ⏳ [V0 保护] 视觉提取完成，准备进入打分循环，休眠 2 秒...
2026-08-07 13:29:45 | INFO     |    [第 1/3 次判决] 呼叫逻辑裁判...
2026-08-07 13:29:50 | INFO     |       ✅ [裁判亮分] 总得分: 1.5
2026-08-07 13:29:50 | INFO     |          - [条款 step_1] 得分: 1.5 | 理由: Student explicitly provided the correct state definitions for S0-S5, which establishes the foundation for the Moore/Mealy state machine. However, the core required artifacts (state transition edges and state table) were completely left blank. Under an additive scoring policy, partial credit is awarded for defining the correct state sequence.
2026-08-07 13:29:50 | INFO     |    ⏳ [V0 保护] 判决完成，休眠 2 秒...
2026-08-07 13:29:52 | INFO     |    [第 2/3 次判决] 呼叫逻辑裁判...
2026-08-07 13:29:58 | INFO     |       ✅ [裁判亮分] 总得分: 1.5
2026-08-07 13:29:58 | INFO     |          - [条款 step_1] 得分: 1.5 | 理由: 学生正确定义了状态序列（S0至S5）及其代表的检测字符串意义，这属于建立原始状态表和状态图的基础工作（占总体约25%的工作量）。但是，题目要求的核心得分点：状态表的具体现态/次态/输出内容，以及状态图的转移关系均明确未书写，因此只能给予部分分数。
2026-08-07 13:29:58 | INFO     |    ⏳ [V0 保护] 判决完成，休眠 2 秒...
2026-08-07 13:30:00 | INFO     |    [第 3/3 次判决] 呼叫逻辑裁判...
2026-08-07 13:30:04 | INFO     |       ✅ [裁判亮分] 总得分: 0
2026-08-07 13:30:04 | INFO     |          - [条款 step_1] 得分: 0 | 理由: 学生仅列出了状态定义，但明确未书写状态转移关系（状态图）和原始状态表的具体内容，未能提供任何图或表的部分匹配信息，得0分。
2026-08-07 13:30:04 | INFO     | 💾 样本 ANS_ML_171.jpg 进度已保存。
2026-08-07 13:30:04 | INFO     | ⏳ 样本间冷却 15 秒...
2026-08-07 13:30:19 | INFO     | 
👉 正在处理新样本: ANS_ML_189.jpg
2026-08-07 13:30:22 | INFO     |    ⏳ [V0 保护] 脱敏清单生成完毕，休眠 2 秒...
2026-08-07 13:30:24 | INFO     |    [单次视觉采样] 正在看图提取事实...
2026-08-07 13:31:11 | INFO     |    ⏳ [V0 保护] 视觉提取完成，准备进入打分循环，休眠 2 秒...
2026-08-07 13:31:13 | INFO     |    [第 1/3 次判决] 呼叫逻辑裁判...
2026-08-07 13:31:18 | INFO     |       ✅ [裁判亮分] 总得分: 2.0
2026-08-07 13:31:18 | INFO     |          - [条款 step_1] 得分: 2.0 | 理由: 学生尝试写出了部分状态表（尽管信息结构不完整，且状态标号与标准答案不符），体现了部分作答痕迹，但是无具体的逻辑状态图结构，所提供的信息不足以判断状态转换逻辑的正确性。基于评分宽容原则，给予部分分数。
2026-08-07 13:31:18 | INFO     |    ⏳ [V0 保护] 判决完成，休眠 2 秒...
2026-08-07 13:31:20 | INFO     |    [第 2/3 次判决] 呼叫逻辑裁判...
2026-08-07 13:31:24 | INFO     |       ✅ [裁判亮分] 总得分: 2.0
2026-08-07 13:31:24 | INFO     |          - [条款 step_1] 得分: 2.0 | 理由: The student correctly provides the structure of the state table and identifies the correct output (e.g., E A/1), satisfying part of the requirement. However, the mapping of state transitions is largely fragmented/incorrect compared to the standard. Additionally, the state diagram is absent (requires viewing an image). Award partial credit for the state table attempt.
2026-08-07 13:31:24 | INFO     |    ⏳ [V0 保护] 判决完成，休眠 2 秒...
2026-08-07 13:31:26 | INFO     |    [第 3/3 次判决] 呼叫逻辑裁判...
2026-08-07 13:31:31 | INFO     |       ✅ [裁判亮分] 总得分: 1.5
2026-08-07 13:31:31 | INFO     |          - [条款 step_1] 得分: 1.5 | 理由: 学生提取的状态表信息不完整且缺乏标准化结构（仅列出了A和B的部分转换及输出），未能覆盖标准答案要求的全部状态和输入条件，且明确说明状态图未作出（需查看图像）。故仅能给予极少量的尝试分。
2026-08-07 13:31:31 | INFO     | 💾 样本 ANS_ML_189.jpg 进度已保存。
2026-08-07 13:31:31 | INFO     | ⏳ 样本间冷却 15 秒...
2026-08-07 13:31:46 | INFO     | 
👉 正在处理新样本: ANS_ML_199.jpg
2026-08-07 13:31:50 | INFO     |    ⏳ [V0 保护] 脱敏清单生成完毕，休眠 2 秒...
2026-08-07 13:31:52 | INFO     |    [单次视觉采样] 正在看图提取事实...
2026-08-07 13:32:31 | INFO     |    ⏳ [V0 保护] 视觉提取完成，准备进入打分循环，休眠 2 秒...
2026-08-07 13:32:33 | INFO     |    [第 1/3 次判决] 呼叫逻辑裁判...
2026-08-07 13:32:38 | INFO     |       ✅ [裁判亮分] 总得分: 3
2026-08-07 13:32:38 | INFO     |          - [条款 step_1] 得分: 3 | 理由: The state table is perfectly correct and matches the standard answer exactly, but the state diagram is explicitly stated as unwritten. Awarding 50% of the total points for correctly completing half of the required deliverables.
2026-08-07 13:32:38 | INFO     |    ⏳ [V0 保护] 判决完成，休眠 2 秒...
2026-08-07 13:32:40 | INFO     |    [第 2/3 次判决] 呼叫逻辑裁判...
2026-08-07 13:32:44 | INFO     |       ✅ [裁判亮分] 总得分: 3
2026-08-07 13:32:44 | INFO     |          - [条款 step_1] 得分: 3 | 理由: 学生准确且完整地提供了原始状态表，这满足了核心要求的一半。然而，提取的事实明确指出“状态图：未书写”，这意味着学生没有提供所需的原始状态图。在 6 分的总分中，为正确的状态表部分奖励一半分数（3分）。
2026-08-07 13:32:44 | INFO     |    ⏳ [V0 保护] 判决完成，休眠 2 秒...
2026-08-07 13:32:46 | INFO     |    [第 3/3 次判决] 呼叫逻辑裁判...
2026-08-07 13:32:51 | INFO     |       ✅ [裁判亮分] 总得分: 3
2026-08-07 13:32:51 | INFO     |          - [条款 step_1] 得分: 3 | 理由: 学生正确提供了完整且准确的状态表。然而，题目同时要求提供状态图，而学生明确没有书写（“状态图：未书写”）。由于六个要求点中约有一半缺失，因此判为 PARTIAL_MATCH 并给出一半分数（6分中的3分）。
2026-08-07 13:32:51 | INFO     | 💾 样本 ANS_ML_199.jpg 进度已保存。
2026-08-07 13:32:51 | INFO     | ⏳ 样本间冷却 15 秒...
2026-08-07 13:33:06 | INFO     | 
👉 正在处理新样本: ANS_ML_201.jpg
2026-08-07 13:33:11 | INFO     |    ⏳ [V0 保护] 脱敏清单生成完毕，休眠 2 秒...
2026-08-07 13:33:13 | INFO     |    [单次视觉采样] 正在看图提取事实...
2026-08-07 13:34:20 | INFO     |    ⏳ [V0 保护] 视觉提取完成，准备进入打分循环，休眠 2 秒...
2026-08-07 13:34:22 | INFO     |    [第 1/3 次判决] 呼叫逻辑裁判...
2026-08-07 13:34:32 | INFO     |       ✅ [裁判亮分] 总得分: 5
2026-08-07 13:34:32 | INFO     |          - [条款 step_1] 得分: 5 | 理由: 学生提供了完整的原始状态表，虽然状态命名与标准答案不同但符合状态机要求。然而，学生未按要求提供原始状态图（缺失图示），且状态表存在微小偏差（缺少一个等效状态）。作为高校期末考试评分教师，对于大部分正确但缺失图示的回答给予大部分分数。
2026-08-07 13:34:32 | INFO     |    ⏳ [V0 保护] 判决完成，休眠 2 秒...
2026-08-07 13:34:34 | INFO     |    [第 2/3 次判决] 呼叫逻辑裁判...
2026-08-07 13:34:43 | INFO     |       ✅ [裁判亮分] 总得分: 3
2026-08-07 13:34:43 | INFO     |          - [条款 step_1] 得分: 3 | 理由: The rubric requires both the primitive state diagram and state table, but the extracted student facts only provide the state table. Although the state table matches the standard answer functionally (just with renamed states A-E instead of S0-S5), the primitive state diagram is entirely missing from the provided facts.
2026-08-07 13:34:43 | INFO     |    ⏳ [V0 保护] 判决完成，休眠 2 秒...
2026-08-07 13:34:45 | INFO     |    [第 3/3 次判决] 呼叫逻辑裁判...
2026-08-07 13:34:50 | INFO     |       ✅ [裁判亮分] 总得分: 3
2026-08-07 13:34:50 | INFO     |          - [条款 step_1] 得分: 3 | 理由: The student provided the original state table (which is structurally correct, although in state D it maps back to A instead of S1/B for X=0). However, the original state diagram is completely missing. Half of the required components are absent.
2026-08-07 13:34:50 | INFO     | 💾 样本 ANS_ML_201.jpg 进度已保存。
2026-08-07 13:34:50 | INFO     | ⏳ 样本间冷却 15 秒...
2026-08-07 13:35:05 | INFO     | 
👉 正在处理新样本: ANS_ML_205.jpg
2026-08-07 13:35:08 | INFO     |    ⏳ [V0 保护] 脱敏清单生成完毕，休眠 2 秒...
2026-08-07 13:35:10 | INFO     |    [单次视觉采样] 正在看图提取事实...
2026-08-07 13:36:14 | INFO     |    ⏳ [V0 保护] 视觉提取完成，准备进入打分循环，休眠 2 秒...
2026-08-07 13:36:16 | INFO     |    [第 1/3 次判决] 呼叫逻辑裁判...
2026-08-07 13:36:20 | INFO     |       ✅ [裁判亮分] 总得分: 1
2026-08-07 13:36:20 | INFO     |          - [条款 step_1] 得分: 1 | 理由: 学生只给出了部分状态设定和定义，但缺失核心的状态转移逻辑和输出，且明确说明未书写状态表，无法查看状态图。给予很少的部分分数。
2026-08-07 13:36:20 | INFO     |    ⏳ [V0 保护] 判决完成，休眠 2 秒...
2026-08-07 13:36:22 | INFO     |    [第 2/3 次判决] 呼叫逻辑裁判...
2026-08-07 13:36:27 | INFO     |       ✅ [裁判亮分] 总得分: 1.5
2026-08-07 13:36:27 | INFO     |          - [条款 step_1] 得分: 1.5 | 理由: 学生正确定义了所有必要的初始状态（包含初始状态和5个序列匹配步骤，覆盖了01010的序列检测）。这有效地建立了解决问题所需的基础。但是，明确说明原始状态图和原始状态表均未书写。根据大学期末考试的宽容评分准则，由于缺失核心的关系映射，授予部分分数（满分的25%）。
2026-08-07 13:36:27 | INFO     |    ⏳ [V0 保护] 判决完成，休眠 2 秒...
2026-08-07 13:36:29 | INFO     |    [第 3/3 次判决] 呼叫逻辑裁判...
2026-08-07 13:36:33 | INFO     |       ✅ [裁判亮分] 总得分: 1.5
2026-08-07 13:36:33 | INFO     |          - [条款 step_1] 得分: 1.5 | 理由: The student correctly defined the prerequisite states for the sequential detection of '0101', but failed to provide the required state diagram and state table. Partial credit is awarded for the valid state setup.
2026-08-07 13:36:33 | INFO     | 💾 样本 ANS_ML_205.jpg 进度已保存。
2026-08-07 13:36:33 | INFO     | ⏳ 样本间冷却 15 秒...
2026-08-07 13:36:48 | INFO     | 
📊 采样完成。平均方差: 0.3000
2026-08-07 13:36:48 | INFO     | Item-level variance: avg=0.3000, max=0.8889
2026-08-07 13:36:48 | WARNING  | ⚠️ 方差超标！开始基于高方差样本修正标准...
2026-08-07 13:36:48 | INFO     | 🔧 [规则修正] 正在基于 3 份精选样本优化规则...
2026-08-07 13:36:48 | INFO     | [rubric structure] mandatory high-value split targets: [{"parent_id": "step_1", "parent_points": 6.0, "current_scoring_children": 1, "minimum_scoring_children": 2, "weighting_policy": "equal_atomic"}]
2026-08-07 13:36:57 | INFO     | [candidate replay] validating refined rubric against 5 isolated calibration answers...
2026-08-07 13:36:57 | INFO     | 📦 成功加载教师真实成绩单数据库！共包含 3326 名考生的数据。
2026-08-07 13:37:33 | INFO     | [candidate replay] {"method": "paired_teacher_score_noninferiority", "expected": 5, "paired": 5, "required": 4, "coverage": 1.0, "mae_margin": 0.12, "severe_regression_margin": 1.2, "accepted": false, "reason": "severe_sample_regression", "baseline_mae": 3.1, "candidate_mae": 3.9, "mae_delta": 0.8, "improved": 0, "unchanged": 2, "worsened": 3, "severe_regressions": 2, "records": [{"answer_id": "ANS_ML_171", "baseline_score": 1.0, "candidate_score": 1.0, "teacher_score": 6.0}, {"answer_id": "ANS_ML_189", "baseline_score": 1.8333333333333333, "candidate_score": 1.5, "teacher_score": 4.0}, {"answer_id": "ANS_ML_199", "baseline_score": 3.0, "candidate_score": 3.0, "teacher_score": 6.0}, {"answer_id": "ANS_ML_201", "baseline_score": 3.6666666666666665, "candidate_score": 6.0, "teacher_score": 3.0}, {"answer_id": "ANS_ML_205", "baseline_score": 1.3333333333333333, "candidate_score": 0.0, "teacher_score": 6.0}]}
2026-08-07 13:37:33 | ERROR    | Refined rubric rejected by calibration non-inferiority gate: severe_sample_regression
2026-08-07 13:37:33 | WARNING  | [rubric selection] no refined candidate passed every gate; selected the official baseline for ML_4. mode=calibrated_noninferior_baseline_selected
2026-08-07 13:37:33 | INFO     | [rubric manifest] saved: D:\users\王鑫020420\Desktop\refgrader-main\data\csbench\rubrics\manifests\ML\ML_4_optimization.json
2026-08-07 13:37:33 | INFO     | [rubric transaction] persisted postcondition passed for ML_4; mode=calibrated_noninferior_baseline_selected; sha256=986d343d7b68434526e3b7dd168559b8a60dacfcdb55097c4742ae268ba1c739
2026-08-07 13:37:33 | INFO     | 
🏆 任务完成！
