2026-08-07 13:13:20 | INFO     | ==================================================
2026-08-07 13:13:20 | INFO     | 📂 正在加载试卷数据库...
2026-08-07 13:13:20 | INFO     |    运行模式: VARIANCE_OPT
2026-08-07 13:13:20 | INFO     |    题目范围: ['ISC_3']
2026-08-07 13:13:20 | INFO     |    文本模型: glm5 -> glm-5.2 (thinking=disabled)
2026-08-07 13:13:20 | INFO     |    提取后端: csbench_hybrid
2026-08-07 13:13:20 | INFO     |    题库文件: D:\users\王鑫020420\Desktop\refgrader-main\data\csbench\exam_database.json
2026-08-07 13:13:20 | INFO     |    教师分文件: D:\users\王鑫020420\Desktop\refgrader-main\data\csbench\teacher_scores.json
2026-08-07 13:13:20 | INFO     |    Sample quality policy: raw (mode=raw, excluded=0, corrected=0)
2026-08-07 13:13:20 | INFO     |    答案元数据: D:\users\王鑫020420\Desktop\refgrader-main\data\csbench\answer_metadata.jsonl
2026-08-07 13:13:20 | INFO     |    并发数:   2
2026-08-07 13:13:20 | INFO     |    结果目录: D:\users\王鑫020420\Desktop\refgrader-main\results_runs\csbench_isc3_rubric_opt
2026-08-07 13:13:20 | INFO     |    Rubric目录: D:\users\王鑫020420\Desktop\refgrader-main\data\csbench\rubrics\optimized
2026-08-07 13:13:20 | INFO     |    初始Rubric目录: D:\users\王鑫020420\Desktop\refgrader-main\data\csbench\rubrics\initial
2026-08-07 13:13:20 | INFO     |    允许回退初始Rubric: False
2026-08-07 13:13:20 | INFO     |    进度文件: D:\users\王鑫020420\Desktop\refgrader-main\results_runs\csbench_isc3_rubric_opt\progress.json
2026-08-07 13:13:20 | INFO     |    日志文件: logs\experiment_20260807_131320.log
2026-08-07 13:13:20 | INFO     | 🔬 当前处于【方差优化模式】(VARIANCE OPT MODE)
2026-08-07 13:13:20 | INFO     |    系统将生成标准，进行小样本测试，修正并保存最终标准。
2026-08-07 13:13:20 | INFO     | 
============================================================
🔬 [断点续传模式] 处理题目: ISC_3
============================================================
2026-08-07 13:13:20 | INFO     | restart from the immutable initial rubric and ignore the existing optimized rubric.
2026-08-07 13:13:20 | INFO     | Loaded immutable initial rubric: data/csbench/rubrics/initial/ISC/ISC_3_rubric_standard.json
2026-08-07 13:13:20 | INFO     | force-rerun enabled; ignore old variance checkpoint for this question.
2026-08-07 13:13:20 | INFO     | [data isolation] variance optimization is restricted to 7 calibration answers.
2026-08-07 13:13:20 | INFO     | 
👉 正在处理新样本: ANS_ISC_550.jpg
2026-08-07 13:13:24 | INFO     |    ⏳ [V0 保护] 脱敏清单生成完毕，休眠 2 秒...
2026-08-07 13:13:26 | INFO     |    [单次视觉采样] 正在看图提取事实...
2026-08-07 13:13:26 | INFO     | [metadata] loaded 3326 answer records from D:\users\王鑫020420\Desktop\refgrader-main\data\csbench\answer_metadata.jsonl
2026-08-07 13:13:30 | INFO     |    ⏳ [V0 保护] 视觉提取完成，准备进入打分循环，休眠 2 秒...
2026-08-07 13:13:32 | INFO     |    [第 1/3 次判决] 呼叫逻辑裁判...
2026-08-07 13:13:38 | INFO     |       ✅ [裁判亮分] 总得分: 2.0
2026-08-07 13:13:38 | INFO     |          - [条款 step_1] 得分: 2.0 | 理由: 学生正确回答了部分组成（数据库、DBMS、应用、用户）和重要性（现代信息系统离不开它）。但在SQL的作用上，仅以通俗比喻描述（“普通话”），未准确指出其作为结构化查询语言在定义、查询和管理数据库上的具体技术作用，故给予部分分数。
2026-08-07 13:13:38 | INFO     |    ⏳ [V0 保护] 判决完成，休眠 2 秒...
2026-08-07 13:13:40 | INFO     |    [第 2/3 次判决] 呼叫逻辑裁判...
2026-08-07 13:13:44 | INFO     |       ✅ [裁判亮分] 总得分: 3
2026-08-07 13:13:44 | INFO     |          - [条款 step_1] 得分: 3 | 理由: 标准答案包含组成、重要性及SQL作用三部分。学生准确回答了系统的部分核心组成（数据库、DBMS、用户），提及了数据库的重要性（现代信息系统离不开它），并给出了SQL的作用（操作数据库的“普通话”）。但缺失了DBA、硬件平台等其他组成部分的列举，也没有具体展开重要性的深层原因（解决数据冗余、一致性等），属于具体但不完整的答案，故给予部分分数。
2026-08-07 13:13:44 | INFO     |    ⏳ [V0 保护] 判决完成，休眠 2 秒...
2026-08-07 13:13:46 | INFO     |    [第 3/3 次判决] 呼叫逻辑裁判...
2026-08-07 13:13:51 | INFO     |       ✅ [裁判亮分] 总得分: 2.5
2026-08-07 13:13:51 | INFO     |          - [条款 step_1] 得分: 2.5 | 理由: 学生正确回答了数据库系统的部分组成（数据库、DBMS、应用和用户）和SQL语言的核心作用（操作数据库），但对于数据库系统的重要性回答过于笼统（仅提到现代信息系统离不开它），未提及标准答案中要求的具体优点（如解决数据冗余、实现数据共享和安全控制等）。涵盖部分核心要点，给予一半分数。
2026-08-07 13:13:51 | INFO     | 💾 样本 ANS_ISC_550.jpg 进度已保存。
2026-08-07 13:13:51 | INFO     | ⏳ 样本间冷却 15 秒...
2026-08-07 13:14:06 | INFO     | 
👉 正在处理新样本: ANS_ISC_551.jpg
2026-08-07 13:14:09 | INFO     |    ⏳ [V0 保护] 脱敏清单生成完毕，休眠 2 秒...
2026-08-07 13:14:11 | INFO     |    [单次视觉采样] 正在看图提取事实...
2026-08-07 13:14:16 | INFO     |    ⏳ [V0 保护] 视觉提取完成，准备进入打分循环，休眠 2 秒...
2026-08-07 13:14:18 | INFO     |    [第 1/3 次判决] 呼叫逻辑裁判...
2026-08-07 13:14:25 | INFO     |       ✅ [裁判亮分] 总得分: 3
2026-08-07 13:14:25 | INFO     |          - [条款 step_1] 得分: 3 | 理由: 该题为三个子任务（组成、重要性、SQL作用），总分5分。SQL作用描述充分且包含核心得分点“减轻用户负担,提高数据独立性与安全性”，得3分。数据库系统组成仅提及DB和DBMS，缺失硬件、软件、人员等其他部分。重要性的表述偏向于应用软件的定义，未涉及“解决冗余、数据共享、安全控制”等核心概念，故组成与重要性部分不给分。
2026-08-07 13:14:25 | INFO     |    ⏳ [V0 保护] 判决完成，休眠 2 秒...
2026-08-07 13:14:27 | INFO     |    [第 2/3 次判决] 呼叫逻辑裁判...
2026-08-07 13:14:31 | INFO     |       ✅ [裁判亮分] 总得分: 3.0
2026-08-07 13:14:31 | INFO     |          - [条款 step_1] 得分: 3.0 | 理由: 学生准确回答了部分组成（数据库、数据库管理系统、应用软件系统）和SQL语言的作用（减轻负担、提高独立性/安全性等），但未明确提及数据冗余等重要性内容，缺少硬件平台和DBA/用户等组成部分，故按部分匹配给分。
2026-08-07 13:14:31 | INFO     |    ⏳ [V0 保护] 判决完成，休眠 2 秒...
2026-08-07 13:14:33 | INFO     |    [第 3/3 次判决] 呼叫逻辑裁判...
2026-08-07 13:14:39 | INFO     |       ✅ [裁判亮分] 总得分: 2.5
2026-08-07 13:14:39 | INFO     |          - [条款 step_1] 得分: 2.5 | 理由: 学生准确解答了数据库系统的组成（数据库、DBMS、应用软件系统）以及SQL语言的作用（自动完成操作、减轻负担、提高独立性和安全性），覆盖了标准答案的一半内容。但是，提取的事实中完全缺失了关于“数据库系统重要性”（如解决数据冗余、集中管理、共享等）的论述。因此，基于覆盖的具体知识点比例，给予一半的分数。
2026-08-07 13:14:39 | INFO     | 💾 样本 ANS_ISC_551.jpg 进度已保存。
2026-08-07 13:14:39 | INFO     | ⏳ 样本间冷却 15 秒...
2026-08-07 13:14:54 | INFO     | 
👉 正在处理新样本: ANS_ISC_554.jpg
2026-08-07 13:14:57 | INFO     |    ⏳ [V0 保护] 脱敏清单生成完毕，休眠 2 秒...
2026-08-07 13:14:59 | INFO     |    [单次视觉采样] 正在看图提取事实...
2026-08-07 13:15:01 | INFO     |    ⏳ [V0 保护] 视觉提取完成，准备进入打分循环，休眠 2 秒...
2026-08-07 13:15:03 | INFO     |    [第 1/3 次判决] 呼叫逻辑裁判...
2026-08-07 13:15:07 | INFO     |       ✅ [裁判亮分] 总得分: 3.5
2026-08-07 13:15:07 | INFO     |          - [条款 step_1] 得分: 3.5 | 理由: 正确回答了重要性（减少冗余和不一致性，提高独立性和安全性）和SQL的作用（减轻用户负担，提高可移植性）。但在组成方面遗漏了硬件平台、数据库管理员(DBA)和用户。根据评分标准给予部分分数。
2026-08-07 13:15:07 | INFO     |    ⏳ [V0 保护] 判决完成，休眠 2 秒...
2026-08-07 13:15:09 | INFO     |    [第 2/3 次判决] 呼叫逻辑裁判...
2026-08-07 13:15:13 | INFO     |       ✅ [裁判亮分] 总得分: 3.5
2026-08-07 13:15:13 | INFO     |          - [条款 step_1] 得分: 3.5 | 理由: 学生正确回答了数据库及DBMS的组成，并准确指出了数据库的重要性（减少数据冗余、实现共享与安全控制、提高独立性）。但在SQL语言的作用上，仅描述了程序可移植性，遗漏了其核心的定义、操作、查询与管理功能，因此给部分分。
2026-08-07 13:15:13 | INFO     |    ⏳ [V0 保护] 判决完成，休眠 2 秒...
2026-08-07 13:15:15 | INFO     |    [第 3/3 次判决] 呼叫逻辑裁判...
2026-08-07 13:15:20 | INFO     |       ✅ [裁判亮分] 总得分: 4
2026-08-07 13:15:20 | INFO     |          - [条款 step_1] 得分: 4 | 理由: 学生回答正确涵盖了重要性（解决数据冗余和不一致问题，提高共享度等）以及SQL的作用（减轻用户负担，提高数据独立性、安全性和可移植性）。但在系统组成方面，仅提及了数据库和数据库管理系统，遗漏了硬件平台、软件工具、数据库管理员(DBA)和用户等核心要素。由于部分核心要求缺失，故给予4分（满分5分）。
2026-08-07 13:15:20 | INFO     | 💾 样本 ANS_ISC_554.jpg 进度已保存。
2026-08-07 13:15:20 | INFO     | ⏳ 样本间冷却 15 秒...
2026-08-07 13:15:35 | INFO     | 
👉 正在处理新样本: ANS_ISC_560.jpg
2026-08-07 13:15:37 | INFO     |    ⏳ [V0 保护] 脱敏清单生成完毕，休眠 2 秒...
2026-08-07 13:15:39 | INFO     |    [单次视觉采样] 正在看图提取事实...
2026-08-07 13:15:42 | INFO     |    ⏳ [V0 保护] 视觉提取完成，准备进入打分循环，休眠 2 秒...
2026-08-07 13:15:44 | INFO     |    [第 1/3 次判决] 呼叫逻辑裁判...
2026-08-07 13:15:50 | INFO     |       ✅ [裁判亮分] 总得分: 2.5
2026-08-07 13:15:50 | INFO     |          - [条款 step_1] 得分: 2.5 | 理由: 部分匹配标准答案的三个维度：重要性正确指出了降低冗余度和提高独立性；SQL作用正确指出了减轻用户负担和提高数据独立性/安全性。缺失数据库系统的具体物理/人员组成，故得一半分数。
2026-08-07 13:15:50 | INFO     |    ⏳ [V0 保护] 判决完成，休眠 2 秒...
2026-08-07 13:15:52 | INFO     |    [第 2/3 次判决] 呼叫逻辑裁判...
2026-08-07 13:15:56 | INFO     |       ✅ [裁判亮分] 总得分: 3.0
2026-08-07 13:15:56 | INFO     |          - [条款 step_1] 得分: 3.0 | 理由: 重要性（解决冗余、提高独立性）和SQL作用（减轻用户负担、提高数据独立性）得分；但在组成上，学生仅泛泛提到了'数据库'和'数据库管理系统'，遗漏了DBA、用户、硬件/软件平台等核心要素，未能完全匹配标准答案的要求，故作部分得分处理。
2026-08-07 13:15:56 | INFO     |    ⏳ [V0 保护] 判决完成，休眠 2 秒...
2026-08-07 13:15:58 | INFO     |    [第 3/3 次判决] 呼叫逻辑裁判...
2026-08-07 13:16:03 | INFO     |       ✅ [裁判亮分] 总得分: 2.5
2026-08-07 13:16:03 | INFO     |          - [条款 step_1] 得分: 2.5 | 理由: 学生未明确列举数据库系统的具体组成（如DB、DBMS、硬件、DBA等），但在'重要性'上准确指出了低冗余、高共享及独立性；在'SQL作用'上提及了减轻用户负担和提高数据独立性（虽误写了面向过程，但要点在理）。整体结构缺失核心组成，故予以一半部分分数。
2026-08-07 13:16:03 | INFO     | 💾 样本 ANS_ISC_560.jpg 进度已保存。
2026-08-07 13:16:03 | INFO     | ⏳ 样本间冷却 15 秒...
2026-08-07 13:16:18 | INFO     | 
👉 正在处理新样本: ANS_ISC_564.jpg
2026-08-07 13:16:23 | INFO     |    ⏳ [V0 保护] 脱敏清单生成完毕，休眠 2 秒...
2026-08-07 13:16:25 | INFO     |    [单次视觉采样] 正在看图提取事实...
2026-08-07 13:16:30 | INFO     |    ⏳ [V0 保护] 视觉提取完成，准备进入打分循环，休眠 2 秒...
2026-08-07 13:16:32 | INFO     |    [第 1/3 次判决] 呼叫逻辑裁判...
2026-08-07 13:16:39 | INFO     |       ✅ [裁判亮分] 总得分: 2.5
2026-08-07 13:16:39 | INFO     |          - [条款 step_1] 得分: 2.5 | 理由: 重要性部分回答正确（提及降低冗余度、共享度高和独立性），但把数据库设计的生命周期误当作数据库系统的组成，且SQL语言的作用回答偏颇（混淆了SQL对关系型数据库的基础管理与数据仓库OLAP应用），故仅给一半部分分。
2026-08-07 13:16:39 | INFO     |    ⏳ [V0 保护] 判决完成，休眠 2 秒...
2026-08-07 13:16:41 | INFO     |    [第 2/3 次判决] 呼叫逻辑裁判...
2026-08-07 13:16:47 | INFO     |       ✅ [裁判亮分] 总得分: 1.5
2026-08-07 13:16:47 | INFO     |          - [条款 step_1] 得分: 1.5 | 理由: 重要性部分回答正确（数据冗余度低、独立性高），得部分分。但数据库系统组成（误答为生命周期阶段）和SQL作用（误答为OLAP和数据挖掘）在概念上与题意背道而驰，存在严重的语义偏差，故无法给予这两部分分数，综合判定为部分匹配。
2026-08-07 13:16:47 | INFO     |    ⏳ [V0 保护] 判决完成，休眠 2 秒...
2026-08-07 13:16:49 | INFO     |    [第 3/3 次判决] 呼叫逻辑裁判...
2026-08-07 13:16:53 | INFO     |       ✅ [裁判亮分] 总得分: 2.5
2026-08-07 13:16:53 | INFO     |          - [条款 step_1] 得分: 2.5 | 理由: 组成部分概念性错误（误答为数据库生命周期/设计阶段）；重要性部分正确（提到了降低冗余、提高独立性）；SQL语言部分偏离核心作用（误答为主要用于OLAP/数据仓库，未提及查询、定义和操作关系型数据库）。部分匹配给一半分。
2026-08-07 13:16:53 | INFO     | 💾 样本 ANS_ISC_564.jpg 进度已保存。
2026-08-07 13:16:53 | INFO     | ⏳ 样本间冷却 15 秒...
2026-08-07 13:17:08 | INFO     | 
📊 采样完成。平均方差: 0.1111
2026-08-07 13:17:08 | INFO     | Item-level variance: avg=0.1111, max=0.2222
2026-08-07 13:17:08 | WARNING  | ⚠️ 方差超标！开始基于高方差样本修正标准...
2026-08-07 13:17:08 | INFO     | 🔧 [规则修正] 正在基于 3 份精选样本优化规则...
2026-08-07 13:17:08 | INFO     | [rubric structure] mandatory high-value split targets: [{"parent_id": "step_1", "parent_points": 5.0, "current_scoring_children": 1, "minimum_scoring_children": 2, "weighting_policy": "equal_atomic"}]
2026-08-07 13:17:20 | INFO     | [candidate replay] validating refined rubric against 5 isolated calibration answers...
2026-08-07 13:17:20 | INFO     | 📦 成功加载教师真实成绩单数据库！共包含 3326 名考生的数据。
2026-08-07 13:17:55 | INFO     | [candidate replay] {"method": "paired_teacher_score_noninferiority", "expected": 5, "paired": 5, "required": 4, "coverage": 1.0, "mae_margin": 0.1, "severe_regression_margin": 1.0, "accepted": true, "reason": "accepted_noninferior", "baseline_mae": 1.233333, "candidate_mae": 1.100667, "mae_delta": -0.132667, "improved": 3, "unchanged": 0, "worsened": 2, "severe_regressions": 0, "records": [{"answer_id": "ANS_ISC_550", "baseline_score": 2.5, "candidate_score": 3.3333333333333335, "teacher_score": 3.0}, {"answer_id": "ANS_ISC_551", "baseline_score": 2.8333333333333335, "candidate_score": 3.333333333333333, "teacher_score": 3.0}, {"answer_id": "ANS_ISC_554", "baseline_score": 3.6666666666666665, "candidate_score": 4.166666666666666, "teacher_score": 5.0}, {"answer_id": "ANS_ISC_560", "baseline_score": 2.6666666666666665, "candidate_score": 3.33, "teacher_score": 5.0}, {"answer_id": "ANS_ISC_564", "baseline_score": 2.1666666666666665, "candidate_score": 1.6666666666666667, "teacher_score": 4.0}]}
2026-08-07 13:17:55 | INFO     | 🎉 修正后的最终标准已通过语义契约和校准集非劣验收。
2026-08-07 13:17:55 | INFO     | [rubric manifest] saved: D:\users\王鑫020420\Desktop\refgrader-main\data\csbench\rubrics\manifests\ISC\ISC_3_optimization.json
2026-08-07 13:17:55 | INFO     | [rubric transaction] persisted postcondition passed for ISC_3; mode=strict_candidate_contract; sha256=ca46ede82b2ff2ae12c631c9368d82aa8aa0d89ed127f4f9728c70f4c299dd1c
2026-08-07 13:17:55 | INFO     | 
🏆 任务完成！
