2026-07-27 05:29:48 | INFO     | ==================================================
2026-07-27 05:29:48 | INFO     | 📂 正在加载试卷数据库...
2026-07-27 05:29:48 | INFO     |    运行模式: VARIANCE_OPT
2026-07-27 05:29:48 | INFO     |    题目范围: ['CPL_1', 'CPL_2', 'CPL_3', 'CPL_4', 'CPL_5', 'CPL_6', 'CPL_7', 'CPL_8']
2026-07-27 05:29:48 | INFO     |    文本模型: glm5 -> glm-5.2 (thinking=disabled)
2026-07-27 05:29:48 | INFO     |    提取后端: csbench_hybrid
2026-07-27 05:29:48 | INFO     |    题库文件: D:\users\王鑫020420\Desktop\refgrader-main\data\csbench\exam_database.json
2026-07-27 05:29:48 | INFO     |    教师分文件: D:\users\王鑫020420\Desktop\refgrader-main\data\csbench\teacher_scores.json
2026-07-27 05:29:48 | INFO     |    Sample quality policy: raw (mode=raw, excluded=0, corrected=0)
2026-07-27 05:29:48 | INFO     |    答案元数据: D:\users\王鑫020420\Desktop\refgrader-main\data\csbench\answer_metadata.jsonl
2026-07-27 05:29:48 | INFO     |    并发数:   2
2026-07-27 05:29:48 | INFO     |    结果目录: D:\users\王鑫020420\Desktop\refgrader-main\results_runs\csbench_cpl1_cpl2_cpl3_cpl4_cpl5_cpl6_cpl7_cpl8_rubric_opt
2026-07-27 05:29:48 | INFO     |    Rubric目录: D:\users\王鑫020420\Desktop\refgrader-main\data\csbench\rubrics\optimized
2026-07-27 05:29:48 | INFO     |    初始Rubric目录: D:\users\王鑫020420\Desktop\refgrader-main\data\csbench\rubrics\initial
2026-07-27 05:29:48 | INFO     |    允许回退初始Rubric: False
2026-07-27 05:29:48 | INFO     |    进度文件: D:\users\王鑫020420\Desktop\refgrader-main\results_runs\csbench_cpl1_cpl2_cpl3_cpl4_cpl5_cpl6_cpl7_cpl8_rubric_opt\progress.json
2026-07-27 05:29:48 | INFO     |    日志文件: logs\experiment_20260727_052948.log
2026-07-27 05:29:48 | INFO     | 🔬 当前处于【方差优化模式】(VARIANCE OPT MODE)
2026-07-27 05:29:48 | INFO     |    系统将生成标准，进行小样本测试，修正并保存最终标准。
2026-07-27 05:29:48 | INFO     | 
============================================================
🔬 [断点续传模式] 处理题目: CPL_1
============================================================
2026-07-27 05:29:48 | INFO     | Loaded immutable initial rubric: data/csbench/rubrics/initial/CPL/CPL_1_rubric_standard.json
2026-07-27 05:29:48 | INFO     | 📈 发现进度点：已完成 5/5 个样本。
2026-07-27 05:29:48 | INFO     | [data isolation] variance optimization is restricted to 6 calibration answers.
2026-07-27 05:29:48 | INFO     | ✅ 方差采样已全部完成，直接进入修正环节。
2026-07-27 05:29:48 | INFO     | 
📊 采样完成。平均方差: 0.9000
2026-07-27 05:29:48 | INFO     | Item-level variance: avg=0.9000, max=4.5000
2026-07-27 05:29:48 | WARNING  | ⚠️ 方差超标！开始基于高方差样本修正标准...
2026-07-27 05:29:48 | INFO     | 🔧 [规则修正] 正在基于 1 份精选样本优化规则...
2026-07-27 05:29:48 | INFO     | [rubric structure] mandatory high-value split targets: [{"parent_id": "step_1", "parent_points": 5.0, "current_scoring_children": 1, "minimum_scoring_children": 2, "weighting_policy": "equal_atomic"}]
2026-07-27 05:29:55 | INFO     | [candidate replay] validating refined rubric against 5 isolated calibration answers...
2026-07-27 05:29:55 | INFO     | 📦 成功加载教师真实成绩单数据库！共包含 3326 名考生的数据。
2026-07-27 05:30:29 | INFO     | [candidate replay] {"method": "paired_teacher_score_noninferiority", "expected": 5, "paired": 5, "required": 4, "coverage": 1.0, "mae_margin": 0.1, "severe_regression_margin": 1.0, "accepted": true, "reason": "accepted_noninferior", "baseline_mae": 0.6, "candidate_mae": 0.25, "mae_delta": -0.35, "improved": 3, "unchanged": 2, "worsened": 0, "severe_regressions": 0, "records": [{"answer_id": "ANS_CPL_01", "baseline_score": 5.0, "candidate_score": 5.0, "teacher_score": 5.0}, {"answer_id": "ANS_CPL_20", "baseline_score": 4.5, "candidate_score": 5.0, "teacher_score": 5.0}, {"answer_id": "ANS_CPL_21", "baseline_score": 4.5, "candidate_score": 5.0, "teacher_score": 5.0}, {"answer_id": "ANS_CPL_39", "baseline_score": 5.0, "candidate_score": 5.0, "teacher_score": 5.0}, {"answer_id": "ANS_CPL_48", "baseline_score": 3.0, "candidate_score": 3.75, "teacher_score": 5.0}]}
2026-07-27 05:30:29 | INFO     | 🎉 修正后的最终标准已通过语义契约和校准集非劣验收。
2026-07-27 05:30:29 | INFO     | [rubric manifest] saved: D:\users\王鑫020420\Desktop\refgrader-main\data\csbench\rubrics\manifests\CPL\CPL_1_optimization.json
2026-07-27 05:30:29 | INFO     | [rubric transaction] persisted postcondition passed for CPL_1; mode=strict_candidate_contract; sha256=72d0f1ba2c7a70cf0ce508447dd78324791b89abc353499a4a560229d17c2871
2026-07-27 05:30:29 | INFO     | 
============================================================
🔬 [断点续传模式] 处理题目: CPL_2
============================================================
2026-07-27 05:30:29 | INFO     | Loaded immutable initial rubric: data/csbench/rubrics/initial/CPL/CPL_2_rubric_standard.json
2026-07-27 05:30:29 | INFO     | 📈 发现进度点：已完成 5/5 个样本。
2026-07-27 05:30:29 | INFO     | [data isolation] variance optimization is restricted to 6 calibration answers.
2026-07-27 05:30:29 | INFO     | ✅ 方差采样已全部完成，直接进入修正环节。
2026-07-27 05:30:29 | INFO     | 
📊 采样完成。平均方差: 0.0000
2026-07-27 05:30:29 | INFO     | Item-level variance: avg=0.0000, max=0.0000
2026-07-27 05:30:29 | WARNING  | ⚠️ 触发语义粗粒度检查：存在允许细化的复合高分条款；原子结果项保持完整。
2026-07-27 05:30:29 | INFO     | 🔧 [规则修正] 正在基于 2 份精选样本优化规则...
2026-07-27 05:30:29 | INFO     | [rubric structure] mandatory high-value split targets: [{"parent_id": "step_1", "parent_points": 5.0, "current_scoring_children": 1, "minimum_scoring_children": 2, "weighting_policy": "equal_atomic"}]
2026-07-27 05:30:38 | INFO     | [candidate replay] validating refined rubric against 5 isolated calibration answers...
2026-07-27 05:31:06 | INFO     | [candidate replay] {"method": "paired_teacher_score_noninferiority", "expected": 5, "paired": 5, "required": 4, "coverage": 1.0, "mae_margin": 0.1, "severe_regression_margin": 1.0, "accepted": true, "reason": "accepted_noninferior", "baseline_mae": 0.0, "candidate_mae": 0.0, "mae_delta": 0.0, "improved": 0, "unchanged": 5, "worsened": 0, "severe_regressions": 0, "records": [{"answer_id": "ANS_CPL_109", "baseline_score": 5.0, "candidate_score": 5.0, "teacher_score": 5.0}, {"answer_id": "ANS_CPL_119", "baseline_score": 5.0, "candidate_score": 5.0, "teacher_score": 5.0}, {"answer_id": "ANS_CPL_64", "baseline_score": 0.0, "candidate_score": 0.0, "teacher_score": 0.0}, {"answer_id": "ANS_CPL_70", "baseline_score": 0.0, "candidate_score": 0.0, "teacher_score": 0.0}, {"answer_id": "ANS_CPL_96", "baseline_score": 5.0, "candidate_score": 5.0, "teacher_score": 5.0}]}
2026-07-27 05:31:06 | INFO     | 🎉 修正后的最终标准已通过语义契约和校准集非劣验收。
2026-07-27 05:31:06 | INFO     | [rubric manifest] saved: D:\users\王鑫020420\Desktop\refgrader-main\data\csbench\rubrics\manifests\CPL\CPL_2_optimization.json
2026-07-27 05:31:06 | INFO     | [rubric transaction] persisted postcondition passed for CPL_2; mode=strict_candidate_contract; sha256=e278637b5a592500f02087a699c20f821defb8f92a52a63b39ba41f3320b0255
2026-07-27 05:31:06 | INFO     | 
============================================================
🔬 [断点续传模式] 处理题目: CPL_3
============================================================
2026-07-27 05:31:06 | INFO     | Loaded immutable initial rubric: data/csbench/rubrics/initial/CPL/CPL_3_rubric_standard.json
2026-07-27 05:31:06 | INFO     | 📈 发现进度点：已完成 5/5 个样本。
2026-07-27 05:31:06 | INFO     | [data isolation] variance optimization is restricted to 6 calibration answers.
2026-07-27 05:31:06 | INFO     | ✅ 方差采样已全部完成，直接进入修正环节。
2026-07-27 05:31:06 | INFO     | 
📊 采样完成。平均方差: 0.7111
2026-07-27 05:31:06 | INFO     | Item-level variance: avg=0.0800, max=0.2222
2026-07-27 05:31:06 | WARNING  | ⚠️ 方差超标！开始基于高方差样本修正标准...
2026-07-27 05:31:06 | INFO     | 🔧 [规则修正] 正在基于 3 份精选样本优化规则...
2026-07-27 05:31:32 | INFO     | [candidate replay] validating refined rubric against 5 isolated calibration answers...
2026-07-27 05:32:43 | INFO     | [candidate replay] {"method": "paired_teacher_score_noninferiority", "expected": 5, "paired": 5, "required": 4, "coverage": 1.0, "mae_margin": 0.2, "severe_regression_margin": 2.0, "accepted": true, "reason": "accepted_noninferior", "baseline_mae": 1.133333, "candidate_mae": 0.4, "mae_delta": -0.733333, "improved": 4, "unchanged": 1, "worsened": 0, "severe_regressions": 0, "records": [{"answer_id": "ANS_CPL_123", "baseline_score": 9.666666666666666, "candidate_score": 10.0, "teacher_score": 10.0}, {"answer_id": "ANS_CPL_126", "baseline_score": 4.666666666666667, "candidate_score": 6.0, "teacher_score": 8.0}, {"answer_id": "ANS_CPL_137", "baseline_score": 10.0, "candidate_score": 10.0, "teacher_score": 10.0}, {"answer_id": "ANS_CPL_159", "baseline_score": 8.333333333333334, "candidate_score": 10.0, "teacher_score": 10.0}, {"answer_id": "ANS_CPL_160", "baseline_score": 9.666666666666666, "candidate_score": 10.0, "teacher_score": 10.0}]}
2026-07-27 05:32:43 | INFO     | 🎉 修正后的最终标准已通过语义契约和校准集非劣验收。
2026-07-27 05:32:43 | INFO     | [rubric manifest] saved: D:\users\王鑫020420\Desktop\refgrader-main\data\csbench\rubrics\manifests\CPL\CPL_3_optimization.json
2026-07-27 05:32:43 | INFO     | [rubric transaction] persisted postcondition passed for CPL_3; mode=strict_candidate_contract; sha256=aebf0b4d70f2c25165f572d3e2cbc79e50c2dd80e868f1307feb578a7b6f9630
2026-07-27 05:32:43 | INFO     | 
============================================================
🔬 [断点续传模式] 处理题目: CPL_4
============================================================
2026-07-27 05:32:43 | INFO     | Loaded immutable initial rubric: data/csbench/rubrics/initial/CPL/CPL_4_rubric_standard.json
2026-07-27 05:32:43 | INFO     | 📈 发现进度点：已完成 5/5 个样本。
2026-07-27 05:32:43 | INFO     | [data isolation] variance optimization is restricted to 6 calibration answers.
2026-07-27 05:32:43 | INFO     | ✅ 方差采样已全部完成，直接进入修正环节。
2026-07-27 05:32:43 | INFO     | 
📊 采样完成。平均方差: 0.3111
2026-07-27 05:32:43 | INFO     | Item-level variance: avg=0.3111, max=1.5556
2026-07-27 05:32:43 | WARNING  | ⚠️ 方差超标！开始基于高方差样本修正标准...
2026-07-27 05:32:43 | INFO     | 🔧 [规则修正] 正在基于 1 份精选样本优化规则...
2026-07-27 05:32:43 | INFO     | [rubric structure] mandatory high-value split targets: [{"parent_id": "step_1", "parent_points": 10.0, "current_scoring_children": 1, "minimum_scoring_children": 2, "weighting_policy": "equal_atomic"}]
2026-07-27 05:33:01 | INFO     | [candidate replay] validating refined rubric against 5 isolated calibration answers...
2026-07-27 05:33:46 | INFO     | [candidate replay] {"method": "paired_teacher_score_noninferiority", "expected": 5, "paired": 5, "required": 4, "coverage": 1.0, "mae_margin": 0.2, "severe_regression_margin": 2.0, "accepted": true, "reason": "accepted_noninferior", "baseline_mae": 0.266667, "candidate_mae": 0.3, "mae_delta": 0.033333, "improved": 1, "unchanged": 3, "worsened": 1, "severe_regressions": 0, "records": [{"answer_id": "ANS_CPL_181", "baseline_score": 10.0, "candidate_score": 10.0, "teacher_score": 10.0}, {"answer_id": "ANS_CPL_184", "baseline_score": 9.0, "candidate_score": 7.5, "teacher_score": 9.0}, {"answer_id": "ANS_CPL_191", "baseline_score": 3.6666666666666665, "candidate_score": 5.0, "teacher_score": 5.0}, {"answer_id": "ANS_CPL_212", "baseline_score": 10.0, "candidate_score": 10.0, "teacher_score": 10.0}, {"answer_id": "ANS_CPL_215", "baseline_score": 10.0, "candidate_score": 10.0, "teacher_score": 10.0}]}
2026-07-27 05:33:46 | INFO     | 🎉 修正后的最终标准已通过语义契约和校准集非劣验收。
2026-07-27 05:33:46 | INFO     | [rubric manifest] saved: D:\users\王鑫020420\Desktop\refgrader-main\data\csbench\rubrics\manifests\CPL\CPL_4_optimization.json
2026-07-27 05:33:46 | INFO     | [rubric transaction] persisted postcondition passed for CPL_4; mode=strict_candidate_contract; sha256=456acb66ef74580a9e21ea9ff384156e389447a5a8ad6cc909005e67501eac90
2026-07-27 05:33:46 | INFO     | 
============================================================
🔬 [断点续传模式] 处理题目: CPL_5
============================================================
2026-07-27 05:33:46 | INFO     | Loaded immutable initial rubric: data/csbench/rubrics/initial/CPL/CPL_5_rubric_standard.json
2026-07-27 05:33:46 | INFO     | 📈 发现进度点：已完成 5/5 个样本。
2026-07-27 05:33:46 | INFO     | [data isolation] variance optimization is restricted to 5 calibration answers.
2026-07-27 05:33:46 | INFO     | ✅ 方差采样已全部完成，直接进入修正环节。
2026-07-27 05:33:46 | INFO     | 
📊 采样完成。平均方差: 1.8667
2026-07-27 05:33:46 | INFO     | Item-level variance: avg=0.1778, max=0.8889
2026-07-27 05:33:46 | WARNING  | ⚠️ 方差超标！开始基于高方差样本修正标准...
2026-07-27 05:33:46 | INFO     | 🔧 [规则修正] 正在基于 3 份精选样本优化规则...
2026-07-27 05:34:07 | INFO     | [candidate replay] validating refined rubric against 5 isolated calibration answers...
2026-07-27 05:35:13 | INFO     | [candidate replay] {"method": "paired_teacher_score_noninferiority", "expected": 5, "paired": 5, "required": 4, "coverage": 1.0, "mae_margin": 0.2, "severe_regression_margin": 2.0, "accepted": false, "reason": "candidate_mae_exceeds_margin", "baseline_mae": 0.2, "candidate_mae": 0.8, "mae_delta": 0.6, "improved": 0, "unchanged": 2, "worsened": 3, "severe_regressions": 0, "records": [{"answer_id": "ANS_CPL_249", "baseline_score": 6.0, "candidate_score": 6.0, "teacher_score": 6.0}, {"answer_id": "ANS_CPL_254", "baseline_score": 5.666666666666667, "candidate_score": 8.0, "teacher_score": 6.0}, {"answer_id": "ANS_CPL_259", "baseline_score": 4.666666666666667, "candidate_score": 4.0, "teacher_score": 5.0}, {"answer_id": "ANS_CPL_275", "baseline_score": 8.0, "candidate_score": 8.0, "teacher_score": 8.0}, {"answer_id": "ANS_CPL_299", "baseline_score": 2.6666666666666665, "candidate_score": 2.0, "teacher_score": 3.0}]}
2026-07-27 05:35:13 | ERROR    | Refined rubric rejected by calibration non-inferiority gate: candidate_mae_exceeds_margin
2026-07-27 05:35:13 | INFO     | [rubric manifest] saved: D:\users\王鑫020420\Desktop\refgrader-main\data\csbench\rubrics\manifests\CPL\CPL_5_optimization.json
2026-07-27 05:35:13 | INFO     | [rubric transaction] persisted postcondition passed for CPL_5; mode=strict_candidate_contract; sha256=3e7d28b668caf88fdf18510c66b3af6e485485aa5868c458fde997f75dfb7284
2026-07-27 05:35:13 | INFO     | 
============================================================
🔬 [断点续传模式] 处理题目: CPL_6
============================================================
2026-07-27 05:35:13 | INFO     | Loaded immutable initial rubric: data/csbench/rubrics/initial/CPL/CPL_6_rubric_standard.json
2026-07-27 05:35:13 | INFO     | 📈 发现进度点：已完成 5/5 个样本。
2026-07-27 05:35:13 | INFO     | [data isolation] variance optimization is restricted to 6 calibration answers.
2026-07-27 05:35:13 | INFO     | ✅ 方差采样已全部完成，直接进入修正环节。
2026-07-27 05:35:13 | INFO     | 
📊 采样完成。平均方差: 0.2222
2026-07-27 05:35:13 | INFO     | Item-level variance: avg=0.0667, max=0.8889
2026-07-27 05:35:13 | WARNING  | ⚠️ 方差超标！开始基于高方差样本修正标准...
2026-07-27 05:35:13 | INFO     | 🔧 [规则修正] 正在基于 2 份精选样本优化规则...
2026-07-27 05:35:36 | INFO     | [candidate replay] validating refined rubric against 5 isolated calibration answers...
2026-07-27 05:36:35 | INFO     | [candidate replay] {"method": "paired_teacher_score_noninferiority", "expected": 5, "paired": 5, "required": 4, "coverage": 1.0, "mae_margin": 0.2, "severe_regression_margin": 2.0, "accepted": false, "reason": "severe_sample_regression", "baseline_mae": 1.2, "candidate_mae": 1.6, "mae_delta": 0.4, "improved": 1, "unchanged": 2, "worsened": 2, "severe_regressions": 1, "records": [{"answer_id": "ANS_CPL_301", "baseline_score": 9.333333333333334, "candidate_score": 6.0, "teacher_score": 9.0}, {"answer_id": "ANS_CPL_303", "baseline_score": 10.0, "candidate_score": 7.5, "teacher_score": 8.0}, {"answer_id": "ANS_CPL_324", "baseline_score": 10.0, "candidate_score": 10.0, "teacher_score": 10.0}, {"answer_id": "ANS_CPL_328", "baseline_score": 8.0, "candidate_score": 8.0, "teacher_score": 6.0}, {"answer_id": "ANS_CPL_331", "baseline_score": 7.666666666666667, "candidate_score": 8.5, "teacher_score": 6.0}]}
2026-07-27 05:36:35 | ERROR    | Refined rubric rejected by calibration non-inferiority gate: severe_sample_regression
2026-07-27 05:36:35 | INFO     | [rubric manifest] saved: D:\users\王鑫020420\Desktop\refgrader-main\data\csbench\rubrics\manifests\CPL\CPL_6_optimization.json
2026-07-27 05:36:35 | INFO     | [rubric transaction] persisted postcondition passed for CPL_6; mode=strict_candidate_contract; sha256=3bcf668c31cc9815371bc72745228d8a621f7e2e1baa5f936988807f1a5072f7
2026-07-27 05:36:35 | INFO     | 
============================================================
🔬 [断点续传模式] 处理题目: CPL_7
============================================================
2026-07-27 05:36:35 | INFO     | Loaded immutable initial rubric: data/csbench/rubrics/initial/CPL/CPL_7_rubric_standard.json
2026-07-27 05:36:35 | INFO     | 📈 发现进度点：已完成 5/5 个样本。
2026-07-27 05:36:35 | INFO     | [data isolation] variance optimization is restricted to 6 calibration answers.
2026-07-27 05:36:35 | INFO     | ✅ 方差采样已全部完成，直接进入修正环节。
2026-07-27 05:36:35 | INFO     | 
📊 采样完成。平均方差: 1.8111
2026-07-27 05:36:35 | INFO     | Item-level variance: avg=0.3652, max=2.3889
2026-07-27 05:36:35 | WARNING  | ⚠️ 方差超标！开始基于高方差样本修正标准...
2026-07-27 05:36:35 | INFO     | 🔧 [规则修正] 正在基于 3 份精选样本优化规则...
2026-07-27 05:36:35 | INFO     | [rubric structure] mandatory high-value split targets: [{"parent_id": "step_1", "parent_points": 5.0, "current_scoring_children": 1, "minimum_scoring_children": 2, "weighting_policy": "equal_atomic"}, {"parent_id": "step_2", "parent_points": 5.0, "current_scoring_children": 1, "minimum_scoring_children": 2, "weighting_policy": "equal_atomic"}, {"parent_id": "step_3", "parent_points": 5.0, "current_scoring_children": 1, "minimum_scoring_children": 2, "weighting_policy": "equal_atomic"}]
2026-07-27 05:37:03 | INFO     | [candidate replay] validating refined rubric against 5 isolated calibration answers...
2026-07-27 05:38:17 | INFO     | [candidate replay] {"method": "paired_teacher_score_noninferiority", "expected": 5, "paired": 5, "required": 4, "coverage": 1.0, "mae_margin": 0.3, "severe_regression_margin": 3.0, "accepted": false, "reason": "severe_sample_regression", "baseline_mae": 1.366667, "candidate_mae": 1.65, "mae_delta": 0.283333, "improved": 3, "unchanged": 0, "worsened": 2, "severe_regressions": 1, "records": [{"answer_id": "ANS_CPL_405", "baseline_score": 14.5, "candidate_score": 15.0, "teacher_score": 15.0}, {"answer_id": "ANS_CPL_407", "baseline_score": 9.5, "candidate_score": 10.0, "teacher_score": 8.0}, {"answer_id": "ANS_CPL_410", "baseline_score": 9.0, "candidate_score": 12.5, "teacher_score": 12.0}, {"answer_id": "ANS_CPL_413", "baseline_score": 9.5, "candidate_score": 13.75, "teacher_score": 9.0}, {"answer_id": "ANS_CPL_414", "baseline_score": 7.666666666666667, "candidate_score": 10.0, "teacher_score": 9.0}]}
2026-07-27 05:38:17 | ERROR    | Refined rubric rejected by calibration non-inferiority gate: severe_sample_regression
2026-07-27 05:38:17 | ERROR    | Final optimized rubric failed semantic validation; reverting to the immutable draft: additive parent step_1 must contain at least 2 scoring items, got 1; additive parent step_2 must contain at least 2 scoring items, got 1; additive parent step_3 must contain at least 2 scoring items, got 1
2026-07-27 05:38:17 | WARNING  | [rubric fallback] preserved the unchanged baseline because no refined candidate passed every semantic and calibration gate. Required decomposition is deferred and recorded in the optimization manifest.
2026-07-27 05:38:17 | INFO     | [rubric manifest] saved: D:\users\王鑫020420\Desktop\refgrader-main\data\csbench\rubrics\manifests\CPL\CPL_7_optimization.json
2026-07-27 05:38:17 | INFO     | [rubric transaction] persisted postcondition passed for CPL_7; mode=noninferiority_baseline_fallback; sha256=9f70cdaa0840281c24ba4f4f7d829bf77cab278a4a77e58f9f270bc4cb8687c9
2026-07-27 05:38:17 | INFO     | 
============================================================
🔬 [断点续传模式] 处理题目: CPL_8
============================================================
2026-07-27 05:38:17 | INFO     | Loaded immutable initial rubric: data/csbench/rubrics/initial/CPL/CPL_8_rubric_standard.json
2026-07-27 05:38:17 | INFO     | 📈 发现进度点：已完成 5/5 个样本。
2026-07-27 05:38:17 | INFO     | [data isolation] variance optimization is restricted to 6 calibration answers.
2026-07-27 05:38:17 | INFO     | ✅ 方差采样已全部完成，直接进入修正环节。
2026-07-27 05:38:17 | INFO     | 
📊 采样完成。平均方差: 1.0111
2026-07-27 05:38:17 | INFO     | Item-level variance: avg=0.1289, max=0.8889
2026-07-27 05:38:17 | WARNING  | ⚠️ 方差超标！开始基于高方差样本修正标准...
2026-07-27 05:38:17 | INFO     | 🔧 [规则修正] 正在基于 3 份精选样本优化规则...
2026-07-27 05:38:37 | INFO     | [candidate replay] validating refined rubric against 5 isolated calibration answers...
2026-07-27 05:39:33 | INFO     | [candidate replay] {"method": "paired_teacher_score_noninferiority", "expected": 5, "paired": 5, "required": 4, "coverage": 1.0, "mae_margin": 0.2, "severe_regression_margin": 2.0, "accepted": true, "reason": "accepted_noninferior", "baseline_mae": 2.366667, "candidate_mae": 2.3, "mae_delta": -0.066667, "improved": 2, "unchanged": 0, "worsened": 3, "severe_regressions": 0, "records": [{"answer_id": "ANS_CPL_425", "baseline_score": 6.666666666666667, "candidate_score": 6.0, "teacher_score": 4.0}, {"answer_id": "ANS_CPL_431", "baseline_score": 6.666666666666667, "candidate_score": 8.5, "teacher_score": 5.0}, {"answer_id": "ANS_CPL_456", "baseline_score": 9.0, "candidate_score": 10.0, "teacher_score": 6.0}, {"answer_id": "ANS_CPL_465", "baseline_score": 7.666666666666667, "candidate_score": 3.0, "teacher_score": 4.0}, {"answer_id": "ANS_CPL_470", "baseline_score": 8.833333333333334, "candidate_score": 9.0, "teacher_score": 8.0}]}
2026-07-27 05:39:33 | INFO     | 🎉 修正后的最终标准已通过语义契约和校准集非劣验收。
2026-07-27 05:39:33 | INFO     | [rubric manifest] saved: D:\users\王鑫020420\Desktop\refgrader-main\data\csbench\rubrics\manifests\CPL\CPL_8_optimization.json
2026-07-27 05:39:33 | INFO     | [rubric transaction] persisted postcondition passed for CPL_8; mode=strict_candidate_contract; sha256=b9df40b8c0248bd9e4cdd8ac74bc75c48e02a030daa3ce9c87a35563e4c36023
2026-07-27 05:39:33 | INFO     | 
🏆 任务完成！
