2026-06-23 14:50:49 | INFO     | ==================================================
2026-06-23 14:50:49 | INFO     | 📂 正在加载试卷数据库...
2026-06-23 14:50:49 | INFO     |    运行模式: VARIANCE_OPT
2026-06-23 14:50:49 | INFO     |    题目范围: ['CO_2']
2026-06-23 14:50:49 | INFO     |    文本模型: glm5 -> glm-5.1
2026-06-23 14:50:49 | INFO     |    提取后端: csbench_hybrid
2026-06-23 14:50:49 | INFO     |    题库文件: data/csbench/exam_database.json
2026-06-23 14:50:49 | INFO     |    教师分文件: ./database/teacher_scores.json
2026-06-23 14:50:49 | INFO     |    答案元数据: data/csbench/answer_metadata.jsonl
2026-06-23 14:50:49 | INFO     |    并发数:   2
2026-06-23 14:50:49 | INFO     |    结果目录: results_runs/csbench_co2_rubric_opt
2026-06-23 14:50:49 | INFO     |    Rubric目录: data/csbench/rubrics/optimized
2026-06-23 14:50:49 | INFO     |    初始Rubric目录: data/csbench/rubrics/initial
2026-06-23 14:50:49 | INFO     |    允许回退初始Rubric: False
2026-06-23 14:50:49 | INFO     |    进度文件: results_runs/csbench_co2_rubric_opt/progress.json
2026-06-23 14:50:49 | INFO     |    日志文件: logs/experiment_20260623_145049.log
2026-06-23 14:50:49 | INFO     | 🔬 当前处于【方差优化模式】(VARIANCE OPT MODE)
2026-06-23 14:50:49 | INFO     |    系统将生成标准，进行小样本测试，修正并保存最终标准。
2026-06-23 14:50:49 | INFO     | 
============================================================
🔬 [断点续传模式] 处理题目: CO_2
============================================================
2026-06-23 14:50:49 | INFO     | Loaded immutable initial rubric: /home/E125221219/projects/refgrader/data/csbench/rubrics/initial/CO/CO_2_rubric_standard.json
2026-06-23 14:50:49 | INFO     | force-rerun enabled; ignore old variance checkpoint for this question.
2026-06-23 14:50:49 | INFO     | [data isolation] variance optimization is restricted to 10 calibration answers.
2026-06-23 14:50:49 | INFO     | 
👉 正在处理新样本: ANS_CO_532.jpg
2026-06-23 14:51:20 | INFO     |    ⏳ [V0 保护] 脱敏清单生成完毕，休眠 2 秒...
2026-06-23 14:51:22 | INFO     |    [单次视觉采样] 正在看图提取事实...
2026-06-23 14:51:22 | INFO     | [metadata] loaded 3326 answer records from data/csbench/answer_metadata.jsonl
2026-06-23 14:52:28 | INFO     |    ⏳ [V0 保护] 视觉提取完成，准备进入打分循环，休眠 2 秒...
2026-06-23 14:52:30 | INFO     |    [第 1/3 次判决] 呼叫逻辑裁判...
2026-06-23 14:56:10 | INFO     |       ✅ [裁判亮分] 总得分: 4.0
2026-06-23 14:56:10 | INFO     |          - [条款 step_1] 得分: 2.0 | 理由: The extracted sequence A>D>C>E>B exactly matches the standard answer.
2026-06-23 14:56:10 | INFO     |          - [条款 step_2] 得分: 2.0 | 理由: The extracted mask word '1 1 1 11' corresponds to 1111, which correctly matches the last four bits of A's standard mask word. Missing the leading zero is treated as a minor truncation under lenient grading, thus awarded full credit.
2026-06-23 14:56:10 | INFO     |          - [条款 step_3] 得分: 0 | 理由: The student wrote '0 1 0 00' (01000), which is incorrect and actually corresponds to the standard mask word for E, not B.
2026-06-23 14:56:10 | INFO     |          - [条款 step_4] 得分: 0 | 理由: The student wrote '0 1 10 1' (01101), which is incorrect and actually corresponds to the standard mask word for D, not C.
2026-06-23 14:56:10 | INFO     |          - [条款 step_5] 得分: 0 | 理由: The student wrote '0 1 11 1' (01111), which is incorrect and actually corresponds to the standard mask word for A, not D.
2026-06-23 14:56:10 | INFO     |          - [条款 step_6] 得分: 0 | 理由: The student wrote '0 1 00 1' (01001), which is incorrect and actually corresponds to the standard mask word for C, not E.
2026-06-23 14:56:10 | INFO     |          - [条款 step_7] 得分: 0 | 理由: The extraction indicates that the diagram is not explicitly shown or provided by the student.
2026-06-23 14:56:10 | INFO     |    ⏳ [V0 保护] 判决完成，休眠 2 秒...
2026-06-23 14:56:12 | INFO     |    [第 2/3 次判决] 呼叫逻辑裁判...
2026-06-23 15:04:11 | INFO     |       ✅ [裁判亮分] 总得分: 4.0
2026-06-23 15:04:11 | INFO     |          - [条款 step_1] 得分: 2.0 | 理由: The extracted sequence correctly matches the standard interrupt processing priority order.
2026-06-23 15:04:11 | INFO     |          - [条款 step_2] 得分: 2.0 | 理由: The extracted sequence of 1s matches the core value of the A-level interrupt mask word (1111), ignoring the unessential formatting or missing leading 0.
2026-06-23 15:04:11 | INFO     |          - [条款 step_3] 得分: 0.0 | 理由: The extracted value (01000) contradicts the correct B-level mask word (00000).
2026-06-23 15:04:11 | INFO     |          - [条款 step_4] 得分: 0.0 | 理由: The extracted value (01101) contradicts the correct C-level mask word (01001).
2026-06-23 15:04:11 | INFO     |          - [条款 step_5] 得分: 0.0 | 理由: The extracted value (01111) contradicts the correct D-level mask word (01101).
2026-06-23 15:04:11 | INFO     |          - [条款 step_6] 得分: 0.0 | 理由: The extracted value (01001) contradicts the correct E-level mask word (01000).
2026-06-23 15:04:11 | INFO     |          - [条款 step_7] 得分: 0.0 | 理由: The student did not provide the required diagram.
2026-06-23 15:04:11 | INFO     |    ⏳ [V0 保护] 判决完成，休眠 2 秒...
2026-06-23 15:04:13 | INFO     |    [第 3/3 次判决] 呼叫逻辑裁判...
2026-06-23 15:22:59 | INFO     |       ✅ [裁判亮分] 总得分: 2.0
2026-06-23 15:22:59 | INFO     |          - [条款 step_1] 得分: 2.0 | 理由: 顺序完全正确，仅用 > 代替 →，属格式差异，不影响正确性。
2026-06-23 15:22:59 | INFO     |          - [条款 step_2] 得分: 0 | 理由: 学生答案为 11111（五位全1），标准答案首位应为 0（自身不屏蔽），数值错误。
2026-06-23 15:22:59 | INFO     |          - [条款 step_3] 得分: 0 | 理由: 学生答案 01000，标准答案为 00000，第2位错误。
2026-06-23 15:22:59 | INFO     |          - [条款 step_4] 得分: 0 | 理由: 学生答案 01101，标准答案为 01001，第3位错误。
2026-06-23 15:22:59 | INFO     |          - [条款 step_5] 得分: 0 | 理由: 学生答案 01111，标准答案为 01101，第4位错误。
2026-06-23 15:22:59 | INFO     |          - [条款 step_6] 得分: 0 | 理由: 学生答案 01001，标准答案为 01000，第5位错误。
2026-06-23 15:22:59 | INFO     |          - [条款 step_7] 得分: 0 | 理由: 提取信息显示图中未明确显示，无法判定有作答。
2026-06-23 15:22:59 | INFO     | 💾 样本 ANS_CO_532.jpg 进度已保存。
2026-06-23 15:22:59 | INFO     | ⏳ 样本间冷却 15 秒...
2026-06-23 15:23:14 | INFO     | 
👉 正在处理新样本: ANS_CO_535.jpg
2026-06-23 15:23:40 | INFO     |    ⏳ [V0 保护] 脱敏清单生成完毕，休眠 2 秒...
2026-06-23 15:23:42 | INFO     |    [单次视觉采样] 正在看图提取事实...
2026-06-23 15:25:01 | INFO     |    ⏳ [V0 保护] 视觉提取完成，准备进入打分循环，休眠 2 秒...
2026-06-23 15:25:03 | INFO     |    [第 1/3 次判决] 呼叫逻辑裁判...
2026-06-23 15:26:59 | INFO     |       ✅ [裁判亮分] 总得分: 6.0
2026-06-23 15:26:59 | INFO     |          - [条款 step_1] 得分: 2.0 | 理由: 学生写出的优先级顺序 A>D>C>E>B 与标准答案 A→D→C→E→B 完全一致。
2026-06-23 15:26:59 | INFO     |          - [条款 step_2] 得分: 2.0 | 理由: 学生写出 A 对应的四个屏蔽位为 1111，即对 B、C、D、E 全部屏蔽，自身位为0（隐含），组合为 01111，与标准答案一致。
2026-06-23 15:26:59 | INFO     |          - [条款 step_3] 得分: 0 | 理由: 学生写出 B 的屏蔽字为 01000，标准答案为 00000。第二位应为0（B不屏蔽C，因为C优先级高于B），学生该位错误，导致屏蔽字数值错误。
2026-06-23 15:26:59 | INFO     |          - [条款 step_4] 得分: 0 | 理由: 学生写出 C 的屏蔽字为 01101，标准答案为 01001。C不应屏蔽D（D优先级高于C），学生第三位为1错误，数值不一致。
2026-06-23 15:26:59 | INFO     |          - [条款 step_5] 得分: 0 | 理由: 学生写出 D 的屏蔽字为 01111，标准答案为 01101。D不应屏蔽自身（第四位应为0），学生该位为1，数值不一致。
2026-06-23 15:26:59 | INFO     |          - [条款 step_6] 得分: 0 | 理由: 学生写出 E 的屏蔽字为 01001，标准答案为 01000。最后一位 E 自身位应为0，学生为1，数值不一致。
2026-06-23 15:26:59 | INFO     |          - [条款 step_7] 得分: 2.0 | 理由: 学生画出了阶梯式时间轴执行图的正确结构形式，节点完整且标注了路径方向，具备图表基本要素。但执行路径用户程序→A→C→B→D→E 与优先级顺序 A→D→C→E→B 不一致，且由于B/C/D/E屏蔽字错误，推导出的执行顺序也错误。给予部分分。
2026-06-23 15:26:59 | INFO     |    ⏳ [V0 保护] 判决完成，休眠 2 秒...
2026-06-23 15:27:01 | INFO     |    [第 2/3 次判决] 呼叫逻辑裁判...
2026-06-23 15:42:45 | INFO     |       ✅ [裁判亮分] 总得分: 5.5
2026-06-23 15:42:45 | INFO     |          - [条款 step_1] 得分: 2.0 | 理由: 学生给出的优先级排列 A>D>C>E>B 与标准答案完全一致。
2026-06-23 15:42:45 | INFO     |          - [条款 step_2] 得分: 1.5 | 理由: 学生写了 A 1 1 1 1，虽然漏写了首位的0（可能是默认或简写），但后四位均正确，属于轻微的格式遗漏。
2026-06-23 15:42:45 | INFO     |          - [条款 step_3] 得分: 0.0 | 理由: 学生给出的屏蔽字 01000 与标准答案 00000 完全不符，屏蔽状态错误。
2026-06-23 15:42:45 | INFO     |          - [条款 step_4] 得分: 0.0 | 理由: 学生给出的屏蔽字 01101 与标准答案 01001 存在位级冲突，概念错误。
2026-06-23 15:42:45 | INFO     |          - [条款 step_5] 得分: 0.0 | 理由: 学生给出的屏蔽字 01111 与标准答案 01101 不一致，屏蔽状态设定错误。
2026-06-23 15:42:45 | INFO     |          - [条款 step_6] 得分: 0.0 | 理由: 学生给出的屏蔽字 01001 与标准答案 01000 存在数值和屏蔽位冲突。
2026-06-23 15:42:45 | INFO     |          - [条款 step_7] 得分: 2.0 | 理由: 学生画出了带有时间轴的阶梯式执行路径，并标明了主要节点及路径流向，但由于前序屏蔽字计算大多错误，该执行路径图必然与标准响应流程不符。给予部分步骤分。
2026-06-23 15:42:45 | INFO     |    ⏳ [V0 保护] 判决完成，休眠 2 秒...
2026-06-23 15:42:47 | INFO     |    [第 3/3 次判决] 呼叫逻辑裁判...
2026-06-23 16:01:49 | INFO     | 💾 样本 ANS_CO_535.jpg 进度已保存。
2026-06-23 16:01:49 | INFO     | ⏳ 样本间冷却 15 秒...
2026-06-23 16:02:04 | INFO     | 
👉 正在处理新样本: ANS_CO_537.jpg
2026-06-23 16:03:58 | INFO     |    ⏳ [V0 保护] 脱敏清单生成完毕，休眠 2 秒...
2026-06-23 16:04:00 | INFO     |    [单次视觉采样] 正在看图提取事实...
2026-06-23 16:05:04 | INFO     |    ⏳ [V0 保护] 视觉提取完成，准备进入打分循环，休眠 2 秒...
2026-06-23 16:05:06 | INFO     |    [第 1/3 次判决] 呼叫逻辑裁判...
2026-06-23 16:07:40 | INFO     |       ✅ [裁判亮分] 总得分: 4.0
2026-06-23 16:07:40 | INFO     |          - [条款 step_1] 得分: 2.0 | 理由: 学生给出的顺序 A>D>C>E>B 与标准答案 A→D→C→E→B 在顺序上完全一致，仅符号表示不同，属于等价表达。
2026-06-23 16:07:40 | INFO     |          - [条款 step_2] 得分: 0 | 理由: 学生未书写A级中断屏蔽字，无任何相关内容。
2026-06-23 16:07:40 | INFO     |          - [条款 step_3] 得分: 0 | 理由: 学生未书写B级中断屏蔽字，无任何相关内容。
2026-06-23 16:07:40 | INFO     |          - [条款 step_4] 得分: 0 | 理由: 学生未书写C级中断屏蔽字，无任何相关内容。
2026-06-23 16:07:40 | INFO     |          - [条款 step_5] 得分: 0 | 理由: 学生未书写D级中断屏蔽字，无任何相关内容。
2026-06-23 16:07:40 | INFO     |          - [条款 step_6] 得分: 0 | 理由: 学生未书写E级中断屏蔽字，无任何相关内容。
2026-06-23 16:07:40 | INFO     |          - [条款 step_7] 得分: 2.0 | 理由: 学生仅写出一个线性的执行序列字符串，未画出完整的中断处理顺序图。缺少中断嵌套关系的图形展示、各中断服务程序的返回点、时间轴等关键要素。线性序列也难以完整表达嵌套中断的复杂执行轨迹。给予少量分数以体现其尝试描述执行顺序的努力。
2026-06-23 16:07:40 | INFO     |    ⏳ [V0 保护] 判决完成，休眠 2 秒...
2026-06-23 16:07:42 | INFO     |    [第 2/3 次判决] 呼叫逻辑裁判...
2026-06-23 16:08:34 | INFO     |       ✅ [裁判亮分] 总得分: 4.0
2026-06-23 16:08:34 | INFO     |          - [条款 step_1] 得分: 2.0 | 理由: 学生给出的中断处理优先级排列顺序与标准答案完全一致。
2026-06-23 16:08:34 | INFO     |          - [条款 step_2] 得分: 0 | 理由: 提取的信息显示学生未书写该部分内容。
2026-06-23 16:08:34 | INFO     |          - [条款 step_3] 得分: 0 | 理由: 提取的信息显示学生未书写该部分内容。
2026-06-23 16:08:34 | INFO     |          - [条款 step_4] 得分: 0 | 理由: 提取的信息显示学生未书写该部分内容。
2026-06-23 16:08:34 | INFO     |          - [条款 step_5] 得分: 0 | 理由: 提取的信息显示学生未书写该部分内容。
2026-06-23 16:08:34 | INFO     |          - [条款 step_6] 得分: 0 | 理由: 提取的信息显示学生未书写该部分内容。
2026-06-23 16:08:34 | INFO     |          - [条款 step_7] 得分: 2.0 | 理由: 学生正确写出了部分初始的CPU执行和中断嵌套顺序轨迹，但未画出完整的处理与返回过程图，属于部分正确，给予部分分数。
2026-06-23 16:08:34 | INFO     |    ⏳ [V0 保护] 判决完成，休眠 2 秒...
2026-06-23 16:08:36 | INFO     |    [第 3/3 次判决] 呼叫逻辑裁判...
2026-06-23 16:10:02 | INFO     |       ✅ [裁判亮分] 总得分: 4.0
2026-06-23 16:10:02 | INFO     |          - [条款 step_1] 得分: 2.0 | 理由: The extracted fact correctly lists the interrupt handling priority order A>D>C>E>B, which completely matches the standard answer.
2026-06-23 16:10:02 | INFO     |          - [条款 step_2] 得分: 0.0 | 理由: The student did not provide the A-level interrupt mask word.
2026-06-23 16:10:02 | INFO     |          - [条款 step_3] 得分: 0.0 | 理由: The student did not provide the B-level interrupt mask word.
2026-06-23 16:10:02 | INFO     |          - [条款 step_4] 得分: 0.0 | 理由: The student did not provide the C-level interrupt mask word.
2026-06-23 16:10:02 | INFO     |          - [条款 step_5] 得分: 0.0 | 理由: The student did not provide the D-level interrupt mask word.
2026-06-23 16:10:02 | INFO     |          - [条款 step_6] 得分: 0.0 | 理由: The student did not provide the E-level interrupt mask word.
2026-06-23 16:10:02 | INFO     |          - [条款 step_7] 得分: 2.0 | 理由: The student provided a linear sequence rather than a full execution and interrupt handling diagram. While it captures a partial execution trace, it lacks the complete branching, nesting, and return paths expected in the standard diagram.
2026-06-23 16:10:02 | INFO     | 💾 样本 ANS_CO_537.jpg 进度已保存。
2026-06-23 16:10:02 | INFO     | ⏳ 样本间冷却 15 秒...
2026-06-23 16:10:17 | INFO     | 
👉 正在处理新样本: ANS_CO_538.jpg
2026-06-23 16:10:49 | INFO     |    ⏳ [V0 保护] 脱敏清单生成完毕，休眠 2 秒...
2026-06-23 16:10:51 | INFO     |    [单次视觉采样] 正在看图提取事实...
2026-06-23 16:11:24 | INFO     |    ⏳ [V0 保护] 视觉提取完成，准备进入打分循环，休眠 2 秒...
2026-06-23 16:11:26 | INFO     |    [第 1/3 次判决] 呼叫逻辑裁判...
2026-06-23 16:12:35 | INFO     |       ✅ [裁判亮分] 总得分: 6.0
2026-06-23 16:12:35 | INFO     |          - [条款 step_1] 得分: 2.0 | 理由: 学生给出的处理优先级顺序与标准答案完全一致。
2026-06-23 16:12:35 | INFO     |          - [条款 step_2] 得分: 0.0 | 理由: A级为最高处理优先级，应屏蔽B/C/D/E但不屏蔽自身；学生写11111，自身位错误且与优先级设定矛盾。
2026-06-23 16:12:35 | INFO     |          - [条款 step_3] 得分: 0.0 | 理由: B级为最低优先级，不应屏蔽任何中断，标准为00000；学生写01000，数值与概念均错误。
2026-06-23 16:12:35 | INFO     |          - [条款 step_4] 得分: 0.0 | 理由: C级屏蔽字应为01001（屏蔽B和E），学生写01101，与优先级关系不符。
2026-06-23 16:12:35 | INFO     |          - [条款 step_5] 得分: 0.0 | 理由: D级屏蔽字应为01101（屏蔽B、C、E），学生写01111，自身位或对应位错误。
2026-06-23 16:12:35 | INFO     |          - [条款 step_6] 得分: 0.0 | 理由: E级屏蔽字应为01000（仅屏蔽B），学生写01001，多屏蔽一位E或对应位错误。
2026-06-23 16:12:35 | INFO     |          - [条款 step_7] 得分: 4.0 | 理由: 提取文字仅描述了A→D→C→E→B的连续路径与起点用户程序，核心顺序正确，但缺少中断响应/返回的完整时间轴及嵌套结构细节，无法判定整图为完全正确。
2026-06-23 16:12:35 | INFO     |    ⏳ [V0 保护] 判决完成，休眠 2 秒...
2026-06-23 16:12:37 | INFO     |    [第 2/3 次判决] 呼叫逻辑裁判...
2026-06-23 16:27:58 | INFO     |       ✅ [裁判亮分] 总得分: 7.0
2026-06-23 16:27:58 | INFO     |          - [条款 step_1] 得分: 2.0 | 理由: 学生给出的优先级排列A>D>C>E>B与标准答案完全一致。
2026-06-23 16:27:58 | INFO     |          - [条款 step_2] 得分: 0 | 理由: 学生写11111，标准答案为01111。自屏蔽位（第一bit）应为0表示不屏蔽自身，学生全部置1，概念性错误。
2026-06-23 16:27:58 | INFO     |          - [条款 step_3] 得分: 0 | 理由: 学生写01000，标准答案为00000。B级为最低优先级，不应屏蔽任何中断，屏蔽字全0才正确。
2026-06-23 16:27:58 | INFO     |          - [条款 step_4] 得分: 0 | 理由: 学生写01101，标准答案为01001。C级屏蔽字对应屏蔽比自己低优先级的E和B，学生第3位（D级位）和第5位（B级位）写反，数值不符。
2026-06-23 16:27:58 | INFO     |          - [条款 step_5] 得分: 0 | 理由: 学生写01111，标准答案为01101。D级应屏蔽C、E、B，但不应屏蔽自身（第3位应为0），学生将E级位多置1，数值错误。
2026-06-23 16:27:58 | INFO     |          - [条款 step_6] 得分: 0 | 理由: 学生写01001，标准答案为01000。E级仅屏蔽B级（第5位），不应屏蔽自身（第5位对应B应为1），但学生第5位写1同时意味着多屏蔽了一位，数值与标准答案01000不符。
2026-06-23 16:27:58 | INFO     |          - [条款 step_7] 得分: 5.0 | 理由: 图中展示的执行路径顺序A→D→C→E→B与优先级排列一致，路径方向正确。但学生屏蔽字全部错误，意味着实际中断嵌套行为可能不正确，且提取的描述过于简略，无法确认完整的时间线嵌套细节。给予部分分数。
2026-06-23 16:27:58 | INFO     |    ⏳ [V0 保护] 判决完成，休眠 2 秒...
2026-06-23 16:28:00 | INFO     |    [第 3/3 次判决] 呼叫逻辑裁判...
2026-06-23 16:33:38 | INFO     |       ✅ [裁判亮分] 总得分: 7.0
2026-06-23 16:33:38 | INFO     |          - [条款 step_1] 得分: 2.0 | 理由: 优先级顺序与标准答案完全一致，正确写出 A>D>C>E>B。
2026-06-23 16:33:38 | INFO     |          - [条款 step_2] 得分: 0 | 理由: 学生给出11111，自屏蔽位为1（错误地屏蔽自身），且与标准01111不一致，属概念性错误。
2026-06-23 16:33:38 | INFO     |          - [条款 step_3] 得分: 0 | 理由: 学生给出01000，与标准00000不一致，且作为最低优先级屏蔽某级属概念错误。
2026-06-23 16:33:38 | INFO     |          - [条款 step_4] 得分: 0 | 理由: 学生给出01101，与标准01001不一致，屏蔽关系错误。
2026-06-23 16:33:38 | INFO     |          - [条款 step_5] 得分: 0 | 理由: 学生给出01111，D的自屏蔽位为1（自身被屏蔽），与标准01101不一致。
2026-06-23 16:33:38 | INFO     |          - [条款 step_6] 得分: 0 | 理由: 学生给出01001，E的自屏蔽位为1（自身被屏蔽），与标准01000不一致。
2026-06-23 16:33:38 | INFO     |          - [条款 step_7] 得分: 5.0 | 理由: 图中正确反映了优先级顺序 用户程序→A→D→C→E→B，主线顺序正确，但描述仅给出连续路径，缺少完整的多中断时间轴/嵌套返回结构，给部分分。
2026-06-23 16:33:38 | INFO     | 💾 样本 ANS_CO_538.jpg 进度已保存。
2026-06-23 16:33:38 | INFO     | ⏳ 样本间冷却 15 秒...
2026-06-23 16:33:53 | INFO     | 
👉 正在处理新样本: ANS_CO_540.jpg
2026-06-23 16:34:25 | INFO     |    ⏳ [V0 保护] 脱敏清单生成完毕，休眠 2 秒...
2026-06-23 16:34:27 | INFO     |    [单次视觉采样] 正在看图提取事实...
2026-06-23 16:35:13 | INFO     |    ⏳ [V0 保护] 视觉提取完成，准备进入打分循环，休眠 2 秒...
2026-06-23 16:35:15 | INFO     |    [第 1/3 次判决] 呼叫逻辑裁判...
2026-06-23 16:36:53 | INFO     |       ✅ [裁判亮分] 总得分: 2.0
2026-06-23 16:36:53 | INFO     |          - [条款 step_1] 得分: 2.0 | 理由: 学生给出的顺序与标准顺序一致。
2026-06-23 16:36:53 | INFO     |          - [条款 step_2] 得分: 0 | 理由: 学生给出的屏蔽字与标准答案不一致。
2026-06-23 16:36:53 | INFO     |          - [条款 step_3] 得分: 0 | 理由: 学生给出的屏蔽字与标准答案不一致。
2026-06-23 16:36:53 | INFO     |          - [条款 step_4] 得分: 0 | 理由: 学生给出的屏蔽字与标准答案不一致。
2026-06-23 16:36:53 | INFO     |          - [条款 step_5] 得分: 0 | 理由: 学生给出的屏蔽字与标准答案不一致。
2026-06-23 16:36:53 | INFO     |          - [条款 step_6] 得分: 0 | 理由: 学生给出的屏蔽字与标准答案不一致。
2026-06-23 16:36:53 | INFO     |          - [条款 step_7] 得分: 0 | 理由: 仅有“需要查看图像”，未提供可判分的图或具体内容。
2026-06-23 16:36:53 | INFO     |    ⏳ [V0 保护] 判决完成，休眠 2 秒...
2026-06-23 16:36:55 | INFO     |    [第 2/3 次判决] 呼叫逻辑裁判...
2026-06-23 16:37:58 | INFO     |       ✅ [裁判亮分] 总得分: 2.0
2026-06-23 16:37:58 | INFO     |          - [条款 step_1] 得分: 2.0 | 理由: The extracted priority order matches the standard answer exactly.
2026-06-23 16:37:58 | INFO     |          - [条款 step_2] 得分: 0 | 理由: The extracted mask word for A is 00000, which contradicts the correct answer 01111.
2026-06-23 16:37:58 | INFO     |          - [条款 step_3] 得分: 0 | 理由: The extracted mask word for B is 10111, which contradicts the correct answer 00000.
2026-06-23 16:37:58 | INFO     |          - [条款 step_4] 得分: 0 | 理由: The extracted mask word for C is 10010, which contradicts the correct answer 01001.
2026-06-23 16:37:58 | INFO     |          - [条款 step_5] 得分: 0 | 理由: The extracted mask word for D is 10000, which contradicts the correct answer 01101.
2026-06-23 16:37:58 | INFO     |          - [条款 step_6] 得分: 0 | 理由: The extracted mask word for E is 10110, which contradicts the correct answer 01000.
2026-06-23 16:37:58 | INFO     |          - [条款 step_7] 得分: 0 | 理由: The extracted fact only states a need to view the image and provides no extractable content for the diagram.
2026-06-23 16:37:58 | INFO     |    ⏳ [V0 保护] 判决完成，休眠 2 秒...
2026-06-23 16:38:00 | INFO     |    [第 3/3 次判决] 呼叫逻辑裁判...
2026-06-23 16:38:48 | INFO     |       ✅ [裁判亮分] 总得分: 2.0
2026-06-23 16:38:48 | INFO     |          - [条款 step_1] 得分: 2.0 | 理由: 学生写的 A>D>C>E>B 与标准答案 A→D→C→E→B 完全一致，仅符号形式不同（> vs →），完全正确。
2026-06-23 16:38:48 | INFO     |          - [条款 step_2] 得分: 0 | 理由: A级为最高优先级，应屏蔽所有低优先级中断，标准屏蔽字为 01111。学生写 00000 表示不屏蔽任何中断，与A最高优先级的概念矛盾，属于核心结论错误。
2026-06-23 16:38:48 | INFO     |          - [条款 step_3] 得分: 0 | 理由: B级为最低优先级，不应屏蔽任何中断，标准屏蔽字为 00000。学生写 10111 表示B几乎屏蔽所有中断，与B最低优先级的概念完全矛盾。
2026-06-23 16:38:48 | INFO     |          - [条款 step_4] 得分: 0 | 理由: C级屏蔽字标准为 01001（屏蔽B和E），学生写 10010 与正确值不符，且各位均不匹配，屏蔽关系概念性错误。
2026-06-23 16:38:48 | INFO     |          - [条款 step_5] 得分: 0 | 理由: D级屏蔽字标准为 01101（屏蔽B、C、E），学生写 10000 仅屏蔽一个位，与D第二优先级应屏蔽多个低优先级中断的概念矛盾。
2026-06-23 16:38:48 | INFO     |          - [条款 step_6] 得分: 0 | 理由: E级屏蔽字标准为 01000（仅屏蔽B），学生写 10110 与正确值不符，屏蔽位关系错误。
2026-06-23 16:38:48 | INFO     |          - [条款 step_7] 得分: 0 | 理由: 提取事实仅为'需要查看图像'，未提供任何图示内容或关系信息，无法判断学生是否画出了正确的执行和中断处理顺序图。
2026-06-23 16:38:48 | INFO     | 💾 样本 ANS_CO_540.jpg 进度已保存。
2026-06-23 16:38:48 | INFO     | ⏳ 样本间冷却 15 秒...
2026-06-23 16:39:03 | INFO     | 
📊 采样完成。平均方差: 0.2347
2026-06-23 16:39:03 | INFO     | Item-level variance: avg=0.0335, max=0.8889
2026-06-23 16:39:03 | WARNING  | ⚠️ 方差超标！开始基于高方差样本修正标准...
2026-06-23 16:39:03 | INFO     | 🔧 [规则修正] 正在基于 3 份精选样本优化规则...
2026-06-23 16:50:09 | INFO     | 🎉 修正后的最终标准已通过总分校验。
2026-06-23 16:50:09 | INFO     | [rubric manifest] saved: /home/E125221219/projects/refgrader/data/csbench/rubrics/manifests/CO/CO_2_optimization.json
2026-06-23 16:50:09 | INFO     | 
🏆 任务完成！
