2026-08-07 13:08:53 | INFO     | ==================================================
2026-08-07 13:08:53 | INFO     | 📂 正在加载试卷数据库...
2026-08-07 13:08:53 | INFO     |    运行模式: VARIANCE_OPT
2026-08-07 13:08:53 | INFO     |    题目范围: ['ISC_2']
2026-08-07 13:08:53 | INFO     |    文本模型: glm5 -> glm-5.2 (thinking=disabled)
2026-08-07 13:08:53 | INFO     |    提取后端: csbench_hybrid
2026-08-07 13:08:53 | INFO     |    题库文件: D:\users\王鑫020420\Desktop\refgrader-main\data\csbench\exam_database.json
2026-08-07 13:08:53 | INFO     |    教师分文件: D:\users\王鑫020420\Desktop\refgrader-main\data\csbench\teacher_scores.json
2026-08-07 13:08:53 | INFO     |    Sample quality policy: raw (mode=raw, excluded=0, corrected=0)
2026-08-07 13:08:53 | INFO     |    答案元数据: D:\users\王鑫020420\Desktop\refgrader-main\data\csbench\answer_metadata.jsonl
2026-08-07 13:08:53 | INFO     |    并发数:   2
2026-08-07 13:08:53 | INFO     |    结果目录: D:\users\王鑫020420\Desktop\refgrader-main\results_runs\csbench_isc2_rubric_opt
2026-08-07 13:08:53 | INFO     |    Rubric目录: D:\users\王鑫020420\Desktop\refgrader-main\data\csbench\rubrics\optimized
2026-08-07 13:08:53 | INFO     |    初始Rubric目录: D:\users\王鑫020420\Desktop\refgrader-main\data\csbench\rubrics\initial
2026-08-07 13:08:53 | INFO     |    允许回退初始Rubric: False
2026-08-07 13:08:53 | INFO     |    进度文件: D:\users\王鑫020420\Desktop\refgrader-main\results_runs\csbench_isc2_rubric_opt\progress.json
2026-08-07 13:08:53 | INFO     |    日志文件: logs\experiment_20260807_130853.log
2026-08-07 13:08:53 | INFO     | 🔬 当前处于【方差优化模式】(VARIANCE OPT MODE)
2026-08-07 13:08:53 | INFO     |    系统将生成标准，进行小样本测试，修正并保存最终标准。
2026-08-07 13:08:53 | INFO     | 
============================================================
🔬 [断点续传模式] 处理题目: ISC_2
============================================================
2026-08-07 13:08:53 | INFO     | restart from the immutable initial rubric and ignore the existing optimized rubric.
2026-08-07 13:08:53 | INFO     | Loaded immutable initial rubric: data/csbench/rubrics/initial/ISC/ISC_2_rubric_standard.json
2026-08-07 13:08:53 | INFO     | force-rerun enabled; ignore old variance checkpoint for this question.
2026-08-07 13:08:53 | INFO     | [data isolation] variance optimization is restricted to 7 calibration answers.
2026-08-07 13:08:53 | INFO     | 
👉 正在处理新样本: ANS_ISC_473.jpg
2026-08-07 13:08:56 | INFO     |    ⏳ [V0 保护] 脱敏清单生成完毕，休眠 2 秒...
2026-08-07 13:08:58 | INFO     |    [单次视觉采样] 正在看图提取事实...
2026-08-07 13:08:58 | INFO     | [metadata] loaded 3326 answer records from D:\users\王鑫020420\Desktop\refgrader-main\data\csbench\answer_metadata.jsonl
2026-08-07 13:09:01 | INFO     |    ⏳ [V0 保护] 视觉提取完成，准备进入打分循环，休眠 2 秒...
2026-08-07 13:09:03 | INFO     |    [第 1/3 次判决] 呼叫逻辑裁判...
2026-08-07 13:09:07 | INFO     |       ✅ [裁判亮分] 总得分: 3
2026-08-07 13:09:07 | INFO     |          - [条款 step_1] 得分: 3 | 理由: 学生准确列出了操作系统的部分核心功能（进程、内存、文件、设备），并正确描述了通过调度算法和让多个任务轮流跑（即时间片轮转）来实现多任务。虽然未提及同步互斥等机制，但根据宽松的判分标准，核心逻辑正确且包含了实质性的部分内容，故给予大部分分数。
2026-08-07 13:09:07 | INFO     |    ⏳ [V0 保护] 判决完成，休眠 2 秒...
2026-08-07 13:09:09 | INFO     |    [第 2/3 次判决] 呼叫逻辑裁判...
2026-08-07 13:09:14 | INFO     |       ✅ [裁判亮分] 总得分: 2.5
2026-08-07 13:09:14 | INFO     |          - [条款 step_1] 得分: 2.5 | 理由: 学生正确列举了操作系统的核心功能（进程管理、存储器管理、文件管理、设备管理），并正确指出了利用调度算法进行时间片轮转来实现多任务。但是漏掉了网络与通信管理、用户接口等功能，且未提及同步与互斥（信号量、锁），故给予一半的核心分数。
2026-08-07 13:09:14 | INFO     |    ⏳ [V0 保护] 判决完成，休眠 2 秒...
2026-08-07 13:09:16 | INFO     |    [第 3/3 次判决] 呼叫逻辑裁判...
2026-08-07 13:09:21 | INFO     |       ✅ [裁判亮分] 总得分: 2.5
2026-08-07 13:09:21 | INFO     |          - [条款 step_1] 得分: 2.5 | 理由: 学生正确列举了操作系统的部分核心功能（进程、内存、文件、设备管理），并准确描述了进程管理通过调度算法进行多任务轮转的核心概念。但缺少了处理机管理、网络与接口等功能分类，且未提及具体的调度算法名称（如时间片轮转、优先级）以及同步与互斥机制，属于具体细节缺失，给予一半的核心分数。
2026-08-07 13:09:21 | INFO     | 💾 样本 ANS_ISC_473.jpg 进度已保存。
2026-08-07 13:09:21 | INFO     | ⏳ 样本间冷却 15 秒...
2026-08-07 13:09:36 | INFO     | 
👉 正在处理新样本: ANS_ISC_478.jpg
2026-08-07 13:09:41 | INFO     |    ⏳ [V0 保护] 脱敏清单生成完毕，休眠 2 秒...
2026-08-07 13:09:43 | INFO     |    [单次视觉采样] 正在看图提取事实...
2026-08-07 13:09:48 | INFO     |    ⏳ [V0 保护] 视觉提取完成，准备进入打分循环，休眠 2 秒...
2026-08-07 13:09:50 | INFO     |    [第 1/3 次判决] 呼叫逻辑裁判...
2026-08-07 13:09:55 | INFO     |       ✅ [裁判亮分] 总得分: 5
2026-08-07 13:09:55 | INFO     |          - [条款 step_1] 得分: 5 | 理由: 学生回答明确包含了操作系统的主要功能（处理器、存储器、设备、文件、网络通信及接口管理），并准确指出了进程管理实现多任务调度的机制（建立多进程环境、进程控制、处理器调度），未遗漏任何核心得分点。
2026-08-07 13:09:55 | INFO     |    ⏳ [V0 保护] 判决完成，休眠 2 秒...
2026-08-07 13:09:57 | INFO     |    [第 2/3 次判决] 呼叫逻辑裁判...
2026-08-07 13:10:01 | INFO     |       ✅ [裁判亮分] 总得分: 4.5
2026-08-07 13:10:01 | INFO     |          - [条款 step_1] 得分: 4.5 | 理由: 前半部分准确答出了操作系统的主要功能（包含处理器、存储器、设备、文件、网络及用户接口），后半部分答出了多任务调度的核心机制（如进程控制、同步、通信及三级调度），但未明确提及标准答案中体现具体调度算法（时间片轮转、优先级调度）的 keywords，扣 0.5 分。
2026-08-07 13:10:01 | INFO     |    ⏳ [V0 保护] 判决完成，休眠 2 秒...
2026-08-07 13:10:03 | INFO     |    [第 3/3 次判决] 呼叫逻辑裁判...
2026-08-07 13:10:08 | INFO     |       ✅ [裁判亮分] 总得分: 4.0
2026-08-07 13:10:08 | INFO     |          - [条款 step_1] 得分: 4.0 | 理由: 学生准确答出了操作系统的主要功能（满分2分）。在多任务调度方式部分，学生答出了进程同步、进程通信、处理器调度等核心机制（得2分），但遗漏了时间片轮转（进程切换）和优先级调度等具体调度算法（扣1分）。综合评分为4分。
2026-08-07 13:10:08 | INFO     | 💾 样本 ANS_ISC_478.jpg 进度已保存。
2026-08-07 13:10:08 | INFO     | ⏳ 样本间冷却 15 秒...
2026-08-07 13:10:23 | INFO     | 
👉 正在处理新样本: ANS_ISC_485.jpg
2026-08-07 13:10:26 | INFO     |    ⏳ [V0 保护] 脱敏清单生成完毕，休眠 2 秒...
2026-08-07 13:10:28 | INFO     |    [单次视觉采样] 正在看图提取事实...
2026-08-07 13:10:31 | INFO     |    ⏳ [V0 保护] 视觉提取完成，准备进入打分循环，休眠 2 秒...
2026-08-07 13:10:33 | INFO     |    [第 1/3 次判决] 呼叫逻辑裁判...
2026-08-07 13:10:38 | INFO     |       ✅ [裁判亮分] 总得分: 3.5
2026-08-07 13:10:38 | INFO     |          - [条款 step_1] 得分: 3.5 | 理由: 本题为5分。第一部分要求简述主要功能，学生作答过于宽泛（'管理计算机资源、控制程序执行...'），未答出具体的四大管理功能，得0分；第二部分要求回答多任务调度实现，学生正确列出了处理器调度、进程同步与互斥等核心概念，得3.5分。综合给予部分分数。
2026-08-07 13:10:38 | INFO     |    ⏳ [V0 保护] 判决完成，休眠 2 秒...
2026-08-07 13:10:40 | INFO     |    [第 2/3 次判决] 呼叫逻辑裁判...
2026-08-07 13:10:46 | INFO     |       ✅ [裁判亮分] 总得分: 4
2026-08-07 13:10:46 | INFO     |          - [条款 step_1] 得分: 4 | 理由: The student correctly describes the macro-functions of the OS and lists valid process management mechanisms (process control, synchronization, communication, scheduling). Although missing the exact standard terms (e.g., deadlock management, explicit priority scheduling), the provided concepts (scheduling levels, process state transitions) correctly explain how multitasking is achieved. This satisfies the core requirements of the question, warranting high partial credit under a lenient policy.
2026-08-07 13:10:46 | INFO     |    ⏳ [V0 保护] 判决完成，休眠 2 秒...
2026-08-07 13:10:48 | INFO     |    [第 3/3 次判决] 呼叫逻辑裁判...
2026-08-07 13:10:55 | INFO     |       ✅ [裁判亮分] 总得分: 3.5
2026-08-07 13:10:55 | INFO     |          - [条款 step_1] 得分: 3.5 | 理由: 学生准确答出了多任务调度实现中的“同步与互斥”和“处理器调度”等方式，这部分完全符合标准答案。但在“主要功能”部分，学生仅从宏观上进行了概括（管理计算机资源、提供软件服务等），缺少了标准答案中要求的具体功能模块（如进程管理、存储器管理、设备管理、文件管理等）。由于多任务调度的核心知识点回答正确且详细，但主要功能部分缺失严重，故给予部分分数（5分的70%）。
2026-08-07 13:10:55 | INFO     | 💾 样本 ANS_ISC_485.jpg 进度已保存。
2026-08-07 13:10:55 | INFO     | ⏳ 样本间冷却 15 秒...
2026-08-07 13:11:10 | INFO     | 
👉 正在处理新样本: ANS_ISC_491.jpg
2026-08-07 13:11:13 | INFO     |    ⏳ [V0 保护] 脱敏清单生成完毕，休眠 2 秒...
2026-08-07 13:11:15 | INFO     |    [单次视觉采样] 正在看图提取事实...
2026-08-07 13:11:18 | INFO     |    ⏳ [V0 保护] 视觉提取完成，准备进入打分循环，休眠 2 秒...
2026-08-07 13:11:20 | INFO     |    [第 1/3 次判决] 呼叫逻辑裁判...
2026-08-07 13:11:25 | INFO     |       ✅ [裁判亮分] 总得分: 3
2026-08-07 13:11:25 | INFO     |          - [条款 step_1] 得分: 3 | 理由: The student correctly identifies 5 out of 7 OS functions (omitting process management specifically, user interface) and correctly mentions process synchronization, communication, and algorithm-based scheduling (though missing time-slicing/priority details). As it partially satisfies both main requirements of the prompt, a lenient partial credit of 3/5 is awarded.
2026-08-07 13:11:25 | INFO     |    ⏳ [V0 保护] 判决完成，休眠 2 秒...
2026-08-07 13:11:27 | INFO     |    [第 2/3 次判决] 呼叫逻辑裁判...
2026-08-07 13:11:33 | INFO     |       ✅ [裁判亮分] 总得分: 4
2026-08-07 13:11:33 | INFO     |          - [条款 step_1] 得分: 4 | 理由: The student accurately lists the main functions of an OS (processor, memory, device, file, and communication management). For process management, they successfully describe process creation, synchronization, and how the scheduler assigns the processor from the ready queue using specific algorithms (high, medium, low-level scheduling). Partial credit is awarded because the explanation of 'how it implements multi-task scheduling' focuses heavily on the mechanics of scheduling and process switching without explicitly naming standard algorithmic policies like priority scheduling or round-robin (time-slicing).
2026-08-07 13:11:33 | INFO     |    ⏳ [V0 保护] 判决完成，休眠 2 秒...
2026-08-07 13:11:35 | INFO     |    [第 3/3 次判决] 呼叫逻辑裁判...
2026-08-07 13:11:40 | INFO     |       ✅ [裁判亮分] 总得分: 3.5
2026-08-07 13:11:40 | INFO     |          - [条款 step_1] 得分: 3.5 | 理由: 学生正确列举了操作系统的各项主要功能（处理器、存储器、设备、文件、通信管理），并提到了高级、中级、低级调度算法以及进程同步机制。但对于实现多任务调度的核心机制（如时间片轮转、优先级调度）表述不完整，部分解释偏向于多道程序并发执行的概念。基于高校期末考试评分的宽容度，予以大部分分数。
2026-08-07 13:11:40 | INFO     | 💾 样本 ANS_ISC_491.jpg 进度已保存。
2026-08-07 13:11:40 | INFO     | ⏳ 样本间冷却 15 秒...
2026-08-07 13:11:55 | INFO     | 
👉 正在处理新样本: ANS_ISC_509.jpg
2026-08-07 13:11:58 | INFO     |    ⏳ [V0 保护] 脱敏清单生成完毕，休眠 2 秒...
2026-08-07 13:12:00 | INFO     |    [单次视觉采样] 正在看图提取事实...
2026-08-07 13:12:03 | INFO     |    ⏳ [V0 保护] 视觉提取完成，准备进入打分循环，休眠 2 秒...
2026-08-07 13:12:05 | INFO     |    [第 1/3 次判决] 呼叫逻辑裁判...
2026-08-07 13:12:11 | INFO     |       ✅ [裁判亮分] 总得分: 3.5
2026-08-07 13:12:11 | INFO     |          - [条款 step_1] 得分: 3.5 | 理由: 学生正确回答了操作系统的大部分核心功能（处理器/进程管理、存储器管理、设备管理、文件管理、网络与通信管理），但遗漏了用户接口。在多任务调度实现方面，正确提到了进程创建/资源分配以及同步与互斥机制，但未提及具体的进程调度算法（如时间片轮转、优先级调度）。覆盖了大部分要求的知识点，给予大部分分数。
2026-08-07 13:12:11 | INFO     |    ⏳ [V0 保护] 判决完成，休眠 2 秒...
2026-08-07 13:12:13 | INFO     |    [第 2/3 次判决] 呼叫逻辑裁判...
2026-08-07 13:12:18 | INFO     |       ✅ [裁判亮分] 总得分: 3.0
2026-08-07 13:12:18 | INFO     |          - [条款 step_1] 得分: 3.0 | 理由: 学生正确回答了操作系统的5项主要功能（处理器、存储器、设备、文件、网络管理）。在多任务调度的实现方式上，仅提及了进程同步与互斥，缺失了进程切换、时间片轮转和优先级调度等核心调度机制。因关键调度机制缺失，按部分匹配给3分。
2026-08-07 13:12:18 | INFO     |    ⏳ [V0 保护] 判决完成，休眠 2 秒...
2026-08-07 13:12:20 | INFO     |    [第 3/3 次判决] 呼叫逻辑裁判...
2026-08-07 13:12:26 | INFO     |       ✅ [裁判亮分] 总得分: 3.5
2026-08-07 13:12:26 | INFO     |          - [条款 step_1] 得分: 3.5 | 理由: 操作系统主要功能部分列举齐全(覆盖处理器、存储器、设备、文件和网络管理，得约2.5/3分)。但在多任务调度实现方式上，学生仅阐述了进程的执行属性(异步、同步与互斥)，未能指出标准答案中要求的具体调度实现机制(如时间片轮转/进程切换、优先级调度等)，缺失核心实现细节，故给部分分。
2026-08-07 13:12:26 | INFO     | 💾 样本 ANS_ISC_509.jpg 进度已保存。
2026-08-07 13:12:26 | INFO     | ⏳ 样本间冷却 15 秒...
2026-08-07 13:12:41 | INFO     | 
📊 采样完成。平均方差: 0.1000
2026-08-07 13:12:41 | INFO     | Item-level variance: avg=0.1000, max=0.1667
2026-08-07 13:12:41 | WARNING  | ⚠️ Item-level 方差超标，开始定位不稳定评分项...
2026-08-07 13:12:41 | INFO     | 🔧 [规则修正] 正在基于 3 份精选样本优化规则...
2026-08-07 13:12:41 | INFO     | [rubric structure] mandatory high-value split targets: [{"parent_id": "step_1", "parent_points": 5.0, "current_scoring_children": 1, "minimum_scoring_children": 2, "weighting_policy": "equal_atomic"}]
2026-08-07 13:12:48 | INFO     | [candidate replay] validating refined rubric against 5 isolated calibration answers...
2026-08-07 13:12:48 | INFO     | 📦 成功加载教师真实成绩单数据库！共包含 3326 名考生的数据。
2026-08-07 13:13:17 | INFO     | [candidate replay] {"method": "paired_teacher_score_noninferiority", "expected": 5, "paired": 5, "required": 4, "coverage": 1.0, "mae_margin": 0.1, "severe_regression_margin": 1.0, "accepted": false, "reason": "candidate_mae_exceeds_margin", "baseline_mae": 0.6, "candidate_mae": 0.9, "mae_delta": 0.3, "improved": 2, "unchanged": 0, "worsened": 3, "severe_regressions": 0, "records": [{"answer_id": "ANS_ISC_473", "baseline_score": 2.6666666666666665, "candidate_score": 3.5, "teacher_score": 2.0}, {"answer_id": "ANS_ISC_478", "baseline_score": 4.5, "candidate_score": 5.0, "teacher_score": 4.0}, {"answer_id": "ANS_ISC_485", "baseline_score": 3.6666666666666665, "candidate_score": 3.5, "teacher_score": 3.0}, {"answer_id": "ANS_ISC_491", "baseline_score": 3.5, "candidate_score": 4.0, "teacher_score": 4.0}, {"answer_id": "ANS_ISC_509", "baseline_score": 3.3333333333333335, "candidate_score": 2.5, "teacher_score": 4.0}]}
2026-08-07 13:13:17 | ERROR    | Refined rubric rejected by calibration non-inferiority gate: candidate_mae_exceeds_margin
2026-08-07 13:13:17 | WARNING  | [rubric selection] no refined candidate passed every gate; selected the official baseline for ISC_2. mode=calibrated_noninferior_baseline_selected
2026-08-07 13:13:17 | INFO     | [rubric manifest] saved: D:\users\王鑫020420\Desktop\refgrader-main\data\csbench\rubrics\manifests\ISC\ISC_2_optimization.json
2026-08-07 13:13:17 | INFO     | [rubric transaction] persisted postcondition passed for ISC_2; mode=calibrated_noninferior_baseline_selected; sha256=0a631a9a54779c68aa19a246fe610bcd841ebb8b30ece1952d2f101e5280b911
2026-08-07 13:13:17 | INFO     | 
🏆 任务完成！
