2026-08-07 13:02:51 | INFO     | ==================================================
2026-08-07 13:02:51 | INFO     | 📂 正在加载试卷数据库...
2026-08-07 13:02:51 | INFO     |    运行模式: VARIANCE_OPT
2026-08-07 13:02:51 | INFO     |    题目范围: ['CPL_7']
2026-08-07 13:02:51 | INFO     |    文本模型: glm5 -> glm-5.2 (thinking=disabled)
2026-08-07 13:02:51 | INFO     |    提取后端: csbench_hybrid
2026-08-07 13:02:51 | INFO     |    题库文件: D:\users\王鑫020420\Desktop\refgrader-main\data\csbench\exam_database.json
2026-08-07 13:02:51 | INFO     |    教师分文件: D:\users\王鑫020420\Desktop\refgrader-main\data\csbench\teacher_scores.json
2026-08-07 13:02:51 | INFO     |    Sample quality policy: raw (mode=raw, excluded=0, corrected=0)
2026-08-07 13:02:51 | INFO     |    答案元数据: D:\users\王鑫020420\Desktop\refgrader-main\data\csbench\answer_metadata.jsonl
2026-08-07 13:02:51 | INFO     |    并发数:   2
2026-08-07 13:02:51 | INFO     |    结果目录: D:\users\王鑫020420\Desktop\refgrader-main\results_runs\csbench_cpl7_rubric_opt
2026-08-07 13:02:51 | INFO     |    Rubric目录: D:\users\王鑫020420\Desktop\refgrader-main\data\csbench\rubrics\optimized
2026-08-07 13:02:51 | INFO     |    初始Rubric目录: D:\users\王鑫020420\Desktop\refgrader-main\data\csbench\rubrics\initial
2026-08-07 13:02:51 | INFO     |    允许回退初始Rubric: False
2026-08-07 13:02:51 | INFO     |    进度文件: D:\users\王鑫020420\Desktop\refgrader-main\results_runs\csbench_cpl7_rubric_opt\progress.json
2026-08-07 13:02:51 | INFO     |    日志文件: logs\experiment_20260807_130251.log
2026-08-07 13:02:51 | INFO     | 🔬 当前处于【方差优化模式】(VARIANCE OPT MODE)
2026-08-07 13:02:51 | INFO     |    系统将生成标准，进行小样本测试，修正并保存最终标准。
2026-08-07 13:02:51 | INFO     | 
============================================================
🔬 [断点续传模式] 处理题目: CPL_7
============================================================
2026-08-07 13:02:51 | INFO     | restart from the immutable initial rubric and ignore the existing optimized rubric.
2026-08-07 13:02:51 | INFO     | Loaded immutable initial rubric: data/csbench/rubrics/initial/CPL/CPL_7_rubric_standard.json
2026-08-07 13:02:51 | INFO     | force-rerun enabled; ignore old variance checkpoint for this question.
2026-08-07 13:02:51 | INFO     | [data isolation] variance optimization is restricted to 6 calibration answers.
2026-08-07 13:02:51 | INFO     | 
👉 正在处理新样本: ANS_CPL_405.jpg
2026-08-07 13:02:55 | INFO     |    ⏳ [V0 保护] 脱敏清单生成完毕，休眠 2 秒...
2026-08-07 13:02:57 | INFO     |    [单次视觉采样] 正在看图提取事实...
2026-08-07 13:02:57 | INFO     | [metadata] loaded 3326 answer records from D:\users\王鑫020420\Desktop\refgrader-main\data\csbench\answer_metadata.jsonl
2026-08-07 13:03:01 | INFO     |    ⏳ [V0 保护] 视觉提取完成，准备进入打分循环，休眠 2 秒...
2026-08-07 13:03:03 | INFO     |    [第 1/3 次判决] 呼叫逻辑裁判...
2026-08-07 13:03:13 | INFO     |       ✅ [裁判亮分] 总得分: 12.0
2026-08-07 13:03:13 | INFO     |          - [条款 step_1] 得分: 4.5 | 理由: 嵌套循环逻辑和scanf读取二维数组元素完全正确，完美符合读写循环要求。但内层for循环后缺少大括号，属于轻微语法格式瑕疵，按标准酌情扣除0.5分。
2026-08-07 13:03:13 | INFO     |          - [条款 step_2] 得分: 3.5 | 理由: 具备文件操作的三要素（fopen打开、fprintf写入、fclose关闭），但写入操作未包裹在任何循环结构中，违反了输出矩阵每个元素的要求，无法实现完整的矩阵输出。因缺少核心的循环写入逻辑，判为部分正确，扣除1.5分。
2026-08-07 13:03:13 | INFO     |          - [条款 step_3] 得分: 4.0 | 理由: 转置公式b[j][i] = a[i][j]完全正确。整体程序结构（包含头文件、变量声明、mian函数结构等）基本完整。但main函数的规范标准签名应为int main(int argc, char* argv[])，此处写为int main(char* matrixv[])属于轻微的语法格式错误，按标准酌情扣除1分。
2026-08-07 13:03:13 | INFO     |    ⏳ [V0 保护] 判决完成，休眠 2 秒...
2026-08-07 13:03:15 | INFO     |    [第 2/3 次判决] 呼叫逻辑裁判...
2026-08-07 13:03:23 | INFO     |       ✅ [裁判亮分] 总得分: 14.5
2026-08-07 13:03:23 | INFO     |          - [条款 step_1] 得分: 4.5 | 理由: The loop for reading the 5x5 matrix is completely correct. The student only provided the read loop and omitted the output loop, but the rubric explicitly states that syntax errors or omissions should only be penalized 0.5-2 points overall. Thus, full credit is awarded with a minor 0.5-point deduction under lenient alignment.
2026-08-07 13:03:23 | INFO     |          - [条款 step_2] 得分: 5.0 | 理由: The student correctly implements file opening with fopen in write mode, writes data using fprintf, and properly closes the file. The rubric explicitly notes that not checking for a null fp or handling output formatting should not be penalized.
2026-08-07 13:03:23 | INFO     |          - [条款 step_3] 得分: 5.0 | 理由: The transposition logic correctly maps elements from a[i][j] to b[j][i]. The overall structural code is also correct, featuring appropriate includes, main function structure, and array declarations.
2026-08-07 13:03:23 | INFO     |    ⏳ [V0 保护] 判决完成，休眠 2 秒...
2026-08-07 13:03:25 | INFO     |    [第 3/3 次判决] 呼叫逻辑裁判...
2026-08-07 13:03:34 | INFO     |       ✅ [裁判亮分] 总得分: 12.5
2026-08-07 13:03:34 | INFO     |          - [条款 step_1] 得分: 5.0 | 理由: 学生正确写出了使用嵌套循环读取5x5矩阵元素的核心代码逻辑，完全满足该评分点要求。
2026-08-07 13:03:34 | INFO     |          - [条款 step_2] 得分: 3.0 | 理由: 学生正确使用了fopen和fclose，体现了打开与关闭文件的完整逻辑。但文件写入函数fprintf没有被放入循环结构中，且漏写元素间的空格，无法完整实现整个矩阵的写入。鉴于操作步骤已部分正确实现，给予一半的部分得分。
2026-08-07 13:03:34 | INFO     |          - [条款 step_3] 得分: 4.5 | 理由: 核心转置逻辑b[j][i] = a[i][j]完全正确，程序的基本结构也具备。但主函数声明标准格式应为int main(int argc, char* argv[])，此处int main(char* matrixv[])存在轻微语法缺陷。根据评分规则中的宽容政策，因语法问题整体酌情扣除0.5分。
2026-08-07 13:03:34 | INFO     | 💾 样本 ANS_CPL_405.jpg 进度已保存。
2026-08-07 13:03:34 | INFO     | ⏳ 样本间冷却 15 秒...
2026-08-07 13:03:49 | INFO     | 
👉 正在处理新样本: ANS_CPL_407.jpg
2026-08-07 13:03:55 | INFO     |    ⏳ [V0 保护] 脱敏清单生成完毕，休眠 2 秒...
2026-08-07 13:03:57 | INFO     |    [单次视觉采样] 正在看图提取事实...
2026-08-07 13:04:02 | INFO     |    ⏳ [V0 保护] 视觉提取完成，准备进入打分循环，休眠 2 秒...
2026-08-07 13:04:04 | INFO     |    [第 1/3 次判决] 呼叫逻辑裁判...
2026-08-07 13:04:11 | INFO     |       ✅ [裁判亮分] 总得分: 8.5
2026-08-07 13:04:11 | INFO     |          - [条款 step_1] 得分: 4.5 | 理由: Student correctly wrote the nested loops for reading and printing the matrix elements. Minor syntax error (missing semicolon after printf) incurs a small deduction per lenient policy.
2026-08-07 13:04:11 | INFO     |          - [条款 step_2] 得分: 0 | 理由: The student did not provide any file operation code.
2026-08-07 13:04:11 | INFO     |          - [条款 step_3] 得分: 4 | 理由: The algorithmic logic for in-place matrix transposition is correct, but the overall program structure is incomplete as it lacks file operations.
2026-08-07 13:04:11 | INFO     |    ⏳ [V0 保护] 判决完成，休眠 2 秒...
2026-08-07 13:04:13 | INFO     |    [第 2/3 次判决] 呼叫逻辑裁判...
2026-08-07 13:04:20 | INFO     |       ✅ [裁判亮分] 总得分: 9.0
2026-08-07 13:04:20 | INFO     |          - [条款 step_1] 得分: 4.5 | 理由: Read and print loops are correctly implemented. Deducted 0.5 points for a syntax error (missing semicolon after printf) in the output loop, following the rubric's guideline to deduct 0.5-2 points for syntax errors.
2026-08-07 13:04:20 | INFO     |          - [条款 step_2] 得分: 0 | 理由: The extracted facts explicitly state '未书写' (Not written), indicating the student did not provide any file operations.
2026-08-07 13:04:20 | INFO     |          - [条款 step_3] 得分: 4.5 | 理由: The in-place matrix transposition logic using a single 2D array and a temporary variable is perfectly correct. Full points are essentially granted as the core logic and program structure are correct, aligned with lenient instructor policy regarding the minor syntax errors in the overall snippet.
2026-08-07 13:04:20 | INFO     |    ⏳ [V0 保护] 判决完成，休眠 2 秒...
2026-08-07 13:04:22 | INFO     |    [第 3/3 次判决] 呼叫逻辑裁判...
2026-08-07 13:04:29 | INFO     |       ✅ [裁判亮分] 总得分: 7.5
2026-08-07 13:04:29 | INFO     |          - [条款 step_1] 得分: 4.5 | 理由: 读入和输出矩阵的二维循环结构均正确书写，但代码在printf语句后缺失了分号。按照评分标准要求，语法错误整体酌情扣0.5分。
2026-08-07 13:04:29 | INFO     |          - [条款 step_2] 得分: 0 | 理由: 提取内容显示为“未书写”，没有进行任何文件操作相关的代码编写。
2026-08-07 13:04:29 | INFO     |          - [条款 step_3] 得分: 3 | 理由: 转置矩阵的嵌套循环逻辑及元素交换代码完全正确。但由于前面的输入输出存在致命语法错误且缺失文件操作，程序无法正确编译运行。根据规则酌情给予3分。
2026-08-07 13:04:29 | INFO     | 💾 样本 ANS_CPL_407.jpg 进度已保存。
2026-08-07 13:04:29 | INFO     | ⏳ 样本间冷却 15 秒...
2026-08-07 13:04:44 | INFO     | 
👉 正在处理新样本: ANS_CPL_410.jpg
2026-08-07 13:04:48 | INFO     |    ⏳ [V0 保护] 脱敏清单生成完毕，休眠 2 秒...
2026-08-07 13:04:50 | INFO     |    [单次视觉采样] 正在看图提取事实...
2026-08-07 13:04:53 | INFO     |    ⏳ [V0 保护] 视觉提取完成，准备进入打分循环，休眠 2 秒...
2026-08-07 13:04:55 | INFO     |    [第 1/3 次判决] 呼叫逻辑裁判...
2026-08-07 13:05:02 | INFO     |       ✅ [裁判亮分] 总得分: 11.5
2026-08-07 13:05:02 | INFO     |          - [条款 step_1] 得分: 4.5 | 理由: 正确使用双重for循环读入二维数组，逻辑无误。scanf的单引号属于轻微语法格式瑕疵，整体酌情扣0.5分。
2026-08-07 13:05:02 | INFO     |          - [条款 step_2] 得分: 4.5 | 理由: 代码完整包含了打开、按行写入数据以及关闭文件的操作。fopen的参数w漏写引号属于轻微语法格式错误，整体酌情扣0.5分。
2026-08-07 13:05:02 | INFO     |          - [条款 step_3] 得分: 2.5 | 理由: 转置核心赋值语句 `b[j][i]=a[i][j]` 正确，但在内层循环外紧接着直接覆写 `a[i][j]=b[j][i]`（此时j恒为4），未能正确完成完整的矩阵元素交换，存在逻辑漏洞，故给予一半的步骤分。
2026-08-07 13:05:02 | INFO     |    ⏳ [V0 保护] 判决完成，休眠 2 秒...
2026-08-07 13:05:04 | INFO     |    [第 2/3 次判决] 呼叫逻辑裁判...
2026-08-07 13:05:14 | INFO     |       ✅ [裁判亮分] 总得分: 12.0
2026-08-07 13:05:14 | INFO     |          - [条款 step_1] 得分: 4.5 | 理由: The read loop is correctly implemented for a 5x5 matrix. Minor syntax errors exist (using single quotes for string literals), warranting a small deduction as per the lenient rubric.
2026-08-07 13:05:14 | INFO     |          - [条款 step_2] 得分: 5.0 | 理由: Student correctly implements opening the file, writing the 2D array to it using fwrite, and closing the file. The rubric notes that omitting the NULL check doesn't deduct points, and missing quotes around 'w' is treated as a minor syntax/notation error under the lenient policy.
2026-08-07 13:05:14 | INFO     |          - [条款 step_3] 得分: 2.5 | 理由: The student correctly identifies the transposed index relation (b[j][i]=a[i][j]) but completely fails the actual swap logic by writing back the original value and using an undeclared 'temp'. Half credit is awarded for the valid partial process.
2026-08-07 13:05:14 | INFO     |    ⏳ [V0 保护] 判决完成，休眠 2 秒...
2026-08-07 13:05:16 | INFO     |    [第 3/3 次判决] 呼叫逻辑裁判...
2026-08-07 13:05:25 | INFO     |       ✅ [裁判亮分] 总得分: 10.0
2026-08-07 13:05:25 | INFO     |          - [条款 step_1] 得分: 5.0 | 理由: The loop correctly reads each element of the 5x5 matrix using nested loops, satisfying the condition for the read loop.
2026-08-07 13:05:25 | INFO     |          - [条款 step_2] 得分: 5.0 | 理由: The student explicitly opens the file, writes the transposed matrix to it, and closes the file. Missing quotes around the mode 'w' in fopen is treated as a minor syntax/notation error and is not penalized under lenient policies.
2026-08-07 13:05:25 | INFO     |          - [条款 step_3] 得分: 0.0 | 理由: The transposition logic is fundamentally flawed. Performing assignment outside the inner loop leads to array out-of-bounds access, attempting to swap after overwriting destroys original data, and using an undeclared `temp` variable without proper swapping syntax causes a severe conceptual failure.
2026-08-07 13:05:25 | INFO     | 💾 样本 ANS_CPL_410.jpg 进度已保存。
2026-08-07 13:05:25 | INFO     | ⏳ 样本间冷却 15 秒...
2026-08-07 13:05:40 | INFO     | 
👉 正在处理新样本: ANS_CPL_413.jpg
2026-08-07 13:05:44 | INFO     |    ⏳ [V0 保护] 脱敏清单生成完毕，休眠 2 秒...
2026-08-07 13:05:46 | INFO     |    [单次视觉采样] 正在看图提取事实...
2026-08-07 13:05:49 | INFO     |    ⏳ [V0 保护] 视觉提取完成，准备进入打分循环，休眠 2 秒...
2026-08-07 13:05:51 | INFO     |    [第 1/3 次判决] 呼叫逻辑裁判...
2026-08-07 13:06:03 | INFO     |       ✅ [裁判亮分] 总得分: 13.5
2026-08-07 13:06:03 | INFO     |          - [条款 step_1] 得分: 5 | 理由: The student correctly implemented the nested loop to read elements into a 2D array. Minor syntax errors (such as missing & or capitalization) are treated leniently as non-fatal. Although the corresponding write loop has structural flaws (it writes to a read file instead of stdout), the rubric explicitly allows bundling the read loop and transposition logic for the full 5 points if the student only uses a single 2D array. Since the transposition logic is correct, full points are awarded.
2026-08-07 13:06:03 | INFO     |          - [条款 step_2] 得分: 4 | 理由: The student demonstrates the conceptual file operations: opening (fopen), writing (fprintf), and closing (fclose). However, it contains multiple semantic and structural errors: opening the file in read mode ("r") instead of write mode ("w"), an operator precedence bug in the file pointer check, using duplicate loop variables (i instead of j), and outputting an undefined variable. Recognizing the valid method despite the propagated errors, a 1-point deduction is applied.
2026-08-07 13:06:03 | INFO     |          - [条款 step_3] 得分: 4.5 | 理由: The core algorithm for transposing the matrix in-place using a temporary variable is fully and correctly written. The overall structure is also sound. A minor deduction is applied for a minor semantic/logical oversight (the inner loop bounds should ideally be `j<i` to prevent double-transposing back to the original state, though it reflects correct structural mapping).
2026-08-07 13:06:03 | INFO     |    ⏳ [V0 保护] 判决完成，休眠 2 秒...
2026-08-07 13:06:05 | INFO     |    [第 2/3 次判决] 呼叫逻辑裁判...
2026-08-07 13:06:13 | INFO     |       ✅ [裁判亮分] 总得分: 9.0
2026-08-07 13:06:13 | INFO     |          - [条款 step_1] 得分: 5.0 | 理由: 学生正确写出了使用双重循环读取二维数组元素的代码，满足评分标准中关于读入数据循环的要求。
2026-08-07 13:06:13 | INFO     |          - [条款 step_2] 得分: 4.0 | 理由: 代码包含了文件打开、写入和关闭的完整结构。但存在严重的语法和逻辑错误：打开文件时使用了只读模式（"r"）却试图向其中写入数据（fprintf），且嵌套循环中误写了变量名（两个int i且使用了未在当前作用域循环中定义的j变量）。基于教师从宽评分的原则，给与部分分数。
2026-08-07 13:06:13 | INFO     |          - [条款 step_3] 得分: 0.0 | 理由: 学生使用双重循环遍历了整个矩阵并执行交换，这导致了矩阵的所有元素被交换了两次，最终结果相当于没有转置。这属于核心的逻辑错误（方法错误）。
2026-08-07 13:06:13 | INFO     |    ⏳ [V0 保护] 判决完成，休眠 2 秒...
2026-08-07 13:06:15 | INFO     |    [第 3/3 次判决] 呼叫逻辑裁判...
2026-08-07 13:06:23 | INFO     |       ✅ [裁判亮分] 总得分: 6.0
2026-08-07 13:06:23 | INFO     |          - [条款 step_1] 得分: 4.0 | 理由: 正确写出了读取矩阵元素的嵌套循环。输出文件循环中存在变量名错误（使用未定义的a[i][j]代替变量i重名定义），扣除部分分数。
2026-08-07 13:06:23 | INFO     |          - [条款 step_2] 得分: 2.0 | 理由: 有打开文件、写入和关闭文件的明确意图，但存在多重错误：fopen使用'r'(只读)模式而非'w'模式，赋值优先级导致pf指针未正确接收返回值导致段错误。因包含部分正确结构给予少量分数。
2026-08-07 13:06:23 | INFO     |          - [条款 step_3] 得分: 0.0 | 理由: 矩阵转置逻辑存在严重概念错误。在全矩阵范围内（i和j均从0到4）直接交换a[i][j]和a[j][i]会导致每个元素被交换两次，矩阵在操作结束后恢复为原样，并未实现转置。
2026-08-07 13:06:23 | INFO     | 💾 样本 ANS_CPL_413.jpg 进度已保存。
2026-08-07 13:06:23 | INFO     | ⏳ 样本间冷却 15 秒...
2026-08-07 13:06:38 | INFO     | 
👉 正在处理新样本: ANS_CPL_414.jpg
2026-08-07 13:06:43 | INFO     |    ⏳ [V0 保护] 脱敏清单生成完毕，休眠 2 秒...
2026-08-07 13:06:45 | INFO     |    [单次视觉采样] 正在看图提取事实...
2026-08-07 13:06:48 | INFO     |    ⏳ [V0 保护] 视觉提取完成，准备进入打分循环，休眠 2 秒...
2026-08-07 13:06:50 | INFO     |    [第 1/3 次判决] 呼叫逻辑裁判...
2026-08-07 13:06:57 | INFO     |       ✅ [裁判亮分] 总得分: 6.5
2026-08-07 13:06:57 | INFO     |          - [条款 step_1] 得分: 4.5 | 理由: Nested loops for input are correctly written, fulfilling the input loop requirement. Missing the output loop but awarded partial credit based on trace evidence.
2026-08-07 13:06:57 | INFO     |          - [条款 step_2] 得分: 1.0 | 理由: Student attempts to open the file for writing, but misses file writing operations and closing the file. Also contains a minor syntax/format error.
2026-08-07 13:06:57 | INFO     |          - [条款 step_3] 得分: 1.0 | 理由: Transposition logic b[i][j] = a[j][i] is conceptually correct, but major C language structural errors exist (invalid array return/assignment, incorrect loop initialization for j). Award partial credit for correct mapping intent.
2026-08-07 13:06:57 | INFO     |    ⏳ [V0 保护] 判决完成，休眠 2 秒...
2026-08-07 13:06:59 | INFO     |    [第 2/3 次判决] 呼叫逻辑裁判...
2026-08-07 13:07:07 | INFO     |       ✅ [裁判亮分] 总得分: 7.0
2026-08-07 13:07:07 | INFO     |          - [条款 step_1] 得分: 4 | 理由: Correctly implemented the read loop for matrix elements, but omitted the output (print/write) loop and the 'int' type for return of main if assumed. Minor missing loop justifies partial credit.
2026-08-07 13:07:07 | INFO     |          - [条款 step_2] 得分: 1.5 | 理由: Attempted to open the file for writing, but lacks assignment to a file pointer, has an invalid filename ('matrix.'), and misses fprintf and fclose operations. Gives partial credit only for the open attempt.
2026-08-07 13:07:07 | INFO     |          - [条款 step_3] 得分: 1.5 | 理由: The transposition mapping b[i][j] = a[j][i] is conceptually correct, but there are severe syntax/structural errors (array assignment, returning array out of bounds, loop logic error, using full-width parenthesis). Awarding minor partial credit for the transposition logic only.
2026-08-07 13:07:07 | INFO     |    ⏳ [V0 保护] 判决完成，休眠 2 秒...
2026-08-07 13:07:09 | INFO     |    [第 3/3 次判决] 呼叫逻辑裁判...
2026-08-07 13:07:16 | INFO     |       ✅ [裁判亮分] 总得分: 9.0
2026-08-07 13:07:16 | INFO     |          - [条款 step_1] 得分: 4 | 理由: 学生正确给出了嵌套循环结构和矩阵读入的scanf操作，但缺失了输出环节，体现为部分正确。
2026-08-07 13:07:16 | INFO     |          - [条款 step_2] 得分: 2.5 | 理由: 学生正确使用fopen以写模式打开了文件，但缺失了写入文件（fprintf等）和关闭文件（fclose）的代码，故仅获得一半分数。
2026-08-07 13:07:16 | INFO     |          - [条款 step_3] 得分: 2.5 | 理由: 学生使用了正确的转置赋值表达式 b[i][j]=a[j][i]，体现了转置的核心逻辑。但在程序其他结构上存在多处致命语法错误（如内层循环不重新初始化j导致逻辑错误，C语言函数不能返回数组也不能直接对数组名赋值）。核心思想正确但结构错误，故给一半分。
2026-08-07 13:07:16 | INFO     | 💾 样本 ANS_CPL_414.jpg 进度已保存。
2026-08-07 13:07:16 | INFO     | ⏳ 样本间冷却 15 秒...
2026-08-07 13:07:31 | INFO     | 
📊 采样完成。平均方差: 2.5889
2026-08-07 13:07:31 | INFO     | Item-level variance: avg=0.6185, max=4.5000
2026-08-07 13:07:31 | WARNING  | ⚠️ 方差超标！开始基于高方差样本修正标准...
2026-08-07 13:07:31 | INFO     | 🔧 [规则修正] 正在基于 3 份精选样本优化规则...
2026-08-07 13:07:31 | INFO     | [rubric structure] mandatory high-value split targets: [{"parent_id": "step_1", "parent_points": 5.0, "current_scoring_children": 1, "minimum_scoring_children": 2, "weighting_policy": "equal_atomic"}, {"parent_id": "step_2", "parent_points": 5.0, "current_scoring_children": 1, "minimum_scoring_children": 2, "weighting_policy": "equal_atomic"}, {"parent_id": "step_3", "parent_points": 5.0, "current_scoring_children": 1, "minimum_scoring_children": 2, "weighting_policy": "equal_atomic"}]
2026-08-07 13:07:51 | INFO     | [candidate replay] validating refined rubric against 5 isolated calibration answers...
2026-08-07 13:07:51 | INFO     | 📦 成功加载教师真实成绩单数据库！共包含 3326 名考生的数据。
2026-08-07 13:08:50 | INFO     | [candidate replay] {"method": "paired_teacher_score_noninferiority", "expected": 5, "paired": 5, "required": 4, "coverage": 1.0, "mae_margin": 0.3, "severe_regression_margin": 3.0, "accepted": false, "reason": "candidate_mae_exceeds_margin", "baseline_mae": 1.033333, "candidate_mae": 1.6, "mae_delta": 0.566667, "improved": 1, "unchanged": 1, "worsened": 3, "severe_regressions": 0, "records": [{"answer_id": "ANS_CPL_405", "baseline_score": 13.0, "candidate_score": 14.0, "teacher_score": 15.0}, {"answer_id": "ANS_CPL_407", "baseline_score": 8.333333333333334, "candidate_score": 10.0, "teacher_score": 8.0}, {"answer_id": "ANS_CPL_410", "baseline_score": 11.166666666666666, "candidate_score": 10.0, "teacher_score": 12.0}, {"answer_id": "ANS_CPL_413", "baseline_score": 9.5, "candidate_score": 8.5, "teacher_score": 9.0}, {"answer_id": "ANS_CPL_414", "baseline_score": 7.5, "candidate_score": 6.5, "teacher_score": 9.0}]}
2026-08-07 13:08:50 | ERROR    | Refined rubric rejected by calibration non-inferiority gate: candidate_mae_exceeds_margin
2026-08-07 13:08:50 | WARNING  | [rubric selection] no refined candidate passed every gate; selected the official baseline for CPL_7. mode=calibrated_noninferior_baseline_selected
2026-08-07 13:08:50 | INFO     | [rubric manifest] saved: D:\users\王鑫020420\Desktop\refgrader-main\data\csbench\rubrics\manifests\CPL\CPL_7_optimization.json
2026-08-07 13:08:50 | INFO     | [rubric transaction] persisted postcondition passed for CPL_7; mode=calibrated_noninferior_baseline_selected; sha256=9f70cdaa0840281c24ba4f4f7d829bf77cab278a4a77e58f9f270bc4cb8687c9
2026-08-07 13:08:50 | INFO     | 
🏆 任务完成！
