2026-07-14 04:30:35 | INFO     | ==================================================
2026-07-14 04:30:35 | INFO     | 📂 正在加载试卷数据库...
2026-07-14 04:30:35 | INFO     |    运行模式: FULL
2026-07-14 04:30:35 | INFO     |    题目范围: ['CO_1']
2026-07-14 04:30:35 | INFO     |    文本模型: glm5 -> glm-5.1
2026-07-14 04:30:35 | INFO     |    提取后端: csbench_hybrid
2026-07-14 04:30:35 | INFO     |    题库文件: D:\users\王鑫020420\Desktop\refgrader-main\data\csbench\exam_database.json
2026-07-14 04:30:35 | INFO     |    教师分文件: D:\users\王鑫020420\Desktop\refgrader-main\data\csbench\teacher_scores.json
2026-07-14 04:30:35 | INFO     |    答案元数据: D:\users\王鑫020420\Desktop\refgrader-main\data\csbench\answer_metadata.jsonl
2026-07-14 04:30:35 | INFO     |    并发数:   2
2026-07-14 04:30:35 | INFO     |    结果目录: D:\users\王鑫020420\Desktop\refgrader-main\results_runs\csbench_co1_full
2026-07-14 04:30:35 | INFO     |    Rubric目录: D:\users\王鑫020420\Desktop\refgrader-main\data\csbench\rubrics\optimized
2026-07-14 04:30:35 | INFO     |    初始Rubric目录: D:\users\王鑫020420\Desktop\refgrader-main\data\csbench\rubrics\initial
2026-07-14 04:30:35 | INFO     |    允许回退初始Rubric: False
2026-07-14 04:30:35 | INFO     |    进度文件: D:\users\王鑫020420\Desktop\refgrader-main\results_runs\csbench_co1_full\progress.json
2026-07-14 04:30:35 | INFO     |    日志文件: logs\experiment_20260714_043035.log
2026-07-14 04:30:35 | INFO     | 🚀 当前处于【精准批改模式】
2026-07-14 04:30:35 | INFO     | 
🚀 [标准模式] 开始处理: CO_1
2026-07-14 04:30:35 | INFO     | ⚡ 已加载本地标准: D:\users\王鑫020420\Desktop\refgrader-main\data\csbench\rubrics\optimized\CO\CO_1_rubric_standard.json
2026-07-14 04:30:35 | INFO     | [force-rerun] cleaned old result files for CO_1: CO_1_grading_checkpoint.json, CO_1_graded_results.json, CO_1_rejected.json
2026-07-14 04:30:48 | INFO     | ⚡ 脱敏清单已预生成，104 名学生共享复用。
2026-07-14 04:30:48 | INFO     | 🏃 开始批改 104 张试卷 (⚡ 开启多线程模式)...
2026-07-14 04:30:48 | INFO     | ⏳ [主线程] 已提交 104 个任务，等待结果回收...
2026-07-14 04:30:48 | INFO     | 📦 成功加载教师真实成绩单数据库！共包含 3326 名考生的数据。
2026-07-14 04:30:48 | INFO     | 📦 成功加载教师真实成绩单数据库！共包含 3326 名考生的数据。
2026-07-14 04:30:48 | INFO     | 
🔍 [正在处理] ANS_CO_01 | 启动 3WD 流水线...
2026-07-14 04:30:48 | INFO     | [metadata] loaded 3326 answer records from D:\users\王鑫020420\Desktop\refgrader-main\data\csbench\answer_metadata.jsonl
2026-07-14 04:30:48 | INFO     | 
🔍 [正在处理] ANS_CO_02 | 启动 3WD 流水线...
2026-07-14 04:31:17 | INFO     | ✅ [批改完成] ANS_CO_02 | 路由: POS | 最终分: 5.0 | 风险: P0.00/U0.00/F0.00/H0/L0 | 提取质量: 🟢high | 留白率: 0% | 低质量率: 0%
2026-07-14 04:31:17 | INFO     | 
🔍 [正在处理] ANS_CO_03 | 启动 3WD 流水线...
2026-07-14 04:31:17 | INFO     | 📢 [总进度] 1/104 份试卷已归档。
2026-07-14 04:31:35 | INFO     | ✅ [批改完成] ANS_CO_01 | 路由: POS | 最终分: 5.0 | 风险: P0.00/U0.00/F0.00/H0/L0 | 提取质量: 🟢high | 留白率: 0% | 低质量率: 0%
2026-07-14 04:31:35 | INFO     | 
🔍 [正在处理] ANS_CO_04 | 启动 3WD 流水线...
2026-07-14 04:31:35 | INFO     | 📢 [总进度] 2/104 份试卷已归档。
2026-07-14 04:32:05 | INFO     | ✅ [批改完成] ANS_CO_03 | 路由: BND | 最终分: 0 | 风险: P0.27/U0.00/F0.70/H0/L1 | 提取质量: 🟢high | 留白率: 33% | 低质量率: 0%
2026-07-14 04:32:05 | INFO     | 
🔍 [正在处理] ANS_CO_05 | 启动 3WD 流水线...
2026-07-14 04:32:05 | INFO     | 📢 [总进度] 3/104 份试卷已归档。
2026-07-14 04:32:29 | INFO     | ✅ [批改完成] ANS_CO_04 | 路由: BND | 最终分: 3.4 | 风险: P0.27/U0.00/F0.00/H0/L0 | 提取质量: 🟢high | 留白率: 33% | 低质量率: 0%
2026-07-14 04:32:29 | INFO     | 
🔍 [正在处理] ANS_CO_06 | 启动 3WD 流水线...
2026-07-14 04:32:29 | INFO     | 📢 [总进度] 4/104 份试卷已归档。
2026-07-14 04:32:57 | INFO     | ✅ [批改完成] ANS_CO_05 | 路由: POS | 最终分: 5.0 | 风险: P0.00/U0.00/F0.00/H0/L0 | 提取质量: 🟢high | 留白率: 0% | 低质量率: 0%
2026-07-14 04:32:57 | INFO     | 
🔍 [正在处理] ANS_CO_07 | 启动 3WD 流水线...
2026-07-14 04:32:57 | INFO     | 📢 [总进度] 5/104 份试卷已归档。
2026-07-14 04:35:01 | INFO     | ✅ [批改完成] ANS_CO_07 | 路由: BND | 最终分: 1.1 | 风险: P0.27/U0.05/F0.30/H0/L1 | 提取质量: 🟢high | 留白率: 33% | 低质量率: 0%
2026-07-14 04:35:01 | INFO     | 
🔍 [正在处理] ANS_CO_08 | 启动 3WD 流水线...
2026-07-14 04:35:01 | INFO     | 📢 [总进度] 6/104 份试卷已归档。
2026-07-14 04:35:39 | INFO     | ✅ [批改完成] ANS_CO_06 | 路由: BND | 最终分: 1.2 | 风险: P0.27/U0.09/F0.30/H0/L1 | 提取质量: 🟢high | 留白率: 33% | 低质量率: 0%
2026-07-14 04:35:39 | INFO     | 
🔍 [正在处理] ANS_CO_09 | 启动 3WD 流水线...
2026-07-14 04:35:39 | INFO     | 📢 [总进度] 7/104 份试卷已归档。
2026-07-14 04:35:49 | INFO     | ✅ [批改完成] ANS_CO_08 | 路由: NEG | 最终分: 2.0 | 风险: P0.27/U0.00/F0.30/H0/L1 | 提取质量: 🟢high | 留白率: 33% | 低质量率: 0%
2026-07-14 04:35:49 | INFO     | 
🔍 [正在处理] ANS_CO_10 | 启动 3WD 流水线...
2026-07-14 04:35:49 | INFO     | 📢 [总进度] 8/104 份试卷已归档 [NEG-拒绝]。
2026-07-14 04:36:35 | INFO     | ✅ [批改完成] ANS_CO_09 | 路由: BND | 最终分: 0 | 风险: P0.53/U0.00/F0.30/H0/L0 | 提取质量: 🟡low | 留白率: 67% | 低质量率: 0%
2026-07-14 04:36:35 | INFO     | 
🔍 [正在处理] ANS_CO_100 | 启动 3WD 流水线...
2026-07-14 04:36:35 | INFO     | 📢 [总进度] 9/104 份试卷已归档。
2026-07-14 04:37:25 | INFO     | ✅ [批改完成] ANS_CO_10 | 路由: POS | 最终分: 5.0 | 风险: P0.00/U0.00/F0.00/H0/L0 | 提取质量: 🟢high | 留白率: 0% | 低质量率: 0%
2026-07-14 04:37:25 | INFO     | 
🔍 [正在处理] ANS_CO_101 | 启动 3WD 流水线...
2026-07-14 04:37:25 | INFO     | 📢 [总进度] 10/104 份试卷已归档。
2026-07-14 04:38:23 | INFO     | ✅ [批改完成] ANS_CO_101 | 路由: BND | 最终分: 0 | 风险: P0.00/U0.00/F1.00/H0/L1 | 提取质量: 🟢high | 留白率: 0% | 低质量率: 0%
2026-07-14 04:38:23 | INFO     | 
🔍 [正在处理] ANS_CO_102 | 启动 3WD 流水线...
2026-07-14 04:38:23 | INFO     | 📢 [总进度] 11/104 份试卷已归档。
2026-07-14 04:38:48 | INFO     | ✅ [批改完成] ANS_CO_102 | 路由: POS | 最终分: 5.0 | 风险: P0.00/U0.00/F0.00/H0/L0 | 提取质量: 🟢high | 留白率: 0% | 低质量率: 0%
2026-07-14 04:38:48 | INFO     | 
🔍 [正在处理] ANS_CO_103 | 启动 3WD 流水线...
2026-07-14 04:38:48 | INFO     | 📢 [总进度] 12/104 份试卷已归档。
2026-07-14 04:39:00 | INFO     | ✅ [批改完成] ANS_CO_100 | 路由: BND | 最终分: 1.9 | 风险: P0.27/U0.00/F0.30/H0/L1 | 提取质量: 🟢high | 留白率: 33% | 低质量率: 0%
2026-07-14 04:39:00 | INFO     | 
🔍 [正在处理] ANS_CO_106 | 启动 3WD 流水线...
2026-07-14 04:39:00 | INFO     | 📢 [总进度] 13/104 份试卷已归档。
2026-07-14 04:40:02 | INFO     | ✅ [批改完成] ANS_CO_103 | 路由: POS | 最终分: 5.0 | 风险: P0.00/U0.00/F0.00/H0/L0 | 提取质量: 🟢high | 留白率: 0% | 低质量率: 0%
2026-07-14 04:40:02 | INFO     | 
🔍 [正在处理] ANS_CO_107 | 启动 3WD 流水线...
2026-07-14 04:40:02 | INFO     | 📢 [总进度] 14/104 份试卷已归档。
2026-07-14 04:40:33 | INFO     | ✅ [批改完成] ANS_CO_107 | 路由: BND | 最终分: 0 | 风险: P0.80/U0.00/F0.00/H0/L0 | 提取质量: 🟡low | 留白率: 100% | 低质量率: 0%
2026-07-14 04:40:33 | INFO     | 
🔍 [正在处理] ANS_CO_108 | 启动 3WD 流水线...
2026-07-14 04:40:33 | INFO     | 📢 [总进度] 15/104 份试卷已归档。
2026-07-14 04:40:42 | INFO     | ✅ [批改完成] ANS_CO_106 | 路由: BND | 最终分: 0 | 风险: P0.00/U0.00/F1.00/H0/L1 | 提取质量: 🟢high | 留白率: 0% | 低质量率: 0%
2026-07-14 04:40:42 | INFO     | 
🔍 [正在处理] ANS_CO_110 | 启动 3WD 流水线...
2026-07-14 04:40:42 | INFO     | 📢 [总进度] 16/104 份试卷已归档。
2026-07-14 04:41:08 | INFO     | ✅ [批改完成] ANS_CO_110 | 路由: POS | 最终分: 5.0 | 风险: P0.00/U0.00/F0.00/H0/L0 | 提取质量: 🟢high | 留白率: 0% | 低质量率: 0%
2026-07-14 04:41:08 | INFO     | 
🔍 [正在处理] ANS_CO_111 | 启动 3WD 流水线...
2026-07-14 04:41:08 | INFO     | 📢 [总进度] 17/104 份试卷已归档。
2026-07-14 04:41:47 | INFO     | ✅ [批改完成] ANS_CO_111 | 路由: POS | 最终分: 5.0 | 风险: P0.00/U0.00/F0.00/H0/L0 | 提取质量: 🟢high | 留白率: 0% | 低质量率: 0%
2026-07-14 04:41:47 | INFO     | 
🔍 [正在处理] ANS_CO_112 | 启动 3WD 流水线...
2026-07-14 04:41:47 | INFO     | 📢 [总进度] 18/104 份试卷已归档。
2026-07-14 04:42:35 | INFO     | ✅ [批改完成] ANS_CO_112 | 路由: BND | 最终分: 0 | 风险: P0.53/U0.00/F0.30/H0/L0 | 提取质量: 🟡low | 留白率: 67% | 低质量率: 0%
2026-07-14 04:42:35 | INFO     | 
🔍 [正在处理] ANS_CO_113 | 启动 3WD 流水线...
2026-07-14 04:42:35 | INFO     | 📢 [总进度] 19/104 份试卷已归档。
2026-07-14 04:42:40 | INFO     | ✅ [批改完成] ANS_CO_108 | 路由: BND | 最终分: 0.1 | 风险: P0.00/U0.07/F1.00/H0/L1 | 提取质量: 🟢high | 留白率: 0% | 低质量率: 0%
2026-07-14 04:42:40 | INFO     | 
🔍 [正在处理] ANS_CO_114 | 启动 3WD 流水线...
2026-07-14 04:42:40 | INFO     | 📢 [总进度] 20/104 份试卷已归档。
2026-07-14 04:43:06 | INFO     | ✅ [批改完成] ANS_CO_113 | 路由: POS | 最终分: 5.0 | 风险: P0.00/U0.00/F0.00/H0/L0 | 提取质量: 🟢high | 留白率: 0% | 低质量率: 0%
2026-07-14 04:43:06 | INFO     | 
🔍 [正在处理] ANS_CO_115 | 启动 3WD 流水线...
2026-07-14 04:43:06 | INFO     | 📢 [总进度] 21/104 份试卷已归档。
2026-07-14 04:43:55 | INFO     | ✅ [批改完成] ANS_CO_115 | 路由: NEG | 最终分: 2.0 | 风险: P0.00/U0.00/F0.30/H0/L1 | 提取质量: 🟢high | 留白率: 0% | 低质量率: 0%
2026-07-14 04:43:55 | INFO     | 
🔍 [正在处理] ANS_CO_116 | 启动 3WD 流水线...
2026-07-14 04:43:55 | INFO     | 📢 [总进度] 22/104 份试卷已归档 [NEG-拒绝]。
2026-07-14 04:45:38 | INFO     | ✅ [批改完成] ANS_CO_116 | 路由: BND | 最终分: 1.9 | 风险: P0.27/U0.00/F0.30/H0/L1 | 提取质量: 🟢high | 留白率: 33% | 低质量率: 0%
2026-07-14 04:45:38 | INFO     | 
🔍 [正在处理] ANS_CO_117 | 启动 3WD 流水线...
2026-07-14 04:45:38 | INFO     | 📢 [总进度] 23/104 份试卷已归档。
2026-07-14 04:45:59 | INFO     | ✅ [批改完成] ANS_CO_117 | 路由: POS | 最终分: 5.0 | 风险: P0.00/U0.00/F0.00/H0/L0 | 提取质量: 🟢high | 留白率: 0% | 低质量率: 0%
2026-07-14 04:45:59 | INFO     | 
🔍 [正在处理] ANS_CO_118 | 启动 3WD 流水线...
2026-07-14 04:45:59 | INFO     | 📢 [总进度] 24/104 份试卷已归档。
2026-07-14 04:47:47 | INFO     | ✅ [批改完成] ANS_CO_118 | 路由: BND | 最终分: 0.9 | 风险: P0.53/U0.00/F0.00/H0/L0 | 提取质量: 🟡low | 留白率: 67% | 低质量率: 0%
2026-07-14 04:47:47 | INFO     | 
🔍 [正在处理] ANS_CO_12 | 启动 3WD 流水线...
2026-07-14 04:47:47 | INFO     | 📢 [总进度] 25/104 份试卷已归档。
2026-07-14 04:49:05 | INFO     | ✅ [批改完成] ANS_CO_12 | 路由: BND | 最终分: 1.9 | 风险: P0.27/U0.00/F0.30/H0/L1 | 提取质量: 🟢high | 留白率: 33% | 低质量率: 0%
2026-07-14 04:49:05 | INFO     | 
🔍 [正在处理] ANS_CO_121 | 启动 3WD 流水线...
2026-07-14 04:49:05 | INFO     | 📢 [总进度] 26/104 份试卷已归档。
2026-07-14 04:50:04 | INFO     | ✅ [批改完成] ANS_CO_121 | 路由: NEG | 最终分: 2.0 | 风险: P0.27/U0.00/F0.30/H0/L1 | 提取质量: 🟢high | 留白率: 33% | 低质量率: 0%
2026-07-14 04:50:04 | INFO     | 
🔍 [正在处理] ANS_CO_122 | 启动 3WD 流水线...
2026-07-14 04:50:04 | INFO     | 📢 [总进度] 27/104 份试卷已归档 [NEG-拒绝]。
2026-07-14 04:51:01 | INFO     | ✅ [批改完成] ANS_CO_122 | 路由: BND | 最终分: 0 | 风险: P0.53/U0.00/F0.40/H0/L0 | 提取质量: 🟡low | 留白率: 67% | 低质量率: 0%
2026-07-14 04:51:01 | INFO     | 
🔍 [正在处理] ANS_CO_123 | 启动 3WD 流水线...
2026-07-14 04:51:01 | INFO     | 📢 [总进度] 28/104 份试卷已归档。
2026-07-14 04:51:52 | INFO     | ✅ [批改完成] ANS_CO_114 | 路由: BND | 最终分: 0 | 风险: P0.27/U0.00/F0.70/H0/L1 | 提取质量: 🟢high | 留白率: 33% | 低质量率: 0%
2026-07-14 04:51:52 | INFO     | 
🔍 [正在处理] ANS_CO_124 | 启动 3WD 流水线...
2026-07-14 04:51:52 | INFO     | 📢 [总进度] 29/104 份试卷已归档。
2026-07-14 04:52:10 | INFO     | ✅ [批改完成] ANS_CO_123 | 路由: POS | 最终分: 5.0 | 风险: P0.00/U0.00/F0.00/H0/L0 | 提取质量: 🟢high | 留白率: 0% | 低质量率: 0%
2026-07-14 04:52:10 | INFO     | 
🔍 [正在处理] ANS_CO_125 | 启动 3WD 流水线...
2026-07-14 04:52:10 | INFO     | 📢 [总进度] 30/104 份试卷已归档。
2026-07-14 04:52:25 | INFO     | ✅ [批改完成] ANS_CO_124 | 路由: POS | 最终分: 5.0 | 风险: P0.00/U0.00/F0.00/H0/L0 | 提取质量: 🟢high | 留白率: 0% | 低质量率: 0%
2026-07-14 04:52:25 | INFO     | 
🔍 [正在处理] ANS_CO_126 | 启动 3WD 流水线...
2026-07-14 04:52:25 | INFO     | 📢 [总进度] 31/104 份试卷已归档。
2026-07-14 04:52:51 | INFO     | ✅ [批改完成] ANS_CO_126 | 路由: POS | 最终分: 5.0 | 风险: P0.00/U0.00/F0.00/H0/L0 | 提取质量: 🟢high | 留白率: 0% | 低质量率: 0%
2026-07-14 04:52:51 | INFO     | 
🔍 [正在处理] ANS_CO_127 | 启动 3WD 流水线...
2026-07-14 04:52:51 | INFO     | 📢 [总进度] 32/104 份试卷已归档。
2026-07-14 04:53:27 | INFO     | ✅ [批改完成] ANS_CO_125 | 路由: BND | 最终分: 1.9 | 风险: P0.27/U0.00/F0.30/H0/L1 | 提取质量: 🟢high | 留白率: 33% | 低质量率: 0%
2026-07-14 04:53:27 | INFO     | 
🔍 [正在处理] ANS_CO_128 | 启动 3WD 流水线...
2026-07-14 04:53:27 | INFO     | 📢 [总进度] 33/104 份试卷已归档。
2026-07-14 04:54:34 | INFO     | ✅ [批改完成] ANS_CO_128 | 路由: BND | 最终分: 0 | 风险: P0.27/U0.00/F0.70/H0/L1 | 提取质量: 🟢high | 留白率: 33% | 低质量率: 0%
2026-07-14 04:54:34 | INFO     | 
🔍 [正在处理] ANS_CO_129 | 启动 3WD 流水线...
2026-07-14 04:54:34 | INFO     | 📢 [总进度] 34/104 份试卷已归档。
2026-07-14 04:54:37 | INFO     | ✅ [批改完成] ANS_CO_127 | 路由: BND | 最终分: 1.9 | 风险: P0.27/U0.00/F0.30/H0/L1 | 提取质量: 🟢high | 留白率: 33% | 低质量率: 0%
2026-07-14 04:54:37 | INFO     | 
🔍 [正在处理] ANS_CO_130 | 启动 3WD 流水线...
2026-07-14 04:54:37 | INFO     | 📢 [总进度] 35/104 份试卷已归档。
2026-07-14 04:55:29 | INFO     | ✅ [批改完成] ANS_CO_129 | 路由: BND | 最终分: 3.4 | 风险: P0.00/U0.00/F0.30/H0/L0 | 提取质量: 🟢high | 留白率: 0% | 低质量率: 0%
2026-07-14 04:55:29 | INFO     | 
🔍 [正在处理] ANS_CO_131 | 启动 3WD 流水线...
2026-07-14 04:55:29 | INFO     | 📢 [总进度] 36/104 份试卷已归档。
2026-07-14 04:56:12 | INFO     | ✅ [批改完成] ANS_CO_130 | 路由: BND | 最终分: 1.4 | 风险: P0.27/U0.08/F0.30/H0/L1 | 提取质量: 🟢high | 留白率: 33% | 低质量率: 0%
2026-07-14 04:56:12 | INFO     | 
🔍 [正在处理] ANS_CO_133 | 启动 3WD 流水线...
2026-07-14 04:56:12 | INFO     | 📢 [总进度] 37/104 份试卷已归档。
2026-07-14 04:56:29 | INFO     | ✅ [批改完成] ANS_CO_131 | 路由: BND | 最终分: 3.4 | 风险: P0.00/U0.00/F0.30/H0/L0 | 提取质量: 🟢high | 留白率: 0% | 低质量率: 0%
2026-07-14 04:56:29 | INFO     | 
🔍 [正在处理] ANS_CO_135 | 启动 3WD 流水线...
2026-07-14 04:56:29 | INFO     | 📢 [总进度] 38/104 份试卷已归档。
2026-07-14 04:56:44 | INFO     | ✅ [批改完成] ANS_CO_133 | 路由: POS | 最终分: 5.0 | 风险: P0.00/U0.00/F0.00/H0/L0 | 提取质量: 🟢high | 留白率: 0% | 低质量率: 0%
2026-07-14 04:56:44 | INFO     | 
🔍 [正在处理] ANS_CO_136 | 启动 3WD 流水线...
2026-07-14 04:56:44 | INFO     | 📢 [总进度] 39/104 份试卷已归档。
2026-07-14 04:57:08 | INFO     | ✅ [批改完成] ANS_CO_135 | 路由: POS | 最终分: 5.0 | 风险: P0.00/U0.00/F0.00/H0/L0 | 提取质量: 🟢high | 留白率: 0% | 低质量率: 0%
2026-07-14 04:57:08 | INFO     | 
🔍 [正在处理] ANS_CO_137 | 启动 3WD 流水线...
2026-07-14 04:57:08 | INFO     | 📢 [总进度] 40/104 份试卷已归档。
2026-07-14 04:57:25 | INFO     | ✅ [批改完成] ANS_CO_136 | 路由: BND | 最终分: 0 | 风险: P0.53/U0.00/F0.30/H0/L0 | 提取质量: 🟡low | 留白率: 67% | 低质量率: 0%
2026-07-14 04:57:25 | INFO     | 
🔍 [正在处理] ANS_CO_15 | 启动 3WD 流水线...
2026-07-14 04:57:25 | INFO     | 📢 [总进度] 41/104 份试卷已归档。
2026-07-14 04:58:13 | INFO     | ✅ [批改完成] ANS_CO_137 | 路由: POS | 最终分: 5.0 | 风险: P0.00/U0.00/F0.00/H0/L0 | 提取质量: 🟢high | 留白率: 0% | 低质量率: 0%
2026-07-14 04:58:13 | INFO     | 
🔍 [正在处理] ANS_CO_16 | 启动 3WD 流水线...
2026-07-14 04:58:13 | INFO     | 📢 [总进度] 42/104 份试卷已归档。
2026-07-14 04:59:15 | INFO     | ✅ [批改完成] ANS_CO_16 | 路由: BND | 最终分: 1.9 | 风险: P0.00/U0.00/F0.30/H0/L1 | 提取质量: 🟢high | 留白率: 0% | 低质量率: 0%
2026-07-14 04:59:15 | INFO     | 
🔍 [正在处理] ANS_CO_17 | 启动 3WD 流水线...
2026-07-14 04:59:15 | INFO     | 📢 [总进度] 43/104 份试卷已归档。
2026-07-14 05:00:01 | INFO     | ✅ [批改完成] ANS_CO_17 | 路由: NEG | 最终分: 2.0 | 风险: P0.00/U0.00/F0.30/H0/L1 | 提取质量: 🟢high | 留白率: 0% | 低质量率: 0%
2026-07-14 05:00:01 | INFO     | 
🔍 [正在处理] ANS_CO_18 | 启动 3WD 流水线...
2026-07-14 05:00:01 | INFO     | 📢 [总进度] 44/104 份试卷已归档 [NEG-拒绝]。
2026-07-14 05:00:52 | INFO     | ✅ [批改完成] ANS_CO_15 | 路由: NEG | 最终分: 3.7 | 风险: P0.00/U0.21/F0.00/H0/L0 | 提取质量: 🟢high | 留白率: 0% | 低质量率: 0%
2026-07-14 05:00:52 | INFO     | 
🔍 [正在处理] ANS_CO_19 | 启动 3WD 流水线...
2026-07-14 05:00:52 | INFO     | 📢 [总进度] 45/104 份试卷已归档 [NEG-拒绝]。
2026-07-14 05:02:08 | INFO     | ✅ [批改完成] ANS_CO_19 | 路由: POS | 最终分: 5.0 | 风险: P0.00/U0.00/F0.00/H0/L0 | 提取质量: 🟢high | 留白率: 0% | 低质量率: 0%
2026-07-14 05:02:08 | INFO     | 
🔍 [正在处理] ANS_CO_20 | 启动 3WD 流水线...
2026-07-14 05:02:08 | INFO     | 📢 [总进度] 46/104 份试卷已归档。
2026-07-14 05:02:19 | INFO     | ✅ [批改完成] ANS_CO_18 | 路由: BND | 最终分: 1.9 | 风险: P0.27/U0.00/F0.30/H0/L1 | 提取质量: 🟢high | 留白率: 33% | 低质量率: 0%
2026-07-14 05:02:19 | INFO     | 
🔍 [正在处理] ANS_CO_21 | 启动 3WD 流水线...
2026-07-14 05:02:19 | INFO     | 📢 [总进度] 47/104 份试卷已归档。
2026-07-14 05:02:40 | INFO     | ✅ [批改完成] ANS_CO_20 | 路由: POS | 最终分: 5.0 | 风险: P0.00/U0.00/F0.00/H0/L0 | 提取质量: 🟢high | 留白率: 0% | 低质量率: 0%
2026-07-14 05:02:40 | INFO     | 
🔍 [正在处理] ANS_CO_22 | 启动 3WD 流水线...
2026-07-14 05:02:40 | INFO     | 📢 [总进度] 48/104 份试卷已归档。
2026-07-14 05:03:04 | INFO     | ✅ [批改完成] ANS_CO_21 | 路由: POS | 最终分: 5.0 | 风险: P0.00/U0.00/F0.00/H0/L0 | 提取质量: 🟢high | 留白率: 0% | 低质量率: 0%
2026-07-14 05:03:04 | INFO     | 
🔍 [正在处理] ANS_CO_24 | 启动 3WD 流水线...
2026-07-14 05:03:04 | INFO     | 📢 [总进度] 49/104 份试卷已归档。
2026-07-14 05:03:30 | INFO     | ✅ [批改完成] ANS_CO_22 | 路由: POS | 最终分: 5.0 | 风险: P0.00/U0.00/F0.00/H0/L0 | 提取质量: 🟢high | 留白率: 0% | 低质量率: 0%
2026-07-14 05:03:30 | INFO     | 
🔍 [正在处理] ANS_CO_25 | 启动 3WD 流水线...
2026-07-14 05:03:30 | INFO     | 📢 [总进度] 50/104 份试卷已归档。
2026-07-14 05:03:56 | INFO     | ✅ [批改完成] ANS_CO_25 | 路由: POS | 最终分: 5.0 | 风险: P0.00/U0.00/F0.00/H0/L0 | 提取质量: 🟢high | 留白率: 0% | 低质量率: 0%
2026-07-14 05:03:56 | INFO     | 
🔍 [正在处理] ANS_CO_26 | 启动 3WD 流水线...
2026-07-14 05:03:56 | INFO     | 📢 [总进度] 51/104 份试卷已归档。
2026-07-14 05:03:57 | INFO     | ✅ [批改完成] ANS_CO_24 | 路由: BND | 最终分: 3.4 | 风险: P0.00/U0.00/F0.30/H0/L0 | 提取质量: 🟢high | 留白率: 0% | 低质量率: 0%
2026-07-14 05:03:57 | INFO     | 
🔍 [正在处理] ANS_CO_27 | 启动 3WD 流水线...
2026-07-14 05:03:57 | INFO     | 📢 [总进度] 52/104 份试卷已归档。
2026-07-14 05:05:21 | INFO     | ✅ [批改完成] ANS_CO_27 | 路由: BND | 最终分: 0 | 风险: P0.00/U0.00/F1.00/H0/L1 | 提取质量: 🟢high | 留白率: 0% | 低质量率: 0%
2026-07-14 05:05:21 | INFO     | 
🔍 [正在处理] ANS_CO_28 | 启动 3WD 流水线...
2026-07-14 05:05:21 | INFO     | 📢 [总进度] 53/104 份试卷已归档。
2026-07-14 05:05:22 | INFO     | ✅ [批改完成] ANS_CO_26 | 路由: BND | 最终分: 1.9 | 风险: P0.27/U0.00/F0.30/H0/L1 | 提取质量: 🟢high | 留白率: 33% | 低质量率: 0%
2026-07-14 05:05:22 | INFO     | 
🔍 [正在处理] ANS_CO_29 | 启动 3WD 流水线...
2026-07-14 05:05:22 | INFO     | 📢 [总进度] 54/104 份试卷已归档。
2026-07-14 05:06:16 | INFO     | ✅ [批改完成] ANS_CO_28 | 路由: BND | 最终分: 3.4 | 风险: P0.00/U0.00/F0.30/H0/L0 | 提取质量: 🟢high | 留白率: 0% | 低质量率: 0%
2026-07-14 05:06:16 | INFO     | 
🔍 [正在处理] ANS_CO_30 | 启动 3WD 流水线...
2026-07-14 05:06:16 | INFO     | 📢 [总进度] 55/104 份试卷已归档。
2026-07-14 05:06:44 | INFO     | ✅ [批改完成] ANS_CO_30 | 路由: POS | 最终分: 5.0 | 风险: P0.00/U0.00/F0.00/H0/L0 | 提取质量: 🟢high | 留白率: 0% | 低质量率: 0%
2026-07-14 05:06:44 | INFO     | 
🔍 [正在处理] ANS_CO_31 | 启动 3WD 流水线...
2026-07-14 05:06:44 | INFO     | 📢 [总进度] 56/104 份试卷已归档。
2026-07-14 05:06:48 | INFO     | ✅ [批改完成] ANS_CO_29 | 路由: NEG | 最终分: 2.0 | 风险: P0.00/U0.00/F0.30/H0/L1 | 提取质量: 🟢high | 留白率: 0% | 低质量率: 0%
2026-07-14 05:06:48 | INFO     | 
🔍 [正在处理] ANS_CO_33 | 启动 3WD 流水线...
2026-07-14 05:06:48 | INFO     | 📢 [总进度] 57/104 份试卷已归档 [NEG-拒绝]。
2026-07-14 05:07:13 | INFO     | ✅ [批改完成] ANS_CO_31 | 路由: POS | 最终分: 5.0 | 风险: P0.00/U0.00/F0.00/H0/L0 | 提取质量: 🟢high | 留白率: 0% | 低质量率: 0%
2026-07-14 05:07:13 | INFO     | 
🔍 [正在处理] ANS_CO_34 | 启动 3WD 流水线...
2026-07-14 05:07:13 | INFO     | 📢 [总进度] 58/104 份试卷已归档。
2026-07-14 05:07:45 | INFO     | ✅ [批改完成] ANS_CO_34 | 路由: BND | 最终分: 0 | 风险: P0.80/U0.00/F0.00/H0/L0 | 提取质量: 🟡low | 留白率: 100% | 低质量率: 0%
2026-07-14 05:07:45 | INFO     | 
🔍 [正在处理] ANS_CO_35 | 启动 3WD 流水线...
2026-07-14 05:07:45 | INFO     | 📢 [总进度] 59/104 份试卷已归档。
2026-07-14 05:08:30 | INFO     | ✅ [批改完成] ANS_CO_35 | 路由: BND | 最终分: 0 | 风险: P0.53/U0.00/F0.30/H0/L0 | 提取质量: 🟡low | 留白率: 67% | 低质量率: 0%
2026-07-14 05:08:30 | INFO     | 
🔍 [正在处理] ANS_CO_36 | 启动 3WD 流水线...
2026-07-14 05:08:30 | INFO     | 📢 [总进度] 60/104 份试卷已归档。
2026-07-14 05:09:04 | INFO     | ✅ [批改完成] ANS_CO_33 | 路由: POS | 最终分: 5.0 | 风险: P0.00/U0.00/F0.00/H0/L0 | 提取质量: 🟢high | 留白率: 0% | 低质量率: 0%
2026-07-14 05:09:04 | INFO     | 
🔍 [正在处理] ANS_CO_38 | 启动 3WD 流水线...
2026-07-14 05:09:04 | INFO     | 📢 [总进度] 61/104 份试卷已归档。
2026-07-14 05:09:31 | INFO     | ✅ [批改完成] ANS_CO_36 | 路由: POS | 最终分: 5.0 | 风险: P0.00/U0.00/F0.00/H0/L0 | 提取质量: 🟢high | 留白率: 0% | 低质量率: 0%
2026-07-14 05:09:31 | INFO     | 
🔍 [正在处理] ANS_CO_39 | 启动 3WD 流水线...
2026-07-14 05:09:31 | INFO     | 📢 [总进度] 62/104 份试卷已归档。
2026-07-14 05:09:31 | INFO     | ✅ [批改完成] ANS_CO_38 | 路由: POS | 最终分: 5.0 | 风险: P0.00/U0.00/F0.00/H0/L0 | 提取质量: 🟢high | 留白率: 0% | 低质量率: 0%
2026-07-14 05:09:31 | INFO     | 
🔍 [正在处理] ANS_CO_40 | 启动 3WD 流水线...
2026-07-14 05:09:31 | INFO     | 📢 [总进度] 63/104 份试卷已归档。
2026-07-14 05:10:37 | INFO     | ✅ [批改完成] ANS_CO_40 | 路由: BND | 最终分: 0 | 风险: P0.53/U0.00/F0.30/H0/L0 | 提取质量: 🟡low | 留白率: 67% | 低质量率: 0%
2026-07-14 05:10:37 | INFO     | 
🔍 [正在处理] ANS_CO_41 | 启动 3WD 流水线...
2026-07-14 05:10:37 | INFO     | 📢 [总进度] 64/104 份试卷已归档。
2026-07-14 05:11:00 | INFO     | ✅ [批改完成] ANS_CO_39 | 路由: POS | 最终分: 5.0 | 风险: P0.00/U0.00/F0.00/H0/L0 | 提取质量: 🟢high | 留白率: 0% | 低质量率: 0%
2026-07-14 05:11:00 | INFO     | 
🔍 [正在处理] ANS_CO_42 | 启动 3WD 流水线...
2026-07-14 05:11:00 | INFO     | 📢 [总进度] 65/104 份试卷已归档。
2026-07-14 05:11:01 | INFO     | ✅ [批改完成] ANS_CO_41 | 路由: POS | 最终分: 5.0 | 风险: P0.00/U0.00/F0.00/H0/L0 | 提取质量: 🟢high | 留白率: 0% | 低质量率: 0%
2026-07-14 05:11:01 | INFO     | 
🔍 [正在处理] ANS_CO_43 | 启动 3WD 流水线...
2026-07-14 05:11:01 | INFO     | 📢 [总进度] 66/104 份试卷已归档。
2026-07-14 05:11:40 | INFO     | ✅ [批改完成] ANS_CO_43 | 路由: POS | 最终分: 5.0 | 风险: P0.00/U0.00/F0.00/H0/L0 | 提取质量: 🟢high | 留白率: 0% | 低质量率: 0%
2026-07-14 05:11:40 | INFO     | 
🔍 [正在处理] ANS_CO_45 | 启动 3WD 流水线...
2026-07-14 05:11:40 | INFO     | 📢 [总进度] 67/104 份试卷已归档。
2026-07-14 05:12:09 | INFO     | ✅ [批改完成] ANS_CO_42 | 路由: BND | 最终分: 0 | 风险: P0.53/U0.00/F0.30/H0/L0 | 提取质量: 🟡low | 留白率: 67% | 低质量率: 0%
2026-07-14 05:12:09 | INFO     | 
🔍 [正在处理] ANS_CO_46 | 启动 3WD 流水线...
2026-07-14 05:12:09 | INFO     | 📢 [总进度] 68/104 份试卷已归档。
2026-07-14 05:12:13 | INFO     | ✅ [批改完成] ANS_CO_45 | 路由: POS | 最终分: 5.0 | 风险: P0.00/U0.00/F0.00/H0/L0 | 提取质量: 🟢high | 留白率: 0% | 低质量率: 0%
2026-07-14 05:12:13 | INFO     | 
🔍 [正在处理] ANS_CO_50 | 启动 3WD 流水线...
2026-07-14 05:12:13 | INFO     | 📢 [总进度] 69/104 份试卷已归档。
2026-07-14 05:12:35 | INFO     | ✅ [批改完成] ANS_CO_46 | 路由: POS | 最终分: 5.0 | 风险: P0.00/U0.00/F0.00/H0/L0 | 提取质量: 🟢high | 留白率: 0% | 低质量率: 0%
2026-07-14 05:12:35 | INFO     | 
🔍 [正在处理] ANS_CO_51 | 启动 3WD 流水线...
2026-07-14 05:12:35 | INFO     | 📢 [总进度] 70/104 份试卷已归档。
2026-07-14 05:12:39 | INFO     | ✅ [批改完成] ANS_CO_50 | 路由: POS | 最终分: 5.0 | 风险: P0.00/U0.00/F0.00/H0/L0 | 提取质量: 🟢high | 留白率: 0% | 低质量率: 0%
2026-07-14 05:12:39 | INFO     | 
🔍 [正在处理] ANS_CO_53 | 启动 3WD 流水线...
2026-07-14 05:12:39 | INFO     | 📢 [总进度] 71/104 份试卷已归档。
2026-07-14 05:14:20 | INFO     | ✅ [批改完成] ANS_CO_51 | 路由: BND | 最终分: 1.9 | 风险: P0.00/U0.00/F0.30/H0/L1 | 提取质量: 🟢high | 留白率: 0% | 低质量率: 0%
2026-07-14 05:14:20 | INFO     | 
🔍 [正在处理] ANS_CO_54 | 启动 3WD 流水线...
2026-07-14 05:14:20 | INFO     | 📢 [总进度] 72/104 份试卷已归档。
2026-07-14 05:14:25 | INFO     | ✅ [批改完成] ANS_CO_53 | 路由: BND | 最终分: 1.9 | 风险: P0.27/U0.00/F0.30/H0/L1 | 提取质量: 🟢high | 留白率: 33% | 低质量率: 0%
2026-07-14 05:14:25 | INFO     | 
🔍 [正在处理] ANS_CO_55 | 启动 3WD 流水线...
2026-07-14 05:14:25 | INFO     | 📢 [总进度] 73/104 份试卷已归档。
2026-07-14 05:14:51 | INFO     | ✅ [批改完成] ANS_CO_54 | 路由: POS | 最终分: 5.0 | 风险: P0.00/U0.00/F0.00/H0/L0 | 提取质量: 🟢high | 留白率: 0% | 低质量率: 0%
2026-07-14 05:14:51 | INFO     | 
🔍 [正在处理] ANS_CO_57 | 启动 3WD 流水线...
2026-07-14 05:14:51 | INFO     | 📢 [总进度] 74/104 份试卷已归档。
2026-07-14 05:15:55 | INFO     | ✅ [批改完成] ANS_CO_55 | 路由: BND | 最终分: 1.9 | 风险: P0.27/U0.00/F0.30/H0/L1 | 提取质量: 🟢high | 留白率: 33% | 低质量率: 0%
2026-07-14 05:15:55 | INFO     | 
🔍 [正在处理] ANS_CO_59 | 启动 3WD 流水线...
2026-07-14 05:15:55 | INFO     | 📢 [总进度] 75/104 份试卷已归档。
2026-07-14 05:16:10 | INFO     | ✅ [批改完成] ANS_CO_57 | 路由: POS | 最终分: 5.0 | 风险: P0.00/U0.00/F0.00/H0/L0 | 提取质量: 🟢high | 留白率: 0% | 低质量率: 0%
2026-07-14 05:16:10 | INFO     | 
🔍 [正在处理] ANS_CO_60 | 启动 3WD 流水线...
2026-07-14 05:16:10 | INFO     | 📢 [总进度] 76/104 份试卷已归档。
2026-07-14 05:16:42 | INFO     | ✅ [批改完成] ANS_CO_59 | 路由: POS | 最终分: 5.0 | 风险: P0.00/U0.00/F0.00/H0/L0 | 提取质量: 🟢high | 留白率: 0% | 低质量率: 0%
2026-07-14 05:16:42 | INFO     | 
🔍 [正在处理] ANS_CO_62 | 启动 3WD 流水线...
2026-07-14 05:16:42 | INFO     | 📢 [总进度] 77/104 份试卷已归档。
2026-07-14 05:17:36 | INFO     | ✅ [批改完成] ANS_CO_62 | 路由: BND | 最终分: 0 | 风险: P0.27/U0.00/F0.70/H0/L1 | 提取质量: 🟢high | 留白率: 33% | 低质量率: 0%
2026-07-14 05:17:36 | INFO     | 
🔍 [正在处理] ANS_CO_63 | 启动 3WD 流水线...
2026-07-14 05:17:36 | INFO     | 📢 [总进度] 78/104 份试卷已归档。
2026-07-14 05:18:27 | INFO     | ✅ [批改完成] ANS_CO_63 | 路由: BND | 最终分: 0 | 风险: P0.53/U0.00/F0.30/H0/L0 | 提取质量: 🟡low | 留白率: 67% | 低质量率: 0%
2026-07-14 05:18:27 | INFO     | 
🔍 [正在处理] ANS_CO_64 | 启动 3WD 流水线...
2026-07-14 05:18:27 | INFO     | 📢 [总进度] 79/104 份试卷已归档。
2026-07-14 05:18:51 | INFO     | ✅ [批改完成] ANS_CO_60 | 路由: POS | 最终分: 5.0 | 风险: P0.00/U0.00/F0.00/H0/L0 | 提取质量: 🟢high | 留白率: 0% | 低质量率: 0%
2026-07-14 05:18:51 | INFO     | 
🔍 [正在处理] ANS_CO_65 | 启动 3WD 流水线...
2026-07-14 05:18:51 | INFO     | 📢 [总进度] 80/104 份试卷已归档。
2026-07-14 05:19:01 | INFO     | ✅ [批改完成] ANS_CO_64 | 路由: POS | 最终分: 5.0 | 风险: P0.00/U0.00/F0.00/H0/L0 | 提取质量: 🟢high | 留白率: 0% | 低质量率: 0%
2026-07-14 05:19:01 | INFO     | 
🔍 [正在处理] ANS_CO_66 | 启动 3WD 流水线...
2026-07-14 05:19:01 | INFO     | 📢 [总进度] 81/104 份试卷已归档。
2026-07-14 05:19:25 | INFO     | ✅ [批改完成] ANS_CO_65 | 路由: POS | 最终分: 5.0 | 风险: P0.00/U0.00/F0.00/H0/L0 | 提取质量: 🟢high | 留白率: 0% | 低质量率: 0%
2026-07-14 05:19:25 | INFO     | 
🔍 [正在处理] ANS_CO_69 | 启动 3WD 流水线...
2026-07-14 05:19:25 | INFO     | 📢 [总进度] 82/104 份试卷已归档。
2026-07-14 05:20:35 | INFO     | ✅ [批改完成] ANS_CO_66 | 路由: POS | 最终分: 5.0 | 风险: P0.00/U0.00/F0.00/H0/L0 | 提取质量: 🟢high | 留白率: 0% | 低质量率: 0%
2026-07-14 05:20:35 | INFO     | 
🔍 [正在处理] ANS_CO_70 | 启动 3WD 流水线...
2026-07-14 05:20:35 | INFO     | 📢 [总进度] 83/104 份试卷已归档。
2026-07-14 05:21:19 | INFO     | ✅ [批改完成] ANS_CO_70 | 路由: NEG | 最终分: 2.0 | 风险: P0.27/U0.00/F0.30/H0/L1 | 提取质量: 🟢high | 留白率: 33% | 低质量率: 0%
2026-07-14 05:21:19 | INFO     | 
🔍 [正在处理] ANS_CO_71 | 启动 3WD 流水线...
2026-07-14 05:21:19 | INFO     | 📢 [总进度] 84/104 份试卷已归档 [NEG-拒绝]。
2026-07-14 05:22:15 | INFO     | ✅ [批改完成] ANS_CO_71 | 路由: BND | 最终分: 0 | 风险: P0.27/U0.00/F0.70/H0/L1 | 提取质量: 🟢high | 留白率: 33% | 低质量率: 0%
2026-07-14 05:22:15 | INFO     | 
🔍 [正在处理] ANS_CO_72 | 启动 3WD 流水线...
2026-07-14 05:22:15 | INFO     | 📢 [总进度] 85/104 份试卷已归档。
2026-07-14 05:22:43 | INFO     | ✅ [批改完成] ANS_CO_72 | 路由: POS | 最终分: 5.0 | 风险: P0.00/U0.00/F0.00/H0/L0 | 提取质量: 🟢high | 留白率: 0% | 低质量率: 0%
2026-07-14 05:22:43 | INFO     | 
🔍 [正在处理] ANS_CO_77 | 启动 3WD 流水线...
2026-07-14 05:22:43 | INFO     | 📢 [总进度] 86/104 份试卷已归档。
2026-07-14 05:23:35 | INFO     | ✅ [批改完成] ANS_CO_77 | 路由: BND | 最终分: 3.4 | 风险: P0.27/U0.00/F0.00/H0/L0 | 提取质量: 🟢high | 留白率: 33% | 低质量率: 0%
2026-07-14 05:23:35 | INFO     | 
🔍 [正在处理] ANS_CO_79 | 启动 3WD 流水线...
2026-07-14 05:23:35 | INFO     | 📢 [总进度] 87/104 份试卷已归档。
2026-07-14 05:24:40 | INFO     | ✅ [批改完成] ANS_CO_79 | 路由: BND | 最终分: 1.9 | 风险: P0.27/U0.00/F0.30/H0/L1 | 提取质量: 🟢high | 留白率: 33% | 低质量率: 0%
2026-07-14 05:24:40 | INFO     | 
🔍 [正在处理] ANS_CO_80 | 启动 3WD 流水线...
2026-07-14 05:24:40 | INFO     | 📢 [总进度] 88/104 份试卷已归档。
2026-07-14 05:24:52 | INFO     | ✅ [批改完成] ANS_CO_69 | 路由: BND | 最终分: 0.1 | 风险: P0.00/U0.05/F1.00/H0/L1 | 提取质量: 🟢high | 留白率: 0% | 低质量率: 0%
2026-07-14 05:24:52 | INFO     | 
🔍 [正在处理] ANS_CO_82 | 启动 3WD 流水线...
2026-07-14 05:24:52 | INFO     | 📢 [总进度] 89/104 份试卷已归档。
2026-07-14 05:25:36 | INFO     | ✅ [批改完成] ANS_CO_82 | 路由: BND | 最终分: 0 | 风险: P0.63/U0.00/F0.30/H0/L0 | 提取质量: 🟡low | 留白率: 67% | 低质量率: 0%
2026-07-14 05:25:36 | INFO     | 
🔍 [正在处理] ANS_CO_83 | 启动 3WD 流水线...
2026-07-14 05:25:36 | INFO     | 📢 [总进度] 90/104 份试卷已归档。
2026-07-14 05:26:25 | INFO     | ✅ [批改完成] ANS_CO_83 | 路由: BND | 最终分: 0 | 风险: P0.80/U0.00/F0.00/H0/L0 | 提取质量: 🟡low | 留白率: 100% | 低质量率: 0%
2026-07-14 05:26:25 | INFO     | 
🔍 [正在处理] ANS_CO_84 | 启动 3WD 流水线...
2026-07-14 05:26:25 | INFO     | 📢 [总进度] 91/104 份试卷已归档。
2026-07-14 05:26:54 | INFO     | ✅ [批改完成] ANS_CO_80 | 路由: BND | 最终分: 0.9 | 风险: P0.27/U0.00/F0.30/H0/L1 | 提取质量: 🟢high | 留白率: 33% | 低质量率: 0%
2026-07-14 05:26:54 | INFO     | 
🔍 [正在处理] ANS_CO_86 | 启动 3WD 流水线...
2026-07-14 05:26:54 | INFO     | 📢 [总进度] 92/104 份试卷已归档。
2026-07-14 05:27:27 | INFO     | ✅ [批改完成] ANS_CO_84 | 路由: POS | 最终分: 5.0 | 风险: P0.00/U0.00/F0.00/H0/L0 | 提取质量: 🟢high | 留白率: 0% | 低质量率: 0%
2026-07-14 05:27:27 | INFO     | 
🔍 [正在处理] ANS_CO_89 | 启动 3WD 流水线...
2026-07-14 05:27:27 | INFO     | 📢 [总进度] 93/104 份试卷已归档。
2026-07-14 05:28:25 | INFO     | ✅ [批改完成] ANS_CO_86 | 路由: BND | 最终分: 0 | 风险: P0.00/U0.00/F1.00/H0/L1 | 提取质量: 🟢high | 留白率: 0% | 低质量率: 0%
2026-07-14 05:28:25 | INFO     | 
🔍 [正在处理] ANS_CO_90 | 启动 3WD 流水线...
2026-07-14 05:28:25 | INFO     | 📢 [总进度] 94/104 份试卷已归档。
2026-07-14 05:28:50 | INFO     | ✅ [批改完成] ANS_CO_89 | 路由: BND | 最终分: 3.4 | 风险: P0.00/U0.00/F0.30/H0/L0 | 提取质量: 🟢high | 留白率: 0% | 低质量率: 0%
2026-07-14 05:28:50 | INFO     | 
🔍 [正在处理] ANS_CO_92 | 启动 3WD 流水线...
2026-07-14 05:28:50 | INFO     | 📢 [总进度] 95/104 份试卷已归档。
2026-07-14 05:28:57 | INFO     | ✅ [批改完成] ANS_CO_90 | 路由: POS | 最终分: 5.0 | 风险: P0.00/U0.00/F0.00/H0/L0 | 提取质量: 🟢high | 留白率: 0% | 低质量率: 0%
2026-07-14 05:28:57 | INFO     | 
🔍 [正在处理] ANS_CO_93 | 启动 3WD 流水线...
2026-07-14 05:28:57 | INFO     | 📢 [总进度] 96/104 份试卷已归档。
2026-07-14 05:30:35 | INFO     | ✅ [批改完成] ANS_CO_93 | 路由: BND | 最终分: 0 | 风险: P0.27/U0.00/F0.70/H0/L1 | 提取质量: 🟢high | 留白率: 33% | 低质量率: 0%
2026-07-14 05:30:35 | INFO     | 
🔍 [正在处理] ANS_CO_94 | 启动 3WD 流水线...
2026-07-14 05:30:35 | INFO     | 📢 [总进度] 97/104 份试卷已归档。
2026-07-14 05:30:57 | INFO     | ✅ [批改完成] ANS_CO_92 | 路由: BND | 最终分: 1.9 | 风险: P0.27/U0.00/F0.30/H0/L1 | 提取质量: 🟢high | 留白率: 33% | 低质量率: 0%
2026-07-14 05:30:57 | INFO     | 
🔍 [正在处理] ANS_CO_95 | 启动 3WD 流水线...
2026-07-14 05:30:57 | INFO     | 📢 [总进度] 98/104 份试卷已归档。
2026-07-14 05:32:59 | INFO     | ✅ [批改完成] ANS_CO_95 | 路由: BND | 最终分: 1.9 | 风险: P0.00/U0.00/F0.30/H0/L1 | 提取质量: 🟢high | 留白率: 0% | 低质量率: 0%
2026-07-14 05:32:59 | INFO     | 
🔍 [正在处理] ANS_CO_96 | 启动 3WD 流水线...
2026-07-14 05:32:59 | INFO     | 📢 [总进度] 99/104 份试卷已归档。
2026-07-14 05:33:02 | INFO     | ✅ [批改完成] ANS_CO_94 | 路由: BND | 最终分: 2.2 | 风险: P0.00/U0.05/F0.30/H0/L1 | 提取质量: 🟢high | 留白率: 0% | 低质量率: 0%
2026-07-14 05:33:02 | INFO     | 
🔍 [正在处理] ANS_CO_97 | 启动 3WD 流水线...
2026-07-14 05:33:02 | INFO     | 📢 [总进度] 100/104 份试卷已归档。
2026-07-14 05:33:34 | INFO     | ✅ [批改完成] ANS_CO_96 | 路由: POS | 最终分: 5.0 | 风险: P0.00/U0.00/F0.00/H0/L0 | 提取质量: 🟢high | 留白率: 0% | 低质量率: 0%
2026-07-14 05:33:34 | INFO     | 
🔍 [正在处理] ANS_CO_98 | 启动 3WD 流水线...
2026-07-14 05:33:34 | INFO     | 📢 [总进度] 101/104 份试卷已归档。
2026-07-14 05:33:36 | INFO     | ✅ [批改完成] ANS_CO_97 | 路由: POS | 最终分: 5.0 | 风险: P0.00/U0.00/F0.00/H0/L0 | 提取质量: 🟢high | 留白率: 0% | 低质量率: 0%
2026-07-14 05:33:36 | INFO     | 
🔍 [正在处理] ANS_CO_99 | 启动 3WD 流水线...
2026-07-14 05:33:36 | INFO     | 📢 [总进度] 102/104 份试卷已归档。
2026-07-14 05:35:04 | INFO     | ✅ [批改完成] ANS_CO_99 | 路由: BND | 最终分: 1.9 | 风险: P0.27/U0.00/F0.30/H0/L1 | 提取质量: 🟢high | 留白率: 33% | 低质量率: 0%
2026-07-14 05:35:04 | INFO     | 📢 [总进度] 103/104 份试卷已归档。
2026-07-14 05:35:32 | INFO     | ✅ [批改完成] ANS_CO_98 | 路由: BND | 最终分: 4.5 | 风险: P0.00/U0.14/F0.00/H0/L0 | 提取质量: 🟢high | 留白率: 0% | 低质量率: 0%
2026-07-14 05:35:32 | INFO     | 📢 [总进度] 104/104 份试卷已归档。
2026-07-14 05:35:32 | INFO     | 🗂️ 所有线程交卷完毕，正在整理数据... (共收集 104/104 份结果)
2026-07-14 05:35:32 | INFO     | 💾 正常批改结果已保存: D:\users\王鑫020420\Desktop\refgrader-main\results_runs\csbench_co1_full\CO_1_graded_results.json (97 人)
2026-07-14 05:35:32 | INFO     | 🛑 拒绝域结果已单独保存: D:\users\王鑫020420\Desktop\refgrader-main\results_runs\csbench_co1_full\CO_1_rejected.json (7 人)
2026-07-14 05:35:32 | INFO     | [result consistency] CO_1: checkpoint=104, graded=97, rejected=7, failed=0, expected=104
2026-07-14 05:35:32 | INFO     | 
🏆 任务完成！
