2026-08-07 17:27:40 | INFO     | ==================================================
2026-08-07 17:27:40 | INFO     | 📂 正在加载试卷数据库...
2026-08-07 17:27:40 | INFO     |    运行模式: VARIANCE_OPT
2026-08-07 17:27:40 | INFO     |    题目范围: ['POC_4']
2026-08-07 17:27:40 | INFO     |    文本模型: glm5 -> glm-5.2 (thinking=disabled)
2026-08-07 17:27:40 | INFO     |    提取后端: csbench_hybrid
2026-08-07 17:27:40 | INFO     |    题库文件: D:\users\王鑫020420\Desktop\refgrader-main\data\csbench\exam_database.json
2026-08-07 17:27:40 | INFO     |    教师分文件: D:\users\王鑫020420\Desktop\refgrader-main\data\csbench\teacher_scores.json
2026-08-07 17:27:40 | INFO     |    Sample quality policy: raw (mode=raw, excluded=0, corrected=0)
2026-08-07 17:27:40 | INFO     |    答案元数据: D:\users\王鑫020420\Desktop\refgrader-main\data\csbench\answer_metadata.jsonl
2026-08-07 17:27:40 | INFO     |    并发数:   2
2026-08-07 17:27:40 | INFO     |    结果目录: D:\users\王鑫020420\Desktop\refgrader-main\results_runs\csbench_poc4_rubric_opt
2026-08-07 17:27:40 | INFO     |    Rubric目录: D:\users\王鑫020420\Desktop\refgrader-main\data\csbench\rubrics\optimized
2026-08-07 17:27:40 | INFO     |    初始Rubric目录: D:\users\王鑫020420\Desktop\refgrader-main\data\csbench\rubrics\initial
2026-08-07 17:27:40 | INFO     |    允许回退初始Rubric: False
2026-08-07 17:27:40 | INFO     |    进度文件: D:\users\王鑫020420\Desktop\refgrader-main\results_runs\csbench_poc4_rubric_opt\progress.json
2026-08-07 17:27:40 | INFO     |    日志文件: logs\experiment_20260807_172740.log
2026-08-07 17:27:40 | INFO     | 🔬 当前处于【方差优化模式】(VARIANCE OPT MODE)
2026-08-07 17:27:40 | INFO     |    系统将生成标准，进行小样本测试，修正并保存最终标准。
2026-08-07 17:27:40 | INFO     | 
============================================================
🔬 [断点续传模式] 处理题目: POC_4
============================================================
2026-08-07 17:27:40 | INFO     | restart from the immutable initial rubric and ignore the existing optimized rubric.
2026-08-07 17:27:40 | INFO     | Loaded immutable initial rubric: data/csbench/rubrics/initial/POC/POC_4_rubric_standard.json
2026-08-07 17:27:40 | INFO     | force-rerun enabled; ignore old variance checkpoint for this question.
2026-08-07 17:27:40 | INFO     | [data isolation] variance optimization is restricted to 6 calibration answers.
2026-08-07 17:27:40 | INFO     | 
👉 正在处理新样本: ANS_POC_106.jpg
2026-08-07 17:27:44 | INFO     |    ⏳ [V0 保护] 脱敏清单生成完毕，休眠 2 秒...
2026-08-07 17:27:46 | INFO     |    [单次视觉采样] 正在看图提取事实...
2026-08-07 17:27:46 | INFO     | [metadata] loaded 3326 answer records from D:\users\王鑫020420\Desktop\refgrader-main\data\csbench\answer_metadata.jsonl
2026-08-07 17:27:48 | INFO     |    ⏳ [V0 保护] 视觉提取完成，准备进入打分循环，休眠 2 秒...
2026-08-07 17:27:50 | INFO     |    [第 1/3 次判决] 呼叫逻辑裁判...
2026-08-07 17:27:55 | INFO     |       ✅ [裁判亮分] 总得分: 5
2026-08-07 17:27:55 | INFO     |          - [条款 step_1] 得分: 5 | 理由: The student's grammar correctly implements a right-linear structure for positive integers (using A and B) and recursively appends even digits (via B→BC and C). It correctly generates even digits through C and terminates with any digit through B. This forms a completely valid Type-2 grammar for even positive integers.
2026-08-07 17:27:55 | INFO     |    ⏳ [V0 保护] 判决完成，休眠 2 秒...
2026-08-07 17:27:57 | INFO     |    [第 2/3 次判决] 呼叫逻辑裁判...
2026-08-07 17:28:04 | INFO     |       ✅ [裁判亮分] 总得分: 3
2026-08-07 17:28:04 | INFO     |          - [条款 step_1] 得分: 3 | 理由: The grammar attempts to enforce a specific constraint but contains structural and semantic flaws. The usage of B is contradictory (defined in terms of itself while also acting as a starting digit), and S→AB fails to provide a recursive path to generate strings of length 3 or more. Partial credit is awarded for correct terminal definitions and demonstrating relevant grammar construction methodology.
2026-08-07 17:28:04 | INFO     |    ⏳ [V0 保护] 判决完成，休眠 2 秒...
2026-08-07 17:28:06 | INFO     |    [第 3/3 次判决] 呼叫逻辑裁判...
2026-08-07 17:28:11 | INFO     |       ✅ [裁判亮分] 总得分: 3.5
2026-08-07 17:28:11 | INFO     |          - [条款 step_1] 得分: 3.5 | 理由: The grammar correctly generates single-digit numbers and ensures the trailing digit is even (via C→0|2|4|6|8). However, it fails to enforce the requirement that the first and last digits are distinct. The recursive rule B→BC combined with B→C allows strings where the leading digit and trailing digit are the same (e.g., generating '2' for A and reaching 'C→2' through B, yielding '22'), leading to a partial structural defect.
2026-08-07 17:28:11 | INFO     | 💾 样本 ANS_POC_106.jpg 进度已保存。
2026-08-07 17:28:11 | INFO     | ⏳ 样本间冷却 15 秒...
2026-08-07 17:28:26 | INFO     | 
👉 正在处理新样本: ANS_POC_111.jpg
2026-08-07 17:28:30 | INFO     |    ⏳ [V0 保护] 脱敏清单生成完毕，休眠 2 秒...
2026-08-07 17:28:32 | INFO     |    [单次视觉采样] 正在看图提取事实...
2026-08-07 17:28:37 | INFO     |    ⏳ [V0 保护] 视觉提取完成，准备进入打分循环，休眠 2 秒...
2026-08-07 17:28:39 | INFO     |    [第 1/3 次判决] 呼叫逻辑裁判...
2026-08-07 17:28:44 | INFO     |       ✅ [裁判亮分] 总得分: 5.0
2026-08-07 17:28:44 | INFO     |          - [条款 step_1] 得分: 5.0 | 理由: The student constructs a valid Type 2 grammar using variables A, B, C, and D to concatenate prefixes (non-zero digits) and suffixes (even digits), accurately capturing the rules for generating positive even integers. The approach and formal grammar perfectly satisfy the rubric.
2026-08-07 17:28:44 | INFO     |    ⏳ [V0 保护] 判决完成，休眠 2 秒...
2026-08-07 17:28:46 | INFO     |    [第 2/3 次判决] 呼叫逻辑裁判...
2026-08-07 17:28:51 | INFO     |       ✅ [裁判亮分] 总得分: 3.5
2026-08-07 17:28:51 | INFO     |          - [条款 step_1] 得分: 3.5 | 理由: The student correctly constructs the grammar for even 1-digit numbers (S->A) and numbers ending in 0 (S->DC). However, the rule for generating intermediate digits (D->DB) is flawed: it generates an infinite loop (D generates D) and cannot terminate to produce digits 1-9. Therefore, the grammar cannot generate even numbers with 2 or more digits.
2026-08-07 17:28:51 | INFO     |    ⏳ [V0 保护] 判决完成，休眠 2 秒...
2026-08-07 17:28:53 | INFO     |    [第 3/3 次判决] 呼叫逻辑裁判...
2026-08-07 17:29:00 | INFO     |       ✅ [裁判亮分] 总得分: 5.0
2026-08-07 17:29:00 | INFO     |          - [条款 step_1] 得分: 5.0 | 理由: The student provides a complete and logically correct 2-type grammar construction that accurately generates the target language. The thought process accurately verifies the rules for 1-digit and 2-or-more-digit numbers. This is a valid alternative to the standard answer.
2026-08-07 17:29:00 | INFO     | 💾 样本 ANS_POC_111.jpg 进度已保存。
2026-08-07 17:29:00 | INFO     | ⏳ 样本间冷却 15 秒...
2026-08-07 17:29:15 | INFO     | 
👉 正在处理新样本: ANS_POC_116.jpg
2026-08-07 17:29:18 | INFO     |    ⏳ [V0 保护] 脱敏清单生成完毕，休眠 2 秒...
2026-08-07 17:29:20 | INFO     |    [单次视觉采样] 正在看图提取事实...
2026-08-07 17:29:22 | INFO     |    ⏳ [V0 保护] 视觉提取完成，准备进入打分循环，休眠 2 秒...
2026-08-07 17:29:24 | INFO     |    [第 1/3 次判决] 呼叫逻辑裁判...
2026-08-07 17:29:31 | INFO     |       ✅ [裁判亮分] 总得分: 5.0
2026-08-07 17:29:31 | INFO     |          - [条款 step_1] 得分: 5.0 | 理由: The student constructs a valid Type-2 grammar. By recursively using N and A, it correctly generates non-leading zeros and any positive integer of arbitrary length ending in an even digit (via S->NB), and explicitly covers single-digit even numbers (via S->C). The solution fully satisfies the problem requirements.
2026-08-07 17:29:31 | INFO     |    ⏳ [V0 保护] 判决完成，休眠 2 秒...
2026-08-07 17:29:33 | INFO     |    [第 2/3 次判决] 呼叫逻辑裁判...
2026-08-07 17:29:39 | INFO     |       ✅ [裁判亮分] 总得分: 5.0
2026-08-07 17:29:39 | INFO     |          - [条款 step_1] 得分: 5.0 | 理由: The student's grammar explicitly defines a valid 2-type (context-free) grammar that generates all non-zero leading even numbers. Variables N and A properly handle leading and intermediate digits, B generates even digits, and S combines them correctly to produce the required language.
2026-08-07 17:29:39 | INFO     |    ⏳ [V0 保护] 判决完成，休眠 2 秒...
2026-08-07 17:29:41 | INFO     |    [第 3/3 次判决] 呼叫逻辑裁判...
2026-08-07 17:29:45 | INFO     |       ✅ [裁判亮分] 总得分: 5
2026-08-07 17:29:45 | INFO     |          - [条款 step_1] 得分: 5 | 理由: The student's context-free grammar correctly generates all non-zero natural numbers that end in an even digit. Non-terminal N handles the leading digit (1-9) and left-recursively appends A (0-9) to generate any multi-digit prefix. B generates single-digit even numbers (2, 4, 6, 8, handling 0 via the base case). S correctly sequences N and B, covering all multi-digit even numbers. Single-digit even numbers are generated by S→C. This represents a perfectly valid alternative 2-type grammar.
2026-08-07 17:29:45 | INFO     | 💾 样本 ANS_POC_116.jpg 进度已保存。
2026-08-07 17:29:45 | INFO     | ⏳ 样本间冷却 15 秒...
2026-08-07 17:30:01 | INFO     | 
👉 正在处理新样本: ANS_POC_73.jpg
2026-08-07 17:30:04 | INFO     |    ⏳ [V0 保护] 脱敏清单生成完毕，休眠 2 秒...
2026-08-07 17:30:06 | INFO     |    [单次视觉采样] 正在看图提取事实...
2026-08-07 17:30:10 | INFO     |    ⏳ [V0 保护] 视觉提取完成，准备进入打分循环，休眠 2 秒...
2026-08-07 17:30:12 | INFO     |    [第 1/3 次判决] 呼叫逻辑裁判...
2026-08-07 17:30:17 | INFO     |       ✅ [裁判亮分] 总得分: 5
2026-08-07 17:30:17 | INFO     |          - [条款 step_1] 得分: 5 | 理由: The student's grammar correctly generates positive even integers using recursive productions (M->MC) to build the required magnitude. The inclusion of the epsilon (ε) production in the recursive non-terminal M is a technically fatal flaw per strict formal language rules. However, following the lenient university final-exam instructor policy, this is treated as a minor structural detail/oversight rather than a core semantic contradiction. The demonstrated method and core productions are completely correct and align with the required pattern. Full points are awarded.
2026-08-07 17:30:17 | INFO     |    ⏳ [V0 保护] 判决完成，休眠 2 秒...
2026-08-07 17:30:19 | INFO     |    [第 2/3 次判决] 呼叫逻辑裁判...
2026-08-07 17:30:24 | INFO     |       ✅ [裁判亮分] 总得分: 3
2026-08-07 17:30:24 | INFO     |          - [条款 step_1] 得分: 3 | 理由: 学生构造的文法逻辑基本正确，成功覆盖了正偶数的生成。但产生式 M→ε 未能为 S→BMD 生成最后一位偶数，导致无法生成诸如 12, 34 等两位及以上的正偶数，存在逻辑漏洞。鉴于大部分结构和基础逻辑成立，给予 3/5 分。
2026-08-07 17:30:24 | INFO     |    ⏳ [V0 保护] 判决完成，休眠 2 秒...
2026-08-07 17:30:26 | INFO     |    [第 3/3 次判决] 呼叫逻辑裁判...
2026-08-07 17:30:31 | INFO     |       ✅ [裁判亮分] 总得分: 5.0
2026-08-07 17:30:31 | INFO     |          - [条款 step_1] 得分: 5.0 | 理由: 学生构造的文法没有歧义且完全符合正则文法（2型文法）的要求。产生式 M→MC|C|ε 成功解决了直接左递归问题，有效生成了任意长度的数字串。结合产生式 S→BMD 和 S→A，能够且仅能生成所有正偶数。满足题目的核心逻辑要求，给予满分。
2026-08-07 17:30:31 | INFO     | 💾 样本 ANS_POC_73.jpg 进度已保存。
2026-08-07 17:30:31 | INFO     | ⏳ 样本间冷却 15 秒...
2026-08-07 17:30:46 | INFO     | 
👉 正在处理新样本: ANS_POC_84.jpg
2026-08-07 17:30:49 | INFO     |    ⏳ [V0 保护] 脱敏清单生成完毕，休眠 2 秒...
2026-08-07 17:30:51 | INFO     |    [单次视觉采样] 正在看图提取事实...
2026-08-07 17:31:05 | INFO     |    ⏳ [V0 保护] 视觉提取完成，准备进入打分循环，休眠 2 秒...
2026-08-07 17:31:07 | INFO     |    [第 1/3 次判决] 呼叫逻辑裁判...
2026-08-07 17:31:10 | INFO     |       ✅ [裁判亮分] 总得分: 0
2026-08-07 17:31:10 | INFO     |          - [条款 step_1] 得分: 0 | 理由: The extracted fact explicitly indicates that the answer was not written ('未书写'). Therefore, no points can be awarded.
2026-08-07 17:31:10 | INFO     |    ⏳ [V0 保护] 判决完成，休眠 2 秒...
2026-08-07 17:31:12 | INFO     |    [第 2/3 次判决] 呼叫逻辑裁判...
2026-08-07 17:31:16 | INFO     |       ✅ [裁判亮分] 总得分: 0
2026-08-07 17:31:16 | INFO     |          - [条款 step_1] 得分: 0 | 理由: The extracted student fact is explicitly '未书写' (not written/blank), meaning the student provided no answer or grammar construction for evaluation.
2026-08-07 17:31:16 | INFO     |    ⏳ [V0 保护] 判决完成，休眠 2 秒...
2026-08-07 17:31:18 | INFO     |    [第 3/3 次判决] 呼叫逻辑裁判...
2026-08-07 17:31:21 | INFO     |       ✅ [裁判亮分] 总得分: 0
2026-08-07 17:31:21 | INFO     |          - [条款 step_1] 得分: 0 | 理由: 提取的学生事实明确表明“未书写”，学生未提供任何文法构造或相关推导痕迹，无法给予分数。
2026-08-07 17:31:21 | INFO     | 💾 样本 ANS_POC_84.jpg 进度已保存。
2026-08-07 17:31:21 | INFO     | ⏳ 样本间冷却 15 秒...
2026-08-07 17:31:36 | INFO     | 
📊 采样完成。平均方差: 0.4222
2026-08-07 17:31:36 | INFO     | Item-level variance: avg=0.4222, max=0.8889
2026-08-07 17:31:36 | WARNING  | ⚠️ 方差超标！开始基于高方差样本修正标准...
2026-08-07 17:31:36 | INFO     | 🔧 [规则修正] 正在基于 3 份精选样本优化规则...
2026-08-07 17:31:36 | INFO     | [rubric structure] mandatory high-value split targets: [{"parent_id": "step_1", "parent_points": 5.0, "current_scoring_children": 1, "minimum_scoring_children": 2, "weighting_policy": "equal_atomic"}]
2026-08-07 17:31:44 | INFO     | [candidate replay] validating refined rubric against 5 isolated calibration answers...
2026-08-07 17:31:44 | INFO     | 📦 成功加载教师真实成绩单数据库！共包含 3326 名考生的数据。
2026-08-07 17:32:17 | INFO     | [candidate replay] {"method": "paired_teacher_score_noninferiority", "expected": 5, "paired": 5, "required": 4, "coverage": 1.0, "mae_margin": 0.1, "severe_regression_margin": 1.0, "accepted": true, "reason": "accepted_noninferior", "baseline_mae": 1.0, "candidate_mae": 0.7, "mae_delta": -0.3, "improved": 2, "unchanged": 2, "worsened": 1, "severe_regressions": 0, "records": [{"answer_id": "ANS_POC_106", "baseline_score": 3.8333333333333335, "candidate_score": 2.5, "teacher_score": 2.0}, {"answer_id": "ANS_POC_111", "baseline_score": 4.5, "candidate_score": 5.0, "teacher_score": 2.0}, {"answer_id": "ANS_POC_116", "baseline_score": 5.0, "candidate_score": 5.0, "teacher_score": 5.0}, {"answer_id": "ANS_POC_73", "baseline_score": 4.333333333333333, "candidate_score": 5.0, "teacher_score": 5.0}, {"answer_id": "ANS_POC_84", "baseline_score": 0.0, "candidate_score": 0.0, "teacher_score": 0.0}]}
2026-08-07 17:32:17 | INFO     | 🎉 修正后的最终标准已通过语义契约和校准集非劣验收。
2026-08-07 17:32:17 | INFO     | [rubric manifest] saved: D:\users\王鑫020420\Desktop\refgrader-main\data\csbench\rubrics\manifests\POC\POC_4_optimization.json
2026-08-07 17:32:17 | INFO     | [rubric transaction] persisted postcondition passed for POC_4; mode=strict_candidate_contract; sha256=f1bac3def612672eda500431c262d0df7a1aa5ef6f8ed6a9acfb8f37f51bc29b
2026-08-07 17:32:17 | INFO     | 
🏆 任务完成！
