2026-07-20 11:10:24 | INFO     | ==================================================
2026-07-20 11:10:24 | INFO     | 📂 正在加载试卷数据库...
2026-07-20 11:10:24 | INFO     |    运行模式: VARIANCE_OPT
2026-07-20 11:10:24 | INFO     |    题目范围: ['CO_3', 'CO_4', 'CO_5', 'CO_6', 'CO_7']
2026-07-20 11:10:24 | INFO     |    文本模型: glm5 -> glm-5.1
2026-07-20 11:10:24 | INFO     |    提取后端: csbench_hybrid
2026-07-20 11:10:24 | INFO     |    题库文件: D:\users\王鑫020420\Desktop\refgrader-main\data\csbench\exam_database.json
2026-07-20 11:10:24 | INFO     |    教师分文件: D:\users\王鑫020420\Desktop\refgrader-main\data\csbench\teacher_scores.json
2026-07-20 11:10:24 | INFO     |    答案元数据: D:\users\王鑫020420\Desktop\refgrader-main\data\csbench\answer_metadata.jsonl
2026-07-20 11:10:24 | INFO     |    并发数:   2
2026-07-20 11:10:24 | INFO     |    结果目录: D:\users\王鑫020420\Desktop\refgrader-main\results_runs\csbench_co1_co2_co3_co4_co5_co6_co7_rubric_opt
2026-07-20 11:10:24 | INFO     |    Rubric目录: D:\users\王鑫020420\Desktop\refgrader-main\data\csbench\rubrics\optimized
2026-07-20 11:10:24 | INFO     |    初始Rubric目录: D:\users\王鑫020420\Desktop\refgrader-main\data\csbench\rubrics\initial
2026-07-20 11:10:24 | INFO     |    允许回退初始Rubric: False
2026-07-20 11:10:24 | INFO     |    进度文件: D:\users\王鑫020420\Desktop\refgrader-main\results_runs\csbench_co1_co2_co3_co4_co5_co6_co7_rubric_opt\progress.json
2026-07-20 11:10:24 | INFO     |    日志文件: logs\experiment_20260720_111024.log
2026-07-20 11:10:24 | INFO     | 🔬 当前处于【方差优化模式】(VARIANCE OPT MODE)
2026-07-20 11:10:24 | INFO     |    系统将生成标准，进行小样本测试，修正并保存最终标准。
2026-07-20 11:10:24 | INFO     | 
============================================================
🔬 [断点续传模式] 处理题目: CO_3
============================================================
2026-07-20 11:10:24 | INFO     | restart from the immutable initial rubric and ignore the existing optimized rubric.
2026-07-20 11:10:24 | INFO     | Loaded immutable initial rubric: data/csbench/rubrics/initial/CO/CO_3_rubric_standard.json
2026-07-20 11:10:24 | INFO     | 📈 发现进度点：已完成 5/5 个样本。
2026-07-20 11:10:24 | INFO     | [data isolation] variance optimization is restricted to 10 calibration answers.
2026-07-20 11:10:24 | INFO     | ✅ 方差采样已全部完成，直接进入修正环节。
2026-07-20 11:10:24 | INFO     | 
📊 采样完成。平均方差: 0.8778
2026-07-20 11:10:24 | INFO     | Item-level variance: avg=0.4389, max=1.7222
2026-07-20 11:10:24 | WARNING  | ⚠️ 方差超标！开始基于高方差样本修正标准...
2026-07-20 11:10:24 | INFO     | 🔧 [规则修正] 正在基于 3 份精选样本优化规则...
2026-07-20 11:10:24 | INFO     | [rubric structure] mandatory high-value split targets: [{"parent_id": "step_1", "parent_points": 5.0, "current_scoring_children": 1, "minimum_scoring_children": 2, "weighting_policy": "equal_atomic"}, {"parent_id": "step_2", "parent_points": 5.0, "current_scoring_children": 1, "minimum_scoring_children": 2, "weighting_policy": "equal_atomic"}]
2026-07-20 11:14:20 | INFO     | [candidate replay] validating refined rubric against 5 isolated calibration answers...
2026-07-20 11:14:20 | INFO     | 📦 成功加载教师真实成绩单数据库！共包含 3326 名考生的数据。
2026-07-20 12:03:44 | INFO     | [candidate replay] {"method": "paired_teacher_score_noninferiority", "expected": 5, "paired": 5, "required": 4, "coverage": 1.0, "mae_margin": 0.2, "severe_regression_margin": 2.0, "accepted": false, "reason": "severe_sample_regression", "baseline_mae": 2.366667, "candidate_mae": 2.55, "mae_delta": 0.183333, "improved": 2, "unchanged": 1, "worsened": 2, "severe_regressions": 1, "records": [{"answer_id": "ANS_CO_140", "baseline_score": 4.833333333333333, "candidate_score": 2.75, "teacher_score": 6.0}, {"answer_id": "ANS_CO_154", "baseline_score": 6.833333333333333, "candidate_score": 7.5, "teacher_score": 9.0}, {"answer_id": "ANS_CO_173", "baseline_score": 0.0, "candidate_score": 0.0, "teacher_score": 6.0}, {"answer_id": "ANS_CO_174", "baseline_score": 9.333333333333334, "candidate_score": 9.5, "teacher_score": 9.0}, {"answer_id": "ANS_CO_186", "baseline_score": 6.833333333333333, "candidate_score": 7.5, "teacher_score": 9.0}]}
2026-07-20 12:03:44 | ERROR    | Refined rubric rejected by calibration non-inferiority gate: severe_sample_regression
2026-07-20 12:03:44 | ERROR    | Final optimized rubric failed semantic validation; reverting to the immutable draft: additive parent step_1 must contain at least 2 scoring items, got 1; additive parent step_2 must contain at least 2 scoring items, got 1
2026-07-20 12:03:44 | WARNING  | [rubric fallback] preserved the unchanged baseline because no refined candidate passed every semantic and calibration gate. Required decomposition is deferred and recorded in the optimization manifest.
2026-07-20 12:03:44 | INFO     | [rubric manifest] saved: D:\users\王鑫020420\Desktop\refgrader-main\data\csbench\rubrics\manifests\CO\CO_3_optimization.json
2026-07-20 12:03:44 | INFO     | 
============================================================
🔬 [断点续传模式] 处理题目: CO_4
============================================================
2026-07-20 12:03:44 | INFO     | restart from the immutable initial rubric and ignore the existing optimized rubric.
2026-07-20 12:03:44 | INFO     | Loaded immutable initial rubric: data/csbench/rubrics/initial/CO/CO_4_rubric_standard.json
2026-07-20 12:03:44 | INFO     | 📈 发现进度点：已完成 5/5 个样本。
2026-07-20 12:03:44 | INFO     | [data isolation] variance optimization is restricted to 9 calibration answers.
2026-07-20 12:03:44 | INFO     | ✅ 方差采样已全部完成，直接进入修正环节。
2026-07-20 12:03:44 | INFO     | 
📊 采样完成。平均方差: 1.5222
2026-07-20 12:03:44 | INFO     | Item-level variance: avg=0.1349, max=1.5556
2026-07-20 12:03:44 | WARNING  | ⚠️ 方差超标！开始基于高方差样本修正标准...
2026-07-20 12:03:44 | INFO     | 🔧 [规则修正] 正在基于 3 份精选样本优化规则...
2026-07-20 12:03:44 | INFO     | [rubric structure] mandatory high-value split targets: [{"parent_id": "step_6", "parent_points": 5.0, "current_scoring_children": 1, "minimum_scoring_children": 3, "weighting_policy": "role_constrained"}, {"parent_id": "step_7", "parent_points": 5.0, "current_scoring_children": 1, "minimum_scoring_children": 3, "weighting_policy": "role_constrained"}]
2026-07-20 12:06:32 | INFO     | [candidate replay] validating refined rubric against 5 isolated calibration answers...
2026-07-20 12:27:14 | INFO     | [candidate replay] {"method": "paired_teacher_score_noninferiority", "expected": 5, "paired": 5, "required": 4, "coverage": 1.0, "mae_margin": 0.4, "severe_regression_margin": 4.0, "accepted": true, "reason": "accepted_noninferior", "baseline_mae": 1.5, "candidate_mae": 1.6, "mae_delta": 0.1, "improved": 2, "unchanged": 0, "worsened": 3, "severe_regressions": 0, "records": [{"answer_id": "ANS_CO_647", "baseline_score": 11.333333333333334, "candidate_score": 10.5, "teacher_score": 14.0}, {"answer_id": "ANS_CO_687", "baseline_score": 6.0, "candidate_score": 9.5, "teacher_score": 9.0}, {"answer_id": "ANS_CO_693", "baseline_score": 10.5, "candidate_score": 11.5, "teacher_score": 10.0}, {"answer_id": "ANS_CO_696", "baseline_score": 20.0, "candidate_score": 18.5, "teacher_score": 20.0}, {"answer_id": "ANS_CO_701", "baseline_score": 3.3333333333333335, "candidate_score": 3.0, "teacher_score": 2.0}]}
2026-07-20 12:27:14 | INFO     | 🎉 修正后的最终标准已通过语义契约和校准集非劣验收。
2026-07-20 12:27:14 | INFO     | [rubric manifest] saved: D:\users\王鑫020420\Desktop\refgrader-main\data\csbench\rubrics\manifests\CO\CO_4_optimization.json
2026-07-20 12:27:14 | INFO     | 
============================================================
🔬 [断点续传模式] 处理题目: CO_5
============================================================
2026-07-20 12:27:14 | INFO     | restart from the immutable initial rubric and ignore the existing optimized rubric.
2026-07-20 12:27:14 | INFO     | Loaded immutable initial rubric: data/csbench/rubrics/initial/CO/CO_5_rubric_standard.json
2026-07-20 12:27:14 | INFO     | 📈 发现进度点：已完成 5/5 个样本。
2026-07-20 12:27:14 | INFO     | [data isolation] variance optimization is restricted to 11 calibration answers.
2026-07-20 12:27:14 | INFO     | ✅ 方差采样已全部完成，直接进入修正环节。
2026-07-20 12:27:14 | INFO     | 
📊 采样完成。平均方差: 0.4556
2026-07-20 12:27:14 | INFO     | Item-level variance: avg=0.1519, max=1.3889
2026-07-20 12:27:14 | WARNING  | ⚠️ 方差超标！开始基于高方差样本修正标准...
2026-07-20 12:27:14 | INFO     | 🔧 [规则修正] 正在基于 2 份精选样本优化规则...
2026-07-20 12:27:14 | INFO     | [rubric structure] mandatory high-value split targets: [{"parent_id": "step_1", "parent_points": 5.0, "current_scoring_children": 1, "minimum_scoring_children": 2, "weighting_policy": "equal_atomic"}]
2026-07-20 12:28:19 | INFO     | [candidate replay] validating refined rubric against 5 isolated calibration answers...
2026-07-20 12:37:05 | INFO     | [candidate replay] {"method": "paired_teacher_score_noninferiority", "expected": 5, "paired": 5, "required": 4, "coverage": 1.0, "mae_margin": 0.3, "severe_regression_margin": 3.0, "accepted": true, "reason": "accepted_noninferior", "baseline_mae": 5.333333, "candidate_mae": 4.25, "mae_delta": -1.083333, "improved": 3, "unchanged": 2, "worsened": 0, "severe_regressions": 0, "records": [{"answer_id": "ANS_CO_268", "baseline_score": 0.6666666666666666, "candidate_score": 1.25, "teacher_score": 8.0}, {"answer_id": "ANS_CO_285", "baseline_score": 11.666666666666666, "candidate_score": 14.0, "teacher_score": 15.0}, {"answer_id": "ANS_CO_289", "baseline_score": 0.0, "candidate_score": 0.0, "teacher_score": 8.0}, {"answer_id": "ANS_CO_301", "baseline_score": 0.0, "candidate_score": 2.5, "teacher_score": 8.0}, {"answer_id": "ANS_CO_302", "baseline_score": 15.0, "candidate_score": 15.0, "teacher_score": 15.0}]}
2026-07-20 12:37:05 | INFO     | 🎉 修正后的最终标准已通过语义契约和校准集非劣验收。
2026-07-20 12:37:05 | INFO     | [rubric manifest] saved: D:\users\王鑫020420\Desktop\refgrader-main\data\csbench\rubrics\manifests\CO\CO_5_optimization.json
2026-07-20 12:37:05 | INFO     | 
============================================================
🔬 [断点续传模式] 处理题目: CO_6
============================================================
2026-07-20 12:37:05 | INFO     | restart from the immutable initial rubric and ignore the existing optimized rubric.
2026-07-20 12:37:05 | INFO     | Loaded immutable initial rubric: data/csbench/rubrics/initial/CO/CO_6_rubric_standard.json
2026-07-20 12:37:05 | INFO     | 📈 发现进度点：已完成 5/5 个样本。
2026-07-20 12:37:05 | INFO     | [data isolation] variance optimization is restricted to 6 calibration answers.
2026-07-20 12:37:05 | INFO     | ✅ 方差采样已全部完成，直接进入修正环节。
2026-07-20 12:37:05 | INFO     | 
📊 采样完成。平均方差: 0.4000
2026-07-20 12:37:05 | INFO     | Item-level variance: avg=0.0667, max=0.8889
2026-07-20 12:37:05 | WARNING  | ⚠️ 方差超标！开始基于高方差样本修正标准...
2026-07-20 12:37:05 | INFO     | 🔧 [规则修正] 正在基于 3 份精选样本优化规则...
2026-07-20 12:37:05 | INFO     | [rubric structure] mandatory high-value split targets: [{"parent_id": "step_1", "parent_points": 4.0, "current_scoring_children": 1, "minimum_scoring_children": 2, "weighting_policy": "equal_atomic"}, {"parent_id": "step_2", "parent_points": 4.0, "current_scoring_children": 1, "minimum_scoring_children": 2, "weighting_policy": "equal_atomic"}, {"parent_id": "step_3", "parent_points": 4.0, "current_scoring_children": 1, "minimum_scoring_children": 2, "weighting_policy": "equal_atomic"}]
2026-07-20 12:39:06 | INFO     | [candidate replay] validating refined rubric against 5 isolated calibration answers...
2026-07-20 12:43:11 | INFO     | [candidate replay] {"method": "paired_teacher_score_noninferiority", "expected": 5, "paired": 5, "required": 4, "coverage": 1.0, "mae_margin": 0.4, "severe_regression_margin": 4.0, "accepted": false, "reason": "severe_sample_regression", "baseline_mae": 1.733333, "candidate_mae": 3.0, "mae_delta": 1.266667, "improved": 0, "unchanged": 2, "worsened": 3, "severe_regressions": 1, "records": [{"answer_id": "ANS_CO_382", "baseline_score": 0.0, "candidate_score": 0.0, "teacher_score": 0.0}, {"answer_id": "ANS_CO_383", "baseline_score": 6.333333333333333, "candidate_score": 6.0, "teacher_score": 7.0}, {"answer_id": "ANS_CO_414", "baseline_score": 2.0, "candidate_score": 2.0, "teacher_score": 2.0}, {"answer_id": "ANS_CO_419", "baseline_score": 6.666666666666667, "candidate_score": 6.0, "teacher_score": 12.0}, {"answer_id": "ANS_CO_424", "baseline_score": 13.333333333333334, "candidate_score": 8.0, "teacher_score": 16.0}]}
2026-07-20 12:43:11 | ERROR    | Refined rubric rejected by calibration non-inferiority gate: severe_sample_regression
2026-07-20 12:43:11 | ERROR    | Final optimized rubric failed semantic validation; reverting to the immutable draft: additive parent step_1 must contain at least 2 scoring items, got 1; additive parent step_2 must contain at least 2 scoring items, got 1; additive parent step_3 must contain at least 2 scoring items, got 1
2026-07-20 12:43:11 | WARNING  | [rubric fallback] preserved the unchanged baseline because no refined candidate passed every semantic and calibration gate. Required decomposition is deferred and recorded in the optimization manifest.
2026-07-20 12:43:11 | INFO     | [rubric manifest] saved: D:\users\王鑫020420\Desktop\refgrader-main\data\csbench\rubrics\manifests\CO\CO_6_optimization.json
2026-07-20 12:43:11 | INFO     | 
============================================================
🔬 [断点续传模式] 处理题目: CO_7
============================================================
2026-07-20 12:43:11 | INFO     | restart from the immutable initial rubric and ignore the existing optimized rubric.
2026-07-20 12:43:11 | INFO     | Loaded immutable initial rubric: data/csbench/rubrics/initial/CO/CO_7_rubric_standard.json
2026-07-20 12:43:11 | INFO     | 📈 发现进度点：已完成 5/5 个样本。
2026-07-20 12:43:11 | INFO     | [data isolation] variance optimization is restricted to 6 calibration answers.
2026-07-20 12:43:11 | INFO     | ✅ 方差采样已全部完成，直接进入修正环节。
2026-07-20 12:43:11 | INFO     | 
📊 采样完成。平均方差: 1.1222
2026-07-20 12:43:11 | INFO     | Item-level variance: avg=0.2833, max=1.3889
2026-07-20 12:43:11 | WARNING  | ⚠️ 方差超标！开始基于高方差样本修正标准...
2026-07-20 12:43:11 | INFO     | 🔧 [规则修正] 正在基于 2 份精选样本优化规则...
2026-07-20 12:43:11 | INFO     | [rubric structure] mandatory high-value split targets: [{"parent_id": "step_1", "parent_points": 5.0, "current_scoring_children": 1, "minimum_scoring_children": 2, "weighting_policy": "role_constrained"}, {"parent_id": "step_2", "parent_points": 5.0, "current_scoring_children": 1, "minimum_scoring_children": 2, "weighting_policy": "role_constrained"}]
2026-07-20 12:44:33 | INFO     | [candidate replay] validating refined rubric against 5 isolated calibration answers...
2026-07-20 12:51:46 | INFO     | [candidate replay] {"method": "paired_teacher_score_noninferiority", "expected": 5, "paired": 5, "required": 4, "coverage": 1.0, "mae_margin": 0.2, "severe_regression_margin": 2.0, "accepted": true, "reason": "accepted_noninferior", "baseline_mae": 1.8, "candidate_mae": 1.35, "mae_delta": -0.45, "improved": 2, "unchanged": 3, "worsened": 0, "severe_regressions": 0, "records": [{"answer_id": "ANS_CO_471", "baseline_score": 10.0, "candidate_score": 10.0, "teacher_score": 10.0}, {"answer_id": "ANS_CO_474", "baseline_score": 10.0, "candidate_score": 10.0, "teacher_score": 10.0}, {"answer_id": "ANS_CO_495", "baseline_score": 7.666666666666667, "candidate_score": 9.25, "teacher_score": 10.0}, {"answer_id": "ANS_CO_497", "baseline_score": 3.3333333333333335, "candidate_score": 4.0, "teacher_score": 10.0}, {"answer_id": "ANS_CO_500", "baseline_score": 10.0, "candidate_score": 10.0, "teacher_score": 10.0}]}
2026-07-20 12:51:46 | INFO     | 🎉 修正后的最终标准已通过语义契约和校准集非劣验收。
2026-07-20 12:51:46 | INFO     | [rubric manifest] saved: D:\users\王鑫020420\Desktop\refgrader-main\data\csbench\rubrics\manifests\CO\CO_7_optimization.json
2026-07-20 12:51:46 | INFO     | 
🏆 任务完成！
