{
  "schema_version": 1,
  "dataset_root": "/home/E125221219/CSBench_new",
  "output_dir": "/home/E125221219/projects/refgrader/data/csbench",
  "link_mode": "hardlink",
  "answer_files": [
    "answer.jsonl",
    "answer_CPL.jsonl",
    "answer_DM.jsonl",
    "answer_ISC.jsonl",
    "answer_ML.jsonl",
    "answer_POC.jsonl",
    "answer_POC_25.jsonl",
    "answer_POC_26.jsonl"
  ],
  "excluded_questions": [
    "OS_1",
    "OS_2"
  ],
  "prepared_questions": 43,
  "prepared_answers": 3326,
  "question_counts": {
    "CO_1": 130,
    "CO_10": 103,
    "CO_11": 98,
    "CO_12": 144,
    "CO_13": 126,
    "CO_2": 104,
    "CO_3": 99,
    "CO_4": 86,
    "CO_5": 107,
    "CO_6": 59,
    "CO_7": 65,
    "CO_8": 148,
    "CO_9": 132,
    "CPL_1": 60,
    "CPL_2": 59,
    "CPL_3": 59,
    "CPL_4": 59,
    "CPL_5": 52,
    "CPL_6": 59,
    "CPL_7": 58,
    "CPL_8": 59,
    "DM_1": 88,
    "DM_2": 90,
    "DM_3": 89,
    "ISC_1": 70,
    "ISC_2": 72,
    "ISC_3": 71,
    "ISC_4": 70,
    "ISC_5": 53,
    "ISC_6": 73,
    "ISC_7": 70,
    "ISC_8": 69,
    "ISC_9": 76,
    "ML_1": 56,
    "ML_2": 56,
    "ML_3": 56,
    "ML_4": 55,
    "POC_1": 54,
    "POC_2": 61,
    "POC_3": 57,
    "POC_4": 61,
    "POC_5": 58,
    "POC_6": 55
  },
  "missing_question_counts": {},
  "split_seed": "csbench-v1",
  "calibration_ratio": 0.1,
  "validation_ratio": 0.1,
  "minimum_calibration_size": 5,
  "split_question_counts": {
    "train": 31,
    "validation": 5,
    "test": 7
  }
}
==================================================
📂 正在加载试卷数据库...
   运行模式: VARIANCE_OPT
   题目范围: ['CO_1', 'CO_2', 'CO_3', 'CO_4', 'CO_5', 'CO_6', 'CO_7']
   文本模型: glm5 -> glm-5.1
   提取后端: csbench_hybrid
   题库文件: /home/E125221219/projects/refgrader/data/csbench/exam_database.json
   教师分文件: ./database/teacher_scores.json
   答案元数据: /home/E125221219/projects/refgrader/data/csbench/answer_metadata.jsonl
   并发数:   2
   结果目录: /home/E125221219/projects/refgrader/results_runs/csbench_co1_co2_co3_co4_co5_co6_co7_rubric_opt
   Rubric目录: /home/E125221219/projects/refgrader/data/csbench/rubrics/optimized
   初始Rubric目录: /home/E125221219/projects/refgrader/data/csbench/rubrics/initial
   允许回退初始Rubric: False
   进度文件: /home/E125221219/projects/refgrader/results_runs/csbench_co1_co2_co3_co4_co5_co6_co7_rubric_opt/progress.json
   日志文件: logs/experiment_20260625_220828.log
🔬 当前处于【方差优化模式】(VARIANCE OPT MODE)
   系统将生成标准，进行小样本测试，修正并保存最终标准。

============================================================
🔬 [断点续传模式] 处理题目: CO_1
============================================================
force-rerun enabled; restart from the immutable initial rubric and ignore the existing optimized rubric.
Loaded immutable initial rubric: /home/E125221219/projects/refgrader/data/csbench/rubrics/initial/CO/CO_1_rubric_standard.json
force-rerun enabled; ignore old variance checkpoint for this question.
[data isolation] variance optimization is restricted to 13 calibration answers.

👉 正在处理新样本: ANS_CO_109.png
   ⏳ [V0 保护] 脱敏清单生成完毕，休眠 2 秒...
   [单次视觉采样] 正在看图提取事实...
[metadata] loaded 3326 answer records from /home/E125221219/projects/refgrader/data/csbench/answer_metadata.jsonl
   ⏳ [V0 保护] 视觉提取完成，准备进入打分循环，休眠 2 秒...
   [第 1/3 次判决] 呼叫逻辑裁判...
      ✅ [裁判亮分] 总得分: 0
         - [条款 step_1] 得分: 0 | 理由: 学生答案 1E 与标准答案 37H 不符（1EH=30，37H=55），数值结论错误；且无任何过程证据可给予部分方法分。
   ⏳ [V0 保护] 判决完成，休眠 2 秒...
   [第 2/3 次判决] 呼叫逻辑裁判...
      ✅ [裁判亮分] 总得分: 0
         - [条款 step_1] 得分: 0 | 理由: 学生答案为 1E，标准答案为 37H。1E（十六进制）=30 十进制 ≠ 37H（=55 十进制），数值结果错误，属于结论/数值矛盾，无任何可识别的正确过程依据。
   ⏳ [V0 保护] 判决完成，休眠 2 秒...
   [第 3/3 次判决] 呼叫逻辑裁判...
      ✅ [裁判亮分] 总得分: 0
         - [条款 step_1] 得分: 0 | 理由: 学生提取出的答案为 1E，与标准答案 37H 不符，属于结论和数值上的实质性错误，且没有提取出任何计算过程来给予步骤分。
💾 样本 ANS_CO_109.png 进度已保存。
⏳ 样本间冷却 15 秒...

👉 正在处理新样本: ANS_CO_11.jpg
   ⏳ [V0 保护] 脱敏清单生成完毕，休眠 2 秒...
   [单次视觉采样] 正在看图提取事实...
   ⏳ [V0 保护] 视觉提取完成，准备进入打分循环，休眠 2 秒...
   [第 1/3 次判决] 呼叫逻辑裁判...
      ✅ [裁判亮分] 总得分: 3.0
         - [条款 step_1] 得分: 3.0 | 理由: The extracted fact '37H' exactly matches the standard final answer, satisfying the final result requirement. However, there is no extracted process evidence or calculation trace to fulfill the '正确计算' (correctly calculate) portion of the rubric item. Per the grading policy, a correct bare final answer with no process evidence receives answer credit but not full credit.
   ⏳ [V0 保护] 判决完成，休眠 2 秒...
   [第 2/3 次判决] 呼叫逻辑裁判...
      ✅ [裁判亮分] 总得分: 5.0
         - [条款 step_1] 得分: 5.0 | 理由: The student's final answer perfectly matches the standard answer '37H'. As this is a final answer item, full credit is awarded.
   ⏳ [V0 保护] 判决完成，休眠 2 秒...
   [第 3/3 次判决] 呼叫逻辑裁判...
      ✅ [裁判亮分] 总得分: 5.0
         - [条款 step_1] 得分: 5.0 | 理由: The student's extracted answer '37H' exactly matches the canonical final answer '37H' for the operand content.
💾 样本 ANS_CO_11.jpg 进度已保存。
⏳ 样本间冷却 15 秒...

👉 正在处理新样本: ANS_CO_119.png
   ⏳ [V0 保护] 脱敏清单生成完毕，休眠 2 秒...
   [单次视觉采样] 正在看图提取事实...
   ⏳ [V0 保护] 视觉提取完成，准备进入打分循环，休眠 2 秒...
   [第 1/3 次判决] 呼叫逻辑裁判...
      ✅ [裁判亮分] 总得分: 0
         - [条款 step_1] 得分: 0 | 理由: The student provided 36, but the correct calculated answer is 37H. This is a wrong final result with no partial calculation process shown to warrant partial credit.
   ⏳ [V0 保护] 判决完成，休眠 2 秒...
   [第 2/3 次判决] 呼叫逻辑裁判...
      ✅ [裁判亮分] 总得分: 0
         - [条款 step_1] 得分: 0 | 理由: The extracted answer '36' does not match the standard answer '37H'. It is an incorrect numerical conclusion, and no calculation trace is provided to warrant partial credit.
   ⏳ [V0 保护] 判决完成，休眠 2 秒...
   [第 3/3 次判决] 呼叫逻辑裁判...
      ✅ [裁判亮分] 总得分: 0
         - [条款 step_1] 得分: 0 | 理由: The extracted final answer '36' is numerically incorrect and does not match the standard answer '37H'. No process evidence is provided to warrant partial credit.
💾 样本 ANS_CO_119.png 进度已保存。
⏳ 样本间冷却 15 秒...

👉 正在处理新样本: ANS_CO_120.png
   ⏳ [V0 保护] 脱敏清单生成完毕，休眠 2 秒...
   [单次视觉采样] 正在看图提取事实...
   ⏳ [V0 保护] 视觉提取完成，准备进入打分循环，休眠 2 秒...
   [第 1/3 次判决] 呼叫逻辑裁判...
      ✅ [裁判亮分] 总得分: 0
         - [条款 step_1] 得分: 0 | 理由: 学生提取的计算结果为35H，与标准答案37H不符，属于数值/结论错误。
   ⏳ [V0 保护] 判决完成，休眠 2 秒...
   [第 2/3 次判决] 呼叫逻辑裁判...
      ✅ [裁判亮分] 总得分: 0
         - [条款 step_1] 得分: 0 | 理由: The student's final answer is 35H, which is incorrect and contradicts the standard answer 37H.
   ⏳ [V0 保护] 判决完成，休眠 2 秒...
   [第 3/3 次判决] 呼叫逻辑裁判...
      ✅ [裁判亮分] 总得分: 0
         - [条款 step_1] 得分: 0 | 理由: 学生得出的操作数内容为35H，与标准答案37H矛盾，属于数值/结论矛盾。
💾 样本 ANS_CO_120.png 进度已保存。
⏳ 样本间冷却 15 秒...

👉 正在处理新样本: ANS_CO_14.jpg
   ⏳ [V0 保护] 脱敏清单生成完毕，休眠 2 秒...
   [单次视觉采样] 正在看图提取事实...
   ⏳ [V0 保护] 视觉提取完成，准备进入打分循环，休眠 2 秒...
   [第 1/3 次判决] 呼叫逻辑裁判...
      ✅ [裁判亮分] 总得分: 5.0
         - [条款 step_1] 得分: 5.0 | 理由: 学生提取的最终答案为 37H，与标准答案完全一致，且本题项为最终结果项，故给予满分。
   ⏳ [V0 保护] 判决完成，休眠 2 秒...
   [第 2/3 次判决] 呼叫逻辑裁判...
      ✅ [裁判亮分] 总得分: 5.0
         - [条款 step_1] 得分: 5.0 | 理由: 学生给出的最终操作数内容为 37H，与标准答案完全一致。该 rubric 项为 final 角色项，直接考察最终结果，标准答案本身即为裸值 37H，学生答案正确，给予满分。
   ⏳ [V0 保护] 判决完成，休眠 2 秒...
   [第 3/3 次判决] 呼叫逻辑裁判...
      ✅ [裁判亮分] 总得分: 5.0
         - [条款 step_1] 得分: 5.0 | 理由: 学生给出的最终答案 37H 与标准答案完全一致，且该条目为 final 角色项，按评分规则可直接对最终结果给分，授予满分。
💾 样本 ANS_CO_14.jpg 进度已保存。
⏳ 样本间冷却 15 秒...

📊 采样完成。平均方差: 0.1778
Item-level variance: avg=0.1778, max=0.8889
⚠️ 方差超标！开始基于高方差样本修正标准...
🔧 [规则修正] 正在基于 1 份精选样本优化规则...
🔧 [规则修正] 正在基于 1 份高方差样本优化规则...
   ✅ 规则修正成功！
🎉 修正后的最终标准已通过总分校验。
[rubric manifest] saved: /home/E125221219/projects/refgrader/data/csbench/rubrics/manifests/CO/CO_1_optimization.json

============================================================
🔬 [断点续传模式] 处理题目: CO_2
============================================================
force-rerun enabled; restart from the immutable initial rubric and ignore the existing optimized rubric.
Loaded immutable initial rubric: /home/E125221219/projects/refgrader/data/csbench/rubrics/initial/CO/CO_2_rubric_standard.json
force-rerun enabled; ignore old variance checkpoint for this question.
[data isolation] variance optimization is restricted to 10 calibration answers.

👉 正在处理新样本: ANS_CO_532.jpg
   ⏳ [V0 保护] 脱敏清单生成完毕，休眠 2 秒...
   [单次视觉采样] 正在看图提取事实...
   ⏳ [V0 保护] 视觉提取完成，准备进入打分循环，休眠 2 秒...
   [第 1/3 次判决] 呼叫逻辑裁判...
      ✅ [裁判亮分] 总得分: 20.0
         - [条款 step_1] 得分: 2.0 | 理由: 学生给出的顺序 A>D>C>E>B 与标准答案 A→D→C→E→B 完全一致，仅分隔符形式不同。
         - [条款 step_2] 得分: 2.0 | 理由: 提取的位串 1 1 1 1 1（去空格后为 11111）与标准答案完全一致，仅存在空格分隔的非实质性格式差异。
         - [条款 step_3] 得分: 2.0 | 理由: 提取的位串 0 1 0 0 0（去空格后为 01000）与标准答案完全一致。
         - [条款 step_4] 得分: 2.0 | 理由: 提取的位串 0 1 1 0 1（去空格后为 01101）与标准答案完全一致。
         - [条款 step_5] 得分: 2.0 | 理由: 提取的位串 0 1 1 1 1（去空格后为 01111）与标准答案完全一致。
         - [条款 step_6] 得分: 2.0 | 理由: 提取的位串 0 1 0 0 1（去空格后为 01001）与标准答案完全一致。
         - [条款 step_7] 得分: 8.0 | 理由: 提取信息明确指出图中为阶梯状折线，纵轴为层级、横轴为时间，执行顺序 用户程序→A→D→C→E→B 与 step_1 的优先级一致，符合标准 CPU 中断处理时空图结构。
   ⏳ [V0 保护] 判决完成，休眠 2 秒...
   [第 2/3 次判决] 呼叫逻辑裁判...
      ✅ [裁判亮分] 总得分: 20.0
         - [条款 step_1] 得分: 2.0 | 理由: 学生给出的优先级顺序 A>D>C>E>B 与标准答案 A→D→C→E→B 完全一致。
         - [条款 step_2] 得分: 2.0 | 理由: 提取值为11111（空格分隔），与标准答案 A：11111 数值完全一致，格式差异不影响正确性。
         - [条款 step_3] 得分: 2.0 | 理由: 提取值为01000（空格分隔），与标准答案 B：01000 完全一致。
         - [条款 step_4] 得分: 2.0 | 理由: 提取值为01101（空格分隔），与标准答案 C：01101 完全一致。
         - [条款 step_5] 得分: 2.0 | 理由: 提取值为01111（空格分隔），与标准答案 D：01111 完全一致。
         - [条款 step_6] 得分: 2.0 | 理由: 提取值为01001（空格分隔），与标准答案 E：01001 完全一致。
         - [条款 step_7] 得分: 8.0 | 理由: 学生绘制的阶梯状折线图正确展示了用户程序→A→D→C→E→B的执行顺序，纵轴层级与横轴时间对应关系正确，与标准答案一致。
   ⏳ [V0 保护] 判决完成，休眠 2 秒...
   [第 3/3 次判决] 呼叫逻辑裁判...
      ✅ [裁判亮分] 总得分: 20.0
         - [条款 step_1] 得分: 2.0 | 理由: Student's priority order A>D>C>E>B exactly matches the standard answer.
         - [条款 step_2] 得分: 2.0 | 理由: Ignoring spaces, the bits form 11111, which correctly matches the standard mask word for A.
         - [条款 step_3] 得分: 2.0 | 理由: Ignoring spaces, the bits form 01000, which correctly matches the standard mask word for B.
         - [条款 step_4] 得分: 2.0 | 理由: Ignoring spaces, the bits form 01101, which correctly matches the standard mask word for C.
         - [条款 step_5] 得分: 2.0 | 理由: Ignoring spaces, the bits form 01111, which correctly matches the standard mask word for D.
         - [条款 step_6] 得分: 2.0 | 理由: Ignoring spaces, the bits form 01001, which correctly matches the standard mask word for E.
         - [条款 step_7] 得分: 8.0 | 理由: The extracted description confirms the diagram shows the correct execution sequence (user program -> A -> D -> C -> E -> B) matching the established priorities.
💾 样本 ANS_CO_532.jpg 进度已保存。
⏳ 样本间冷却 15 秒...

👉 正在处理新样本: ANS_CO_535.jpg
   ⏳ [V0 保护] 脱敏清单生成完毕，休眠 2 秒...
   [单次视觉采样] 正在看图提取事实...
   ⏳ [V0 保护] 视觉提取完成，准备进入打分循环，休眠 2 秒...
   [第 1/3 次判决] 呼叫逻辑裁判...
      ✅ [裁判亮分] 总得分: 16.0
         - [条款 step_1] 得分: 2.0 | 理由: Extracted OCR clearly shows the sequence 'A > D > C' followed by 'E' and 'B', matching the required priority order.
         - [条款 step_2] 得分: 2.0 | 理由: The extracted interrupt mask word for level A is exactly 11111.
         - [条款 step_3] 得分: 2.0 | 理由: The extracted interrupt mask word for level B is exactly 01000.
         - [条款 step_4] 得分: 2.0 | 理由: The extracted interrupt mask word for level C is exactly 01101.
         - [条款 step_5] 得分: 2.0 | 理由: The extracted interrupt mask word for level D is exactly 01111.
         - [条款 step_6] 得分: 2.0 | 理由: The extracted interrupt mask word for level E is exactly 01001.
         - [条款 step_7] 得分: 4.0 | 理由: The extracted evidence shows the student drew a stepped execution sequence reflecting interrupt handling structure. However, it lacks the full context of program execution and complete interrupt nesting details (e.g., missing B), indicating partial completeness.
   ⏳ [V0 保护] 判决完成，休眠 2 秒...
   [第 2/3 次判决] 呼叫逻辑裁判...
      ✅ [裁判亮分] 总得分: 16.0
         - [条款 step_1] 得分: 2.0 | 理由: The extracted OCR sequence 'A > D > C7E7B' correctly represents the standard answer 'A → D → C → E → B', with '7' likely being OCR noise for '>' or spaces.
         - [条款 step_2] 得分: 2.0 | 理由: The student fact provides 'A 1 1 1 1', which matches the standard answer 11111, assuming a missing '1' due to OCR or extraction artifact. Full points awarded under lenient policy.
         - [条款 step_3] 得分: 2.0 | 理由: The extracted fact 'B 0 1 0 0 0' exactly matches the standard answer 01000.
         - [条款 step_4] 得分: 2.0 | 理由: The extracted fact 'C 0 1 1 0 1' exactly matches the standard answer 01101.
         - [条款 step_5] 得分: 2.0 | 理由: The extracted fact 'D 0 1 1 1 1' exactly matches the standard answer 01111.
         - [条款 step_6] 得分: 2.0 | 理由: The extracted fact 'E 0 1 0 0 1' exactly matches the standard answer 01001.
         - [条款 step_7] 得分: 4.0 | 理由: The student provides a partial execution sequence and diagram description, but without the full visual or complete trace of the diagram, it cannot be fully verified against the standard diagram. Partial credit awarded for the described stepwise sequence.
   ⏳ [V0 保护] 判决完成，休眠 2 秒...
   [第 3/3 次判决] 呼叫逻辑裁判...
      ✅ [裁判亮分] 总得分: 14.4
         - [条款 step_1] 得分: 2.0 | 理由: OCR text 'A > D > C7E7B' reads as A > D > C > E > B (with 7 as separator artifact), matching the canonical priority order exactly.
         - [条款 step_2] 得分: 1.4 | 理由: Extracted value shows four 1s (1111) instead of five (11111). The core pattern (all 1s for highest-priority A) is correct and all other mask words are properly 5-bit, strongly suggesting a transcription/extraction drop of one digit. Under lenient policy treated as minor format issue.
         - [条款 step_3] 得分: 2.0 | 理由: Extracted mask word 01000 matches the standard answer exactly.
         - [条款 step_4] 得分: 2.0 | 理由: Extracted mask word 01101 matches the standard answer exactly.
         - [条款 step_5] 得分: 2.0 | 理由: Extracted mask word 01111 matches the standard answer exactly.
         - [条款 step_6] 得分: 2.0 | 理由: Extracted mask word 01001 matches the standard answer exactly.
         - [条款 step_7] 得分: 3.0 | 理由: Student shows correct concept of stepped execution diagram with rising/platform segments, but the described sequence A→C→D→E omits B entirely and lacks the full timeline structure expected for an 8-point diagram. Concrete partial credit for concept and partial sequence.
💾 样本 ANS_CO_535.jpg 进度已保存。
⏳ 样本间冷却 15 秒...

👉 正在处理新样本: ANS_CO_537.jpg
   ⏳ [V0 保护] 脱敏清单生成完毕，休眠 2 秒...
   [单次视觉采样] 正在看图提取事实...
   ⏳ [V0 保护] 视觉提取完成，准备进入打分循环，休眠 2 秒...
   [第 1/3 次判决] 呼叫逻辑裁判...
      ✅ [裁判亮分] 总得分: 6.0
         - [条款 step_1] 得分: 2.0 | 理由: 学生给出的顺序 A>D>C>E>B 与标准答案 A → D → C → E → B 完全一致，得满分。
         - [条款 step_2] 得分: 0 | 理由: 提取的事实仅为“需要查看图像”，缺乏具体的屏蔽字数值信息，无法判断对错。
         - [条款 step_3] 得分: 0 | 理由: 提取的事实仅为“需要查看图像”，缺乏具体的屏蔽字数值信息，无法判断对错。
         - [条款 step_4] 得分: 0 | 理由: 提取的事实仅为“需要查看图像”，缺乏具体的屏蔽字数值信息，无法判断对错。
         - [条款 step_5] 得分: 0 | 理由: 提取的事实仅为“需要查看图像”，缺乏具体的屏蔽字数值信息，无法判断对错。
         - [条款 step_6] 得分: 0 | 理由: 提取的事实仅为“需要查看图像”，缺乏具体的屏蔽字数值信息，无法判断对错。
         - [条款 step_7] 得分: 4.0 | 理由: 提取出的路径展现了图的部分执行顺序结构，但缺少了B级节点的相关信息，属于部分匹配，给一半分数。
   ⏳ [V0 保护] 判决完成，休眠 2 秒...
   [第 2/3 次判决] 呼叫逻辑裁判...
      ✅ [裁判亮分] 总得分: 6.0
         - [条款 step_1] 得分: 2.0 | 理由: 提取的学生事实给出了正确的优先级排列顺序（A>D>C>E>B），与标准答案完全匹配。
         - [条款 step_2] 得分: 0 | 理由: 提取的学生事实仅为“需要查看图像”，未包含具体的A级中断屏蔽字信息，无法判定对错。
         - [条款 step_3] 得分: 0 | 理由: 提取的学生事实仅为“需要查看图像”，未包含具体的B级中断屏蔽字信息，无法判定对错。
         - [条款 step_4] 得分: 0 | 理由: 提取的学生事实仅为“需要查看图像”，未包含具体的C级中断屏蔽字信息，无法判定对错。
         - [条款 step_5] 得分: 0 | 理由: 提取的学生事实仅为“需要查看图像”，未包含具体的D级中断屏蔽字信息，无法判定对错。
         - [条款 step_6] 得分: 0 | 理由: 提取的学生事实仅为“需要查看图像”，未包含具体的E级中断屏蔽字信息，无法判定对错。
         - [条款 step_7] 得分: 4.0 | 理由: 学生绘制了部分执行顺序图，但由于路径中缺失了B节点且顺序不完整，未能与标准执行轨迹完全匹配，属于部分正确。
   ⏳ [V0 保护] 判决完成，休眠 2 秒...
   [第 3/3 次判决] 呼叫逻辑裁判...
      ✅ [裁判亮分] 总得分: 5.0
         - [条款 step_1] 得分: 2.0 | 理由: 学生写出的优先级顺序 A>D>C>E>B 与标准答案 A → D → C → E → B 完全一致，仅分隔符不同（> vs →），属于完全正确。
         - [条款 step_2] 得分: 0.0 | 理由: 提取内容仅为"需要查看图像"，未给出A级屏蔽字的具体数值，属于空白/未作答。
         - [条款 step_3] 得分: 0.0 | 理由: 提取内容仅为"需要查看图像"，未给出B级屏蔽字的具体数值，属于空白/未作答。
         - [条款 step_4] 得分: 0.0 | 理由: 提取内容仅为"需要查看图像"，未给出C级屏蔽字的具体数值，属于空白/未作答。
         - [条款 step_5] 得分: 0.0 | 理由: 提取内容仅为"需要查看图像"，未给出D级屏蔽字的具体数值，属于空白/未作答。
         - [条款 step_6] 得分: 0.0 | 理由: 提取内容仅为"需要查看图像"，未给出E级屏蔽字的具体数值，属于空白/未作答。
         - [条款 step_7] 得分: 3.0 | 理由: 学生绘制了阶梯状折线图并给出了执行路径，体现了中断处理时序图的基本格式和理解。但路径中缺失B节点，且路径顺序A→C→D→E与优先级A>D>C>E>B不一致，无法确认与标准图完全匹配，给予部分分。
💾 样本 ANS_CO_537.jpg 进度已保存。
⏳ 样本间冷却 15 秒...

👉 正在处理新样本: ANS_CO_538.jpg
   ⏳ [V0 保护] 脱敏清单生成完毕，休眠 2 秒...
   [单次视觉采样] 正在看图提取事实...
   ⏳ [V0 保护] 视觉提取完成，准备进入打分循环，休眠 2 秒...
   [第 1/3 次判决] 呼叫逻辑裁判...
      ✅ [裁判亮分] 总得分: 17.0
         - [条款 step_1] 得分: 2.0 | 理由: 学生给出的顺序 A>D>C>E>B 与标准答案完全一致。
         - [条款 step_2] 得分: 2.0 | 理由: 学生写出的 11111 与标准答案一致。
         - [条款 step_3] 得分: 2.0 | 理由: 学生写出的 01000 与标准答案一致。
         - [条款 step_4] 得分: 2.0 | 理由: 学生写出的 01101 与标准答案一致。
         - [条款 step_5] 得分: 2.0 | 理由: 学生写出的 01111 与标准答案一致。
         - [条款 step_6] 得分: 2.0 | 理由: 学生写出的 01001 与标准答案一致。
         - [条款 step_7] 得分: 5.0 | 理由: 学生文本描述中明确给出了正确执行顺序（用户程序→A→D→C→E→B），并指出阶梯状折线结构与屏蔽字标注，方向与流程正确。但仅凭文本描述无法完整核实具体图形细节（中断返回点、各层时序等），按宽大评分给部分分。
   ⏳ [V0 保护] 判决完成，休眠 2 秒...
   [第 2/3 次判决] 呼叫逻辑裁判...
      ✅ [裁判亮分] 总得分: 18.0
         - [条款 step_1] 得分: 2.0 | 理由: 学生给出的优先级序列 A>D>C>E>B 与标准答案完全一致，仅分隔符使用 > 而非 →，属格式差异。
         - [条款 step_2] 得分: 2.0 | 理由: 二进制位 1 1 1 1 1 与标准答案 11111 等价，仅空格分隔。
         - [条款 step_3] 得分: 2.0 | 理由: 位向量 0 1 0 0 0 与标准 01000 完全一致。
         - [条款 step_4] 得分: 2.0 | 理由: 位向量 0 1 1 0 1 与标准 01101 完全一致。
         - [条款 step_5] 得分: 2.0 | 理由: 位向量 0 1 1 1 1 与标准 01111 完全一致。
         - [条款 step_6] 得分: 2.0 | 理由: 位向量 0 1 0 0 1 与标准 01001 完全一致。
         - [条款 step_7] 得分: 6.0 | 理由: 提取出的描述包含了正确的执行顺序（用户程序→A→D→C→E→B，与 step_1 优先级一致）、阶梯状折线表示中断嵌套返回以及各级屏蔽字标注等核心要素，与标准图要求高度吻合。但因仅有文字描述，无法直接核对图像细节（如转折点、时间轴标注等），按宽松评分给予大部分分数。
   ⏳ [V0 保护] 判决完成，休眠 2 秒...
   [第 3/3 次判决] 呼叫逻辑裁判...
      ✅ [裁判亮分] 总得分: 18.0
         - [条款 step_1] 得分: 2.0 | 理由: 学生给出的顺序 A>D>C>E>B 与标准答案完全一致，仅分隔符使用 > 而非 →，属于格式差异，不影响正确性。
         - [条款 step_2] 得分: 2.0 | 理由: step_2 对应 A 级屏蔽字，学生填写 1 1 1 1 1，数值与标准答案 11111 完全一致。
         - [条款 step_3] 得分: 2.0 | 理由: step_3 对应 B 级屏蔽字，学生填写 0 1 0 0 0，与标准答案 01000 完全一致。
         - [条款 step_4] 得分: 2.0 | 理由: step_4 对应 C 级屏蔽字，学生填写 0 1 1 0 1，与标准答案 01101 完全一致。
         - [条款 step_5] 得分: 2.0 | 理由: step_5 对应 D 级屏蔽字，学生填写 0 1 1 1 1，与标准答案 01111 完全一致。
         - [条款 step_6] 得分: 2.0 | 理由: step_6 对应 E 级屏蔽字，学生填写 0 1 0 0 1，与标准答案 01001 完全一致。
         - [条款 step_7] 得分: 6.0 | 理由: 学生描述了正确的执行顺序（用户程序→A→D→C→E→B），并提到了阶梯状折线、屏蔽字标注等关键图表要素，核心内容正确。但由于仅提取到文字描述而非图像本身，无法完全验证图形细节的准确性，给予大部分分数。
💾 样本 ANS_CO_538.jpg 进度已保存。
⏳ 样本间冷却 15 秒...

👉 正在处理新样本: ANS_CO_540.jpg
   ⏳ [V0 保护] 脱敏清单生成完毕，休眠 2 秒...
   [单次视觉采样] 正在看图提取事实...
   ⏳ [V0 保护] 视觉提取完成，准备进入打分循环，休眠 2 秒...
   [第 1/3 次判决] 呼叫逻辑裁判...
      ✅ [裁判亮分] 总得分: 2.0
         - [条款 step_1] 得分: 2.0 | 理由: The student's priority sequence exactly matches the standard answer A → D → C → E → B.
         - [条款 step_2] 得分: 0 | 理由: The student provided '00000', which is the exact bitwise inverse of the correct mask word '11111', indicating a conceptual misunderstanding of the masking bit polarity.
         - [条款 step_3] 得分: 0 | 理由: The student provided '10111', which is the exact bitwise inverse of the correct mask word '01000', reversing the mask mapping.
         - [条款 step_4] 得分: 0 | 理由: The student provided '10010', which is the exact bitwise inverse of the correct mask word '01101', reversing the mask mapping.
         - [条款 step_5] 得分: 0 | 理由: The student provided '10000', which is the exact bitwise inverse of the correct mask word '01111', reversing the mask mapping.
         - [条款 step_6] 得分: 0 | 理由: The student provided '10110', which is the exact bitwise inverse of the correct mask word '01001', reversing the mask mapping.
         - [条款 step_7] 得分: 0 | 理由: The student's sequence A→C→D→E→B directly contradicts their own correct priority sequence in step 1 (and the standard sequence) by swapping C and D. It also lacks the return traces required in a standard execution diagram.
   ⏳ [V0 保护] 判决完成，休眠 2 秒...
   [第 2/3 次判决] 呼叫逻辑裁判...
      ✅ [裁判亮分] 总得分: 4.0
         - [条款 step_1] 得分: 2.0 | 理由: 学生给出的优先级顺序A>D>C>E>B与标准答案A→D→C→E→B完全一致，分隔符差异（>与→）属于格式差异，不影响正确性。
         - [条款 step_2] 得分: 0 | 理由: A级为最高优先级，其屏蔽字应为11111（屏蔽所有低级中断），学生写00000恰好为标准答案的逐位取反，属于屏蔽位约定的根本性概念错误，导致屏蔽语义完全反转。
         - [条款 step_3] 得分: 0 | 理由: 学生答案10111与标准答案01000互为逐位取反，屏蔽语义完全相反，属于屏蔽位约定的概念性错误。
         - [条款 step_4] 得分: 0 | 理由: 学生答案10010与标准答案01101互为逐位取反，屏蔽语义完全相反，属于屏蔽位约定的概念性错误。
         - [条款 step_5] 得分: 0 | 理由: 学生答案10000与标准答案01111互为逐位取反，屏蔽语义完全相反，属于屏蔽位约定的概念性错误。
         - [条款 step_6] 得分: 0 | 理由: 学生答案10110与标准答案01001互为逐位取反，屏蔽语义完全相反，属于屏蔽位约定的概念性错误。
         - [条款 step_7] 得分: 2.0 | 理由: 学生提供了阶梯形执行顺序的描述，体现了对中断嵌套阶梯模式概念的理解，但执行顺序中A→C→D与优先级A→D→C不一致（C与D位置交换），且由于所有屏蔽字均使用了错误的取反约定，据此推导的执行图也存在错误。给予部分分，认可阶梯形概念但具体顺序不正确。
   ⏳ [V0 保护] 判决完成，休眠 2 秒...
   [第 3/3 次判决] 呼叫逻辑裁判...
      ✅ [裁判亮分] 总得分: 4.0
         - [条款 step_1] 得分: 2.0 | 理由: 学生给出的优先级顺序 A>D>C>E>B 与标准答案 A→D→C→E→B 完全一致，仅分隔符使用 > 代替 →，属于格式差异，不影响正确性。
         - [条款 step_2] 得分: 0 | 理由: 学生写的屏蔽字 00000 与标准答案 11111 完全相反，是逐位取反。A级作为最高优先级应当屏蔽所有低优先级中断（全1），学生给出全0表示不屏蔽任何中断，属于核心概念错误。
         - [条款 step_3] 得分: 0 | 理由: 学生写的屏蔽字 10111 是标准答案 01000 的逐位取反。B级为最低优先级，应当只能屏蔽自身（仅自身位为1），学生给出相反结果，属于屏蔽约定理解错误。
         - [条款 step_4] 得分: 0 | 理由: 学生写的屏蔽字 10010 是标准答案 01101 的逐位取反。C级应屏蔽自身及更低优先级的B和E，学生给出相反的屏蔽关系，核心概念错误。
         - [条款 step_5] 得分: 0 | 理由: 学生写的屏蔽字 10000 是标准答案 01111 的逐位取反。D级为第二高优先级，应屏蔽自身及B、C、E，学生给出完全相反的结果。
         - [条款 step_6] 得分: 0 | 理由: 学生写的屏蔽字 10110 是标准答案 01001 的逐位取反。E级应屏蔽自身及B，学生给出相反结果，屏蔽约定系统性错误。
         - [条款 step_7] 得分: 2.0 | 理由: 学生理解了阶梯形执行顺序的概念（正确概念），但执行顺序 A→C→D→E→B 中 C 和 D 的位置与正确的优先级顺序 A→D→C→E→B 不符（C与D颠倒了），且该顺序基于前述错误的屏蔽字推导。给25%部分分。
💾 样本 ANS_CO_540.jpg 进度已保存。
⏳ 样本间冷却 15 秒...

📊 采样完成。平均方差: 0.3804
Item-level variance: avg=0.0467, max=0.8889
⚠️ 方差超标！开始基于高方差样本修正标准...
🔧 [规则修正] 正在基于 3 份精选样本优化规则...
🔧 [规则修正] 正在基于 3 份高方差样本优化规则...
   ✅ 规则修正成功！
🎉 修正后的最终标准已通过总分校验。
[rubric manifest] saved: /home/E125221219/projects/refgrader/data/csbench/rubrics/manifests/CO/CO_2_optimization.json

============================================================
🔬 [断点续传模式] 处理题目: CO_3
============================================================
force-rerun enabled; restart from the immutable initial rubric and ignore the existing optimized rubric.
Loaded immutable initial rubric: /home/E125221219/projects/refgrader/data/csbench/rubrics/initial/CO/CO_3_rubric_standard.json
force-rerun enabled; ignore old variance checkpoint for this question.
[data isolation] variance optimization is restricted to 10 calibration answers.

👉 正在处理新样本: ANS_CO_140.jpg
   ⏳ [V0 保护] 脱敏清单生成完毕，休眠 2 秒...
   [单次视觉采样] 正在看图提取事实...
   ⏳ [V0 保护] 视觉提取完成，准备进入打分循环，休眠 2 秒...
   [第 1/3 次判决] 呼叫逻辑裁判...
      ✅ [裁判亮分] 总得分: 3.5
         - [条款 step_1] 得分: 0 | 理由: 学生在 x-2y = 36H - A8H 上写出的中间结果异常（'100010' 与 8EH 不符），且关键结论与标准答案相反——学生判定为'无溢出'，而正确结论应为'有溢出'。核心结论错误，属于概念/结论性错误。
         - [条款 step_2] 得分: 3.5 | 理由: 学生最终得到 10110111 (=B7H)，与标准答案 B7H=-73 在主位上一致（仅尾部'.1'为非本质瑕疵），且展示了 x÷4 与 +2z 的运算过程痕迹，方法路径正确。但题目要求'及判断溢出'，学生未写出明确溢出结论词，故按宽松评分给予部分分而非满分。
   ⏳ [V0 保护] 判决完成，休眠 2 秒...
   [第 2/3 次判决] 呼叫逻辑裁判...
      ✅ [裁判亮分] 总得分: 3.0
         - [条款 step_1] 得分: 0 | 理由: 学生在计算x-2y时，直接减去了01010100（54H），误将y当作2y进行运算。同时最终结果（100010）错误，且得出的“无溢出”结论与标准答案的“发生溢出”完全相反。
         - [条款 step_2] 得分: 3.0 | 理由: 学生的计算过程得出结果10110111.1，忽略因算术位移带来的小数点细节，其核心数值结果10110111（B7H）与标准答案相符。但由于缺失对该式是否溢出的明确结论，未完全满足题目要求，故给予部分分数。
   ⏳ [V0 保护] 判决完成，休眠 2 秒...
   [第 3/3 次判决] 呼叫逻辑裁判...
      ✅ [裁判亮分] 总得分: 5.0
         - [条款 step_1] 得分: 1.0 | 理由: 学生正确给出了 x补=36H 与 y补=54H 的初始值，构成部分过程证据；但计算过程仅可见减去一次 y (01010100) 而未见 2y=A8H 的正确处理，且最终结论‘无溢出’与标准答案‘有溢出’相反，属核心结论错误。依据评分规则9给予少量过程分。
         - [条款 step_2] 得分: 4.0 | 理由: 学生最终得到 10110111 (=B7H=-73)，与标准答案 B7H=-73 一致，且显示了 x÷4=00001101、加 z 等运算痕迹，方法证据基本充分；但中间出现小数 .1 的格式瑕疵，且未见明确的‘无溢出’判断结论。按宽松评分，最终答案正确给予较高分数，扣除缺失结论分。
💾 样本 ANS_CO_140.jpg 进度已保存。
⏳ 样本间冷却 15 秒...

👉 正在处理新样本: ANS_CO_154.jpg
   ⏳ [V0 保护] 脱敏清单生成完毕，休眠 2 秒...
   [单次视觉采样] 正在看图提取事实...
   ⏳ [V0 保护] 视觉提取完成，准备进入打分循环，休眠 2 秒...
   [第 1/3 次判决] 呼叫逻辑裁判...
      ✅ [裁判亮分] 总得分: 5.0
         - [条款 step_1] 得分: 0 | 理由: 虽然补码结果8EH数值上正确，但学生错误地将原码直接用于加减运算，且得出'结果均不溢出'的错误结论，核心概念和最终判断完全错误。
         - [条款 step_2] 得分: 5.0 | 理由: 学生正确计算出最终补码结果B7H（10110111）并得出了未溢出的正确结论，尽管省略了中间步骤，但在宽容评分标准下，二进制与十六进制转换体现了有效计算过程，完全匹配。
   ⏳ [V0 保护] 判决完成，休眠 2 秒...
   [第 2/3 次判决] 呼叫逻辑裁判...
         [GLM-5 retry 1/4] APITimeoutError: Request timed out.... wait 5s
      ✅ [裁判亮分] 总得分: 7.5
         - [条款 step_1] 得分: 2.5 | 理由: 学生正确得出了 x-2y 的补码结果 8EH，但错误地判断了溢出情况（声称 OF=0 且没有发生溢出）。由于一半要求（数值计算）正确，另一半（溢出判断）错误，给予一半的分数。
         - [条款 step_2] 得分: 5.0 | 理由: 学生正确计算出 (x÷4)+2z 的补码结果为 B7H，并且正确判断未发生溢出（OF=0）。同时提供了必要的原码转换过程作为步骤证明，符合满分标准。
   ⏳ [V0 保护] 判决完成，休眠 2 秒...
   [第 3/3 次判决] 呼叫逻辑裁判...
      ✅ [裁判亮分] 总得分: 7.5
         - [条款 step_1] 得分: 2.5 | 理由: 学生正确计算了 x - 2y 的补码结果（8EH），但错误判断了溢出状态（回答 OF=0 且不溢出，标准答案为发生溢出 OF=1），因此给予部分分数。
         - [条款 step_2] 得分: 5.0 | 理由: 学生正确计算出了 (x÷4) + 2z 的补码结果（B7H），并准确判断出未发生溢出（OF=0），符合标准答案要求。
💾 样本 ANS_CO_154.jpg 进度已保存。
⏳ 样本间冷却 15 秒...

👉 正在处理新样本: ANS_CO_173.jpg
   ⏳ [V0 保护] 脱敏清单生成完毕，休眠 2 秒...
   [单次视觉采样] 正在看图提取事实...
   ⏳ [V0 保护] 视觉提取完成，准备进入打分循环，休眠 2 秒...
   [第 1/3 次判决] 呼叫逻辑裁判...
      ✅ [裁判亮分] 总得分: 0
         - [条款 step_1] 得分: 0 | 理由: The student calculated x-2y as 0EH, which contradicts the standard correct value of 8EH, indicating a fundamental computational error with the initial parameters. Furthermore, the required overflow judgment is completely missing.
         - [条款 step_2] 得分: 0 | 理由: The student mistakenly equated x÷4 to 14 (the result from the previous step) instead of actually calculating it. This conceptual error leads to an incorrect final answer (B8H instead of B7H). Additionally, the required overflow judgment is missing.
   ⏳ [V0 保护] 判决完成，休眠 2 秒...
   [第 2/3 次判决] 呼叫逻辑裁判...
      ✅ [裁判亮分] 总得分: 1
         - [条款 step_1] 得分: 0 | 理由: 学生代换计算得出的结果 0EH 与标准答案 8EH 不符，且明确未书写溢出判断。最终结论与核心要求均错误或缺失。
         - [条款 step_2] 得分: 1 | 理由: 学生展示了正确的补码加法运算过程和逻辑（通过双重相加实现乘2），体现了具体的计算方法；但由于代入的初始值错误导致最终结果错算为 B8H（10111000），且未书写溢出判断。给予部分过程分。
   ⏳ [V0 保护] 判决完成，休眠 2 秒...
   [第 3/3 次判决] 呼叫逻辑裁判...
      ✅ [裁判亮分] 总得分: 0
         - [条款 step_1] 得分: 0 | 理由: The student substitutes entirely incorrect initial values (-74, -44 instead of 54, -88) leading to a wrong final answer (0E H instead of 8E H). Additionally, the required overflow judgment is explicitly marked as unwritten.
         - [条款 step_2] 得分: 0 | 理由: The student makes a severe conceptual error by carrying over the result of the first calculation (14) as the value for x ÷ 4, resulting in an incorrect final answer (B8H instead of B7H). Furthermore, the required overflow judgment is missing.
💾 样本 ANS_CO_173.jpg 进度已保存。
⏳ 样本间冷却 15 秒...

👉 正在处理新样本: ANS_CO_174.jpg
   ⏳ [V0 保护] 脱敏清单生成完毕，休眠 2 秒...
   [单次视觉采样] 正在看图提取事实...
   ⏳ [V0 保护] 视觉提取完成，准备进入打分循环，休眠 2 秒...
   [第 1/3 次判决] 呼叫逻辑裁判...
      ✅ [裁判亮分] 总得分: 8.5
         - [条款 step_1] 得分: 5.0 | 理由: 学生正确求出 [-2Y]补=01011000，将 X-2Y 转化为补码加法 00110110+01011000=10001110=8EH，结果与标准答案一致。OF=1 判断正确（正数+正数=负数，发生溢出）。计算过程完整，最终答案正确，给满分。
         - [条款 step_2] 得分: 3.5 | 理由: 学生正确计算 x÷4=00001101 和 2Z=10101010，二进制加法 00001101+10101010=10110111 正确（即 B7H），OF=0 溢出判断正确。但学生将 10110111 的十六进制标注为 B3H 而非 B7H（1011=B, 0111=7），属十六进制转换的笔误，核心计算值与结论正确。按 FORMAT_MINOR 给 70% 分。
   ⏳ [V0 保护] 判决完成，休眠 2 秒...
   [第 2/3 次判决] 呼叫逻辑裁判...
      ✅ [裁判亮分] 总得分: 9.0
         - [条款 step_1] 得分: 5.0 | 理由: The student correctly identifies the binary representations for X and -2Y, performs the addition correctly to get 10001110 (8EH), and accurately states the overflow flag OF=1. Fully satisfies the rubric.
         - [条款 step_2] 得分: 4.0 | 理由: The student correctly computes the binary addition as 10110111 and correctly determines OF=0. However, there is a minor typo in the final hexadecimal conversion where 10110111 is written as B3H instead of B7H.
   ⏳ [V0 保护] 判决完成，休眠 2 秒...
   [第 3/3 次判决] 呼叫逻辑裁判...
      ✅ [裁判亮分] 总得分: 9.0
         - [条款 step_1] 得分: 5.0 | 理由: The student correctly computes the two's complement binary addition (00110110 + 01011000 = 10001110) and accurately identifies the final result as 8EH with overflow occurring (OF=1).
         - [条款 step_2] 得分: 4.0 | 理由: The student correctly computes the binary addition (00001101 + 10101010 = 10110111) and correctly concludes that there is no overflow (OF=0). However, they made a minor transcription typo by converting 10110111 to B3H instead of B7H. Partial credit awarded for the correct method and binary trace.
💾 样本 ANS_CO_174.jpg 进度已保存。
⏳ 样本间冷却 15 秒...

👉 正在处理新样本: ANS_CO_186.jpg
   ⏳ [V0 保护] 脱敏清单生成完毕，休眠 2 秒...
   [单次视觉采样] 正在看图提取事实...
   ⏳ [V0 保护] 视觉提取完成，准备进入打分循环，休眠 2 秒...
   [第 1/3 次判决] 呼叫逻辑裁判...
         [GLM-5 retry 1/4] APITimeoutError: Request timed out.... wait 5s
         [GLM-5 retry 2/4] APITimeoutError: Request timed out.... wait 10s
         [GLM-5 retry 3/4] APITimeoutError: Request timed out.... wait 15s
         [GLM-5 retry 4/4] APITimeoutError: Request timed out.... wait 20s
         [GLM-5 retry 1/4] APITimeoutError: Request timed out.... wait 5s
      ✅ [裁判亮分] 总得分: 8.0
         - [条款 step_1] 得分: 3.0 | 理由: 最终数值 8E 与标准答案一致，计算过程（将 2y 拆为 y+y 后用补码相加）也是连贯的；但学生明确写出‘未溢出’，与标准‘发生溢出’结论相反。计算正确但溢出判断错误，属部分正确。
         - [条款 step_2] 得分: 5.0 | 理由: 最终结果 B7H 与标准一致，溢出判断‘未溢出’正确，计算过程将 X÷4 实际按右移2位得到 000001101、2Z=110101010 并相加，过程证据充分。‘左移2位’的措辞与实际右移操作相矛盾，但实际执行结果正确，按宽松评分不计扣分。
   ⏳ [V0 保护] 判决完成，休眠 2 秒...
   [第 2/3 次判决] 呼叫逻辑裁判...
         [GLM-5 retry 1/4] APITimeoutError: Request timed out.... wait 5s
         [GLM-5 retry 2/4] APITimeoutError: Request timed out.... wait 10s
         [GLM-5 retry 3/4] APITimeoutError: Request timed out.... wait 15s
         [GLM-5 retry 4/4] APITimeoutError: Request timed out.... wait 20s
         [GLM-5 retry 1/4] APITimeoutError: Request timed out.... wait 5s
         [GLM-5 retry 2/4] APITimeoutError: Request timed out.... wait 10s
         [GLM-5 retry 3/4] APITimeoutError: Request timed out.... wait 15s
         [GLM-5 retry 4/4] APITimeoutError: Request timed out.... wait 20s
      ✅ [裁判亮分] 总得分: 7.5
         - [条款 step_1] 得分: 2.5 | 理由: 中间计算思路合理（用 -y-y 规避 2y 自身溢出），最终十六进制值 8EH 与标答一致；但溢出判断错误（结论为未溢出，与标答矛盾），且未对 8 位带符号数表示范围进行判断，属核心结论错误，按部分分给分。
         - [条款 step_2] 得分: 5.0 | 理由: 最终补码结果 B7H 与标答一致，溢出判断（未溢出）正确，且展示了 X÷4、2Z 计算及加法过程。虽将 X÷4 文字描述误写为“左移”，但实际数值 000001101 是右移结果，计算结论正确，按宽容评分给满分。
   ⏳ [V0 保护] 判决完成，休眠 2 秒...
   [第 3/3 次判决] 呼叫逻辑裁判...
         [GLM-5 retry 1/4] APITimeoutError: Request timed out.... wait 5s
         [GLM-5 retry 2/4] APITimeoutError: Request timed out.... wait 10s
         [GLM-5 retry 3/4] APITimeoutError: Request timed out.... wait 15s
         [GLM-5 retry 4/4] APITimeoutError: Request timed out.... wait 20s
         [GLM-5 retry 1/4] APITimeoutError: Request timed out.... wait 5s
         [GLM-5 retry 2/4] APITimeoutError: Request timed out.... wait 10s
         [GLM-5 retry 3/4] APITimeoutError: Request timed out.... wait 15s
         [GLM-5 retry 4/4] APITimeoutError: Request timed out.... wait 20s
         [GLM-5 retry 1/4] APITimeoutError: Request timed out.... wait 5s
         [GLM-5 retry 2/4] APITimeoutError: Request timed out.... wait 10s
      ✅ [裁判亮分] 总得分: 7.0
         - [条款 step_1] 得分: 3.0 | 理由: 学生正确识别了2y左移溢出，采用 X-y-y 拆分方法避免了中间溢出，最终补码值 8E 与标准答案一致，过程清晰。但学生最终给出'未溢出'结论，与标准答案'发生溢出'不一致。学生实质上指出2y本身溢出，仅最终汇总判断与标准不同。给予部分分数。
         - [条款 step_2] 得分: 4.0 | 理由: 最终结果 B7H 与标准一致，'未溢出'结论与标准一致。但学生在文字说明中将 X÷4 描述为'左移2位'(应为右移2位)，存在概念表述错误；不过实际计算 000001101 正确反映了右移结果，2Z=110101010 也正确，加法过程给出正确 B7。属于概念表述瑕疵但核心计算正确，扣少量分。
💾 样本 ANS_CO_186.jpg 进度已保存。
⏳ 样本间冷却 15 秒...

📊 采样完成。平均方差: 0.5111
Item-level variance: avg=0.2333, max=1.3889
⚠️ 方差超标！开始基于高方差样本修正标准...
🔧 [规则修正] 正在基于 3 份精选样本优化规则...
🔧 [规则修正] 正在基于 3 份高方差样本优化规则...
   ✅ 规则修正成功！
🎉 修正后的最终标准已通过总分校验。
[rubric manifest] saved: /home/E125221219/projects/refgrader/data/csbench/rubrics/manifests/CO/CO_3_optimization.json

============================================================
🔬 [断点续传模式] 处理题目: CO_4
============================================================
Loaded immutable initial rubric: /home/E125221219/projects/refgrader/data/csbench/rubrics/initial/CO/CO_4_rubric_standard.json
force-rerun enabled; ignore old variance checkpoint for this question.
[data isolation] variance optimization is restricted to 9 calibration answers.

👉 正在处理新样本: ANS_CO_647.jpg
   ⏳ [V0 保护] 脱敏清单生成完毕，休眠 2 秒...
   [单次视觉采样] 正在看图提取事实...
   ⏳ [V0 保护] 视觉提取完成，准备进入打分循环，休眠 2 秒...
   [第 1/3 次判决] 呼叫逻辑裁判...
      ✅ [裁判亮分] 总得分: 13.5
         - [条款 step_1] 得分: 3.0 | 理由: 学生正确算出 8MB = 2^23 B，并得出物理地址位数为 23 位（'共2³位'为提取中超脚标渲染问题，应为'共23位'）。核心计算和结论正确。
         - [条款 step_2] 得分: 3.0 | 理由: 学生正确计算 2KB = 2^11 B，并得出块内偏移 11 位。与标准答案完全一致。
         - [条款 step_3] 得分: 3.0 | 理由: 学生明确给出组号 4 位，结果正确。题目要求'明确指出'，学生已给出正确值。
         - [条款 step_4] 得分: 2.0 | 理由: 主存地址格式三个字段（标记8位、组号4位、块内偏移11位）均正确，与标准答案一致。
         - [条款 step_5] 得分: 0.5 | 理由: 学生写出了组号4位和块内偏移11位，但缺少'组内块号1位'字段。格式不完整，2/3字段正确。
         - [条款 step_6] 得分: 0.0 | 理由: 学生判断为'命中'，但标准答案为'未命中'，结论相反。tag值（010110）也与标准（01011010）不符。核心结论错误。
         - [条款 step_7] 得分: 2.0 | 理由: 学生正确判断'命中'，tag（1111110 ≈ 11111110）基本正确，但命中块号写'块3'而标准为'块1'，具体块号判定错误。部分正确。
   ⏳ [V0 保护] 判决完成，休眠 2 秒...
   [第 2/3 次判决] 呼叫逻辑裁判...
      ✅ [裁判亮分] 总得分: 13.5
         - [条款 step_1] 得分: 3.0 | 理由: 学生正确写出 8MB=2^23B 的换算并指出物理地址共23位（'共2³位'为'共23位'的转录表示），核心结论正确。
         - [条款 step_2] 得分: 3.0 | 理由: 学生正确写出 2KB=2^11B 的换算并得出块内地址11位，与标准答案完全一致。
         - [条款 step_3] 得分: 3.0 | 理由: 学生明确给出组号4位，与标准答案一致。
         - [条款 step_4] 得分: 2.0 | 理由: 学生正确给出主存地址三段格式：标记8位、组号4位、块内地址11位，总23位，与标准答案完全吻合。
         - [条款 step_5] 得分: 0.5 | 理由: 学生给出了组号4位和块内偏移11位，但遗漏了组内块号1位（2路组相联需要1位区分组内两块）。Cache地址总位数不足（15位 vs 应有的16位），部分正确。
         - [条款 step_6] 得分: 0.0 | 理由: 学生得出'命中'的结论，与标准答案'未命中'直接矛盾。标记位也不完整（010110 vs 01011010B），且声称命中cache块3，而组0内只有块0和块1。核心结论错误。
         - [条款 step_7] 得分: 2.0 | 理由: 学生正确判断为'命中'，地址7F0057H也正确。但标记位缺少一位（1111110 vs 11111110B），且命中块号错误（块3 vs 块1）。关键结论正确但理由和块号有误，给予部分分。
   ⏳ [V0 保护] 判决完成，休眠 2 秒...
   [第 3/3 次判决] 呼叫逻辑裁判...
      ✅ [裁判亮分] 总得分: 13.5
         - [条款 step_1] 得分: 3.0 | 理由: 学生正确写出8MB=2^23B，'共2³位'为'共23位'的转录丢失上标，且step_4中8+4+11=23位证明学生实际使用了23位。全分。
         - [条款 step_2] 得分: 3.0 | 理由: 学生正确计算2KB=2^11B并得出块内偏移11位，与标准答案完全一致。
         - [条款 step_3] 得分: 3.0 | 理由: 学生明确指出组号4位，与标准答案一致。
         - [条款 step_4] 得分: 2.0 | 理由: 学生主存地址格式三个字段位数（8+4+11=23）完全正确，与标准答案一致。
         - [条款 step_5] 得分: 0.5 | 理由: 学生正确写出组号4位和块内偏移11位，但遗漏了'组内块号1位'，导致Cache地址总位数只有15位而非16位，缺少2路组相联的块号字段。部分正确。
         - [条款 step_6] 得分: 0 | 理由: 学生写出的地址(207FH)与原题(2D07FFH)不符，标记位不完整(6位而非8位)，且结论'命中'与正确结论'未命中'完全相反，属于核心结论错误。
         - [条款 step_7] 得分: 2.0 | 理由: 学生正确识别地址并正确判断为'命中'，关键结论正确。但标记位写成7位(1111110)而非8位(11111110)，且命中的Cache块号应为块1而非块3，细节有误。按lenient policy给半分。
💾 样本 ANS_CO_647.jpg 进度已保存。
⏳ 样本间冷却 15 秒...

👉 正在处理新样本: ANS_CO_687.jpg
   ⏳ [V0 保护] 脱敏清单生成完毕，休眠 2 秒...
   [单次视觉采样] 正在看图提取事实...
   ⏳ [V0 保护] 视觉提取完成，准备进入打分循环，休眠 2 秒...
   [第 1/3 次判决] 呼叫逻辑裁判...
      ✅ [裁判亮分] 总得分: 12.0
         - [条款 step_1] 得分: 3.0 | 理由: 学生指出8M=2^23，正确计算出了物理地址总位数为23位，符合评分要求。
         - [条款 step_2] 得分: 3.0 | 理由: 学生正确计算得出字块内地址（块内偏移）为11位，与标准答案一致。
         - [条款 step_3] 得分: 0.0 | 理由: 学生使用了主存容量（8M）而非Cache容量来计算Cache组数，导致组地址位数计算存在根本性的概念错误。
         - [条款 step_4] 得分: 0.0 | 理由: 由于上一步概念错误，导致主存地址格式完全错误（1位 | 11位 | 11位），核心位数不正确。
         - [条款 step_5] 得分: 0.0 | 理由: 提取内容显示学生未书写该部分，无相关作答。
         - [条款 step_6] 得分: 2.0 | 理由: 学生正确进行了进制转换并得出了“未命中”的正确结论，但缺失必要的具体比对理由和过程。给予一半的过程与结论分。
         - [条款 step_7] 得分: 4.0 | 理由: 学生给出了正确的“命中”结论，且指出匹配的块标记为1111 1110。此逻辑与标准答案中给定的推导及结论完全吻合。
   ⏳ [V0 保护] 判决完成，休眠 2 秒...
   [第 2/3 次判决] 呼叫逻辑裁判...
      ✅ [裁判亮分] 总得分: 11.0
         - [条款 step_1] 得分: 3.0 | 理由: 学生写出8M=2^23，明确识别物理地址为23位，满足本项要求。后续tag计算错误不影响此步得分。
         - [条款 step_2] 得分: 3.0 | 理由: 学生正确得出块内偏移为11位，与标准答案一致。
         - [条款 step_3] 得分: 0.0 | 理由: 学生用主存容量除以块大小再除以路数来计算组地址位数，方法概念性错误。组号位数应由Cache配置决定（32块/2路=16组=2^4，需4位），学生得出11位，核心概念错误。
         - [条款 step_4] 得分: 0.0 | 理由: 学生得出Tag(1位)|组地址(11位)|块内偏移(11位)，正确格式应为Tag(8位)|组号(4位)|偏移(11位)。各字段位数均错误，属核心格式错误。
         - [条款 step_5] 得分: 0.0 | 理由: 学生未书写Cache地址格式相关内容。
         - [条款 step_6] 得分: 2.0 | 理由: 学生正确完成了二进制转换且结论（未命中）正确，但仅写"经对照"未展示具体比较过程（未提取tag、未与Cache表项对比），理由说明不足。基于正确结论给予部分分。
         - [条款 step_7] 得分: 3.0 | 理由: 学生正确识别tag为11111110B且结论（命中）正确，hex有笔误(7FD057→7F0057)但二进制正确。虽然未明确指出命中的是Cache块1，但tag识别和命中判断均正确，给予较高部分分。
   ⏳ [V0 保护] 判决完成，休眠 2 秒...
   [第 3/3 次判决] 呼叫逻辑裁判...
      ✅ [裁判亮分] 总得分: 11.0
         - [条款 step_1] 得分: 3.0 | 理由: 学生明确写出 8M=2^23，表明物理地址为23位，满足本题要求。
         - [条款 step_2] 得分: 3.0 | 理由: 学生正确得出块内偏移为11位，与标准答案一致。
         - [条款 step_3] 得分: 0.0 | 理由: 学生用主存容量除以块大小再除以路数来计算组地址位数，方法完全错误。组号位数应由Cache结构决定（32块/2路=16组=2^4，4位），而非主存容量推导。
         - [条款 step_4] 得分: 0.0 | 理由: 由于组号位数错误（11位而非4位），导致主存地址格式严重错误（1|11|11而非8|4|11），标记位数仅为1位与标准答案8位矛盾。
         - [条款 step_5] 得分: 0.0 | 理由: 学生明确标注"未书写"，未提供任何Cache地址格式信息。
         - [条款 step_6] 得分: 2.0 | 理由: 学生正确完成了十六进制到二进制的转换，且最终结论（未命中）正确。但推理过程仅写"经对照"，未展示基于tag/组号的比较细节，且所用地址格式本身有误，部分得分。
         - [条款 step_7] 得分: 3.0 | 理由: 学生正确提取了块标记1111 1110（与标准答案一致），结论（命中）正确，hex转二进制也正确（虽有hex标签笔误7FD057但内容对应7F0057）。但推理仅写"经对照"和"∵块标记"，未明确展示与Cache表项的比较过程，扣1分。
💾 样本 ANS_CO_687.jpg 进度已保存。
⏳ 样本间冷却 15 秒...

👉 正在处理新样本: ANS_CO_693.jpg
   ⏳ [V0 保护] 脱敏清单生成完毕，休眠 2 秒...
   [单次视觉采样] 正在看图提取事实...
   ⏳ [V0 保护] 视觉提取完成，准备进入打分循环，休眠 2 秒...
   [第 1/3 次判决] 呼叫逻辑裁判...
      ✅ [裁判亮分] 总得分: 16.5
         - [条款 step_1] 得分: 3.0 | 理由: Student correctly identifies 8MB = 2^23, which directly implies a 23-bit physical address.
         - [条款 step_2] 得分: 3.0 | 理由: Student correctly converts 2KB = 2^11, yielding the 11-bit block offset. The phrasing '每组' is imprecise but the key derivation (2^11 → 11 bits) is correct.
         - [条款 step_3] 得分: 3.0 | 理由: Student correctly computes 32/2 = 16 groups = 2^4, implying 4-bit Cache group number.
         - [条款 step_4] 得分: 1.0 | 理由: Student mentions the 4-bit group number and references block tag, but does not state the complete format (8-bit tag | 4-bit group | 11-bit offset). Partial credit for correct group number.
         - [条款 step_5] 得分: 0.5 | 理由: The 4-bit group number is correct, but the student describes a 7-bit block tag which is incorrect and does not match the required Cache address format (4 | 1 | 11). Minimal partial credit for the group number.
         - [条款 step_6] 得分: 3.0 | 理由: Correct final conclusion (miss/不能访问) and correct binary conversion provide valid process evidence. However, the student does not explain the reason (tag comparison, group contents mismatch). Partial credit for correct conclusion with incomplete reasoning.
         - [条款 step_7] 得分: 3.0 | 理由: Correct final conclusion (hit/能访问). Binary conversion has a minor error in the last nibble (1111 instead of 0111) but this falls in the offset field and does not affect the hit/miss judgment. The student does not provide the detailed tag-matching reason. Partial credit for correct conclusion with incomplete reasoning.
   ⏳ [V0 保护] 判决完成，休眠 2 秒...
   [第 2/3 次判决] 呼叫逻辑裁判...
      ✅ [裁判亮分] 总得分: 14.5
         - [条款 step_1] 得分: 3.0 | 理由: Student correctly states 8MB = 2^23, which directly implies a 23-bit physical address.
         - [条款 step_2] 得分: 3.0 | 理由: Student correctly identifies 2KB = 2^11, establishing the 11-bit block offset. Phrasing '每组' is imprecise but the value 2^11 is correct.
         - [条款 step_3] 得分: 3.0 | 理由: Student correctly computes 32/2 = 16 groups = 2^4, implying 4-bit cache group number.
         - [条款 step_4] 得分: 0.5 | 理由: Student references 4-bit group and block tag concepts but never states the critical 8-bit tag width. The extracted text is garbled and does not present a complete correct address format.
         - [条款 step_5] 得分: 0 | 理由: Student states a 7-bit block tag in the cache address, which is wrong (should be 1-bit way selector + 11-bit offset). The cache address format is fundamentally incorrect.
         - [条款 step_6] 得分: 2.5 | 理由: Student provides correct binary conversion and correct miss conclusion. However, no explanation of tag matching, group field, or why it misses is given. Correct conclusion with binary process evidence but missing required reasoning.
         - [条款 step_7] 得分: 2.5 | 理由: Student gives correct hit conclusion and mostly correct binary expansion (minor transcription error in last nibble of offset field, which does not affect tag/group analysis). No explanation of tag matching or which block is hit is provided.
   ⏳ [V0 保护] 判决完成，休眠 2 秒...
   [第 3/3 次判决] 呼叫逻辑裁判...
      ✅ [裁判亮分] 总得分: 14.5
         - [条款 step_1] 得分: 3.0 | 理由: 学生正确写出 8MB = 2^23，23 位地址直接由此隐含得出，符合要求。
         - [条款 step_2] 得分: 3.0 | 理由: 学生正确给出 2KB = 2^11，对应块内偏移 11 位。虽然术语说"组"而非"块"，但数值关系完全正确。
         - [条款 step_3] 得分: 3.0 | 理由: 学生正确计算 32/2=16 组=2^4，组号 4 位，计算过程完整正确。
         - [条款 step_4] 得分: 1.0 | 理由: 学生提到 4 位组号（正确），但块标记位数为 7 位（step_5 中写 7位块标记），正确应为 8 位（23−4−11=8）。地址格式不完整且标记位数有误。
         - [条款 step_5] 得分: 0.5 | 理由: 学生提到 4 位组号（正确），但 Cache 地址格式应包含组内块号 1 位和块内偏移 11 位，学生未正确列出。7位块标记与 Cache 地址格式无关且数值错误。
         - [条款 step_6] 得分: 2.0 | 理由: 学生正确完成二进制转换并得出"未命中"的正确结论，但缺少关于 tag 匹配、组号字段分析及为何未命中的具体理由。
         - [条款 step_7] 得分: 2.0 | 理由: 学生正确得出"命中"结论，有二进制转换过程（最后四位有微小错误，不影响 tag/组号判断）。但缺少关于 tag 匹配、组内块比较及命中哪一块的具体理由说明。
💾 样本 ANS_CO_693.jpg 进度已保存。
⏳ 样本间冷却 15 秒...

👉 正在处理新样本: ANS_CO_696.jpg
   ⏳ [V0 保护] 脱敏清单生成完毕，休眠 2 秒...
   [单次视觉采样] 正在看图提取事实...
   ⏳ [V0 保护] 视觉提取完成，准备进入打分循环，休眠 2 秒...
   [第 1/3 次判决] 呼叫逻辑裁判...
      ✅ [裁判亮分] 总得分: 20.0
         - [条款 step_1] 得分: 3.0 | 理由: 学生正确推导主存容量8MB=2^23B，得出物理地址23位，与标准答案一致。
         - [条款 step_2] 得分: 3.0 | 理由: 学生正确将2KB转换为2^11，得出块内地址占11位，与标准答案一致。
         - [条款 step_3] 得分: 3.0 | 理由: 学生正确计算32块/2路=16组=2^4，组号占4位，推理过程清晰且结论正确。
         - [条款 step_4] 得分: 2.0 | 理由: 学生给出的主存地址格式各字段位数（8位、4位、11位）与标准答案完全一致，总位数23位吻合。
         - [条款 step_5] 得分: 1.0 | 理由: 学生给出的Cache地址各字段位数（4位、1位、11位）与标准答案完全一致，虽将'组内块号'标为'标记'但数值结构正确，属可接受的命名差异。
         - [条款 step_6] 得分: 4.0 | 理由: 学生正确提取组号0000对应Cache组0，正确计算出tag位1011010（省略前导0为01011010），识别组内块0和块1，结论未命中正确。理由链条完整。
         - [条款 step_7] 得分: 4.0 | 理由: 学生正确提取组号0000对应Cache组0，正确计算出tag=11111110，正确匹配到块1，结论命中正确。与标准答案完全一致。
   ⏳ [V0 保护] 判决完成，休眠 2 秒...
   [第 2/3 次判决] 呼叫逻辑裁判...
      ✅ [裁判亮分] 总得分: 20.0
         - [条款 step_1] 得分: 3.0 | 理由: 学生明确写出8MB=2²³B，得到23位，与标准答案完全一致。
         - [条款 step_2] 得分: 3.0 | 理由: 2KB=2¹¹B，得11位块内偏移，完全正确。
         - [条款 step_3] 得分: 3.0 | 理由: 32块/2路=16组=2⁴，组号占4位，推导与结果都正确。
         - [条款 step_4] 得分: 2.0 | 理由: 学生给出的字段顺序和位数均与标准一致。
         - [条款 step_5] 得分: 1.0 | 理由: Cache地址格式4+1+11位，与标准答案一致（学生用'标记'表述组内块号，含义一致）。
         - [条款 step_6] 得分: 4.0 | 理由: 学生正确拆分地址：偏移=后11位、组号=0000、tag=1011010(数值上等价于01011010B)，并正确指出组0中存放块0和块1，与tag不符，结论未命中正确。tag省略前导零仅为显示问题，核心数值与方法正确。
         - [条款 step_7] 得分: 4.0 | 理由: 学生正确拆分：组号=0000，tag=11111110B，对应组0块1，结论命中正确，与标准答案一致。
   ⏳ [V0 保护] 判决完成，休眠 2 秒...
   [第 3/3 次判决] 呼叫逻辑裁判...
      ✅ [裁判亮分] 总得分: 20.0
         - [条款 step_1] 得分: 3.0 | 理由: 学生正确写出8MB=2²³B，得出物理地址为23位，与标准答案完全一致。
         - [条款 step_2] 得分: 3.0 | 理由: 学生正确将2KB转换为2¹¹，得出块内偏移11位，与标准答案一致。
         - [条款 step_3] 得分: 3.0 | 理由: 学生正确计算32块/2路=16组=2⁴，得出Cache组号4位，计算过程和结果均正确。
         - [条款 step_4] 得分: 2.0 | 理由: 学生写出的主存地址格式各字段位数（8+4+11=23）完全正确，与标准答案一致。
         - [条款 step_5] 得分: 1.0 | 理由: 各字段位数（4+1+11=16）完全正确。学生用"标记"代替"组内块号"属于非实质性命名差异，不影响正确性。
         - [条款 step_6] 得分: 4.0 | 理由: 学生正确分解地址：组号=0000，tag=1011010（=01011010B，省略了前导0），指出组中仅含块0和块1，tag不匹配，结论为未命中。结论和关键推理均正确。
         - [条款 step_7] 得分: 4.0 | 理由: 学生正确分解地址：组号=0000，tag=11111110，与组0中块1的标记匹配，结论为命中。与标准答案完全一致。
💾 样本 ANS_CO_696.jpg 进度已保存。
⏳ 样本间冷却 15 秒...

👉 正在处理新样本: ANS_CO_701.png
   ⏳ [V0 保护] 脱敏清单生成完毕，休眠 2 秒...
   [单次视觉采样] 正在看图提取事实...
   ⏳ [V0 保护] 视觉提取完成，准备进入打分循环，休眠 2 秒...
   [第 1/3 次判决] 呼叫逻辑裁判...
      ✅ [裁判亮分] 总得分: 5.0
         - [条款 step_1] 得分: 3.0 | 理由: 虽然转换书写为 1.2×10²³B（疑似 2^23B 的误写/誊录偏差），但关键结论『主存共23位』完全正确，且附带了从 8MB 到位数的换算过程，符合 lenient policy 下最终结论正确且有计算痕迹即可满分。
         - [条款 step_2] 得分: 2.0 | 理由: 数值 11 正确（2KB = 2^11B），但学生标注为『cache共11位』，将 11 位错误标记为 cache 总位数而非块内偏移位数，属于标识性概念偏差。数值正确但结论标签有误，给部分分。
         - [条款 step_3] 得分: 0 | 理由: 学生未书写任何与 Cache 组号位数相关的内容。
         - [条款 step_4] 得分: 0 | 理由: 学生仅写了标签『主存：』，其后没有任何具体地址格式内容。
         - [条款 step_5] 得分: 0 | 理由: 学生未书写任何与 Cache 地址格式相关的内容。
         - [条款 step_6] 得分: 0 | 理由: 学生未书写任何与地址 2D07FFH 命中判断相关的内容。
         - [条款 step_7] 得分: 0 | 理由: 学生未书写任何与地址 7F0057H 命中判断相关的内容。
   ⏳ [V0 保护] 判决完成，休眠 2 秒...
   [第 2/3 次判决] 呼叫逻辑裁判...
      ✅ [裁判亮分] 总得分: 5.0
         - [条款 step_1] 得分: 3.0 | 理由: 学生正确得出主存共23位的结论，虽然中间转换记号'1.2×10²³B'存在笔误/转写问题（应为2^23B），但关键结论23位完全正确。按宽松评分政策，结论正确即给满分。
         - [条款 step_2] 得分: 2.0 | 理由: 学生得出数字11正确（2^11=11位），但将其标注为'cache共11位'而非'块内偏移11位'，概念定位不准确——11位是块内偏移而非cache地址总位数（cache地址实际16位）。数值正确但标注有误，给部分分。
         - [条款 step_3] 得分: 0 | 理由: 学生未书写任何关于Cache组号位数的内容。
         - [条款 step_4] 得分: 0 | 理由: 学生仅写了标题'主存：'，未填写任何地址格式内容。
         - [条款 step_5] 得分: 0 | 理由: 学生未书写任何关于Cache地址格式的内容。
         - [条款 step_6] 得分: 0 | 理由: 学生未书写任何关于地址2D07FFH命中判断的内容。
         - [条款 step_7] 得分: 0 | 理由: 学生未书写任何关于地址7F0057H命中判断的内容。
   ⏳ [V0 保护] 判决完成，休眠 2 秒...
   [第 3/3 次判决] 呼叫逻辑裁判...
      ✅ [裁判亮分] 总得分: 6.0
         - [条款 step_1] 得分: 3.0 | 理由: The student correctly concludes that the physical address is 23 bits.
         - [条款 step_2] 得分: 3.0 | 理由: The student correctly concludes that the block offset is 11 bits.
         - [条款 step_3] 得分: 0.0 | 理由: The student did not write the required content.
         - [条款 step_4] 得分: 0.0 | 理由: The student only wrote the label '主存：' without providing the actual format.
         - [条款 step_5] 得分: 0.0 | 理由: The student did not write the required content.
         - [条款 step_6] 得分: 0.0 | 理由: The student did not write the required content.
         - [条款 step_7] 得分: 0.0 | 理由: The student did not write the required content.
💾 样本 ANS_CO_701.png 进度已保存。
⏳ 样本间冷却 15 秒...

📊 采样完成。平均方差: 0.2667
Item-level variance: avg=0.0254, max=0.2222
⚠️ 方差超标！开始基于高方差样本修正标准...
🔧 [规则修正] 正在基于 3 份精选样本优化规则...
🔧 [规则修正] 正在基于 3 份高方差样本优化规则...
   ✅ 规则修正成功！
🎉 修正后的最终标准已通过总分校验。
[rubric manifest] saved: /home/E125221219/projects/refgrader/data/csbench/rubrics/manifests/CO/CO_4_optimization.json

============================================================
🔬 [断点续传模式] 处理题目: CO_5
============================================================
Loaded immutable initial rubric: /home/E125221219/projects/refgrader/data/csbench/rubrics/initial/CO/CO_5_rubric_standard.json
force-rerun enabled; ignore old variance checkpoint for this question.
[data isolation] variance optimization is restricted to 11 calibration answers.

👉 正在处理新样本: ANS_CO_268.jpg
   ⏳ [V0 保护] 脱敏清单生成完毕，休眠 2 秒...
   [单次视觉采样] 正在看图提取事实...
   ⏳ [V0 保护] 视觉提取完成，准备进入打分循环，休眠 2 秒...
   [第 1/3 次判决] 呼叫逻辑裁判...
      ✅ [裁判亮分] 总得分: 3
         - [条款 step_1] 得分: 2 | 理由: 学生展示了扩展操作码的方法结构（剩余操作码×2^6），但将主操作码空间错误地当作 2^6=64 而非 2^4=16，导致 52 而非 4 条剩余、3328 而非 256 条一地址名额。核心数值与标准答案矛盾，但扩展机制（乘以2^6）的思路有一定体现，给部分分。
         - [条款 step_2] 得分: 0 | 理由: 学生未书写第一问的最终结论，无法给分。
         - [条款 step_3] 得分: 1 | 理由: 学生答案3074与标准答案128相差甚远；方法上沿用了step_1的错误主操作码基数（52而非4），且公式 52×2^6-254 概念上有误（应为(剩余一地址名额)×2^6）。唯一可取之处是体现了2^6扩展因子与254条已用的减法意识，给极少部分分。
   ⏳ [V0 保护] 判决完成，休眠 2 秒...
   [第 2/3 次判决] 呼叫逻辑裁判...
      ✅ [裁判亮分] 总得分: 0
         - [条款 step_1] 得分: 0 | 理由: 学生使用2^6=64作为主操作码总数，正确应为2^4=16。导致剩余操作码数算成52（应为4），一地址总名额算成3328（应为256），属于核心概念错误。
         - [条款 step_2] 得分: 0 | 理由: 学生第一问未书写最终结果，无任何可评分内容。
         - [条款 step_3] 得分: 0 | 理由: 学生继承了step_1的错误基数52（应为256），最终结果3074条远偏离正确答案128条。虽然学生代入了一地址已用254条这一正确数据并使用2^6扩展因子，但计算基础完全错误，最终答案和方法均有根本性错误。
   ⏳ [V0 保护] 判决完成，休眠 2 秒...
   [第 3/3 次判决] 呼叫逻辑裁判...
      ✅ [裁判亮分] 总得分: 0
         - [条款 step_1] 得分: 0 | 理由: 学生使用2^6来计算主操作码总数，得出52条，这与标准的4条（16-12=4）和256个一地址总名额相矛盾。存在概念和计算错误。
         - [条款 step_2] 得分: 0 | 理由: 提取的文本明确显示为“未书写”，未提供任何答案或推导。
         - [条款 step_3] 得分: 0 | 理由: 学生计算出零地址指令为3074条，而非标准的128条。使用了错误的推导基础（52×2^6），导致最终结果和概念均存在严重错误。
💾 样本 ANS_CO_268.jpg 进度已保存。
⏳ 样本间冷却 15 秒...

👉 正在处理新样本: ANS_CO_285.jpg
   ⏳ [V0 保护] 脱敏清单生成完毕，休眠 2 秒...
   [单次视觉采样] 正在看图提取事实...
   ⏳ [V0 保护] 视觉提取完成，准备进入打分循环，休眠 2 秒...
   [第 1/3 次判决] 呼叫逻辑裁判...
      ✅ [裁判亮分] 总得分: 13.0
         - [条款 step_1] 得分: 3.0 | 理由: Student correctly identifies the two-address prefix as 00001011 (implying 12 two-address instructions and 4 remaining main opcodes) and shows binary range boundaries for one-address, but never explicitly computes 4×2^6=256 for the one-address total capacity. Partial process evidence is present but the key numerical result is missing.
         - [条款 step_2] 得分: 5.0 | 理由: Final answer 255 is correct. The '∴' connects to step_1 range computations which serve as minimum valid process evidence. Under lenient policy, correct final answer with supporting process trace from step_1 justifies full credit.
         - [条款 step_3] 得分: 5.0 | 理由: Final answer 128 is correct. Student shows the formula 2×2^6=2^7=128, which matches the standard answer exactly, along with binary prefix reasoning for the expansion boundaries. Correct answer with clear computation trace.
   ⏳ [V0 保护] 判决完成，休眠 2 秒...
   [第 2/3 次判决] 呼叫逻辑裁判...
      ✅ [裁判亮分] 总得分: 13
         - [条款 step_1] 得分: 3 | 理由: 学生正确地通过二进制前缀映射（前缀0000~1011对应二地址，1100~1111对应一地址/零地址）推导出了扩展关系和操作码范围，展示了正确的扩展思路和计算轨迹，但没有明确计算出总名额256的具体公式（4×2^6=256），故给部分分。
         - [条款 step_2] 得分: 5 | 理由: 学生得出了第一问正确的最终结论（一地址指令最多255条），符合评分标准。
         - [条款 step_3] 得分: 5 | 理由: 学生正确推导出了零地址数量并明确写出了计算关系式 2×2^6=128，完全符合标准答案的结果和核心计算逻辑，判定为MATCH。
   ⏳ [V0 保护] 判决完成，休眠 2 秒...
   [第 3/3 次判决] 呼叫逻辑裁判...
      ✅ [裁判亮分] 总得分: 12
         - [条款 step_1] 得分: 2 | 理由: 学生展示了二地址前缀与一地址二进制范围(1100 0000 00 ~ 1111 1111 10)的扩展思路，体现出对操作码扩展思想的理解，但未显式给出主操作码总数16、剩余4以及一地址总名额4×2^6=256的计算；其求和式 2^7+2^6+2^5+2^4+2^3+2^2+1=253 也未对应标准值256。属部分过程证据，给部分分。
         - [条款 step_2] 得分: 5 | 理由: 第一问最终结果 255 与标准答案一致，并明确写出‘此时一地址条数最多’的结论，符合最终结果项给分要求。
         - [条款 step_3] 得分: 5 | 理由: 第二问最终结果 128 与标准答案一致，且给出了 2×2^6=2^7=128 的关键计算关系，符合最终结果项给分要求。
💾 样本 ANS_CO_285.jpg 进度已保存。
⏳ 样本间冷却 15 秒...

👉 正在处理新样本: ANS_CO_289.jpg
   ⏳ [V0 保护] 脱敏清单生成完毕，休眠 2 秒...
   [单次视觉采样] 正在看图提取事实...
   ⏳ [V0 保护] 视觉提取完成，准备进入打分循环，休眠 2 秒...
   [第 1/3 次判决] 呼叫逻辑裁判...
      ✅ [裁判亮分] 总得分: 0
         - [条款 step_1] 得分: 0 | 理由: 学生用 2^6×16=1024 作为一地址总名额，未正确执行扩展操作码方法（应先 16-12=4，再 4×2^6=256）。2²×12 和除以 2 的步骤在概念上无法对应扩展操作码的分配逻辑，属于核心方法错误。
         - [条款 step_2] 得分: 0 | 理由: 最终结果 487 与标准答案 255 差距极大，源自 step_1 完全错误的计算路径（487.5 取整），方法与扩展操作码概念不符。
         - [条款 step_3] 得分: 0 | 理由: 学生从错误的总量 976 出发并减去 2×254=508，最终得到 468，与标准答案 128 完全不同。关键错误在于未将剩余的 2 条一地址位置乘以 2^6 来扩展为零地址指令空间，方法在扩展操作码核心环节上存在根本性概念错误。
   ⏳ [V0 保护] 判决完成，休眠 2 秒...
   [第 2/3 次判决] 呼叫逻辑裁判...
      ✅ [裁判亮分] 总得分: 0
         - [条款 step_1] 得分: 0 | 理由: 学生计算 2^6×16=1024 是全部指令空间，而非标准要求的剩余操作码(16-12=4)乘以扩展位(4×2^6=256)。方法将16个主操作码全部视为可扩展，概念上错误；后续 2^2×12 的减法也无合理对应关系。核心方法和关键中间量均不正确。
         - [条款 step_2] 得分: 0 | 理由: 最终答案487与标准答案255严重不符。数值基于step_1错误方法(975÷2=487.5)传播，一地址名额总数256的框架完全未建立，结论错误。
         - [条款 step_3] 得分: 0 | 理由: 最终答案468与标准答案128严重不符。公式 (1024-2^2×12)-2×254 的框架完全偏离扩展操作码原理（应为剩余一地址位置×2^6），方法概念性错误，数值也不正确。
   ⏳ [V0 保护] 判决完成，休眠 2 秒...
   [第 3/3 次判决] 呼叫逻辑裁判...
      ✅ [裁判亮分] 总得分: 0
         - [条款 step_1] 得分: 0 | 理由: 学生用 2^6×16=1024 作为操作码总空间并减去除法得到 487.5，方法不符合扩展操作码原理；正确应为一地址总名额 4×2^6=256，数值与方法均错误。
         - [条款 step_2] 得分: 0 | 理由: 最终结果 487 与标准答案 255 不符，且由错误的 step_1 推导而来，结论错误。
         - [条款 step_3] 得分: 0 | 理由: 方法 (1024-2²×12)-2*254 与标准扩展操作码方法不一致，且最终结果 468 与标准 128 不符，概念与方法均错误。
💾 样本 ANS_CO_289.jpg 进度已保存。
⏳ 样本间冷却 15 秒...

👉 正在处理新样本: ANS_CO_301.jpg
   ⏳ [V0 保护] 脱敏清单生成完毕，休眠 2 秒...
   [单次视觉采样] 正在看图提取事实...
   ⏳ [V0 保护] 视觉提取完成，准备进入打分循环，休眠 2 秒...
   [第 1/3 次判决] 呼叫逻辑裁判...
      ✅ [裁判亮分] 总得分: 0
         - [条款 step_1] 得分: 0 | 理由: The student multiplies instruction counts by address lengths (e.g., 12×6=72), which is conceptually incorrect for expanded opcode calculations. This reflects a fundamental misunderstanding of the method.
         - [条款 step_2] 得分: 0 | 理由: The extracted fact only shows an incorrect calculation trace continuing from step_1. It completely misses the required final result of 255 and relies on a flawed conceptual premise.
         - [条款 step_3] 得分: 0 | 理由: The extracted fact explicitly indicates that the student did not write anything for this step.
   ⏳ [V0 保护] 判决完成，休眠 2 秒...
   [第 2/3 次判决] 呼叫逻辑裁判...
      ✅ [裁判亮分] 总得分: 0
         - [条款 step_1] 得分: 0 | 理由: 学生方法根本性错误：12×6=72 在扩展操作码编码中无意义，6×16-72=24 同样概念混乱。虽然最终出现数字 4，但通过完全错误的途径得到，且从未计算出主操作码总数 2^4=16 或一地址总名额 256。核心概念矛盾。
         - [条款 step_2] 得分: 0 | 理由: 学生未给出第一问最终结果（255 条），所写 24÷6=4 与本问题完全无关，既无正确数值结论也无正确推理过程。
         - [条款 step_3] 得分: 0 | 理由: 学生未书写第二问的任何内容，属于空白。
   ⏳ [V0 保护] 判决完成，休眠 2 秒...
   [第 3/3 次判决] 呼叫逻辑裁判...
      ✅ [裁判亮分] 总得分: 0
         - [条款 step_1] 得分: 0 | 理由: 学生使用了错误的计算逻辑（如认为二地址指令占 12×6=72 等），未能得出剩余主操作码及一地址总名额的正确数值，存在核心方法和结论矛盾。
         - [条款 step_2] 得分: 0 | 理由: 学生未能得出第一问的正确结果（255条），仅记录了前一步的错误计算片段，结论与标准答案相悖。
         - [条款 step_3] 得分: 0 | 理由: 提取事实显示学生未书写第二问的相关内容，属于空白作答。
💾 样本 ANS_CO_301.jpg 进度已保存。
⏳ 样本间冷却 15 秒...

👉 正在处理新样本: ANS_CO_302.jpg
   ⏳ [V0 保护] 脱敏清单生成完毕，休眠 2 秒...
   [单次视觉采样] 正在看图提取事实...
   ⏳ [V0 保护] 视觉提取完成，准备进入打分循环，休眠 2 秒...
   [第 1/3 次判决] 呼叫逻辑裁判...
      ✅ [裁判亮分] 总得分: 14
         - [条款 step_1] 得分: 4 | 理由: Student correctly computes main opcode total (2^4=16), remaining count (16-12=4), and address-field capacity (2^6=64). All key components are present, but the explicit product 4×64=256 is not stated in this step (it is implied in step_2 via 64×4). Minor missing intermediate, generous partial credit under lenient policy.
         - [条款 step_2] 得分: 5 | 理由: Correct final answer (255) with clear computation trace (64×4-1=255), showing the method of reserving one slot for expansion.
         - [条款 step_3] 得分: 5 | 理由: Correct final answer (128) with full computation trace: remaining slots (64×4-254=2), expansion factor (2^6), and final product (64×2=128). All matches the standard solution.
   ⏳ [V0 保护] 判决完成，休眠 2 秒...
   [第 2/3 次判决] 呼叫逻辑裁判...
      ✅ [裁判亮分] 总得分: 13.5
         - [条款 step_1] 得分: 3.5 | 理由: 学生正确计算出 2^4=16、16-12=4 与 2^6=64（.64 系笔误），具备关键中间值与计算痕迹；但未显式写出 4×64=256 的一地址总名额最终值，按宽松政策扣少量分。
         - [条款 step_2] 得分: 5.0 | 理由: 学生通过 64×4-1=255 正确得到一地址指令最多 255 条，公式与最终结论均与标准一致。
         - [条款 step_3] 得分: 5.0 | 理由: 学生正确写出 256-254=2、2×2^6=128 的扩展计算与最终结论，方法与答案均正确。
   ⏳ [V0 保护] 判决完成，休眠 2 秒...
   [第 3/3 次判决] 呼叫逻辑裁判...
      ✅ [裁判亮分] 总得分: 14.0
         - [条款 step_1] 得分: 4.0 | 理由: Student correctly computed all key intermediate values: 2^4=16, 16-12=4, and 2^6=64. The explicit combination 4×2^6=256 is not written in this step, but it is immediately used in step_2 (64×4-1=255), showing the student knows the total is 256. Minor omission of the final product in this step under lenient grading warrants PARTIAL_MATCH.
         - [条款 step_2] 得分: 5.0 | 理由: Student correctly computed 64×4=256 total slots, subtracted 1 for expansion reservation to get 255, and concluded the maximum number of one-address instructions is 255. Final answer and method are both correct.
         - [条款 step_3] 得分: 5.0 | 理由: Student correctly computed remaining slots (256-254=2) and expanded each by 2^6 to get 2×64=128 zero-address instructions. Final answer and full computation trace are correct.
💾 样本 ANS_CO_302.jpg 进度已保存。
⏳ 样本间冷却 15 秒...

📊 采样完成。平均方差: 0.4556
Item-level variance: avg=0.0926, max=0.8889
⚠️ 方差超标！开始基于高方差样本修正标准...
🔧 [规则修正] 正在基于 3 份精选样本优化规则...
🔧 [规则修正] 正在基于 3 份高方差样本优化规则...
   ✅ 规则修正成功！
🎉 修正后的最终标准已通过总分校验。
[rubric manifest] saved: /home/E125221219/projects/refgrader/data/csbench/rubrics/manifests/CO/CO_5_optimization.json

============================================================
🔬 [断点续传模式] 处理题目: CO_6
============================================================
Loaded immutable initial rubric: /home/E125221219/projects/refgrader/data/csbench/rubrics/initial/CO/CO_6_rubric_standard.json
force-rerun enabled; ignore old variance checkpoint for this question.
[data isolation] variance optimization is restricted to 6 calibration answers.

👉 正在处理新样本: ANS_CO_382.png
   ⏳ [V0 保护] 脱敏清单生成完毕，休眠 2 秒...
   [单次视觉采样] 正在看图提取事实...
   ⏳ [V0 保护] 视觉提取完成，准备进入打分循环，休眠 2 秒...
   [第 1/3 次判决] 呼叫逻辑裁判...
      ✅ [裁判亮分] 总得分: 0
         - [条款 step_1] 得分: 0 | 理由: 学生未书写相关内容。
         - [条款 step_2] 得分: 0 | 理由: 学生未书写相关内容。
         - [条款 step_3] 得分: 0 | 理由: BCF应为3位(log2 8)，学生写6位；BAF应为9位(log2 512)，学生写3位，两个值均错误且数量级与方法均不正确。
         - [条款 step_4] 得分: 0 | 理由: 学生给出的微指令总长为9位，与标准168位严重不符，量级完全错误。
         - [条款 step_5] 得分: 0 | 理由: 学生结果48位与正确值86016位完全不符，且与前序错误一致。
         - [条款 step_6] 得分: 0 | 理由: 48字节与标准10752字节相差极大，前序错误传播而来。
   ⏳ [V0 保护] 判决完成，休眠 2 秒...
   [第 2/3 次判决] 呼叫逻辑裁判...
      ✅ [裁判亮分] 总得分: 0
         - [条款 step_1] 得分: 0 | 理由: 学生未书写该步骤，无任何内容可评。
         - [条款 step_2] 得分: 0 | 理由: 学生未书写该步骤，无任何内容可评。
         - [条款 step_3] 得分: 0 | 理由: BCF应为3位，BAF应为9位；学生写的BCF=6位、BAF=3位均为错误数值，与标准答案矛盾，属核心数值错误。
         - [条款 step_4] 得分: 0 | 理由: 微指令总长度应为168位，学生写9位，数值严重错误，且与前文所写BCF/BAF关系不符，属核心结论错误。
         - [条款 step_5] 得分: 0 | 理由: 控制存储器总容量应为86016位，学生写48位，数值完全错误，属核心结论错误。
         - [条款 step_6] 得分: 0 | 理由: 控制存储器总容量应为10752字节，学生写48字节，数值完全错误，且单位换算关系缺失，属核心结论错误。
   ⏳ [V0 保护] 判决完成，休眠 2 秒...
   [第 3/3 次判决] 呼叫逻辑裁判...
      ✅ [裁判亮分] 总得分: 0
         - [条款 step_1] 得分: 0 | 理由: 提取到的学生事实为“未书写”，未提供任何计算过程或结果。
         - [条款 step_2] 得分: 0 | 理由: 提取到的学生事实为“未书写”，未提供任何计算过程或结果。
         - [条款 step_3] 得分: 0 | 理由: 学生给出的BCF和BAF的位数(6位和3位)与标准答案(3位和9位)均不符，存在核心数值和概念错误。
         - [条款 step_4] 得分: 0 | 理由: 学生得出的微指令总长度为9位，这与实际要求的168位发生极大矛盾，遗漏了控制字段位数，属核心结论错误。
         - [条款 step_5] 得分: 0 | 理由: 学生得出的控制存储器总容量为48位，与标准答案86016位存在量级上的根本错误，未反映正确的计算关系。
         - [条款 step_6] 得分: 0 | 理由: 学生得出的总容量为48字节，这与标准答案10752字节矛盾，存在严重的数值计算错误。
💾 样本 ANS_CO_382.png 进度已保存。
⏳ 样本间冷却 15 秒...

👉 正在处理新样本: ANS_CO_383.png
   ⏳ [V0 保护] 脱敏清单生成完毕，休眠 2 秒...
   [单次视觉采样] 正在看图提取事实...
   ⏳ [V0 保护] 视觉提取完成，准备进入打分循环，休眠 2 秒...
   [第 1/3 次判决] 呼叫逻辑裁判...
      ✅ [裁判亮分] 总得分: 7.0
         - [条款 step_1] 得分: 2.0 | 理由: Method is correct (encode each mutually exclusive group with bits and sum), and student shows computation trace, but individual group values (4,3,4,2) and total (13) differ from standard (4,4,5,3 = 16). Correct approach with wrong values.
         - [条款 step_2] 得分: 2.0 | 理由: Student correctly identifies 40 mutually exclusive signals and 140 non-exclusive signals. However, control field total of 140 bits is wrong: student omitted the encoded mutually exclusive group bits (16), which should yield 156. Non-exclusive count is correct but total control field is incomplete.
         - [条款 step_3] 得分: 2.0 | 理由: BAF = 9 bits is correct (addresses 2^9 = 512 microinstructions). BCF is wrong: student wrote 13 bits (likely confusing with the mutually exclusive group encoding from step_1) instead of the correct 3 bits for 8 conditional branches. Half correct.
         - [条款 step_4] 得分: 1.0 | 理由: Student's summation structure (control_field + BCF + BAF) is conceptually correct, and computation trace 140+13+9=162 is internally consistent with student's upstream values. However, total is wrong (162 vs 168) due to propagated errors from steps 1-3.
         - [条款 step_5] 得分: 0.0 | 理由: Student confuses the number of addressable locations (2^9 = 512) with the control memory total capacity. The required computation is 512 × microinstruction_length, but student merely restated addressing parameters. Conceptually wrong — no valid capacity computation.
         - [条款 step_6] 得分: 0.0 | 理由: Answer of 2 bytes is completely incorrect and has no valid derivation. The expected answer is 10752 bytes. No process evidence or conversion trace is shown.
   ⏳ [V0 保护] 判决完成，休眠 2 秒...
   [第 2/3 次判决] 呼叫逻辑裁判...
      ✅ [裁判亮分] 总得分: 5
         - [条款 step_1] 得分: 0 | 理由: 学生列出的互斥组位数（4,3,4,2）完全错误，且总和计算为13位，存在根本性的计算与推导错误。
         - [条款 step_2] 得分: 2 | 理由: 学生正确算出了非互斥信号数量为140个，并在一定程度上理解了控制字段与非互斥信号的关系，但在计算控制字段总长时漏加了互斥信号所需的位数，因此给一半过程分。
         - [条款 step_3] 得分: 2 | 理由: 学生正确推导出了BAF为9位，但将BCF错误地认为是13位（可能是混淆了step_1的结果），有一半的正确性。
         - [条款 step_4] 得分: 1 | 理由: 学生使用了正确的微指令总长度计算公式（控制字段 + BCF + BAF），但受上游计算错误影响代入数值均不正确。按宽容政策给予一定的过程分。
         - [条款 step_5] 得分: 0 | 理由: 学生对控制存储器总容量的概念理解有严重偏差，误将寻址空间大小及地址位数当作存储器总容量，结论和单位均错误。
         - [条款 step_6] 得分: 0 | 理由: 容量转换为字节的结果与正确答案完全脱节且数值荒谬，属于严重的结论性错误。
   ⏳ [V0 保护] 判决完成，休眠 2 秒...
   [第 3/3 次判决] 呼叫逻辑裁判...
      ✅ [裁判亮分] 总得分: 6
         - [条款 step_1] 得分: 1 | 理由: 学生使用了正确的求和方法思路（逐组求位再相加），但每组所需位数均与标准答案不符（4,3,4,2 vs 4,4,5,3），导致总数13≠16。方法正确但数值错误。
         - [条款 step_2] 得分: 2 | 理由: 学生正确算出非互斥信号为140条（180-40=140），但控制字段总长仅写了140位，未加上互斥组所需的16位（应得156位）。非互斥信号数量正确，控制字段总数遗漏了互斥部分。
         - [条款 step_3] 得分: 2 | 理由: BAF=2^9=9位完全正确，给出了转换依据。但BCF写了13位（标准为3位），13可能是从step_1的互斥位数误用，概念错误。BAF正确得分，BCF错误。
         - [条款 step_4] 得分: 1 | 理由: 学生的加法结构（控制字段+BCF+BAF）方法正确，但因上游各分项数值错误（140应156，13应3），导致结果162≠168。给予方法分。
         - [条款 step_5] 得分: 0 | 理由: 学生将控制存储器容量写为'2^9，9位'，未将微指令条数与微指令字长相乘，概念理解错误，与总容量的计算方法矛盾。
         - [条款 step_6] 得分: 0 | 理由: 答案'2字节'与正确值10752字节完全无关，不存在任何合理的推导或单位换算关系，属于概念性错误。
💾 样本 ANS_CO_383.png 进度已保存。
⏳ 样本间冷却 15 秒...

👉 正在处理新样本: ANS_CO_414.png
   ⏳ [V0 保护] 脱敏清单生成完毕，休眠 2 秒...
   [单次视觉采样] 正在看图提取事实...
   ⏳ [V0 保护] 视觉提取完成，准备进入打分循环，休眠 2 秒...
   [第 1/3 次判决] 呼叫逻辑裁判...
      ✅ [裁判亮分] 总得分: 2
         - [条款 step_1] 得分: 0 | 理由: 学生未书写此步骤的任何内容。
         - [条款 step_2] 得分: 0 | 理由: 学生给出的控制字段长度为8位，与正确答案156位存在严重的数值矛盾。
         - [条款 step_3] 得分: 2 | 理由: BAF的位数计算正确（9位），但BCF位数（19位）与正确答案（3位）严重不符，因此给予一半的分。
         - [条款 step_4] 得分: 0 | 理由: 学生给出的微指令总长度为38位，与正确答案168位严重不符。
         - [条款 step_5] 得分: 0 | 理由: 学生给出的控制存储器总容量为9位，与正确答案86016位严重不符。
         - [条款 step_6] 得分: 0 | 理由: 学生给出的控制存储器总容量为128字节，与正确答案10752字节严重不符。
   ⏳ [V0 保护] 判决完成，休眠 2 秒...
   [第 2/3 次判决] 呼叫逻辑裁判...
      ✅ [裁判亮分] 总得分: 2.0
         - [条款 step_1] 得分: 0 | 理由: 提取的学生事实明确标明“未书写”，未提供任何计算过程或结果，因此不得分。
         - [条款 step_2] 得分: 0 | 理由: 学生给出的控制字段总长为8位，与标准答案156位相差极大，存在根本性的概念或计算错误。
         - [条款 step_3] 得分: 2.0 | 理由: BAF计算结果为9位完全正确，但BCF给出19位（应为3位），仅部分符合评分标准，故给予一半分数。
         - [条款 step_4] 得分: 0 | 理由: 学生得出的微指令总长度为38位，与正确结果168位矛盾，且上游字段位数计算存在错误。
         - [条款 step_5] 得分: 0 | 理由: 学生给出9位，与控制存储器总容量86016位完全不符，属于数值与概念错误。
         - [条款 step_6] 得分: 0 | 理由: 学生得出128字节，与正确答案10752字节相差巨大，核心结论错误。
   ⏳ [V0 保护] 判决完成，休眠 2 秒...
   [第 3/3 次判决] 呼叫逻辑裁判...
      ✅ [裁判亮分] 总得分: 2
         - [条款 step_1] 得分: 0 | 理由: 学生未书写任何内容，无法评分。
         - [条款 step_2] 得分: 0 | 理由: 学生给出控制字段8位，与标准答案156位严重不符，数值错误，属语义致命错误。
         - [条款 step_3] 得分: 2 | 理由: BAF 9位正确，但BCF 19位错误（标准答案3位），仅给出数值无推导依据。BAF部分正确，BCF错误，给予部分分。
         - [条款 step_4] 得分: 0 | 理由: 学生给出总长度38，与标准答案168位严重不符，且未给出计算式，数值错误。
         - [条款 step_5] 得分: 0 | 理由: 学生给出9位作为控制存储器容量（位），与标准答案86016位完全不符，概念和数值均错误。
         - [条款 step_6] 得分: 0 | 理由: 学生给出128字节，与标准答案10752字节严重不符，数值错误。
💾 样本 ANS_CO_414.png 进度已保存。
⏳ 样本间冷却 15 秒...

👉 正在处理新样本: ANS_CO_419.png
   ⏳ [V0 保护] 脱敏清单生成完毕，休眠 2 秒...
   [单次视觉采样] 正在看图提取事实...
   ⏳ [V0 保护] 视觉提取完成，准备进入打分循环，休眠 2 秒...
   [第 1/3 次判决] 呼叫逻辑裁判...
      ✅ [裁判亮分] 总得分: 8
         - [条款 step_1] 得分: 2 | 理由: 四个组的位数4,4,5,3均正确，且对全零含义有正确理解；但求和4+4+5+3=17为算术错误，正确应为16。关键结论错误，给予半分。
         - [条款 step_2] 得分: 1 | 理由: 学生提及非互斥信号用1位控制的正确概念，但未计算非互斥信号数量（140条），控制字段总长直接重复step_1的错误值17，远不等于156。仅有部分概念正确。
         - [条款 step_3] 得分: 2 | 理由: BAF位数9正确（512条微指令需log2(512)=9位）；BCF应为3位（8种条件转移），学生写4位，理由不正确。一半正确。
         - [条款 step_4] 得分: 1 | 理由: 加法公式结构正确（控制字段+BCF+BAF），但因上游错误导致各分项值错误，最终结果30远不等于168。方法正确但数值全错，给予1分。
         - [条款 step_5] 得分: 1 | 理由: 计算方法正确（微指令条数×每条微指令位数），但每条微指令取4字节(32位)而非正确的168位，导致结果16k位远不等于86016位。方法存在给予1分。
         - [条款 step_6] 得分: 1 | 理由: 字节换算逻辑存在（位/8=字节，2048B=2kB换算正确），但基于错误的微指令长度，最终2048字节远不等于10752字节。换算方法正确给予1分。
   ⏳ [V0 保护] 判决完成，休眠 2 秒...
   [第 2/3 次判决] 呼叫逻辑裁判...
      ✅ [裁判亮分] 总得分: 8
         - [条款 step_1] 得分: 3 | 理由: 四个互斥组的位数(4,4,5,3)全部正确，但求和4+4+5+3=17是算术错误(应为16)。各组值正确，仅总和计算有误，给予大部分分数。
         - [条款 step_2] 得分: 0 | 理由: 学生提到非互斥信号用1位表示，但完全未计算140条非互斥信号的位数，也没有将其加入控制字段总长。控制字段总长17与标准156严重不符，属于核心方法错误。
         - [条款 step_3] 得分: 2 | 理由: BAF位数9正确(512条→2^9=512)；BCF位数4错误(应为3，8种条件转移→2^3=8)。一半正确，给予一半分数。
         - [条款 step_4] 得分: 1 | 理由: 公式结构正确(控制字段+BCF+BAF)，但因上游错误(漏算非互斥信号、BCF位数错误)导致结果30位与标准168位严重不符。方法正确给予过程分。
         - [条款 step_5] 得分: 1 | 理由: 容量=微指令条数×每条位数的计算方法正确，但因上游微指令长度错误(30位取整为32位)导致结果16k位与标准86016位相差很大。方法正确给予少量过程分。
         - [条款 step_6] 得分: 1 | 理由: 字节换算方法(位数/8取整)正确，30位→4字节的换算逻辑自洽，但由于上游错误导致2048B与标准10752B相差很大。方法概念正确给予少量过程分。
   ⏳ [V0 保护] 判决完成，休眠 2 秒...
   [第 3/3 次判决] 呼叫逻辑裁判...
      ✅ [裁判亮分] 总得分: 4
         - [条款 step_1] 得分: 2 | 理由: 各互斥组位数4,4,5,3正确，但求和4+4+5+3=17是算术错误（正确为16）。核心分组方法正确，总和要求有误，给半分。
         - [条款 step_2] 得分: 0 | 理由: 学生未计算非互斥信号数量（应从180条总数减去互斥组信号数得到140条），仅含糊提及'1位控制'，且控制字段总长仍错误地写为17。核心结论错误。
         - [条款 step_3] 得分: 2 | 理由: BAF=9位正确（512条微指令寻址）。但BCF=4位错误，应为3位（8种条件转移），且理由'一元情况对应顺序执行'不正确。部分正确，给半分。
         - [条款 step_4] 得分: 0 | 理由: 总长度30位与标准答案168位相差巨大，由于上游控制字段位数（17 vs 156）和BCF位数（4 vs 3）均已错误，导致最终结果完全错误。
         - [条款 step_5] 得分: 0 | 理由: 容量16384位（16k位）与标准86016位严重不符。因上游微指令长度（30位 vs 168位）错误传播，导致结果完全错误。
         - [条款 step_6] 得分: 0 | 理由: 容量2048字节（2kB）与标准10752字节严重不符，上游错误传播导致结果完全错误。
💾 样本 ANS_CO_419.png 进度已保存。
⏳ 样本间冷却 15 秒...

👉 正在处理新样本: ANS_CO_424.png
   ⏳ [V0 保护] 脱敏清单生成完毕，休眠 2 秒...
   [单次视觉采样] 正在看图提取事实...
   ⏳ [V0 保护] 视觉提取完成，准备进入打分循环，休眠 2 秒...
   [第 1/3 次判决] 呼叫逻辑裁判...
      ✅ [裁判亮分] 总得分: 12.0
         - [条款 step_1] 得分: 4.0 | 理由: 学生正确计算了四个互斥组的编码位数（含隐含的无操作状态⌈log₂(n+1)⌉），并正确求和为16位，与标准答案完全一致。
         - [条款 step_2] 得分: 0.0 | 理由: 学生完全遗漏了140条非互斥信号的位数计算，将控制字段仅取为互斥组位数之和16位，而非正确的156位。这是核心概念错误——控制字段应同时包含非互斥信号的独立位和互斥信号的编码位。
         - [条款 step_3] 得分: 4.0 | 理由: 学生正确计算了BCF需要3位（2³=8种条件转移）和BAF需要9位（2⁹=512条微指令），与标准答案完全一致。
         - [条款 step_4] 得分: 1.0 | 理由: 学生的加法公式（控制字段+BCF+BAF）方法正确，但由于上游step_2的错误使用了16位而非156位的控制字段，导致最终结果28位与正确答案168位不符。方法连贯但有传播错误。
         - [条款 step_5] 得分: 1.5 | 理由: 学生的计算方法（微指令条数 × 每条位数）正确，但由于step_2的传播错误使用了28位而非168位，导致结果14336位与正确答案86016位不符。方法正确，数值因上游错误而错。
         - [条款 step_6] 得分: 1.5 | 理由: 学生正确使用了除以8（2³）的位到字节转换方法，但由于上游传播错误使用了错误的中间值，导致结果1792字节与正确答案10752字节不符。转换方法正确，数值因上游错误而错。
   ⏳ [V0 保护] 判决完成，休眠 2 秒...
   [第 2/3 次判决] 呼叫逻辑裁判...
      ✅ [裁判亮分] 总得分: 13.5
         - [条款 step_1] 得分: 4.0 | 理由: 完整正确地列出各组位数映射和求和结果，与标准答案完全一致。
         - [条款 step_2] 得分: 1.5 | 理由: 学生遗漏了非互斥信号140位（每条信号需1位）的计算，错误地将控制字段总长仅取为16位而非156位。但保留了'控制字段=互斥组位数和'的部分思路，给予部分分。
         - [条款 step_3] 得分: 4.0 | 理由: BCF与BAF位数推导正确，2³对应3位、2⁹对应9位与标准答案一致。
         - [条款 step_4] 得分: 1.0 | 理由: 长度相加的公式正确（控制字段+BCF+BAF），但因上游step_2遗漏非互斥信号位数，导致最终结果28位与标准168位不一致。方法正确但传递性错误，给部分分。
         - [条款 step_5] 得分: 1.5 | 理由: 容量=微指令条数×微指令长度的计算思路正确，但因step_4的微指令长度错误（28而非168），最终数值14336位与标准86016位不符。方法正确，数值传递错误。
         - [条款 step_6] 得分: 1.5 | 理由: 位转字节除以8（2³）的单位换算关系正确，但因上游位数错误，最终1792字节与标准10752字节不符。换算方法正确，传递错误。
   ⏳ [V0 保护] 判决完成，休眠 2 秒...
   [第 3/3 次判决] 呼叫逻辑裁判...
      ✅ [裁判亮分] 总得分: 12.0
         - [条款 step_1] 得分: 4.0 | 理由: 学生正确将每组信号数映射到位数（向上取2的幂），并正确求和得16位，与标准答案完全一致。
         - [条款 step_2] 得分: 0.0 | 理由: 学生完全遗漏了非互斥信号（140条）的位数计算，直接将控制字段长度取为仅互斥组位数之和16位，属于核心概念性遗漏，导致控制字段长度严重错误，后续步骤数值全部受此影响。
         - [条款 step_3] 得分: 4.0 | 理由: BCF 2³=8种需3位、BAF 2⁹=512需9位，与标准答案完全一致。
         - [条款 step_4] 得分: 1.0 | 理由: 公式关系（控制字段+BCF+BAF）正确，但因step_2错误导致控制字段取16而非156，结果28位不正确，属于上游错误传播，给予部分过程分。
         - [条款 step_5] 得分: 1.5 | 理由: 计算公式（微指令条数×每条位数）正确，且2⁹×28=14336算术正确，但因上游微指令长度错误（28 vs 168），最终数值错误，给予部分过程分。
         - [条款 step_6] 得分: 1.5 | 理由: 位转字节的单位换算关系（÷8=÷2³）正确，且1792算术正确，但因上游位数错误导致数值不正确，给予部分过程分。
💾 样本 ANS_CO_424.png 进度已保存。
⏳ 样本间冷却 15 秒...

📊 采样完成。平均方差: 0.9444
Item-level variance: avg=0.0759, max=0.6667
⚠️ 方差超标！开始基于高方差样本修正标准...
🔧 [规则修正] 正在基于 3 份精选样本优化规则...
🔧 [规则修正] 正在基于 3 份高方差样本优化规则...
   ✅ 规则修正成功！
🎉 修正后的最终标准已通过总分校验。
[rubric manifest] saved: /home/E125221219/projects/refgrader/data/csbench/rubrics/manifests/CO/CO_6_optimization.json

============================================================
🔬 [断点续传模式] 处理题目: CO_7
============================================================
Loaded immutable initial rubric: /home/E125221219/projects/refgrader/data/csbench/rubrics/initial/CO/CO_7_rubric_standard.json
force-rerun enabled; ignore old variance checkpoint for this question.
[data isolation] variance optimization is restricted to 6 calibration answers.

👉 正在处理新样本: ANS_CO_471.jpg
   ⏳ [V0 保护] 脱敏清单生成完毕，休眠 2 秒...
   [单次视觉采样] 正在看图提取事实...
   ⏳ [V0 保护] 视觉提取完成，准备进入打分循环，休眠 2 秒...
   [第 1/3 次判决] 呼叫逻辑裁判...
      ✅ [裁判亮分] 总得分: 10.0
         - [条款 step_1] 得分: 5.0 | 理由: 学生正确计算了M1的总周期数（2×10⁵）和运行时间（50 μs），与标准答案完全一致，且展示了完整的计算过程。
         - [条款 step_2] 得分: 5.0 | 理由: 学生正确计算了M2的总周期数（1×10⁵）和运行时间（100/6 μs ≈ 16.67 μs），与标准答案16.7 μs一致，计算过程完整。
   ⏳ [V0 保护] 判决完成，休眠 2 秒...
   [第 2/3 次判决] 呼叫逻辑裁判...
      ✅ [裁判亮分] 总得分: 10.0
         - [条款 step_1] 得分: 5.0 | 理由: Student correctly computes cycle count (2×10⁵), applies correct time formula (2×10⁵/4×10⁹), and arrives at 50μs which matches the standard answer exactly.
         - [条款 step_2] 得分: 5.0 | 理由: Student correctly computes cycle count (1×10⁵), applies correct time formula (1×10⁵/6×10⁹), and arrives at 100/6 μs ≈ 16.67 μs which matches the standard answer of 16.7 μs. Fractional form is equivalent and correct.
   ⏳ [V0 保护] 判决完成，休眠 2 秒...
   [第 3/3 次判决] 呼叫逻辑裁判...
      ✅ [裁判亮分] 总得分: 10.0
         - [条款 step_1] 得分: 5.0 | 理由: 学生正确计算了M1的总周期数(2×10⁵)和运行时间(50μs)，与标准答案完全一致，且展示了完整的计算过程（周期数公式和时间公式），符合MATCH标准。
         - [条款 step_2] 得分: 5.0 | 理由: 学生正确计算了M2的总周期数(1×10⁵)和运行时间(100/6 μS = 16.67μs)，数值与标准答案16.7μs等价，计算过程完整。未化简分数100/6属非实质性细节，不影响核心结论正确性，按宽松评分给满分。
💾 样本 ANS_CO_471.jpg 进度已保存。
⏳ 样本间冷却 15 秒...

👉 正在处理新样本: ANS_CO_474.jpg
   ⏳ [V0 保护] 脱敏清单生成完毕，休眠 2 秒...
   [单次视觉采样] 正在看图提取事实...
   ⏳ [V0 保护] 视觉提取完成，准备进入打分循环，休眠 2 秒...
   [第 1/3 次判决] 呼叫逻辑裁判...
      ✅ [裁判亮分] 总得分: 10.0
         - [条款 step_1] 得分: 5.0 | 理由: Student shows a valid computation trace with instruction count (10⁵), CPI (×2), and clock rate (4×10⁹) substituted. Algebraically equivalent to standard form since (10⁵/4×10⁹)×2 = (10⁵×2)/(4×10⁹). Final answer 5×10⁻⁵ s matches the standard answer exactly.
         - [条款 step_2] 得分: 5.0 | 理由: Student shows a valid computation trace with instruction count (10⁵), CPI (×1), and clock rate (6×10⁹) substituted. Final answer 1.67×10⁻⁵ s matches the standard answer exactly.
   ⏳ [V0 保护] 判决完成，休眠 2 秒...
   [第 2/3 次判决] 呼叫逻辑裁判...
      ✅ [裁判亮分] 总得分: 10.0
         - [条款 step_1] 得分: 5.0 | 理由: Student shows the full computation trace (cycle count 2×10⁵ divided by clock rate 4×10⁹) and arrives at the correct final answer 5×10⁻⁵ s, matching the standard answer.
         - [条款 step_2] 得分: 5.0 | 理由: Student shows the computation trace (cycle count 1×10⁵ divided by clock rate 6×10⁹) and arrives at the correct final answer ≈1.67×10⁻⁵ s, matching the standard answer.
   ⏳ [V0 保护] 判决完成，休眠 2 秒...
   [第 3/3 次判决] 呼叫逻辑裁判...
      ✅ [裁判亮分] 总得分: 10.0
         - [条款 step_1] 得分: 5.0 | 理由: 学生写出了完整的计算式：指令数10⁵、CPI×2、时钟频率4×10⁹均正确代入，最终结果5×10⁻⁵s与标准答案完全一致，且展示了计算过程trace。
         - [条款 step_2] 得分: 5.0 | 理由: 学生写出了完整的计算式：指令数10⁵、CPI×1、时钟频率6×10⁹均正确代入，最终结果≈1.67×10⁻⁵s与标准答案完全一致，且展示了计算过程trace。
💾 样本 ANS_CO_474.jpg 进度已保存。
⏳ 样本间冷却 15 秒...

👉 正在处理新样本: ANS_CO_495.jpg
   ⏳ [V0 保护] 脱敏清单生成完毕，休眠 2 秒...
   [单次视觉采样] 正在看图提取事实...
   ⏳ [V0 保护] 视觉提取完成，准备进入打分循环，休眠 2 秒...
   [第 1/3 次判决] 呼叫逻辑裁判...
      ✅ [裁判亮分] 总得分: 8.0
         - [条款 step_1] 得分: 3.0 | 理由: 公式、参数代入和隐含算术结果 (5×10⁻⁵ s) 均正确，但最终单位写成 ns 而非 μs，造成 1000 倍的实际时间错误，属于实质性的单位/量纲错误。方法连贯，给予部分过程分。
         - [条款 step_2] 得分: 5.0 | 理由: 公式、代入、计算与单位均正确，16.67 μs 与标准答案 16.7 μs 一致，给满分。
   ⏳ [V0 保护] 判决完成，休眠 2 秒...
   [第 2/3 次判决] 呼叫逻辑裁判...
      ✅ [裁判亮分] 总得分: 7.5
         - [条款 step_1] 得分: 2.5 | 理由: 公式正确（CPI × 指令数 × 1/频率），代入数值正确（2×10⁵, 4×10⁹），但最终单位转换有误：2×10⁵/(4×10⁹) = 5×10⁻⁵ s = 50 μs，学生写成50ns，相差1000倍。方法与计算过程正确，仅最终单位标注错误，按方法正确但最终答案错误给部分分。
         - [条款 step_2] 得分: 5.0 | 理由: 公式正确，代入数值正确，最终结果1×10⁵/(6×10⁹) ≈ 1.667×10⁻⁵ s ≈ 16.67 μs与标准答案16.7 μs一致（允许舍入差异）。完全正确。
   ⏳ [V0 保护] 判决完成，休眠 2 秒...
   [第 3/3 次判决] 呼叫逻辑裁判...
      ✅ [裁判亮分] 总得分: 7.5
         - [条款 step_1] 得分: 2.5 | 理由: 公式正确（CPI×指令数/f），代入正确（2×10⁵/(4×10⁹)），中间数值隐含得到5×10⁻⁵ s。但最终单位写为 ns 而非 μs，偏差1000倍，属于最终答案单位错误。方法与计算过程正确，给部分分。
         - [条款 step_2] 得分: 5.0 | 理由: 公式正确，代入正确，计算结果 1×10⁵/(6×10⁹) ≈ 1.667×10⁻⁵ s = 16.67 μs，与标准答案一致，单位正确。完全匹配。
💾 样本 ANS_CO_495.jpg 进度已保存。
⏳ 样本间冷却 15 秒...

👉 正在处理新样本: ANS_CO_497.jpg
   ⏳ [V0 保护] 脱敏清单生成完毕，休眠 2 秒...
   [单次视觉采样] 正在看图提取事实...
   ⏳ [V0 保护] 视觉提取完成，准备进入打分循环，休眠 2 秒...
   [第 1/3 次判决] 呼叫逻辑裁判...
      ✅ [裁判亮分] 总得分: 5.0
         - [条款 step_1] 得分: 2.5 | 理由: 学生正确使用了公式 Te=(CPI×IC)/F，CPI1=2正确，频率4 GHz代入计算正确（尽管将4 GHz误写为4×10^-9 Hz，但实际计算中用了4×10^9），公式推导完整。但IC取值错误：学生写IC=10×10^5=1×10^6，标准答案IC=10^5，导致最终结果5×10^-4 s比标准答案5×10^-5 s大了10倍。方法完全正确，单一参数错误导致最终答案不正确，给予部分分。
         - [条款 step_2] 得分: 2.5 | 理由: 学生正确使用了公式 Te=(CPI×IC)/F，CPI2=1正确，频率6 GHz代入计算正确，公式推导完整。但同样IC取值错误（1×10^6 vs 10^5），导致最终结果1.667×10^-4 s比标准答案1.67×10^-5 s大了10倍。方法完全正确，单一参数错误导致最终答案不正确，给予部分分。
   ⏳ [V0 保护] 判决完成，休眠 2 秒...
   [第 2/3 次判决] 呼叫逻辑裁判...
      ✅ [裁判亮分] 总得分: 6.0
         - [条款 step_1] 得分: 3.0 | 理由: The student uses the correct formula and calculation steps, but incorrectly assumes the instruction count (IC) is 10×10^5 instead of 10^5. This propagated error leads to a final answer 10 times larger than the standard answer.
         - [条款 step_2] 得分: 3.0 | 理由: The student applies the correct formula and calculation logic, but consistently uses the wrong instruction count (IC = 10×10^5 instead of 10^5). This results in a final answer that is off by a factor of 10 compared to the standard answer.
   ⏳ [V0 保护] 判决完成，休眠 2 秒...
   [第 3/3 次判决] 呼叫逻辑裁判...
      ✅ [裁判亮分] 总得分: 4.0
         - [条款 step_1] 得分: 2.0 | 理由: 学生使用了正确的公式 Te=(CPI×IC)/F 和正确的 CPI=2，且在计算中实际使用了 F=4×10⁹（正确），但 IC 被错误地取为 1×10⁶（应为 1×10⁵），导致最终结果 5×10⁻⁴ s 比标准答案 5×10⁻⁵ s 大了 10 倍。方法正确，参数错误，最终答案错误，给予部分分。
         - [条款 step_2] 得分: 2.0 | 理由: 学生使用了正确的公式 Te=(CPI×IC)/F 和正确的 CPI=1，且在计算中实际使用了 F=6×10⁹（正确），但 IC 同样被错误地取为 1×10⁶（应为 1×10⁵），导致最终结果 1.667×10⁻⁴ s 比标准答案 1.67×10⁻⁵ s 大了 10 倍。方法正确，参数错误，最终答案错误，给予部分分。
💾 样本 ANS_CO_497.jpg 进度已保存。
⏳ 样本间冷却 15 秒...

👉 正在处理新样本: ANS_CO_500.jpg
   ⏳ [V0 保护] 脱敏清单生成完毕，休眠 2 秒...
   [单次视觉采样] 正在看图提取事实...
   ⏳ [V0 保护] 视觉提取完成，准备进入打分循环，休眠 2 秒...
   [第 1/3 次判决] 呼叫逻辑裁判...
      ✅ [裁判亮分] 总得分: 10.0
         - [条款 step_1] 得分: 5.0 | 理由: 学生正确计算了M1的指令周期数（2×10^5），并代入公式 T=(2×10^5)/(4GHz)=50μs，最终答案与标准答案完全一致，且展示了完整的计算过程。
         - [条款 step_2] 得分: 5.0 | 理由: 学生正确计算了M2的指令周期数（1×10^5），并代入公式 T=(1×10^5)/(6GHz)≈16.67μs，与标准答案16.7μs一致（四舍五入差异），且展示了完整计算过程。
   ⏳ [V0 保护] 判决完成，休眠 2 秒...
   [第 2/3 次判决] 呼叫逻辑裁判...
      ✅ [裁判亮分] 总得分: 10.0
         - [条款 step_1] 得分: 5.0 | 理由: 学生正确计算了M1的总指令周期数（2×10⁵），并使用了正确的公式与频率（4GHz）得出最终的运行时间为50μs，与标准答案完全吻合。
         - [条款 step_2] 得分: 5.0 | 理由: 学生正确计算了M2的总指令周期数（1×10⁵），并使用了正确的公式与频率（6GHz）得出最终的运行时间约为16.67μs，计算过程完整且结果正确。
   ⏳ [V0 保护] 判决完成，休眠 2 秒...
   [第 3/3 次判决] 呼叫逻辑裁判...
      ✅ [裁判亮分] 总得分: 10.0
         - [条款 step_1] 得分: 5.0 | 理由: 学生正确写出总周期数 2×10^5，并正确代入公式 t = 周期数 / 频率，得到 T_M1 = 50 μs，与标准答案完全一致。
         - [条款 step_2] 得分: 5.0 | 理由: 学生正确写出总周期数 1×10^5，并正确代入公式得到 T_M2 ≈ 16.67 μs，与标准答案 16.7 μs 仅存在微小的舍入差异，视为 MATCH。
💾 样本 ANS_CO_500.jpg 进度已保存。
⏳ 样本间冷却 15 秒...

📊 采样完成。平均方差: 0.1444
Item-level variance: avg=0.0389, max=0.1667
⚠️ 方差超标！开始基于高方差样本修正标准...
🔧 [规则修正] 正在基于 2 份精选样本优化规则...
🔧 [规则修正] 正在基于 2 份高方差样本优化规则...
   ✅ 规则修正成功！
🎉 修正后的最终标准已通过总分校验。
[rubric manifest] saved: /home/E125221219/projects/refgrader/data/csbench/rubrics/manifests/CO/CO_7_optimization.json

🏆 任务完成！
