2026-07-27 10:21:43 | INFO     | ==================================================
2026-07-27 10:21:43 | INFO     | 📂 正在加载试卷数据库...
2026-07-27 10:21:43 | INFO     |    运行模式: FULL
2026-07-27 10:21:43 | INFO     |    题目范围: ['ML_1', 'ML_2', 'ML_3', 'ML_4']
2026-07-27 10:21:43 | INFO     |    文本模型: glm5 -> glm-5.2 (thinking=disabled)
2026-07-27 10:21:43 | INFO     |    提取后端: csbench_hybrid
2026-07-27 10:21:43 | INFO     |    题库文件: D:\users\王鑫020420\Desktop\refgrader-main\data\csbench\exam_database.json
2026-07-27 10:21:43 | INFO     |    教师分文件: D:\users\王鑫020420\Desktop\refgrader-main\data\csbench\teacher_scores.json
2026-07-27 10:21:43 | INFO     |    Sample quality policy: raw (mode=raw, excluded=0, corrected=0)
2026-07-27 10:21:43 | INFO     |    答案元数据: D:\users\王鑫020420\Desktop\refgrader-main\data\csbench\answer_metadata.jsonl
2026-07-27 10:21:43 | INFO     |    并发数:   2
2026-07-27 10:21:43 | INFO     |    结果目录: D:\users\王鑫020420\Desktop\refgrader-main\results_runs\csbench_ml1_ml2_ml3_ml4_all\runs\teacher_audit_ml_1_4_20260725_192008
2026-07-27 10:21:43 | INFO     |    Rubric目录: D:\users\王鑫020420\Desktop\refgrader-main\data\csbench\rubrics\optimized
2026-07-27 10:21:43 | INFO     |    初始Rubric目录: D:\users\王鑫020420\Desktop\refgrader-main\data\csbench\rubrics\initial
2026-07-27 10:21:43 | INFO     |    允许回退初始Rubric: False
2026-07-27 10:21:43 | INFO     |    进度文件: D:\users\王鑫020420\Desktop\refgrader-main\results_runs\csbench_ml1_ml2_ml3_ml4_all\runs\teacher_audit_ml_1_4_20260725_192008\progress.json
2026-07-27 10:21:43 | INFO     |    日志文件: logs\experiment_teacher_audit_ml_1_4_20260725_192008.log
2026-07-27 10:21:43 | INFO     | 🚀 当前处于【精准批改模式】
2026-07-27 10:21:43 | INFO     | 
🚀 [标准模式] 开始处理: ML_1
2026-07-27 10:21:43 | INFO     | ⚡ 已加载本地标准: D:\users\王鑫020420\Desktop\refgrader-main\data\csbench\rubrics\optimized\ML\ML_1_rubric_standard.json
2026-07-27 10:21:43 | INFO     | [metadata] loaded 3326 answer records from D:\users\王鑫020420\Desktop\refgrader-main\data\csbench\answer_metadata.jsonl
2026-07-27 10:21:43 | INFO     | [PaddleOCR] preparing 56/56 visual-answer cache entries...
2026-07-27 10:39:57 | INFO     | [9/56] cache hit: ANS_ML_09.jpg
[25/56] cache hit: ANS_ML_25.jpg
[28/56] cache hit: ANS_ML_28.jpg
[31/56] cache hit: ANS_ML_31.jpg
[37/56] cache hit: ANS_ML_37.jpg
Initialize PaddleOCR | device=cpu | lang=ch | pending=51/56 | model_cache=D:\paddlex_cache
[1/56] completed: ANS_ML_01.jpg | tokens=87 | mean_conf=0.98595 | output=D:\users\王鑫020420\Desktop\refgrader-main\ocr_cache\csbench\ML_1\ANS_ML_01.json
[2/56] completed: ANS_ML_02.jpg | tokens=86 | mean_conf=0.991299 | output=D:\users\王鑫020420\Desktop\refgrader-main\ocr_cache\csbench\ML_1\ANS_ML_02.json
[3/56] completed: ANS_ML_03.jpg | tokens=86 | mean_conf=0.984959 | output=D:\users\王鑫020420\Desktop\refgrader-main\ocr_cache\csbench\ML_1\ANS_ML_03.json
[4/56] completed: ANS_ML_04.jpg | tokens=87 | mean_conf=0.991315 | output=D:\users\王鑫020420\Desktop\refgrader-main\ocr_cache\csbench\ML_1\ANS_ML_04.json
[5/56] completed: ANS_ML_05.jpg | tokens=86 | mean_conf=0.988596 | output=D:\users\王鑫020420\Desktop\refgrader-main\ocr_cache\csbench\ML_1\ANS_ML_05.json
[6/56] completed: ANS_ML_06.jpg | tokens=87 | mean_conf=0.986665 | output=D:\users\王鑫020420\Desktop\refgrader-main\ocr_cache\csbench\ML_1\ANS_ML_06.json
[7/56] completed: ANS_ML_07.jpg | tokens=86 | mean_conf=0.97849 | output=D:\users\王鑫020420\Desktop\refgrader-main\ocr_cache\csbench\ML_1\ANS_ML_07.json
[8/56] completed: ANS_ML_08.jpg | tokens=87 | mean_conf=0.988308 | output=D:\users\王鑫020420\Desktop\refgrader-main\ocr_cache\csbench\ML_1\ANS_ML_08.json
[10/56] completed: ANS_ML_10.jpg | tokens=87 | mean_conf=0.981181 | output=D:\users\王鑫020420\Desktop\refgrader-main\ocr_cache\csbench\ML_1\ANS_ML_10.json
[11/56] completed: ANS_ML_11.jpg | tokens=86 | mean_conf=0.985319 | output=D:\users\王鑫020420\Desktop\refgrader-main\ocr_cache\csbench\ML_1\ANS_ML_11.json
[12/56] completed: ANS_ML_12.jpg | tokens=88 | mean_conf=0.997158 | output=D:\users\王鑫020420\Desktop\refgrader-main\ocr_cache\csbench\ML_1\ANS_ML_12.json
[13/56] completed: ANS_ML_13.jpg | tokens=86 | mean_conf=0.978305 | output=D:\users\王鑫020420\Desktop\refgrader-main\ocr_cache\csbench\ML_1\ANS_ML_13.json
[14/56] completed: ANS_ML_14.jpg | tokens=88 | mean_conf=0.990693 | output=D:\users\王鑫020420\Desktop\refgrader-main\ocr_cache\csbench\ML_1\ANS_ML_14.json
[15/56] completed: ANS_ML_15.jpg | tokens=87 | mean_conf=0.98927 | output=D:\users\王鑫020420\Desktop\refgrader-main\ocr_cache\csbench\ML_1\ANS_ML_15.json
[16/56] completed: ANS_ML_16.jpg | tokens=87 | mean_conf=0.995979 | output=D:\users\王鑫020420\Desktop\refgrader-main\ocr_cache\csbench\ML_1\ANS_ML_16.json
[17/56] completed: ANS_ML_17.jpg | tokens=85 | mean_conf=0.981847 | output=D:\users\王鑫020420\Desktop\refgrader-main\ocr_cache\csbench\ML_1\ANS_ML_17.json
[18/56] completed: ANS_ML_18.jpg | tokens=87 | mean_conf=0.994463 | output=D:\users\王鑫020420\Desktop\refgrader-main\ocr_cache\csbench\ML_1\ANS_ML_18.json
[19/56] completed: ANS_ML_19.jpg | tokens=87 | mean_conf=0.987599 | output=D:\users\王鑫020420\Desktop\refgrader-main\ocr_cache\csbench\ML_1\ANS_ML_19.json
[20/56] completed: ANS_ML_20.jpg | tokens=87 | mean_conf=0.975955 | output=D:\users\王鑫020420\Desktop\refgrader-main\ocr_cache\csbench\ML_1\ANS_ML_20.json
[21/56] completed: ANS_ML_21.jpg | tokens=87 | mean_conf=0.98908 | output=D:\users\王鑫020420\Desktop\refgrader-main\ocr_cache\csbench\ML_1\ANS_ML_21.json
[22/56] completed: ANS_ML_22.jpg | tokens=87 | mean_conf=0.995679 | output=D:\users\王鑫020420\Desktop\refgrader-main\ocr_cache\csbench\ML_1\ANS_ML_22.json
[23/56] completed: ANS_ML_23.jpg | tokens=87 | mean_conf=0.97133 | output=D:\users\王鑫020420\Desktop\refgrader-main\ocr_cache\csbench\ML_1\ANS_ML_23.json
[24/56] completed: ANS_ML_24.jpg | tokens=86 | mean_conf=0.984879 | output=D:\users\王鑫020420\Desktop\refgrader-main\ocr_cache\csbench\ML_1\ANS_ML_24.json
[26/56] completed: ANS_ML_26.jpg | tokens=86 | mean_conf=0.973177 | output=D:\users\王鑫020420\Desktop\refgrader-main\ocr_cache\csbench\ML_1\ANS_ML_26.json
[27/56] completed: ANS_ML_27.jpg | tokens=88 | mean_conf=0.998101 | output=D:\users\王鑫020420\Desktop\refgrader-main\ocr_cache\csbench\ML_1\ANS_ML_27.json
[29/56] completed: ANS_ML_29.jpg | tokens=85 | mean_conf=0.986708 | output=D:\users\王鑫020420\Desktop\refgrader-main\ocr_cache\csbench\ML_1\ANS_ML_29.json
[30/56] completed: ANS_ML_30.jpg | tokens=88 | mean_conf=0.992827 | output=D:\users\王鑫020420\Desktop\refgrader-main\ocr_cache\csbench\ML_1\ANS_ML_30.json
[32/56] completed: ANS_ML_32.jpg | tokens=89 | mean_conf=0.973688 | output=D:\users\王鑫020420\Desktop\refgrader-main\ocr_cache\csbench\ML_1\ANS_ML_32.json
[33/56] completed: ANS_ML_33.jpg | tokens=87 | mean_conf=0.986274 | output=D:\users\王鑫020420\Desktop\refgrader-main\ocr_cache\csbench\ML_1\ANS_ML_33.json
[34/56] completed: ANS_ML_34.jpg | tokens=84 | mean_conf=0.981124 | output=D:\users\王鑫020420\Desktop\refgrader-main\ocr_cache\csbench\ML_1\ANS_ML_34.json
[35/56] completed: ANS_ML_35.jpg | tokens=87 | mean_conf=0.984053 | output=D:\users\王鑫020420\Desktop\refgrader-main\ocr_cache\csbench\ML_1\ANS_ML_35.json
[36/56] completed: ANS_ML_36.jpg | tokens=88 | mean_conf=0.99414 | output=D:\users\王鑫020420\Desktop\refgrader-main\ocr_cache\csbench\ML_1\ANS_ML_36.json
[38/56] completed: ANS_ML_38.jpg | tokens=87 | mean_conf=0.981002 | output=D:\users\王鑫020420\Desktop\refgrader-main\ocr_cache\csbench\ML_1\ANS_ML_38.json
[39/56] completed: ANS_ML_39.jpg | tokens=88 | mean_conf=0.972679 | output=D:\users\王鑫020420\Desktop\refgrader-main\ocr_cache\csbench\ML_1\ANS_ML_39.json
[40/56] completed: ANS_ML_40.jpg | tokens=86 | mean_conf=0.994004 | output=D:\users\王鑫020420\Desktop\refgrader-main\ocr_cache\csbench\ML_1\ANS_ML_40.json
[41/56] completed: ANS_ML_41.jpg | tokens=87 | mean_conf=0.981262 | output=D:\users\王鑫020420\Desktop\refgrader-main\ocr_cache\csbench\ML_1\ANS_ML_41.json
[42/56] completed: ANS_ML_42.jpg | tokens=89 | mean_conf=0.986426 | output=D:\users\王鑫020420\Desktop\refgrader-main\ocr_cache\csbench\ML_1\ANS_ML_42.json
[43/56] completed: ANS_ML_43.jpg | tokens=80 | mean_conf=0.995155 | output=D:\users\王鑫020420\Desktop\refgrader-main\ocr_cache\csbench\ML_1\ANS_ML_43.json
[44/56] completed: ANS_ML_44.jpg | tokens=85 | mean_conf=0.982846 | output=D:\users\王鑫020420\Desktop\refgrader-main\ocr_cache\csbench\ML_1\ANS_ML_44.json
[45/56] completed: ANS_ML_45.jpg | tokens=81 | mean_conf=0.995246 | output=D:\users\王鑫020420\Desktop\refgrader-main\ocr_cache\csbench\ML_1\ANS_ML_45.json
[46/56] completed: ANS_ML_46.jpg | tokens=87 | mean_conf=0.984475 | output=D:\users\王鑫020420\Desktop\refgrader-main\ocr_cache\csbench\ML_1\ANS_ML_46.json
[47/56] completed: ANS_ML_47.jpg | tokens=82 | mean_conf=0.986453 | output=D:\users\王鑫020420\Desktop\refgrader-main\ocr_cache\csbench\ML_1\ANS_ML_47.json
[48/56] completed: ANS_ML_48.jpg | tokens=84 | mean_conf=0.988824 | output=D:\users\王鑫020420\Desktop\refgrader-main\ocr_cache\csbench\ML_1\ANS_ML_48.json
[49/56] completed: ANS_ML_49.jpg | tokens=87 | mean_conf=0.984621 | output=D:\users\王鑫020420\Desktop\refgrader-main\ocr_cache\csbench\ML_1\ANS_ML_49.json
[50/56] completed: ANS_ML_50.jpg | tokens=87 | mean_conf=0.989272 | output=D:\users\王鑫020420\Desktop\refgrader-main\ocr_cache\csbench\ML_1\ANS_ML_50.json
[51/56] completed: ANS_ML_51.jpg | tokens=87 | mean_conf=0.97671 | output=D:\users\王鑫020420\Desktop\refgrader-main\ocr_cache\csbench\ML_1\ANS_ML_51.json
[52/56] completed: ANS_ML_52.jpg | tokens=86 | mean_conf=0.988371 | output=D:\users\王鑫020420\Desktop\refgrader-main\ocr_cache\csbench\ML_1\ANS_ML_52.json
[53/56] completed: ANS_ML_53.jpg | tokens=87 | mean_conf=0.994097 | output=D:\users\王鑫020420\Desktop\refgrader-main\ocr_cache\csbench\ML_1\ANS_ML_53.json
[54/56] completed: ANS_ML_54.jpg | tokens=88 | mean_conf=0.980531 | output=D:\users\王鑫020420\Desktop\refgrader-main\ocr_cache\csbench\ML_1\ANS_ML_54.json
[55/56] completed: ANS_ML_55.jpg | tokens=86 | mean_conf=0.989862 | output=D:\users\王鑫020420\Desktop\refgrader-main\ocr_cache\csbench\ML_1\ANS_ML_55.json
[56/56] completed: ANS_ML_56.jpg | tokens=87 | mean_conf=0.982234 | output=D:\users\王鑫020420\Desktop\refgrader-main\ocr_cache\csbench\ML_1\ANS_ML_56.json
summary: completed=51, skipped=5, failed=0
2026-07-27 10:40:07 | INFO     | ⚡ 脱敏清单已预生成，56 名学生共享复用。
2026-07-27 10:40:07 | INFO     | 🏃 开始批改 56 张试卷 (⚡ 开启多线程模式)...
2026-07-27 10:40:07 | INFO     | ⏳ [主线程] 已提交 56 个任务，等待结果回收...
2026-07-27 10:40:07 | INFO     | 📦 成功加载教师真实成绩单数据库！共包含 3326 名考生的数据。
2026-07-27 10:40:07 | INFO     | 📦 成功加载教师真实成绩单数据库！共包含 3326 名考生的数据。
2026-07-27 10:40:07 | INFO     | 
🔍 [正在处理] ANS_ML_01 | 启动 3WD 流水线...
2026-07-27 10:40:07 | INFO     | 
🔍 [正在处理] ANS_ML_02 | 启动 3WD 流水线...
2026-07-27 10:41:12 | INFO     | ✅ [批改完成] ANS_ML_01 | 路由: POS | 最终分: 2.8 | 风险: P0.00/U0.06/F0.00/H0/L0 | 提取质量: 🟢high | 留白率: 0% | 低质量率: 0%
2026-07-27 10:41:12 | INFO     | 
🔍 [正在处理] ANS_ML_03 | 启动 3WD 流水线...
2026-07-27 10:41:12 | INFO     | 📢 [总进度] 1/56 份试卷已归档。
2026-07-27 10:41:30 | INFO     | ✅ [批改完成] ANS_ML_02 | 路由: BND | 最终分: 3.5 | 风险: P0.00/U0.21/F0.00/H0/L0 | 提取质量: 🟢high | 留白率: 0% | 低质量率: 0%
2026-07-27 10:41:30 | INFO     | 
🔍 [正在处理] ANS_ML_04 | 启动 3WD 流水线...
2026-07-27 10:41:30 | INFO     | 📢 [总进度] 2/56 份试卷已归档。
2026-07-27 10:42:08 | INFO     | ✅ [批改完成] ANS_ML_03 | 路由: BND | 最终分: 0.5 | 风险: P0.00/U0.18/F1.00/H0/L1 | 提取质量: 🟢high | 留白率: 0% | 低质量率: 0%
2026-07-27 10:42:08 | INFO     | 
🔍 [正在处理] ANS_ML_05 | 启动 3WD 流水线...
2026-07-27 10:42:08 | INFO     | 📢 [总进度] 3/56 份试卷已归档。
2026-07-27 10:42:14 | INFO     | ✅ [批改完成] ANS_ML_04 | 路由: POS | 最终分: 1.8 | 风险: P0.00/U0.06/F0.00/H0/L1 | 提取质量: 🟢high | 留白率: 0% | 低质量率: 0%
2026-07-27 10:42:14 | INFO     | 
🔍 [正在处理] ANS_ML_06 | 启动 3WD 流水线...
2026-07-27 10:42:14 | INFO     | 📢 [总进度] 4/56 份试卷已归档。
2026-07-27 10:42:42 | INFO     | ✅ [批改完成] ANS_ML_06 | 路由: POS | 最终分: 2.5 | 风险: P0.00/U0.00/F0.00/H0/L0 | 提取质量: 🟢high | 留白率: 0% | 低质量率: 0%
2026-07-27 10:42:42 | INFO     | 
🔍 [正在处理] ANS_ML_07 | 启动 3WD 流水线...
2026-07-27 10:42:42 | INFO     | 📢 [总进度] 5/56 份试卷已归档。
2026-07-27 10:43:08 | INFO     | ✅ [批改完成] ANS_ML_05 | 路由: BND | 最终分: 1.7 | 风险: P0.00/U0.16/F0.00/H0/L1 | 提取质量: 🟢high | 留白率: 0% | 低质量率: 0%
2026-07-27 10:43:08 | INFO     | 
🔍 [正在处理] ANS_ML_08 | 启动 3WD 流水线...
2026-07-27 10:43:08 | INFO     | 📢 [总进度] 6/56 份试卷已归档。
2026-07-27 10:43:44 | INFO     | ✅ [批改完成] ANS_ML_07 | 路由: BND | 最终分: 2.2 | 风险: P0.00/U0.16/F0.00/H0/L1 | 提取质量: 🟢high | 留白率: 0% | 低质量率: 0%
2026-07-27 10:43:44 | INFO     | 
🔍 [正在处理] ANS_ML_09 | 启动 3WD 流水线...
2026-07-27 10:43:44 | INFO     | 📢 [总进度] 7/56 份试卷已归档。
2026-07-27 10:43:50 | INFO     | ✅ [批改完成] ANS_ML_08 | 路由: POS | 最终分: 0 | 风险: P0.00/U0.00/F1.00/H0/L1 | 提取质量: 🟢high | 留白率: 0% | 低质量率: 0%
2026-07-27 10:43:50 | INFO     | 
🔍 [正在处理] ANS_ML_10 | 启动 3WD 流水线...
2026-07-27 10:43:50 | INFO     | 📢 [总进度] 8/56 份试卷已归档。
2026-07-27 10:44:31 | INFO     | ✅ [批改完成] ANS_ML_09 | 路由: BND | 最终分: 0.5 | 风险: P0.00/U0.10/F0.00/H0/L1 | 提取质量: 🟢high | 留白率: 0% | 低质量率: 0%
2026-07-27 10:44:31 | INFO     | 
🔍 [正在处理] ANS_ML_11 | 启动 3WD 流水线...
2026-07-27 10:44:31 | INFO     | 📢 [总进度] 9/56 份试卷已归档。
2026-07-27 10:44:44 | INFO     | ✅ [批改完成] ANS_ML_10 | 路由: BND | 最终分: 3.3 | 风险: P0.00/U0.06/F0.00/H0/L0 | 提取质量: 🟢high | 留白率: 0% | 低质量率: 0%
2026-07-27 10:44:44 | INFO     | 
🔍 [正在处理] ANS_ML_12 | 启动 3WD 流水线...
2026-07-27 10:44:44 | INFO     | 📢 [总进度] 10/56 份试卷已归档。
2026-07-27 10:45:33 | INFO     | ✅ [批改完成] ANS_ML_12 | 路由: BND | 最终分: 1.6 | 风险: P0.00/U0.16/F0.00/H0/L1 | 提取质量: 🟢high | 留白率: 0% | 低质量率: 0%
2026-07-27 10:45:33 | INFO     | 
🔍 [正在处理] ANS_ML_13 | 启动 3WD 流水线...
2026-07-27 10:45:33 | INFO     | 📢 [总进度] 11/56 份试卷已归档。
2026-07-27 10:45:46 | INFO     | ✅ [批改完成] ANS_ML_11 | 路由: POS | 最终分: 2.7 | 风险: P0.00/U0.06/F0.00/H0/L0 | 提取质量: 🟢high | 留白率: 0% | 低质量率: 0%
2026-07-27 10:45:46 | INFO     | 
🔍 [正在处理] ANS_ML_14 | 启动 3WD 流水线...
2026-07-27 10:45:46 | INFO     | 📢 [总进度] 12/56 份试卷已归档。
2026-07-27 10:46:41 | INFO     | ✅ [批改完成] ANS_ML_14 | 路由: BND | 最终分: 1.3 | 风险: P0.00/U0.12/F0.00/H0/L1 | 提取质量: 🟢high | 留白率: 0% | 低质量率: 0%
2026-07-27 10:46:41 | INFO     | 
🔍 [正在处理] ANS_ML_15 | 启动 3WD 流水线...
2026-07-27 10:46:41 | INFO     | 📢 [总进度] 13/56 份试卷已归档。
2026-07-27 10:46:56 | INFO     | ✅ [批改完成] ANS_ML_13 | 路由: BND | 最终分: 1.2 | 风险: P0.00/U0.22/F0.00/H0/L1 | 提取质量: 🟢high | 留白率: 0% | 低质量率: 0%
2026-07-27 10:46:56 | INFO     | 
🔍 [正在处理] ANS_ML_16 | 启动 3WD 流水线...
2026-07-27 10:46:56 | INFO     | 📢 [总进度] 14/56 份试卷已归档。
2026-07-27 10:47:29 | INFO     | ✅ [批改完成] ANS_ML_15 | 路由: BND | 最终分: 2.5 | 风险: P0.00/U0.10/F0.00/H0/L0 | 提取质量: 🟢high | 留白率: 0% | 低质量率: 0%
2026-07-27 10:47:29 | INFO     | 
🔍 [正在处理] ANS_ML_17 | 启动 3WD 流水线...
2026-07-27 10:47:29 | INFO     | 📢 [总进度] 15/56 份试卷已归档。
2026-07-27 10:47:55 | INFO     | ✅ [批改完成] ANS_ML_16 | 路由: BND | 最终分: 2.3 | 风险: P0.00/U0.12/F0.00/H0/L1 | 提取质量: 🟢high | 留白率: 0% | 低质量率: 0%
2026-07-27 10:47:55 | INFO     | 
🔍 [正在处理] ANS_ML_18 | 启动 3WD 流水线...
2026-07-27 10:47:55 | INFO     | 📢 [总进度] 16/56 份试卷已归档。
2026-07-27 10:48:15 | INFO     | ✅ [批改完成] ANS_ML_17 | 路由: POS | 最终分: 4.0 | 风险: P0.00/U0.00/F0.00/H0/L0 | 提取质量: 🟢high | 留白率: 0% | 低质量率: 0%
2026-07-27 10:48:15 | INFO     | 
🔍 [正在处理] ANS_ML_19 | 启动 3WD 流水线...
2026-07-27 10:48:15 | INFO     | 📢 [总进度] 17/56 份试卷已归档。
2026-07-27 10:49:19 | INFO     | ✅ [批改完成] ANS_ML_18 | 路由: BND | 最终分: 3.2 | 风险: P0.00/U0.12/F0.00/H0/L0 | 提取质量: 🟢high | 留白率: 0% | 低质量率: 0%
2026-07-27 10:49:19 | INFO     | 
🔍 [正在处理] ANS_ML_20 | 启动 3WD 流水线...
2026-07-27 10:49:19 | INFO     | 📢 [总进度] 18/56 份试卷已归档。
2026-07-27 10:49:22 | INFO     | ✅ [批改完成] ANS_ML_19 | 路由: BND | 最终分: 1.8 | 风险: P0.00/U0.16/F0.00/H0/L1 | 提取质量: 🟢high | 留白率: 0% | 低质量率: 0%
2026-07-27 10:49:22 | INFO     | 
🔍 [正在处理] ANS_ML_21 | 启动 3WD 流水线...
2026-07-27 10:49:22 | INFO     | 📢 [总进度] 19/56 份试卷已归档。
2026-07-27 10:50:22 | INFO     | ✅ [批改完成] ANS_ML_20 | 路由: BND | 最终分: 2.8 | 风险: P0.00/U0.16/F0.00/H0/L0 | 提取质量: 🟢high | 留白率: 0% | 低质量率: 0%
2026-07-27 10:50:22 | INFO     | 
🔍 [正在处理] ANS_ML_22 | 启动 3WD 流水线...
2026-07-27 10:50:22 | INFO     | 📢 [总进度] 20/56 份试卷已归档。
2026-07-27 10:50:31 | INFO     | ✅ [批改完成] ANS_ML_21 | 路由: BND | 最终分: 1.55 | 风险: P0.00/U0.12/F0.00/H0/L1 | 提取质量: 🟢high | 留白率: 0% | 低质量率: 0%
2026-07-27 10:50:31 | INFO     | 
🔍 [正在处理] ANS_ML_23 | 启动 3WD 流水线...
2026-07-27 10:50:31 | INFO     | 📢 [总进度] 21/56 份试卷已归档。
2026-07-27 10:51:02 | INFO     | ✅ [批改完成] ANS_ML_22 | 路由: POS | 最终分: 1.8 | 风险: P0.00/U0.06/F0.00/H0/L1 | 提取质量: 🟢high | 留白率: 0% | 低质量率: 0%
2026-07-27 10:51:02 | INFO     | 
🔍 [正在处理] ANS_ML_24 | 启动 3WD 流水线...
2026-07-27 10:51:02 | INFO     | 📢 [总进度] 22/56 份试卷已归档。
2026-07-27 10:51:19 | INFO     | ✅ [批改完成] ANS_ML_23 | 路由: POS | 最终分: 2.2 | 风险: P0.00/U0.06/F0.00/H0/L1 | 提取质量: 🟢high | 留白率: 0% | 低质量率: 0%
2026-07-27 10:51:19 | INFO     | 
🔍 [正在处理] ANS_ML_25 | 启动 3WD 流水线...
2026-07-27 10:51:19 | INFO     | 📢 [总进度] 23/56 份试卷已归档。
2026-07-27 10:51:54 | INFO     | ✅ [批改完成] ANS_ML_24 | 路由: POS | 最终分: 3.0 | 风险: P0.00/U0.00/F0.00/H0/L0 | 提取质量: 🟢high | 留白率: 0% | 低质量率: 0%
2026-07-27 10:51:54 | INFO     | 
🔍 [正在处理] ANS_ML_26 | 启动 3WD 流水线...
2026-07-27 10:51:54 | INFO     | 📢 [总进度] 24/56 份试卷已归档。
2026-07-27 10:52:51 | INFO     | ✅ [批改完成] ANS_ML_26 | 路由: BND | 最终分: 2.1 | 风险: P0.00/U0.24/F0.00/H0/L1 | 提取质量: 🟢high | 留白率: 0% | 低质量率: 0%
2026-07-27 10:52:51 | INFO     | 
🔍 [正在处理] ANS_ML_27 | 启动 3WD 流水线...
2026-07-27 10:52:51 | INFO     | 📢 [总进度] 25/56 份试卷已归档。
2026-07-27 10:53:01 | INFO     | ✅ [批改完成] ANS_ML_25 | 路由: BND | 最终分: 1.7 | 风险: P0.00/U0.12/F0.00/H0/L1 | 提取质量: 🟢high | 留白率: 0% | 低质量率: 0%
2026-07-27 10:53:01 | INFO     | 
🔍 [正在处理] ANS_ML_28 | 启动 3WD 流水线...
2026-07-27 10:53:01 | INFO     | 📢 [总进度] 26/56 份试卷已归档。
2026-07-27 10:54:48 | INFO     | ✅ [批改完成] ANS_ML_28 | 路由: POS | 最终分: 2.0 | 风险: P0.00/U0.00/F0.00/H0/L1 | 提取质量: 🟢high | 留白率: 0% | 低质量率: 0%
2026-07-27 10:54:48 | INFO     | 
🔍 [正在处理] ANS_ML_29 | 启动 3WD 流水线...
2026-07-27 10:54:48 | INFO     | 📢 [总进度] 27/56 份试卷已归档。
2026-07-27 10:54:53 | INFO     | ✅ [批改完成] ANS_ML_27 | 路由: BND | 最终分: 1.3 | 风险: P0.00/U0.12/F0.00/H0/L1 | 提取质量: 🟢high | 留白率: 0% | 低质量率: 0%
2026-07-27 10:54:53 | INFO     | 
🔍 [正在处理] ANS_ML_30 | 启动 3WD 流水线...
2026-07-27 10:54:53 | INFO     | 📢 [总进度] 28/56 份试卷已归档。
2026-07-27 10:56:01 | INFO     | ✅ [批改完成] ANS_ML_29 | 路由: POS | 最终分: 2.0 | 风险: P0.00/U0.00/F0.00/H0/L1 | 提取质量: 🟢high | 留白率: 0% | 低质量率: 0%
2026-07-27 10:56:01 | INFO     | 
🔍 [正在处理] ANS_ML_31 | 启动 3WD 流水线...
2026-07-27 10:56:01 | INFO     | 📢 [总进度] 29/56 份试卷已归档。
2026-07-27 10:56:11 | INFO     | ✅ [批改完成] ANS_ML_30 | 路由: POS | 最终分: 2.2 | 风险: P0.00/U0.06/F0.00/H0/L1 | 提取质量: 🟢high | 留白率: 0% | 低质量率: 0%
2026-07-27 10:56:11 | INFO     | 
🔍 [正在处理] ANS_ML_32 | 启动 3WD 流水线...
2026-07-27 10:56:11 | INFO     | 📢 [总进度] 30/56 份试卷已归档。
2026-07-27 10:56:43 | INFO     | ✅ [批改完成] ANS_ML_31 | 路由: POS | 最终分: 2.2 | 风险: P0.00/U0.06/F0.00/H0/L1 | 提取质量: 🟢high | 留白率: 0% | 低质量率: 0%
2026-07-27 10:56:43 | INFO     | 
🔍 [正在处理] ANS_ML_33 | 启动 3WD 流水线...
2026-07-27 10:56:43 | INFO     | 📢 [总进度] 31/56 份试卷已归档。
2026-07-27 10:57:57 | INFO     | ✅ [批改完成] ANS_ML_32 | 路由: BND | 最终分: 0.3 | 风险: P0.00/U0.12/F1.00/H0/L1 | 提取质量: 🟢high | 留白率: 0% | 低质量率: 0%
2026-07-27 10:57:57 | INFO     | 
🔍 [正在处理] ANS_ML_34 | 启动 3WD 流水线...
2026-07-27 10:57:57 | INFO     | 📢 [总进度] 32/56 份试卷已归档。
2026-07-27 10:58:41 | INFO     | ✅ [批改完成] ANS_ML_33 | 路由: POS | 最终分: 2.2 | 风险: P0.00/U0.06/F0.00/H0/L1 | 提取质量: 🟢high | 留白率: 0% | 低质量率: 0%
2026-07-27 10:58:41 | INFO     | 
🔍 [正在处理] ANS_ML_35 | 启动 3WD 流水线...
2026-07-27 10:58:41 | INFO     | 📢 [总进度] 33/56 份试卷已归档。
2026-07-27 10:59:12 | INFO     | ✅ [批改完成] ANS_ML_34 | 路由: BND | 最终分: 2.5 | 风险: P0.00/U0.12/F0.00/H0/L1 | 提取质量: 🟢high | 留白率: 0% | 低质量率: 0%
2026-07-27 10:59:12 | INFO     | 
🔍 [正在处理] ANS_ML_36 | 启动 3WD 流水线...
2026-07-27 10:59:12 | INFO     | 📢 [总进度] 34/56 份试卷已归档。
2026-07-27 11:00:23 | INFO     | ✅ [批改完成] ANS_ML_36 | 路由: BND | 最终分: 1.5 | 风险: P0.00/U0.10/F0.00/H0/L1 | 提取质量: 🟢high | 留白率: 0% | 低质量率: 0%
2026-07-27 11:00:23 | INFO     | 
🔍 [正在处理] ANS_ML_37 | 启动 3WD 流水线...
2026-07-27 11:00:23 | INFO     | 📢 [总进度] 35/56 份试卷已归档。
2026-07-27 11:02:11 | INFO     | ✅ [批改完成] ANS_ML_35 | 路由: POS | 最终分: 1.2 | 风险: P0.00/U0.06/F0.00/H0/L1 | 提取质量: 🟢high | 留白率: 0% | 低质量率: 0%
2026-07-27 11:02:11 | INFO     | 
🔍 [正在处理] ANS_ML_38 | 启动 3WD 流水线...
2026-07-27 11:02:11 | INFO     | 📢 [总进度] 36/56 份试卷已归档。
2026-07-27 11:02:13 | INFO     | ✅ [批改完成] ANS_ML_37 | 路由: BND | 最终分: 1.0 | 风险: P0.00/U0.20/F0.00/H0/L1 | 提取质量: 🟢high | 留白率: 0% | 低质量率: 0%
2026-07-27 11:02:13 | INFO     | 
🔍 [正在处理] ANS_ML_39 | 启动 3WD 流水线...
2026-07-27 11:02:13 | INFO     | 📢 [总进度] 37/56 份试卷已归档。
2026-07-27 11:02:48 | INFO     | ✅ [批改完成] ANS_ML_39 | 路由: POS | 最终分: 1.5 | 风险: P0.00/U0.00/F0.00/H0/L1 | 提取质量: 🟢high | 留白率: 0% | 低质量率: 0%
2026-07-27 11:02:48 | INFO     | 
🔍 [正在处理] ANS_ML_40 | 启动 3WD 流水线...
2026-07-27 11:02:48 | INFO     | 📢 [总进度] 38/56 份试卷已归档。
2026-07-27 11:03:53 | INFO     | ✅ [批改完成] ANS_ML_40 | 路由: POS | 最终分: 2.0 | 风险: P0.00/U0.00/F0.00/H0/L1 | 提取质量: 🟢high | 留白率: 0% | 低质量率: 0%
2026-07-27 11:03:53 | INFO     | 
🔍 [正在处理] ANS_ML_41 | 启动 3WD 流水线...
2026-07-27 11:03:53 | INFO     | 📢 [总进度] 39/56 份试卷已归档。
2026-07-27 11:04:02 | INFO     | ✅ [批改完成] ANS_ML_38 | 路由: BND | 最终分: 0.3 | 风险: P0.00/U0.12/F1.00/H0/L1 | 提取质量: 🟢high | 留白率: 0% | 低质量率: 0%
2026-07-27 11:04:02 | INFO     | 
🔍 [正在处理] ANS_ML_42 | 启动 3WD 流水线...
2026-07-27 11:04:02 | INFO     | 📢 [总进度] 40/56 份试卷已归档。
2026-07-27 11:05:16 | INFO     | ✅ [批改完成] ANS_ML_41 | 路由: BND | 最终分: 1.3 | 风险: P0.00/U0.10/F0.00/H0/L1 | 提取质量: 🟢high | 留白率: 0% | 低质量率: 0%
2026-07-27 11:05:16 | INFO     | 
🔍 [正在处理] ANS_ML_43 | 启动 3WD 流水线...
2026-07-27 11:05:16 | INFO     | 📢 [总进度] 41/56 份试卷已归档。
2026-07-27 11:05:27 | INFO     | ✅ [批改完成] ANS_ML_42 | 路由: BND | 最终分: 2.8 | 风险: P0.00/U0.16/F0.00/H0/L0 | 提取质量: 🟢high | 留白率: 0% | 低质量率: 0%
2026-07-27 11:05:27 | INFO     | 
🔍 [正在处理] ANS_ML_44 | 启动 3WD 流水线...
2026-07-27 11:05:27 | INFO     | 📢 [总进度] 42/56 份试卷已归档。
2026-07-27 11:06:40 | INFO     | ✅ [批改完成] ANS_ML_43 | 路由: BND | 最终分: 2.45 | 风险: P0.00/U0.12/F0.00/H0/L1 | 提取质量: 🟢high | 留白率: 0% | 低质量率: 0%
2026-07-27 11:06:40 | INFO     | 
🔍 [正在处理] ANS_ML_45 | 启动 3WD 流水线...
2026-07-27 11:06:40 | INFO     | 📢 [总进度] 43/56 份试卷已归档。
2026-07-27 11:06:45 | INFO     | ✅ [批改完成] ANS_ML_44 | 路由: BND | 最终分: 3.0 | 风险: P0.00/U0.10/F0.00/H0/L0 | 提取质量: 🟢high | 留白率: 0% | 低质量率: 0%
2026-07-27 11:06:45 | INFO     | 
🔍 [正在处理] ANS_ML_46 | 启动 3WD 流水线...
2026-07-27 11:06:45 | INFO     | 📢 [总进度] 44/56 份试卷已归档。
2026-07-27 11:08:00 | INFO     | ✅ [批改完成] ANS_ML_46 | 路由: BND | 最终分: 2.7 | 风险: P0.00/U0.16/F0.00/H0/L0 | 提取质量: 🟢high | 留白率: 0% | 低质量率: 0%
2026-07-27 11:08:01 | INFO     | 
🔍 [正在处理] ANS_ML_47 | 启动 3WD 流水线...
2026-07-27 11:08:01 | INFO     | 📢 [总进度] 45/56 份试卷已归档。
2026-07-27 11:08:27 | INFO     | ✅ [批改完成] ANS_ML_45 | 路由: POS | 最终分: 1.2 | 风险: P0.00/U0.06/F0.00/H0/L1 | 提取质量: 🟢high | 留白率: 0% | 低质量率: 0%
2026-07-27 11:08:27 | INFO     | 
🔍 [正在处理] ANS_ML_48 | 启动 3WD 流水线...
2026-07-27 11:08:27 | INFO     | 📢 [总进度] 46/56 份试卷已归档。
2026-07-27 11:09:17 | INFO     | ✅ [批改完成] ANS_ML_48 | 路由: POS | 最终分: 1.3 | 风险: P0.00/U0.06/F0.00/H0/L1 | 提取质量: 🟢high | 留白率: 0% | 低质量率: 0%
2026-07-27 11:09:17 | INFO     | 
🔍 [正在处理] ANS_ML_49 | 启动 3WD 流水线...
2026-07-27 11:09:17 | INFO     | 📢 [总进度] 47/56 份试卷已归档。
2026-07-27 11:10:59 | INFO     | ✅ [批改完成] ANS_ML_49 | 路由: BND | 最终分: 1.5 | 风险: P0.00/U0.10/F0.00/H0/L1 | 提取质量: 🟢high | 留白率: 0% | 低质量率: 0%
2026-07-27 11:10:59 | INFO     | 
🔍 [正在处理] ANS_ML_50 | 启动 3WD 流水线...
2026-07-27 11:10:59 | INFO     | 📢 [总进度] 48/56 份试卷已归档。
2026-07-27 11:11:37 | INFO     | ✅ [批改完成] ANS_ML_47 | 路由: BND | 最终分: 0.6 | 风险: P0.00/U0.11/F0.00/H0/L1 | 提取质量: 🟢high | 留白率: 0% | 低质量率: 0%
2026-07-27 11:11:37 | INFO     | 
🔍 [正在处理] ANS_ML_51 | 启动 3WD 流水线...
2026-07-27 11:11:37 | INFO     | 📢 [总进度] 49/56 份试卷已归档。
2026-07-27 11:12:15 | INFO     | ✅ [批改完成] ANS_ML_50 | 路由: POS | 最终分: 1.3 | 风险: P0.00/U0.06/F0.00/H0/L1 | 提取质量: 🟢high | 留白率: 0% | 低质量率: 0%
2026-07-27 11:12:15 | INFO     | 
🔍 [正在处理] ANS_ML_52 | 启动 3WD 流水线...
2026-07-27 11:12:15 | INFO     | 📢 [总进度] 50/56 份试卷已归档。
2026-07-27 11:12:42 | INFO     | ✅ [批改完成] ANS_ML_52 | 路由: POS | 最终分: 2.2 | 风险: P0.00/U0.05/F0.00/H0/L1 | 提取质量: 🟢high | 留白率: 0% | 低质量率: 0%
2026-07-27 11:12:42 | INFO     | 
🔍 [正在处理] ANS_ML_53 | 启动 3WD 流水线...
2026-07-27 11:12:42 | INFO     | 📢 [总进度] 51/56 份试卷已归档。
2026-07-27 11:13:08 | INFO     | ✅ [批改完成] ANS_ML_51 | 路由: BND | 最终分: 2.3 | 风险: P0.00/U0.12/F0.00/H0/L1 | 提取质量: 🟢high | 留白率: 0% | 低质量率: 0%
2026-07-27 11:13:08 | INFO     | 
🔍 [正在处理] ANS_ML_54 | 启动 3WD 流水线...
2026-07-27 11:13:08 | INFO     | 📢 [总进度] 52/56 份试卷已归档。
2026-07-27 11:13:26 | INFO     | ✅ [批改完成] ANS_ML_53 | 路由: POS | 最终分: 0 | 风险: P0.00/U0.00/F1.00/H0/L1 | 提取质量: 🟢high | 留白率: 0% | 低质量率: 0%
2026-07-27 11:13:26 | INFO     | 
🔍 [正在处理] ANS_ML_55 | 启动 3WD 流水线...
2026-07-27 11:13:26 | INFO     | 📢 [总进度] 53/56 份试卷已归档。
2026-07-27 11:14:27 | INFO     | ✅ [批改完成] ANS_ML_54 | 路由: POS | 最终分: 1.6 | 风险: P0.00/U0.03/F0.00/H0/L1 | 提取质量: 🟢high | 留白率: 0% | 低质量率: 0%
2026-07-27 11:14:27 | INFO     | 
🔍 [正在处理] ANS_ML_56 | 启动 3WD 流水线...
2026-07-27 11:14:27 | INFO     | 📢 [总进度] 54/56 份试卷已归档。
2026-07-27 11:14:44 | INFO     | ✅ [批改完成] ANS_ML_55 | 路由: BND | 最终分: 0.7 | 风险: P0.00/U0.12/F0.00/H0/L1 | 提取质量: 🟢high | 留白率: 0% | 低质量率: 0%
2026-07-27 11:14:44 | INFO     | 📢 [总进度] 55/56 份试卷已归档。
2026-07-27 11:16:46 | INFO     | ✅ [批改完成] ANS_ML_56 | 路由: POS | 最终分: 4.0 | 风险: P0.00/U0.00/F0.00/H0/L0 | 提取质量: 🟢high | 留白率: 0% | 低质量率: 0%
2026-07-27 11:16:46 | INFO     | 📢 [总进度] 56/56 份试卷已归档。
2026-07-27 11:16:47 | INFO     | 🗂️ 所有线程交卷完毕，正在整理数据... (共收集 56/56 份结果)
2026-07-27 11:16:47 | INFO     | 💾 正常批改结果已保存: D:\users\王鑫020420\Desktop\refgrader-main\results_runs\csbench_ml1_ml2_ml3_ml4_all\runs\teacher_audit_ml_1_4_20260725_192008\ML_1_graded_results.json (56 人)
2026-07-27 11:16:47 | INFO     | ✅ 无拒绝域案例。
2026-07-27 11:16:47 | INFO     | [result consistency] ML_1: checkpoint=56, graded=56, rejected=0, failed=0, expected=56
2026-07-27 11:16:47 | INFO     | 
🚀 [标准模式] 开始处理: ML_2
2026-07-27 11:16:47 | INFO     | ⚡ 已加载本地标准: D:\users\王鑫020420\Desktop\refgrader-main\data\csbench\rubrics\optimized\ML\ML_2_rubric_standard.json
2026-07-27 11:16:47 | INFO     | [PaddleOCR] preparing 2/56 visual-answer cache entries...
2026-07-27 11:16:56 | INFO     | Initialize PaddleOCR | device=cpu | lang=ch | pending=1/1 | model_cache=D:\paddlex_cache
[1/1] completed: ANS_ML_61.jpg | tokens=15 | mean_conf=0.902122 | output=D:\users\王鑫020420\Desktop\refgrader-main\ocr_cache\csbench\ML_2\ANS_ML_61.json
summary: completed=1, skipped=0, failed=0
2026-07-27 11:17:06 | INFO     | Initialize PaddleOCR | device=cpu | lang=ch | pending=1/1 | model_cache=D:\paddlex_cache
[1/1] completed: ANS_ML_80.jpg | tokens=23 | mean_conf=0.959047 | output=D:\users\王鑫020420\Desktop\refgrader-main\ocr_cache\csbench\ML_2\ANS_ML_80.json
summary: completed=1, skipped=0, failed=0
2026-07-27 11:17:18 | INFO     | ⚡ 脱敏清单已预生成，56 名学生共享复用。
2026-07-27 11:17:18 | INFO     | 🏃 开始批改 56 张试卷 (⚡ 开启多线程模式)...
2026-07-27 11:17:18 | INFO     | 
🔍 [正在处理] ANS_ML_100 | 启动 3WD 流水线...
2026-07-27 11:17:18 | INFO     | 
🔍 [正在处理] ANS_ML_101 | 启动 3WD 流水线...
2026-07-27 11:17:18 | INFO     | ⏳ [主线程] 已提交 56 个任务，等待结果回收...
2026-07-27 11:17:40 | INFO     | ✅ [批改完成] ANS_ML_100 | 路由: POS | 最终分: 4.0 | 风险: P0.00/U0.00/F0.00/H0/L0 | 提取质量: 🟢high | 留白率: 0% | 低质量率: 0%
2026-07-27 11:17:40 | INFO     | 
🔍 [正在处理] ANS_ML_102 | 启动 3WD 流水线...
2026-07-27 11:17:40 | INFO     | 📢 [总进度] 1/56 份试卷已归档。
2026-07-27 11:18:08 | INFO     | ✅ [批改完成] ANS_ML_102 | 路由: POS | 最终分: 4.0 | 风险: P0.00/U0.00/F0.00/H0/L0 | 提取质量: 🟢high | 留白率: 0% | 低质量率: 0%
2026-07-27 11:18:08 | INFO     | 
🔍 [正在处理] ANS_ML_103 | 启动 3WD 流水线...
2026-07-27 11:18:08 | INFO     | 📢 [总进度] 2/56 份试卷已归档。
2026-07-27 11:18:25 | INFO     | ✅ [批改完成] ANS_ML_101 | 路由: BND | 最终分: 2.0 | 风险: P0.15/U0.14/F0.50/H0/L1 | 提取质量: 🟢high | 留白率: 0% | 低质量率: 0%
2026-07-27 11:18:25 | INFO     | 
🔍 [正在处理] ANS_ML_104 | 启动 3WD 流水线...
2026-07-27 11:18:25 | INFO     | 📢 [总进度] 3/56 份试卷已归档。
2026-07-27 11:18:35 | INFO     | ✅ [批改完成] ANS_ML_103 | 路由: POS | 最终分: 4.0 | 风险: P0.00/U0.00/F0.00/H0/L0 | 提取质量: 🟢high | 留白率: 0% | 低质量率: 0%
2026-07-27 11:18:35 | INFO     | 
🔍 [正在处理] ANS_ML_105 | 启动 3WD 流水线...
2026-07-27 11:18:35 | INFO     | 📢 [总进度] 4/56 份试卷已归档。
2026-07-27 11:18:46 | INFO     | ✅ [批改完成] ANS_ML_104 | 路由: POS | 最终分: 4.0 | 风险: P0.00/U0.00/F0.00/H0/L0 | 提取质量: 🟢high | 留白率: 0% | 低质量率: 0%
2026-07-27 11:18:46 | INFO     | 
🔍 [正在处理] ANS_ML_106 | 启动 3WD 流水线...
2026-07-27 11:18:46 | INFO     | 📢 [总进度] 5/56 份试卷已归档。
2026-07-27 11:19:18 | INFO     | ✅ [批改完成] ANS_ML_105 | 路由: BND | 最终分: 0.7 | 风险: P0.55/U0.00/F0.00/H0/L0 | 提取质量: 🟡low | 留白率: 50% | 低质量率: 0%
2026-07-27 11:19:18 | INFO     | 
🔍 [正在处理] ANS_ML_107 | 启动 3WD 流水线...
2026-07-27 11:19:18 | INFO     | 📢 [总进度] 6/56 份试卷已归档。
2026-07-27 11:19:20 | INFO     | ✅ [批改完成] ANS_ML_106 | 路由: BND | 最终分: 0.3 | 风险: P0.00/U0.12/F1.00/H0/L1 | 提取质量: 🟢high | 留白率: 0% | 低质量率: 0%
2026-07-27 11:19:20 | INFO     | 
🔍 [正在处理] ANS_ML_108 | 启动 3WD 流水线...
2026-07-27 11:19:20 | INFO     | 📢 [总进度] 7/56 份试卷已归档。
2026-07-27 11:19:40 | INFO     | ✅ [批改完成] ANS_ML_107 | 路由: POS | 最终分: 4.0 | 风险: P0.00/U0.00/F0.00/H0/L0 | 提取质量: 🟢high | 留白率: 0% | 低质量率: 0%
2026-07-27 11:19:40 | INFO     | 
🔍 [正在处理] ANS_ML_109 | 启动 3WD 流水线...
2026-07-27 11:19:40 | INFO     | 📢 [总进度] 8/56 份试卷已归档。
2026-07-27 11:20:59 | INFO     | ✅ [批改完成] ANS_ML_108 | 路由: POS | 最终分: 4.0 | 风险: P0.00/U0.00/F0.00/H0/L0 | 提取质量: 🟢high | 留白率: 0% | 低质量率: 0%
2026-07-27 11:20:59 | INFO     | 
🔍 [正在处理] ANS_ML_110 | 启动 3WD 流水线...
2026-07-27 11:20:59 | INFO     | 📢 [总进度] 9/56 份试卷已归档。
2026-07-27 11:21:00 | INFO     | ✅ [批改完成] ANS_ML_109 | 路由: BND | 最终分: 0 | 风险: P0.55/U0.00/F0.50/H0/L0 | 提取质量: 🟡low | 留白率: 50% | 低质量率: 0%
2026-07-27 11:21:00 | INFO     | 
🔍 [正在处理] ANS_ML_111 | 启动 3WD 流水线...
2026-07-27 11:21:00 | INFO     | 📢 [总进度] 10/56 份试卷已归档。
2026-07-27 11:21:46 | INFO     | ✅ [批改完成] ANS_ML_111 | 路由: NEG | 最终分: 0 | 风险: P0.80/U0.00/F0.00/H0/L0 | 提取质量: 🟡low | 留白率: 100% | 低质量率: 0%
2026-07-27 11:21:46 | INFO     | 
🔍 [正在处理] ANS_ML_112 | 启动 3WD 流水线...
2026-07-27 11:21:46 | INFO     | 📢 [总进度] 11/56 份试卷已归档 [NEG-拒绝]。
2026-07-27 11:21:48 | INFO     | ✅ [批改完成] ANS_ML_110 | 路由: POS | 最终分: 0 | 风险: P0.00/U0.00/F1.00/H0/L1 | 提取质量: 🟢high | 留白率: 0% | 低质量率: 0%
2026-07-27 11:21:48 | INFO     | 
🔍 [正在处理] ANS_ML_57 | 启动 3WD 流水线...
2026-07-27 11:21:48 | INFO     | 📢 [总进度] 12/56 份试卷已归档。
2026-07-27 11:22:24 | INFO     | ✅ [批改完成] ANS_ML_57 | 路由: POS | 最终分: 4.0 | 风险: P0.00/U0.00/F0.00/H0/L0 | 提取质量: 🟢high | 留白率: 0% | 低质量率: 0%
2026-07-27 11:22:24 | INFO     | 
🔍 [正在处理] ANS_ML_58 | 启动 3WD 流水线...
2026-07-27 11:22:24 | INFO     | 📢 [总进度] 13/56 份试卷已归档。
2026-07-27 11:22:36 | INFO     | ✅ [批改完成] ANS_ML_112 | 路由: BND | 最终分: 4.0 | 风险: P0.15/U0.00/F0.00/H0/L0 | 提取质量: 🟢high | 留白率: 0% | 低质量率: 0%
2026-07-27 11:22:36 | INFO     | 
🔍 [正在处理] ANS_ML_59 | 启动 3WD 流水线...
2026-07-27 11:22:36 | INFO     | 📢 [总进度] 14/56 份试卷已归档。
2026-07-27 11:23:29 | INFO     | ✅ [批改完成] ANS_ML_58 | 路由: POS | 最终分: 0 | 风险: P0.00/U0.00/F1.00/H0/L1 | 提取质量: 🟢high | 留白率: 0% | 低质量率: 0%
2026-07-27 11:23:29 | INFO     | 
🔍 [正在处理] ANS_ML_60 | 启动 3WD 流水线...
2026-07-27 11:23:29 | INFO     | 📢 [总进度] 15/56 份试卷已归档。
2026-07-27 11:23:58 | INFO     | ✅ [批改完成] ANS_ML_59 | 路由: BND | 最终分: 4.0 | 风险: P0.15/U0.00/F0.00/H0/L0 | 提取质量: 🟢high | 留白率: 0% | 低质量率: 0%
2026-07-27 11:23:58 | INFO     | 
🔍 [正在处理] ANS_ML_61 | 启动 3WD 流水线...
2026-07-27 11:23:58 | INFO     | 📢 [总进度] 16/56 份试卷已归档。
2026-07-27 11:25:03 | INFO     | ✅ [批改完成] ANS_ML_60 | 路由: POS | 最终分: 1.0 | 风险: P0.00/U0.04/F0.50/H0/L1 | 提取质量: 🟢high | 留白率: 0% | 低质量率: 0%
2026-07-27 11:25:03 | INFO     | 
🔍 [正在处理] ANS_ML_62 | 启动 3WD 流水线...
2026-07-27 11:25:03 | INFO     | 📢 [总进度] 17/56 份试卷已归档。
2026-07-27 11:25:47 | INFO     | ✅ [批改完成] ANS_ML_62 | 路由: BND | 最终分: 4.0 | 风险: P0.15/U0.00/F0.00/H0/L0 | 提取质量: 🟢high | 留白率: 0% | 低质量率: 0%
2026-07-27 11:25:47 | INFO     | 
🔍 [正在处理] ANS_ML_63 | 启动 3WD 流水线...
2026-07-27 11:25:47 | INFO     | 📢 [总进度] 18/56 份试卷已归档。
2026-07-27 11:26:12 | INFO     | ✅ [批改完成] ANS_ML_61 | 路由: BND | 最终分: 3.7 | 风险: P0.00/U0.12/F0.00/H0/L0 | 提取质量: 🟢high | 留白率: 0% | 低质量率: 0%
2026-07-27 11:26:12 | INFO     | 
🔍 [正在处理] ANS_ML_64 | 启动 3WD 流水线...
2026-07-27 11:26:12 | INFO     | 📢 [总进度] 19/56 份试卷已归档。
2026-07-27 11:26:35 | INFO     | ✅ [批改完成] ANS_ML_64 | 路由: POS | 最终分: 4.0 | 风险: P0.00/U0.00/F0.00/H0/L0 | 提取质量: 🟢high | 留白率: 0% | 低质量率: 0%
2026-07-27 11:26:35 | INFO     | 
🔍 [正在处理] ANS_ML_65 | 启动 3WD 流水线...
2026-07-27 11:26:35 | INFO     | 📢 [总进度] 20/56 份试卷已归档。
2026-07-27 11:26:55 | INFO     | ✅ [批改完成] ANS_ML_65 | 路由: POS | 最终分: 4.0 | 风险: P0.00/U0.00/F0.00/H0/L0 | 提取质量: 🟢high | 留白率: 0% | 低质量率: 0%
2026-07-27 11:26:55 | INFO     | 
🔍 [正在处理] ANS_ML_66 | 启动 3WD 流水线...
2026-07-27 11:26:55 | INFO     | 📢 [总进度] 21/56 份试卷已归档。
2026-07-27 11:27:34 | INFO     | ✅ [批改完成] ANS_ML_63 | 路由: POS | 最终分: 4.0 | 风险: P0.00/U0.00/F0.00/H0/L0 | 提取质量: 🟢high | 留白率: 0% | 低质量率: 0%
2026-07-27 11:27:34 | INFO     | 
🔍 [正在处理] ANS_ML_67 | 启动 3WD 流水线...
2026-07-27 11:27:34 | INFO     | 📢 [总进度] 22/56 份试卷已归档。
2026-07-27 11:27:46 | INFO     | ✅ [批改完成] ANS_ML_66 | 路由: BND | 最终分: 3.7 | 风险: P0.00/U0.12/F0.00/H0/L0 | 提取质量: 🟢high | 留白率: 0% | 低质量率: 0%
2026-07-27 11:27:46 | INFO     | 
🔍 [正在处理] ANS_ML_68 | 启动 3WD 流水线...
2026-07-27 11:27:46 | INFO     | 📢 [总进度] 23/56 份试卷已归档。
2026-07-27 11:28:07 | INFO     | ✅ [批改完成] ANS_ML_67 | 路由: POS | 最终分: 4.0 | 风险: P0.00/U0.00/F0.00/H0/L0 | 提取质量: 🟢high | 留白率: 0% | 低质量率: 0%
2026-07-27 11:28:07 | INFO     | 
🔍 [正在处理] ANS_ML_69 | 启动 3WD 流水线...
2026-07-27 11:28:07 | INFO     | 📢 [总进度] 24/56 份试卷已归档。
2026-07-27 11:28:28 | INFO     | ✅ [批改完成] ANS_ML_68 | 路由: BND | 最终分: 2.0 | 风险: P0.40/U0.00/F0.00/H0/L0 | 提取质量: 🟡low | 留白率: 50% | 低质量率: 0%
2026-07-27 11:28:28 | INFO     | 
🔍 [正在处理] ANS_ML_70 | 启动 3WD 流水线...
2026-07-27 11:28:28 | INFO     | 📢 [总进度] 25/56 份试卷已归档。
2026-07-27 11:28:32 | INFO     | ✅ [批改完成] ANS_ML_69 | 路由: BND | 最终分: 4.0 | 风险: P0.15/U0.00/F0.00/H0/L0 | 提取质量: 🟢high | 留白率: 0% | 低质量率: 0%
2026-07-27 11:28:32 | INFO     | 
🔍 [正在处理] ANS_ML_71 | 启动 3WD 流水线...
2026-07-27 11:28:32 | INFO     | 📢 [总进度] 26/56 份试卷已归档。
2026-07-27 11:28:54 | INFO     | ✅ [批改完成] ANS_ML_70 | 路由: POS | 最终分: 4.0 | 风险: P0.00/U0.00/F0.00/H0/L0 | 提取质量: 🟢high | 留白率: 0% | 低质量率: 0%
2026-07-27 11:28:54 | INFO     | 
🔍 [正在处理] ANS_ML_72 | 启动 3WD 流水线...
2026-07-27 11:28:54 | INFO     | 📢 [总进度] 27/56 份试卷已归档。
2026-07-27 11:29:33 | INFO     | ✅ [批改完成] ANS_ML_72 | 路由: BND | 最终分: 4.0 | 风险: P0.15/U0.00/F0.00/H0/L0 | 提取质量: 🟢high | 留白率: 0% | 低质量率: 0%
2026-07-27 11:29:33 | INFO     | 
🔍 [正在处理] ANS_ML_73 | 启动 3WD 流水线...
2026-07-27 11:29:33 | INFO     | 📢 [总进度] 28/56 份试卷已归档。
2026-07-27 11:29:41 | INFO     | ✅ [批改完成] ANS_ML_71 | 路由: BND | 最终分: 4.0 | 风险: P0.15/U0.00/F0.00/H0/L0 | 提取质量: 🟢high | 留白率: 0% | 低质量率: 0%
2026-07-27 11:29:41 | INFO     | 
🔍 [正在处理] ANS_ML_74 | 启动 3WD 流水线...
2026-07-27 11:29:41 | INFO     | 📢 [总进度] 29/56 份试卷已归档。
2026-07-27 11:30:01 | INFO     | ✅ [批改完成] ANS_ML_73 | 路由: BND | 最终分: 4.0 | 风险: P0.15/U0.00/F0.00/H0/L0 | 提取质量: 🟢high | 留白率: 0% | 低质量率: 0%
2026-07-27 11:30:01 | INFO     | 
🔍 [正在处理] ANS_ML_75 | 启动 3WD 流水线...
2026-07-27 11:30:01 | INFO     | 📢 [总进度] 30/56 份试卷已归档。
2026-07-27 11:30:23 | INFO     | ✅ [批改完成] ANS_ML_75 | 路由: BND | 最终分: 4.0 | 风险: P0.15/U0.00/F0.00/H0/L0 | 提取质量: 🟢high | 留白率: 0% | 低质量率: 0%
2026-07-27 11:30:23 | INFO     | 
🔍 [正在处理] ANS_ML_76 | 启动 3WD 流水线...
2026-07-27 11:30:23 | INFO     | 📢 [总进度] 31/56 份试卷已归档。
2026-07-27 11:30:52 | INFO     | ✅ [批改完成] ANS_ML_76 | 路由: POS | 最终分: 4.0 | 风险: P0.00/U0.00/F0.00/H0/L0 | 提取质量: 🟢high | 留白率: 0% | 低质量率: 0%
2026-07-27 11:30:52 | INFO     | 
🔍 [正在处理] ANS_ML_77 | 启动 3WD 流水线...
2026-07-27 11:30:52 | INFO     | 📢 [总进度] 32/56 份试卷已归档。
2026-07-27 11:31:00 | INFO     | ✅ [批改完成] ANS_ML_74 | 路由: BND | 最终分: 2.0 | 风险: P0.15/U0.00/F0.00/H0/L1 | 提取质量: 🟢high | 留白率: 0% | 低质量率: 0%
2026-07-27 11:31:00 | INFO     | 
🔍 [正在处理] ANS_ML_78 | 启动 3WD 流水线...
2026-07-27 11:31:00 | INFO     | 📢 [总进度] 33/56 份试卷已归档。
2026-07-27 11:31:12 | INFO     | ✅ [批改完成] ANS_ML_77 | 路由: POS | 最终分: 4.0 | 风险: P0.00/U0.00/F0.00/H0/L0 | 提取质量: 🟢high | 留白率: 0% | 低质量率: 0%
2026-07-27 11:31:12 | INFO     | 
🔍 [正在处理] ANS_ML_79 | 启动 3WD 流水线...
2026-07-27 11:31:12 | INFO     | 📢 [总进度] 34/56 份试卷已归档。
2026-07-27 11:31:20 | INFO     | ✅ [批改完成] ANS_ML_78 | 路由: POS | 最终分: 4.0 | 风险: P0.00/U0.00/F0.00/H0/L0 | 提取质量: 🟢high | 留白率: 0% | 低质量率: 0%
2026-07-27 11:31:20 | INFO     | 
🔍 [正在处理] ANS_ML_80 | 启动 3WD 流水线...
2026-07-27 11:31:20 | INFO     | 📢 [总进度] 35/56 份试卷已归档。
2026-07-27 11:32:01 | INFO     | ✅ [批改完成] ANS_ML_79 | 路由: POS | 最终分: 4.0 | 风险: P0.00/U0.00/F0.00/H0/L0 | 提取质量: 🟢high | 留白率: 0% | 低质量率: 0%
2026-07-27 11:32:01 | INFO     | 
🔍 [正在处理] ANS_ML_81 | 启动 3WD 流水线...
2026-07-27 11:32:01 | INFO     | 📢 [总进度] 36/56 份试卷已归档。
2026-07-27 11:32:16 | INFO     | ✅ [批改完成] ANS_ML_80 | 路由: POS | 最终分: 4.0 | 风险: P0.00/U0.00/F0.00/H0/L0 | 提取质量: 🟢high | 留白率: 0% | 低质量率: 0%
2026-07-27 11:32:16 | INFO     | 
🔍 [正在处理] ANS_ML_82 | 启动 3WD 流水线...
2026-07-27 11:32:16 | INFO     | 📢 [总进度] 37/56 份试卷已归档。
2026-07-27 11:32:42 | INFO     | ✅ [批改完成] ANS_ML_82 | 路由: BND | 最终分: 4.0 | 风险: P0.15/U0.00/F0.00/H0/L0 | 提取质量: 🟢high | 留白率: 0% | 低质量率: 0%
2026-07-27 11:32:42 | INFO     | 
🔍 [正在处理] ANS_ML_83 | 启动 3WD 流水线...
2026-07-27 11:32:42 | INFO     | 📢 [总进度] 38/56 份试卷已归档。
2026-07-27 11:32:55 | INFO     | ✅ [批改完成] ANS_ML_81 | 路由: POS | 最终分: 0 | 风险: P0.00/U0.00/F0.00/H0/L1 | 提取质量: 🟢high | 留白率: 0% | 低质量率: 0%
2026-07-27 11:32:55 | INFO     | 
🔍 [正在处理] ANS_ML_84 | 启动 3WD 流水线...
2026-07-27 11:32:55 | INFO     | 📢 [总进度] 39/56 份试卷已归档。
2026-07-27 11:33:14 | INFO     | ✅ [批改完成] ANS_ML_84 | 路由: POS | 最终分: 2.0 | 风险: P0.00/U0.00/F0.00/H0/L1 | 提取质量: 🟢high | 留白率: 0% | 低质量率: 0%
2026-07-27 11:33:14 | INFO     | 
🔍 [正在处理] ANS_ML_85 | 启动 3WD 流水线...
2026-07-27 11:33:14 | INFO     | 📢 [总进度] 40/56 份试卷已归档。
2026-07-27 11:33:33 | INFO     | ✅ [批改完成] ANS_ML_83 | 路由: BND | 最终分: 2.0 | 风险: P0.00/U0.41/F0.00/H0/L1 | 提取质量: 🟢high | 留白率: 0% | 低质量率: 0%
2026-07-27 11:33:33 | INFO     | 
🔍 [正在处理] ANS_ML_86 | 启动 3WD 流水线...
2026-07-27 11:33:33 | INFO     | 📢 [总进度] 41/56 份试卷已归档。
2026-07-27 11:33:39 | INFO     | ✅ [批改完成] ANS_ML_85 | 路由: POS | 最终分: 4.0 | 风险: P0.00/U0.00/F0.00/H0/L0 | 提取质量: 🟢high | 留白率: 0% | 低质量率: 0%
2026-07-27 11:33:39 | INFO     | 
🔍 [正在处理] ANS_ML_87 | 启动 3WD 流水线...
2026-07-27 11:33:39 | INFO     | 📢 [总进度] 42/56 份试卷已归档。
2026-07-27 11:34:09 | INFO     | ✅ [批改完成] ANS_ML_87 | 路由: POS | 最终分: 4.0 | 风险: P0.00/U0.00/F0.00/H0/L0 | 提取质量: 🟢high | 留白率: 0% | 低质量率: 0%
2026-07-27 11:34:09 | INFO     | 
🔍 [正在处理] ANS_ML_88 | 启动 3WD 流水线...
2026-07-27 11:34:09 | INFO     | 📢 [总进度] 43/56 份试卷已归档。
2026-07-27 11:34:19 | INFO     | ✅ [批改完成] ANS_ML_86 | 路由: BND | 最终分: 2.7 | 风险: P0.15/U0.24/F0.00/H0/L0 | 提取质量: 🟢high | 留白率: 0% | 低质量率: 0%
2026-07-27 11:34:19 | INFO     | 
🔍 [正在处理] ANS_ML_89 | 启动 3WD 流水线...
2026-07-27 11:34:19 | INFO     | 📢 [总进度] 44/56 份试卷已归档。
2026-07-27 11:34:45 | INFO     | ✅ [批改完成] ANS_ML_89 | 路由: POS | 最终分: 4.0 | 风险: P0.00/U0.00/F0.00/H0/L0 | 提取质量: 🟢high | 留白率: 0% | 低质量率: 0%
2026-07-27 11:34:45 | INFO     | 
🔍 [正在处理] ANS_ML_90 | 启动 3WD 流水线...
2026-07-27 11:34:45 | INFO     | 📢 [总进度] 45/56 份试卷已归档。
2026-07-27 11:34:55 | INFO     | ✅ [批改完成] ANS_ML_88 | 路由: BND | 最终分: 0 | 风险: P0.00/U0.12/F1.00/H0/L1 | 提取质量: 🟢high | 留白率: 0% | 低质量率: 0%
2026-07-27 11:34:55 | INFO     | 
🔍 [正在处理] ANS_ML_91 | 启动 3WD 流水线...
2026-07-27 11:34:55 | INFO     | 📢 [总进度] 46/56 份试卷已归档。
2026-07-27 11:35:14 | INFO     | ✅ [批改完成] ANS_ML_91 | 路由: POS | 最终分: 4.0 | 风险: P0.00/U0.00/F0.00/H0/L0 | 提取质量: 🟢high | 留白率: 0% | 低质量率: 0%
2026-07-27 11:35:14 | INFO     | 
🔍 [正在处理] ANS_ML_92 | 启动 3WD 流水线...
2026-07-27 11:35:14 | INFO     | 📢 [总进度] 47/56 份试卷已归档。
2026-07-27 11:35:37 | INFO     | ✅ [批改完成] ANS_ML_90 | 路由: BND | 最终分: 4.0 | 风险: P0.15/U0.00/F0.00/H0/L0 | 提取质量: 🟢high | 留白率: 0% | 低质量率: 0%
2026-07-27 11:35:37 | INFO     | 
🔍 [正在处理] ANS_ML_93 | 启动 3WD 流水线...
2026-07-27 11:35:37 | INFO     | 📢 [总进度] 48/56 份试卷已归档。
2026-07-27 11:35:59 | INFO     | ✅ [批改完成] ANS_ML_92 | 路由: BND | 最终分: 2.0 | 风险: P0.40/U0.00/F0.00/H0/L0 | 提取质量: 🟡low | 留白率: 50% | 低质量率: 0%
2026-07-27 11:35:59 | INFO     | 
🔍 [正在处理] ANS_ML_94 | 启动 3WD 流水线...
2026-07-27 11:35:59 | INFO     | 📢 [总进度] 49/56 份试卷已归档。
2026-07-27 11:36:17 | INFO     | ✅ [批改完成] ANS_ML_94 | 路由: POS | 最终分: 4.0 | 风险: P0.00/U0.00/F0.00/H0/L0 | 提取质量: 🟢high | 留白率: 0% | 低质量率: 0%
2026-07-27 11:36:17 | INFO     | 
🔍 [正在处理] ANS_ML_95 | 启动 3WD 流水线...
2026-07-27 11:36:17 | INFO     | 📢 [总进度] 50/56 份试卷已归档。
2026-07-27 11:36:20 | INFO     | ✅ [批改完成] ANS_ML_93 | 路由: BND | 最终分: 0.5 | 风险: P0.15/U0.10/F1.00/H0/L1 | 提取质量: 🟢high | 留白率: 0% | 低质量率: 0%
2026-07-27 11:36:20 | INFO     | 
🔍 [正在处理] ANS_ML_96 | 启动 3WD 流水线...
2026-07-27 11:36:20 | INFO     | 📢 [总进度] 51/56 份试卷已归档。
2026-07-27 11:36:39 | INFO     | ✅ [批改完成] ANS_ML_95 | 路由: POS | 最终分: 4.0 | 风险: P0.00/U0.00/F0.00/H0/L0 | 提取质量: 🟢high | 留白率: 0% | 低质量率: 0%
2026-07-27 11:36:39 | INFO     | 
🔍 [正在处理] ANS_ML_97 | 启动 3WD 流水线...
2026-07-27 11:36:39 | INFO     | 📢 [总进度] 52/56 份试卷已归档。
2026-07-27 11:36:58 | INFO     | ✅ [批改完成] ANS_ML_96 | 路由: BND | 最终分: 4.0 | 风险: P0.15/U0.00/F0.00/H0/L0 | 提取质量: 🟢high | 留白率: 0% | 低质量率: 0%
2026-07-27 11:36:58 | INFO     | 
🔍 [正在处理] ANS_ML_98 | 启动 3WD 流水线...
2026-07-27 11:36:58 | INFO     | 📢 [总进度] 53/56 份试卷已归档。
2026-07-27 11:37:03 | INFO     | ✅ [批改完成] ANS_ML_97 | 路由: POS | 最终分: 4.0 | 风险: P0.00/U0.00/F0.00/H0/L0 | 提取质量: 🟢high | 留白率: 0% | 低质量率: 0%
2026-07-27 11:37:03 | INFO     | 
🔍 [正在处理] ANS_ML_99 | 启动 3WD 流水线...
2026-07-27 11:37:03 | INFO     | 📢 [总进度] 54/56 份试卷已归档。
2026-07-27 11:37:20 | INFO     | ✅ [批改完成] ANS_ML_99 | 路由: POS | 最终分: 4.0 | 风险: P0.00/U0.00/F0.00/H0/L0 | 提取质量: 🟢high | 留白率: 0% | 低质量率: 0%
2026-07-27 11:37:20 | INFO     | 📢 [总进度] 55/56 份试卷已归档。
2026-07-27 11:38:00 | INFO     | ✅ [批改完成] ANS_ML_98 | 路由: BND | 最终分: 1.3 | 风险: P0.00/U0.18/F1.00/H0/L1 | 提取质量: 🟢high | 留白率: 0% | 低质量率: 0%
2026-07-27 11:38:00 | INFO     | 📢 [总进度] 56/56 份试卷已归档。
2026-07-27 11:38:00 | INFO     | 🗂️ 所有线程交卷完毕，正在整理数据... (共收集 56/56 份结果)
2026-07-27 11:38:00 | INFO     | 💾 正常批改结果已保存: D:\users\王鑫020420\Desktop\refgrader-main\results_runs\csbench_ml1_ml2_ml3_ml4_all\runs\teacher_audit_ml_1_4_20260725_192008\ML_2_graded_results.json (55 人)
2026-07-27 11:38:00 | INFO     | 🛑 拒绝域结果已单独保存: D:\users\王鑫020420\Desktop\refgrader-main\results_runs\csbench_ml1_ml2_ml3_ml4_all\runs\teacher_audit_ml_1_4_20260725_192008\ML_2_rejected.json (1 人)
2026-07-27 11:38:00 | INFO     | [result consistency] ML_2: checkpoint=56, graded=55, rejected=1, failed=0, expected=56
2026-07-27 11:38:00 | INFO     | 
🚀 [标准模式] 开始处理: ML_3
2026-07-27 11:38:00 | INFO     | ⚡ 已加载本地标准: D:\users\王鑫020420\Desktop\refgrader-main\data\csbench\rubrics\optimized\ML\ML_3_rubric_standard.json
2026-07-27 11:38:05 | INFO     | ⚡ 脱敏清单已预生成，56 名学生共享复用。
2026-07-27 11:38:05 | INFO     | 🏃 开始批改 56 张试卷 (⚡ 开启多线程模式)...
2026-07-27 11:38:05 | INFO     | 
🔍 [正在处理] ANS_ML_113 | 启动 3WD 流水线...
2026-07-27 11:38:05 | INFO     | 
🔍 [正在处理] ANS_ML_114 | 启动 3WD 流水线...
2026-07-27 11:38:05 | INFO     | ⏳ [主线程] 已提交 56 个任务，等待结果回收...
2026-07-27 11:39:00 | INFO     | ✅ [批改完成] ANS_ML_113 | 路由: BND | 最终分: 1.0 | 风险: P0.00/U0.14/F0.00/H0/L1 | 提取质量: 🟢high | 留白率: 0% | 低质量率: 0%
2026-07-27 11:39:00 | INFO     | 
🔍 [正在处理] ANS_ML_115 | 启动 3WD 流水线...
2026-07-27 11:39:00 | INFO     | 📢 [总进度] 1/56 份试卷已归档。
2026-07-27 11:39:23 | INFO     | ✅ [批改完成] ANS_ML_114 | 路由: POS | 最终分: 6.0 | 风险: P0.00/U0.00/F0.00/H0/L0 | 提取质量: 🟢high | 留白率: 0% | 低质量率: 0%
2026-07-27 11:39:23 | INFO     | 
🔍 [正在处理] ANS_ML_116 | 启动 3WD 流水线...
2026-07-27 11:39:23 | INFO     | 📢 [总进度] 2/56 份试卷已归档。
2026-07-27 11:39:23 | INFO     | ✅ [批改完成] ANS_ML_115 | 路由: POS | 最终分: 6.0 | 风险: P0.00/U0.00/F0.00/H0/L0 | 提取质量: 🟢high | 留白率: 0% | 低质量率: 0%
2026-07-27 11:39:23 | INFO     | 
🔍 [正在处理] ANS_ML_117 | 启动 3WD 流水线...
2026-07-27 11:39:23 | INFO     | 📢 [总进度] 3/56 份试卷已归档。
2026-07-27 11:39:44 | INFO     | ✅ [批改完成] ANS_ML_116 | 路由: POS | 最终分: 6.0 | 风险: P0.00/U0.00/F0.00/H0/L0 | 提取质量: 🟢high | 留白率: 0% | 低质量率: 0%
2026-07-27 11:39:44 | INFO     | 
🔍 [正在处理] ANS_ML_118 | 启动 3WD 流水线...
2026-07-27 11:39:44 | INFO     | 📢 [总进度] 4/56 份试卷已归档。
2026-07-27 11:40:04 | INFO     | ✅ [批改完成] ANS_ML_117 | 路由: POS | 最终分: 6.0 | 风险: P0.00/U0.00/F0.00/H0/L0 | 提取质量: 🟢high | 留白率: 0% | 低质量率: 0%
2026-07-27 11:40:04 | INFO     | 
🔍 [正在处理] ANS_ML_119 | 启动 3WD 流水线...
2026-07-27 11:40:04 | INFO     | 📢 [总进度] 5/56 份试卷已归档。
2026-07-27 11:40:05 | INFO     | ✅ [批改完成] ANS_ML_118 | 路由: POS | 最终分: 6.0 | 风险: P0.00/U0.00/F0.00/H0/L0 | 提取质量: 🟢high | 留白率: 0% | 低质量率: 0%
2026-07-27 11:40:05 | INFO     | 
🔍 [正在处理] ANS_ML_120 | 启动 3WD 流水线...
2026-07-27 11:40:05 | INFO     | 📢 [总进度] 6/56 份试卷已归档。
2026-07-27 11:40:36 | INFO     | ✅ [批改完成] ANS_ML_119 | 路由: BND | 最终分: 3.5 | 风险: P0.00/U0.16/F0.00/H0/L0 | 提取质量: 🟢high | 留白率: 0% | 低质量率: 0%
2026-07-27 11:40:36 | INFO     | 
🔍 [正在处理] ANS_ML_121 | 启动 3WD 流水线...
2026-07-27 11:40:36 | INFO     | 📢 [总进度] 7/56 份试卷已归档。
2026-07-27 11:40:37 | INFO     | ✅ [批改完成] ANS_ML_120 | 路由: POS | 最终分: 6.0 | 风险: P0.00/U0.00/F0.00/H0/L0 | 提取质量: 🟢high | 留白率: 0% | 低质量率: 0%
2026-07-27 11:40:37 | INFO     | 
🔍 [正在处理] ANS_ML_122 | 启动 3WD 流水线...
2026-07-27 11:40:37 | INFO     | 📢 [总进度] 8/56 份试卷已归档。
2026-07-27 11:41:13 | INFO     | ✅ [批改完成] ANS_ML_121 | 路由: BND | 最终分: 0.8 | 风险: P0.00/U0.14/F0.67/H0/L1 | 提取质量: 🟢high | 留白率: 0% | 低质量率: 0%
2026-07-27 11:41:13 | INFO     | 
🔍 [正在处理] ANS_ML_123 | 启动 3WD 流水线...
2026-07-27 11:41:13 | INFO     | 📢 [总进度] 9/56 份试卷已归档。
2026-07-27 11:41:39 | INFO     | ✅ [批改完成] ANS_ML_122 | 路由: BND | 最终分: 1.8 | 风险: P0.00/U0.36/F0.00/H0/L1 | 提取质量: 🟢high | 留白率: 0% | 低质量率: 0%
2026-07-27 11:41:39 | INFO     | 
🔍 [正在处理] ANS_ML_124 | 启动 3WD 流水线...
2026-07-27 11:41:39 | INFO     | 📢 [总进度] 10/56 份试卷已归档。
2026-07-27 11:42:15 | INFO     | ✅ [批改完成] ANS_ML_124 | 路由: BND | 最终分: 2.5 | 风险: P0.00/U0.28/F0.00/H0/L0 | 提取质量: 🟢high | 留白率: 0% | 低质量率: 0%
2026-07-27 11:42:15 | INFO     | 
🔍 [正在处理] ANS_ML_125 | 启动 3WD 流水线...
2026-07-27 11:42:15 | INFO     | 📢 [总进度] 11/56 份试卷已归档。
2026-07-27 11:42:15 | INFO     | ✅ [批改完成] ANS_ML_123 | 路由: POS | 最终分: 6.0 | 风险: P0.00/U0.00/F0.00/H0/L0 | 提取质量: 🟢high | 留白率: 0% | 低质量率: 0%
2026-07-27 11:42:15 | INFO     | 
🔍 [正在处理] ANS_ML_126 | 启动 3WD 流水线...
2026-07-27 11:42:15 | INFO     | 📢 [总进度] 12/56 份试卷已归档。
2026-07-27 11:42:53 | INFO     | ✅ [批改完成] ANS_ML_126 | 路由: BND | 最终分: 4.7 | 风险: P0.00/U0.08/F0.00/H0/L0 | 提取质量: 🟢high | 留白率: 0% | 低质量率: 0%
2026-07-27 11:42:53 | INFO     | 
🔍 [正在处理] ANS_ML_127 | 启动 3WD 流水线...
2026-07-27 11:42:53 | INFO     | 📢 [总进度] 13/56 份试卷已归档。
2026-07-27 11:42:55 | INFO     | ✅ [批改完成] ANS_ML_125 | 路由: BND | 最终分: 3.5 | 风险: P0.00/U0.16/F0.00/H0/L0 | 提取质量: 🟢high | 留白率: 0% | 低质量率: 0%
2026-07-27 11:42:55 | INFO     | 
🔍 [正在处理] ANS_ML_128 | 启动 3WD 流水线...
2026-07-27 11:42:55 | INFO     | 📢 [总进度] 14/56 份试卷已归档。
2026-07-27 11:43:23 | INFO     | ✅ [批改完成] ANS_ML_127 | 路由: POS | 最终分: 6.0 | 风险: P0.00/U0.00/F0.00/H0/L0 | 提取质量: 🟢high | 留白率: 0% | 低质量率: 0%
2026-07-27 11:43:23 | INFO     | 
🔍 [正在处理] ANS_ML_129 | 启动 3WD 流水线...
2026-07-27 11:43:23 | INFO     | 📢 [总进度] 15/56 份试卷已归档。
2026-07-27 11:43:31 | INFO     | ✅ [批改完成] ANS_ML_128 | 路由: BND | 最终分: 5.3 | 风险: P0.00/U0.16/F0.00/H0/L0 | 提取质量: 🟢high | 留白率: 0% | 低质量率: 0%
2026-07-27 11:43:31 | INFO     | 
🔍 [正在处理] ANS_ML_130 | 启动 3WD 流水线...
2026-07-27 11:43:31 | INFO     | 📢 [总进度] 16/56 份试卷已归档。
2026-07-27 11:43:52 | INFO     | ✅ [批改完成] ANS_ML_129 | 路由: POS | 最终分: 6.0 | 风险: P0.00/U0.00/F0.00/H0/L0 | 提取质量: 🟢high | 留白率: 0% | 低质量率: 0%
2026-07-27 11:43:52 | INFO     | 
🔍 [正在处理] ANS_ML_131 | 启动 3WD 流水线...
2026-07-27 11:43:52 | INFO     | 📢 [总进度] 17/56 份试卷已归档。
2026-07-27 11:44:01 | INFO     | ✅ [批改完成] ANS_ML_130 | 路由: POS | 最终分: 6.0 | 风险: P0.00/U0.00/F0.00/H0/L0 | 提取质量: 🟢high | 留白率: 0% | 低质量率: 0%
2026-07-27 11:44:01 | INFO     | 
🔍 [正在处理] ANS_ML_132 | 启动 3WD 流水线...
2026-07-27 11:44:01 | INFO     | 📢 [总进度] 18/56 份试卷已归档。
2026-07-27 11:44:25 | INFO     | ✅ [批改完成] ANS_ML_131 | 路由: POS | 最终分: 6.0 | 风险: P0.00/U0.00/F0.00/H0/L0 | 提取质量: 🟢high | 留白率: 0% | 低质量率: 0%
2026-07-27 11:44:25 | INFO     | 
🔍 [正在处理] ANS_ML_133 | 启动 3WD 流水线...
2026-07-27 11:44:25 | INFO     | 📢 [总进度] 19/56 份试卷已归档。
2026-07-27 11:44:48 | INFO     | ✅ [批改完成] ANS_ML_133 | 路由: POS | 最终分: 6.0 | 风险: P0.00/U0.00/F0.00/H0/L0 | 提取质量: 🟢high | 留白率: 0% | 低质量率: 0%
2026-07-27 11:44:48 | INFO     | 
🔍 [正在处理] ANS_ML_134 | 启动 3WD 流水线...
2026-07-27 11:44:48 | INFO     | 📢 [总进度] 20/56 份试卷已归档。
2026-07-27 11:44:51 | INFO     | ✅ [批改完成] ANS_ML_132 | 路由: BND | 最终分: 4.7 | 风险: P0.00/U0.16/F0.00/H0/L0 | 提取质量: 🟢high | 留白率: 0% | 低质量率: 0%
2026-07-27 11:44:51 | INFO     | 
🔍 [正在处理] ANS_ML_135 | 启动 3WD 流水线...
2026-07-27 11:44:51 | INFO     | 📢 [总进度] 21/56 份试卷已归档。
2026-07-27 11:45:19 | INFO     | ✅ [批改完成] ANS_ML_134 | 路由: BND | 最终分: 4.1 | 风险: P0.00/U0.16/F0.00/H0/L0 | 提取质量: 🟢high | 留白率: 0% | 低质量率: 0%
2026-07-27 11:45:19 | INFO     | 
🔍 [正在处理] ANS_ML_136 | 启动 3WD 流水线...
2026-07-27 11:45:19 | INFO     | 📢 [总进度] 22/56 份试卷已归档。
2026-07-27 11:45:33 | INFO     | ✅ [批改完成] ANS_ML_135 | 路由: BND | 最终分: 4.0 | 风险: P0.00/U0.14/F0.00/H0/L1 | 提取质量: 🟢high | 留白率: 0% | 低质量率: 0%
2026-07-27 11:45:33 | INFO     | 
🔍 [正在处理] ANS_ML_137 | 启动 3WD 流水线...
2026-07-27 11:45:33 | INFO     | 📢 [总进度] 23/56 份试卷已归档。
2026-07-27 11:45:40 | INFO     | ✅ [批改完成] ANS_ML_136 | 路由: POS | 最终分: 6.0 | 风险: P0.00/U0.00/F0.00/H0/L0 | 提取质量: 🟢high | 留白率: 0% | 低质量率: 0%
2026-07-27 11:45:40 | INFO     | 
🔍 [正在处理] ANS_ML_138 | 启动 3WD 流水线...
2026-07-27 11:45:40 | INFO     | 📢 [总进度] 24/56 份试卷已归档。
2026-07-27 11:46:00 | INFO     | ✅ [批改完成] ANS_ML_137 | 路由: POS | 最终分: 6.0 | 风险: P0.00/U0.00/F0.00/H0/L0 | 提取质量: 🟢high | 留白率: 0% | 低质量率: 0%
2026-07-27 11:46:00 | INFO     | 
🔍 [正在处理] ANS_ML_139 | 启动 3WD 流水线...
2026-07-27 11:46:00 | INFO     | 📢 [总进度] 25/56 份试卷已归档。
2026-07-27 11:46:08 | INFO     | ✅ [批改完成] ANS_ML_138 | 路由: BND | 最终分: 5.0 | 风险: P0.00/U0.24/F0.00/H0/L0 | 提取质量: 🟢high | 留白率: 0% | 低质量率: 0%
2026-07-27 11:46:08 | INFO     | 
🔍 [正在处理] ANS_ML_140 | 启动 3WD 流水线...
2026-07-27 11:46:08 | INFO     | 📢 [总进度] 26/56 份试卷已归档。
2026-07-27 11:46:29 | INFO     | ✅ [批改完成] ANS_ML_140 | 路由: POS | 最终分: 2.0 | 风险: P0.00/U0.00/F0.00/H0/L1 | 提取质量: 🟢high | 留白率: 0% | 低质量率: 0%
2026-07-27 11:46:29 | INFO     | 
🔍 [正在处理] ANS_ML_141 | 启动 3WD 流水线...
2026-07-27 11:46:29 | INFO     | 📢 [总进度] 27/56 份试卷已归档。
2026-07-27 11:46:40 | INFO     | ✅ [批改完成] ANS_ML_139 | 路由: BND | 最终分: 3.3 | 风险: P0.00/U0.21/F0.00/H0/L0 | 提取质量: 🟢high | 留白率: 0% | 低质量率: 0%
2026-07-27 11:46:40 | INFO     | 
🔍 [正在处理] ANS_ML_142 | 启动 3WD 流水线...
2026-07-27 11:46:40 | INFO     | 📢 [总进度] 28/56 份试卷已归档。
2026-07-27 11:46:58 | INFO     | ✅ [批改完成] ANS_ML_141 | 路由: BND | 最终分: 1.5 | 风险: P0.27/U0.16/F0.00/H0/L1 | 提取质量: 🟢high | 留白率: 33% | 低质量率: 0%
2026-07-27 11:46:58 | INFO     | 
🔍 [正在处理] ANS_ML_143 | 启动 3WD 流水线...
2026-07-27 11:46:58 | INFO     | 📢 [总进度] 29/56 份试卷已归档。
2026-07-27 11:47:21 | INFO     | ✅ [批改完成] ANS_ML_142 | 路由: BND | 最终分: 4.7 | 风险: P0.00/U0.21/F0.00/H0/L0 | 提取质量: 🟢high | 留白率: 0% | 低质量率: 0%
2026-07-27 11:47:21 | INFO     | 
🔍 [正在处理] ANS_ML_144 | 启动 3WD 流水线...
2026-07-27 11:47:21 | INFO     | 📢 [总进度] 30/56 份试卷已归档。
2026-07-27 11:47:21 | INFO     | ✅ [批改完成] ANS_ML_143 | 路由: POS | 最终分: 6.0 | 风险: P0.00/U0.00/F0.00/H0/L0 | 提取质量: 🟢high | 留白率: 0% | 低质量率: 0%
2026-07-27 11:47:21 | INFO     | 
🔍 [正在处理] ANS_ML_145 | 启动 3WD 流水线...
2026-07-27 11:47:21 | INFO     | 📢 [总进度] 31/56 份试卷已归档。
2026-07-27 11:47:45 | INFO     | ✅ [批改完成] ANS_ML_144 | 路由: POS | 最终分: 6.0 | 风险: P0.00/U0.00/F0.00/H0/L0 | 提取质量: 🟢high | 留白率: 0% | 低质量率: 0%
2026-07-27 11:47:45 | INFO     | 
🔍 [正在处理] ANS_ML_146 | 启动 3WD 流水线...
2026-07-27 11:47:45 | INFO     | 📢 [总进度] 32/56 份试卷已归档。
2026-07-27 11:47:46 | INFO     | ✅ [批改完成] ANS_ML_145 | 路由: POS | 最终分: 6.0 | 风险: P0.00/U0.00/F0.00/H0/L0 | 提取质量: 🟢high | 留白率: 0% | 低质量率: 0%
2026-07-27 11:47:46 | INFO     | 
🔍 [正在处理] ANS_ML_147 | 启动 3WD 流水线...
2026-07-27 11:47:46 | INFO     | 📢 [总进度] 33/56 份试卷已归档。
2026-07-27 11:48:13 | INFO     | ✅ [批改完成] ANS_ML_147 | 路由: POS | 最终分: 6.0 | 风险: P0.00/U0.00/F0.00/H0/L0 | 提取质量: 🟢high | 留白率: 0% | 低质量率: 0%
2026-07-27 11:48:13 | INFO     | 
🔍 [正在处理] ANS_ML_148 | 启动 3WD 流水线...
2026-07-27 11:48:13 | INFO     | 📢 [总进度] 34/56 份试卷已归档。
2026-07-27 11:48:19 | INFO     | ✅ [批改完成] ANS_ML_146 | 路由: BND | 最终分: 3.8 | 风险: P0.00/U0.14/F0.00/H0/L0 | 提取质量: 🟢high | 留白率: 0% | 低质量率: 0%
2026-07-27 11:48:19 | INFO     | 
🔍 [正在处理] ANS_ML_149 | 启动 3WD 流水线...
2026-07-27 11:48:19 | INFO     | 📢 [总进度] 35/56 份试卷已归档。
2026-07-27 11:48:35 | INFO     | ✅ [批改完成] ANS_ML_148 | 路由: POS | 最终分: 6.0 | 风险: P0.00/U0.00/F0.00/H0/L0 | 提取质量: 🟢high | 留白率: 0% | 低质量率: 0%
2026-07-27 11:48:35 | INFO     | 
🔍 [正在处理] ANS_ML_150 | 启动 3WD 流水线...
2026-07-27 11:48:35 | INFO     | 📢 [总进度] 36/56 份试卷已归档。
2026-07-27 11:48:57 | INFO     | ✅ [批改完成] ANS_ML_150 | 路由: POS | 最终分: 6.0 | 风险: P0.00/U0.00/F0.00/H0/L0 | 提取质量: 🟢high | 留白率: 0% | 低质量率: 0%
2026-07-27 11:48:57 | INFO     | 
🔍 [正在处理] ANS_ML_151 | 启动 3WD 流水线...
2026-07-27 11:48:57 | INFO     | 📢 [总进度] 37/56 份试卷已归档。
2026-07-27 11:49:01 | INFO     | ✅ [批改完成] ANS_ML_149 | 路由: BND | 最终分: 3.7 | 风险: P0.00/U0.28/F0.00/H0/L0 | 提取质量: 🟢high | 留白率: 0% | 低质量率: 0%
2026-07-27 11:49:01 | INFO     | 
🔍 [正在处理] ANS_ML_152 | 启动 3WD 流水线...
2026-07-27 11:49:01 | INFO     | 📢 [总进度] 38/56 份试卷已归档。
2026-07-27 11:49:29 | INFO     | ✅ [批改完成] ANS_ML_151 | 路由: BND | 最终分: 5.3 | 风险: P0.00/U0.16/F0.00/H0/L0 | 提取质量: 🟢high | 留白率: 0% | 低质量率: 0%
2026-07-27 11:49:29 | INFO     | 
🔍 [正在处理] ANS_ML_153 | 启动 3WD 流水线...
2026-07-27 11:49:29 | INFO     | 📢 [总进度] 39/56 份试卷已归档。
2026-07-27 11:49:35 | INFO     | ✅ [批改完成] ANS_ML_152 | 路由: BND | 最终分: 3.7 | 风险: P0.00/U0.21/F0.00/H0/L0 | 提取质量: 🟢high | 留白率: 0% | 低质量率: 0%
2026-07-27 11:49:35 | INFO     | 
🔍 [正在处理] ANS_ML_154 | 启动 3WD 流水线...
2026-07-27 11:49:35 | INFO     | 📢 [总进度] 40/56 份试卷已归档。
2026-07-27 11:49:50 | INFO     | ✅ [批改完成] ANS_ML_153 | 路由: POS | 最终分: 6.0 | 风险: P0.00/U0.00/F0.00/H0/L0 | 提取质量: 🟢high | 留白率: 0% | 低质量率: 0%
2026-07-27 11:49:50 | INFO     | 
🔍 [正在处理] ANS_ML_155 | 启动 3WD 流水线...
2026-07-27 11:49:50 | INFO     | 📢 [总进度] 41/56 份试卷已归档。
2026-07-27 11:50:09 | INFO     | ✅ [批改完成] ANS_ML_154 | 路由: BND | 最终分: 3.7 | 风险: P0.00/U0.21/F0.00/H0/L0 | 提取质量: 🟢high | 留白率: 0% | 低质量率: 0%
2026-07-27 11:50:09 | INFO     | 
🔍 [正在处理] ANS_ML_156 | 启动 3WD 流水线...
2026-07-27 11:50:09 | INFO     | 📢 [总进度] 42/56 份试卷已归档。
2026-07-27 11:50:13 | INFO     | ✅ [批改完成] ANS_ML_155 | 路由: POS | 最终分: 6.0 | 风险: P0.00/U0.00/F0.00/H0/L0 | 提取质量: 🟢high | 留白率: 0% | 低质量率: 0%
2026-07-27 11:50:13 | INFO     | 
🔍 [正在处理] ANS_ML_157 | 启动 3WD 流水线...
2026-07-27 11:50:13 | INFO     | 📢 [总进度] 43/56 份试卷已归档。
2026-07-27 11:50:33 | INFO     | ✅ [批改完成] ANS_ML_156 | 路由: POS | 最终分: 6.0 | 风险: P0.00/U0.00/F0.00/H0/L0 | 提取质量: 🟢high | 留白率: 0% | 低质量率: 0%
2026-07-27 11:50:33 | INFO     | 
🔍 [正在处理] ANS_ML_158 | 启动 3WD 流水线...
2026-07-27 11:50:33 | INFO     | 📢 [总进度] 44/56 份试卷已归档。
2026-07-27 11:50:38 | INFO     | ✅ [批改完成] ANS_ML_157 | 路由: POS | 最终分: 6.0 | 风险: P0.00/U0.00/F0.00/H0/L0 | 提取质量: 🟢high | 留白率: 0% | 低质量率: 0%
2026-07-27 11:50:38 | INFO     | 
🔍 [正在处理] ANS_ML_159 | 启动 3WD 流水线...
2026-07-27 11:50:38 | INFO     | 📢 [总进度] 45/56 份试卷已归档。
2026-07-27 11:51:11 | INFO     | ✅ [批改完成] ANS_ML_158 | 路由: BND | 最终分: 3.3 | 风险: P0.00/U0.16/F0.00/H0/L1 | 提取质量: 🟢high | 留白率: 0% | 低质量率: 0%
2026-07-27 11:51:11 | INFO     | 
🔍 [正在处理] ANS_ML_160 | 启动 3WD 流水线...
2026-07-27 11:51:11 | INFO     | 📢 [总进度] 46/56 份试卷已归档。
2026-07-27 11:51:12 | INFO     | ✅ [批改完成] ANS_ML_159 | 路由: BND | 最终分: 4.7 | 风险: P0.00/U0.08/F0.00/H0/L0 | 提取质量: 🟢high | 留白率: 0% | 低质量率: 0%
2026-07-27 11:51:12 | INFO     | 
🔍 [正在处理] ANS_ML_161 | 启动 3WD 流水线...
2026-07-27 11:51:12 | INFO     | 📢 [总进度] 47/56 份试卷已归档。
2026-07-27 11:51:37 | INFO     | ✅ [批改完成] ANS_ML_161 | 路由: POS | 最终分: 6.0 | 风险: P0.00/U0.00/F0.00/H0/L0 | 提取质量: 🟢high | 留白率: 0% | 低质量率: 0%
2026-07-27 11:51:37 | INFO     | 
🔍 [正在处理] ANS_ML_162 | 启动 3WD 流水线...
2026-07-27 11:51:37 | INFO     | 📢 [总进度] 48/56 份试卷已归档。
2026-07-27 11:51:45 | INFO     | ✅ [批改完成] ANS_ML_160 | 路由: BND | 最终分: 3.5 | 风险: P0.00/U0.16/F0.00/H0/L0 | 提取质量: 🟢high | 留白率: 0% | 低质量率: 0%
2026-07-27 11:51:45 | INFO     | 
🔍 [正在处理] ANS_ML_163 | 启动 3WD 流水线...
2026-07-27 11:51:45 | INFO     | 📢 [总进度] 49/56 份试卷已归档。
2026-07-27 11:51:55 | INFO     | ✅ [批改完成] ANS_ML_162 | 路由: POS | 最终分: 6.0 | 风险: P0.00/U0.00/F0.00/H0/L0 | 提取质量: 🟢high | 留白率: 0% | 低质量率: 0%
2026-07-27 11:51:55 | INFO     | 
🔍 [正在处理] ANS_ML_164 | 启动 3WD 流水线...
2026-07-27 11:51:55 | INFO     | 📢 [总进度] 50/56 份试卷已归档。
2026-07-27 11:52:06 | INFO     | ✅ [批改完成] ANS_ML_163 | 路由: POS | 最终分: 6.0 | 风险: P0.00/U0.00/F0.00/H0/L0 | 提取质量: 🟢high | 留白率: 0% | 低质量率: 0%
2026-07-27 11:52:06 | INFO     | 
🔍 [正在处理] ANS_ML_165 | 启动 3WD 流水线...
2026-07-27 11:52:06 | INFO     | 📢 [总进度] 51/56 份试卷已归档。
2026-07-27 11:52:16 | INFO     | ✅ [批改完成] ANS_ML_164 | 路由: POS | 最终分: 6.0 | 风险: P0.00/U0.00/F0.00/H0/L0 | 提取质量: 🟢high | 留白率: 0% | 低质量率: 0%
2026-07-27 11:52:16 | INFO     | 
🔍 [正在处理] ANS_ML_166 | 启动 3WD 流水线...
2026-07-27 11:52:16 | INFO     | 📢 [总进度] 52/56 份试卷已归档。
2026-07-27 11:52:27 | INFO     | ✅ [批改完成] ANS_ML_165 | 路由: POS | 最终分: 6.0 | 风险: P0.00/U0.00/F0.00/H0/L0 | 提取质量: 🟢high | 留白率: 0% | 低质量率: 0%
2026-07-27 11:52:27 | INFO     | 
🔍 [正在处理] ANS_ML_167 | 启动 3WD 流水线...
2026-07-27 11:52:27 | INFO     | 📢 [总进度] 53/56 份试卷已归档。
2026-07-27 11:52:37 | INFO     | ✅ [批改完成] ANS_ML_166 | 路由: POS | 最终分: 6.0 | 风险: P0.00/U0.00/F0.00/H0/L0 | 提取质量: 🟢high | 留白率: 0% | 低质量率: 0%
2026-07-27 11:52:37 | INFO     | 
🔍 [正在处理] ANS_ML_168 | 启动 3WD 流水线...
2026-07-27 11:52:37 | INFO     | 📢 [总进度] 54/56 份试卷已归档。
2026-07-27 11:52:42 | INFO     | ✅ [批改完成] ANS_ML_167 | 路由: NEG | 最终分: 0 | 风险: P0.80/U0.00/F0.00/H0/L0 | 提取质量: 🟡low | 留白率: 100% | 低质量率: 0%
2026-07-27 11:52:42 | INFO     | 📢 [总进度] 55/56 份试卷已归档 [NEG-拒绝]。
2026-07-27 11:52:58 | INFO     | ✅ [批改完成] ANS_ML_168 | 路由: POS | 最终分: 6.0 | 风险: P0.00/U0.00/F0.00/H0/L0 | 提取质量: 🟢high | 留白率: 0% | 低质量率: 0%
2026-07-27 11:52:58 | INFO     | 📢 [总进度] 56/56 份试卷已归档。
2026-07-27 11:52:58 | INFO     | 🗂️ 所有线程交卷完毕，正在整理数据... (共收集 56/56 份结果)
2026-07-27 11:52:58 | INFO     | 💾 正常批改结果已保存: D:\users\王鑫020420\Desktop\refgrader-main\results_runs\csbench_ml1_ml2_ml3_ml4_all\runs\teacher_audit_ml_1_4_20260725_192008\ML_3_graded_results.json (55 人)
2026-07-27 11:52:58 | INFO     | 🛑 拒绝域结果已单独保存: D:\users\王鑫020420\Desktop\refgrader-main\results_runs\csbench_ml1_ml2_ml3_ml4_all\runs\teacher_audit_ml_1_4_20260725_192008\ML_3_rejected.json (1 人)
2026-07-27 11:52:58 | INFO     | [result consistency] ML_3: checkpoint=56, graded=55, rejected=1, failed=0, expected=56
2026-07-27 11:52:58 | INFO     | 
🚀 [标准模式] 开始处理: ML_4
2026-07-27 11:52:58 | INFO     | ⚡ 已加载本地标准: D:\users\王鑫020420\Desktop\refgrader-main\data\csbench\rubrics\optimized\ML\ML_4_rubric_standard.json
2026-07-27 11:52:58 | INFO     | [PaddleOCR] preparing 54/55 visual-answer cache entries...
2026-07-27 11:53:07 | INFO     | Initialize PaddleOCR | device=cpu | lang=ch | pending=1/1 | model_cache=D:\paddlex_cache
[1/1] completed: ANS_ML_169.jpg | tokens=3 | mean_conf=0.987954 | output=D:\users\王鑫020420\Desktop\refgrader-main\ocr_cache\csbench\ML_4\ANS_ML_169.json
summary: completed=1, skipped=0, failed=0
2026-07-27 11:53:22 | INFO     | Initialize PaddleOCR | device=cpu | lang=ch | pending=1/1 | model_cache=D:\paddlex_cache
[1/1] completed: ANS_ML_170.jpg | tokens=39 | mean_conf=0.907999 | output=D:\users\王鑫020420\Desktop\refgrader-main\ocr_cache\csbench\ML_4\ANS_ML_170.json
summary: completed=1, skipped=0, failed=0
2026-07-27 11:53:25 | INFO     | [1/1] cache hit: ANS_ML_171.jpg
summary: completed=0, skipped=1, failed=0
2026-07-27 11:53:38 | INFO     | Initialize PaddleOCR | device=cpu | lang=ch | pending=1/1 | model_cache=D:\paddlex_cache
[1/1] completed: ANS_ML_172.jpg | tokens=27 | mean_conf=0.90669 | output=D:\users\王鑫020420\Desktop\refgrader-main\ocr_cache\csbench\ML_4\ANS_ML_172.json
summary: completed=1, skipped=0, failed=0
2026-07-27 11:53:55 | INFO     | Initialize PaddleOCR | device=cpu | lang=ch | pending=1/1 | model_cache=D:\paddlex_cache
[1/1] completed: ANS_ML_173.jpg | tokens=49 | mean_conf=0.877595 | output=D:\users\王鑫020420\Desktop\refgrader-main\ocr_cache\csbench\ML_4\ANS_ML_173.json
summary: completed=1, skipped=0, failed=0
2026-07-27 11:54:11 | INFO     | Initialize PaddleOCR | device=cpu | lang=ch | pending=1/1 | model_cache=D:\paddlex_cache
[1/1] completed: ANS_ML_174.jpg | tokens=43 | mean_conf=0.853844 | output=D:\users\王鑫020420\Desktop\refgrader-main\ocr_cache\csbench\ML_4\ANS_ML_174.json
summary: completed=1, skipped=0, failed=0
2026-07-27 11:54:26 | INFO     | Initialize PaddleOCR | device=cpu | lang=ch | pending=1/1 | model_cache=D:\paddlex_cache
[1/1] completed: ANS_ML_175.jpg | tokens=43 | mean_conf=0.914994 | output=D:\users\王鑫020420\Desktop\refgrader-main\ocr_cache\csbench\ML_4\ANS_ML_175.json
summary: completed=1, skipped=0, failed=0
2026-07-27 11:54:41 | INFO     | Initialize PaddleOCR | device=cpu | lang=ch | pending=1/1 | model_cache=D:\paddlex_cache
[1/1] completed: ANS_ML_176.jpg | tokens=38 | mean_conf=0.944973 | output=D:\users\王鑫020420\Desktop\refgrader-main\ocr_cache\csbench\ML_4\ANS_ML_176.json
summary: completed=1, skipped=0, failed=0
2026-07-27 11:54:57 | INFO     | Initialize PaddleOCR | device=cpu | lang=ch | pending=1/1 | model_cache=D:\paddlex_cache
[1/1] completed: ANS_ML_177.jpg | tokens=45 | mean_conf=0.918168 | output=D:\users\王鑫020420\Desktop\refgrader-main\ocr_cache\csbench\ML_4\ANS_ML_177.json
summary: completed=1, skipped=0, failed=0
2026-07-27 11:55:14 | INFO     | Initialize PaddleOCR | device=cpu | lang=ch | pending=1/1 | model_cache=D:\paddlex_cache
[1/1] completed: ANS_ML_178.jpg | tokens=47 | mean_conf=0.933661 | output=D:\users\王鑫020420\Desktop\refgrader-main\ocr_cache\csbench\ML_4\ANS_ML_178.json
summary: completed=1, skipped=0, failed=0
2026-07-27 11:55:30 | INFO     | Initialize PaddleOCR | device=cpu | lang=ch | pending=1/1 | model_cache=D:\paddlex_cache
[1/1] completed: ANS_ML_179.jpg | tokens=42 | mean_conf=0.934673 | output=D:\users\王鑫020420\Desktop\refgrader-main\ocr_cache\csbench\ML_4\ANS_ML_179.json
summary: completed=1, skipped=0, failed=0
2026-07-27 11:55:46 | INFO     | Initialize PaddleOCR | device=cpu | lang=ch | pending=1/1 | model_cache=D:\paddlex_cache
[1/1] completed: ANS_ML_180.jpg | tokens=44 | mean_conf=0.906009 | output=D:\users\王鑫020420\Desktop\refgrader-main\ocr_cache\csbench\ML_4\ANS_ML_180.json
summary: completed=1, skipped=0, failed=0
2026-07-27 11:56:03 | INFO     | Initialize PaddleOCR | device=cpu | lang=ch | pending=1/1 | model_cache=D:\paddlex_cache
[1/1] completed: ANS_ML_181.jpg | tokens=45 | mean_conf=0.937274 | output=D:\users\王鑫020420\Desktop\refgrader-main\ocr_cache\csbench\ML_4\ANS_ML_181.json
summary: completed=1, skipped=0, failed=0
2026-07-27 11:56:18 | INFO     | Initialize PaddleOCR | device=cpu | lang=ch | pending=1/1 | model_cache=D:\paddlex_cache
[1/1] completed: ANS_ML_182.jpg | tokens=39 | mean_conf=0.867949 | output=D:\users\王鑫020420\Desktop\refgrader-main\ocr_cache\csbench\ML_4\ANS_ML_182.json
summary: completed=1, skipped=0, failed=0
2026-07-27 11:56:33 | INFO     | Initialize PaddleOCR | device=cpu | lang=ch | pending=1/1 | model_cache=D:\paddlex_cache
[1/1] completed: ANS_ML_183.jpg | tokens=40 | mean_conf=0.951737 | output=D:\users\王鑫020420\Desktop\refgrader-main\ocr_cache\csbench\ML_4\ANS_ML_183.json
summary: completed=1, skipped=0, failed=0
2026-07-27 11:56:47 | INFO     | Initialize PaddleOCR | device=cpu | lang=ch | pending=1/1 | model_cache=D:\paddlex_cache
[1/1] completed: ANS_ML_184.jpg | tokens=36 | mean_conf=0.877274 | output=D:\users\王鑫020420\Desktop\refgrader-main\ocr_cache\csbench\ML_4\ANS_ML_184.json
summary: completed=1, skipped=0, failed=0
2026-07-27 11:57:02 | INFO     | Initialize PaddleOCR | device=cpu | lang=ch | pending=1/1 | model_cache=D:\paddlex_cache
[1/1] completed: ANS_ML_185.jpg | tokens=38 | mean_conf=0.960683 | output=D:\users\王鑫020420\Desktop\refgrader-main\ocr_cache\csbench\ML_4\ANS_ML_185.json
summary: completed=1, skipped=0, failed=0
2026-07-27 11:57:16 | INFO     | Initialize PaddleOCR | device=cpu | lang=ch | pending=1/1 | model_cache=D:\paddlex_cache
[1/1] completed: ANS_ML_186.jpg | tokens=33 | mean_conf=0.931664 | output=D:\users\王鑫020420\Desktop\refgrader-main\ocr_cache\csbench\ML_4\ANS_ML_186.json
summary: completed=1, skipped=0, failed=0
2026-07-27 11:57:28 | INFO     | Initialize PaddleOCR | device=cpu | lang=ch | pending=1/1 | model_cache=D:\paddlex_cache
[1/1] completed: ANS_ML_187.jpg | tokens=22 | mean_conf=0.894701 | output=D:\users\王鑫020420\Desktop\refgrader-main\ocr_cache\csbench\ML_4\ANS_ML_187.json
summary: completed=1, skipped=0, failed=0
2026-07-27 11:57:43 | INFO     | Initialize PaddleOCR | device=cpu | lang=ch | pending=1/1 | model_cache=D:\paddlex_cache
[1/1] completed: ANS_ML_188.jpg | tokens=40 | mean_conf=0.903433 | output=D:\users\王鑫020420\Desktop\refgrader-main\ocr_cache\csbench\ML_4\ANS_ML_188.json
summary: completed=1, skipped=0, failed=0
2026-07-27 11:57:46 | INFO     | [1/1] cache hit: ANS_ML_189.jpg
summary: completed=0, skipped=1, failed=0
2026-07-27 11:58:02 | INFO     | Initialize PaddleOCR | device=cpu | lang=ch | pending=1/1 | model_cache=D:\paddlex_cache
[1/1] completed: ANS_ML_190.jpg | tokens=40 | mean_conf=0.936382 | output=D:\users\王鑫020420\Desktop\refgrader-main\ocr_cache\csbench\ML_4\ANS_ML_190.json
summary: completed=1, skipped=0, failed=0
2026-07-27 11:58:19 | INFO     | Initialize PaddleOCR | device=cpu | lang=ch | pending=1/1 | model_cache=D:\paddlex_cache
[1/1] completed: ANS_ML_191.jpg | tokens=46 | mean_conf=0.908928 | output=D:\users\王鑫020420\Desktop\refgrader-main\ocr_cache\csbench\ML_4\ANS_ML_191.json
summary: completed=1, skipped=0, failed=0
2026-07-27 11:58:33 | INFO     | Initialize PaddleOCR | device=cpu | lang=ch | pending=1/1 | model_cache=D:\paddlex_cache
[1/1] completed: ANS_ML_192.jpg | tokens=31 | mean_conf=0.903039 | output=D:\users\王鑫020420\Desktop\refgrader-main\ocr_cache\csbench\ML_4\ANS_ML_192.json
summary: completed=1, skipped=0, failed=0
2026-07-27 11:58:49 | INFO     | Initialize PaddleOCR | device=cpu | lang=ch | pending=1/1 | model_cache=D:\paddlex_cache
[1/1] completed: ANS_ML_193.jpg | tokens=45 | mean_conf=0.905886 | output=D:\users\王鑫020420\Desktop\refgrader-main\ocr_cache\csbench\ML_4\ANS_ML_193.json
summary: completed=1, skipped=0, failed=0
2026-07-27 11:59:04 | INFO     | Initialize PaddleOCR | device=cpu | lang=ch | pending=1/1 | model_cache=D:\paddlex_cache
[1/1] completed: ANS_ML_194.jpg | tokens=41 | mean_conf=0.903719 | output=D:\users\王鑫020420\Desktop\refgrader-main\ocr_cache\csbench\ML_4\ANS_ML_194.json
summary: completed=1, skipped=0, failed=0
2026-07-27 11:59:12 | INFO     | Initialize PaddleOCR | device=cpu | lang=ch | pending=1/1 | model_cache=D:\paddlex_cache
[1/1] completed: ANS_ML_195.jpg | tokens=2 | mean_conf=0.999943 | output=D:\users\王鑫020420\Desktop\refgrader-main\ocr_cache\csbench\ML_4\ANS_ML_195.json
summary: completed=1, skipped=0, failed=0
2026-07-27 11:59:28 | INFO     | Initialize PaddleOCR | device=cpu | lang=ch | pending=1/1 | model_cache=D:\paddlex_cache
[1/1] completed: ANS_ML_196.jpg | tokens=35 | mean_conf=0.897698 | output=D:\users\王鑫020420\Desktop\refgrader-main\ocr_cache\csbench\ML_4\ANS_ML_196.json
summary: completed=1, skipped=0, failed=0
2026-07-27 11:59:51 | INFO     | Initialize PaddleOCR | device=cpu | lang=ch | pending=1/1 | model_cache=D:\paddlex_cache
[1/1] completed: ANS_ML_197.jpg | tokens=82 | mean_conf=0.914651 | output=D:\users\王鑫020420\Desktop\refgrader-main\ocr_cache\csbench\ML_4\ANS_ML_197.json
summary: completed=1, skipped=0, failed=0
2026-07-27 12:00:03 | INFO     | Initialize PaddleOCR | device=cpu | lang=ch | pending=1/1 | model_cache=D:\paddlex_cache
[1/1] completed: ANS_ML_198.jpg | tokens=25 | mean_conf=0.902725 | output=D:\users\王鑫020420\Desktop\refgrader-main\ocr_cache\csbench\ML_4\ANS_ML_198.json
summary: completed=1, skipped=0, failed=0
2026-07-27 12:00:07 | INFO     | [1/1] cache hit: ANS_ML_199.jpg
summary: completed=0, skipped=1, failed=0
2026-07-27 12:00:21 | INFO     | Initialize PaddleOCR | device=cpu | lang=ch | pending=1/1 | model_cache=D:\paddlex_cache
[1/1] completed: ANS_ML_200.jpg | tokens=34 | mean_conf=0.852517 | output=D:\users\王鑫020420\Desktop\refgrader-main\ocr_cache\csbench\ML_4\ANS_ML_200.json
summary: completed=1, skipped=0, failed=0
2026-07-27 12:00:24 | INFO     | [1/1] cache hit: ANS_ML_201.jpg
summary: completed=0, skipped=1, failed=0
2026-07-27 12:00:39 | INFO     | Initialize PaddleOCR | device=cpu | lang=ch | pending=1/1 | model_cache=D:\paddlex_cache
[1/1] completed: ANS_ML_203.jpg | tokens=30 | mean_conf=0.926886 | output=D:\users\王鑫020420\Desktop\refgrader-main\ocr_cache\csbench\ML_4\ANS_ML_203.json
summary: completed=1, skipped=0, failed=0
2026-07-27 12:00:55 | INFO     | Initialize PaddleOCR | device=cpu | lang=ch | pending=1/1 | model_cache=D:\paddlex_cache
[1/1] completed: ANS_ML_204.jpg | tokens=42 | mean_conf=0.881929 | output=D:\users\王鑫020420\Desktop\refgrader-main\ocr_cache\csbench\ML_4\ANS_ML_204.json
summary: completed=1, skipped=0, failed=0
2026-07-27 12:00:58 | INFO     | [1/1] cache hit: ANS_ML_205.jpg
summary: completed=0, skipped=1, failed=0
2026-07-27 12:01:08 | INFO     | Initialize PaddleOCR | device=cpu | lang=ch | pending=1/1 | model_cache=D:\paddlex_cache
[1/1] completed: ANS_ML_206.jpg | tokens=14 | mean_conf=0.962983 | output=D:\users\王鑫020420\Desktop\refgrader-main\ocr_cache\csbench\ML_4\ANS_ML_206.json
summary: completed=1, skipped=0, failed=0
2026-07-27 12:01:24 | INFO     | Initialize PaddleOCR | device=cpu | lang=ch | pending=1/1 | model_cache=D:\paddlex_cache
[1/1] completed: ANS_ML_207.jpg | tokens=43 | mean_conf=0.927519 | output=D:\users\王鑫020420\Desktop\refgrader-main\ocr_cache\csbench\ML_4\ANS_ML_207.json
summary: completed=1, skipped=0, failed=0
2026-07-27 12:01:38 | INFO     | Initialize PaddleOCR | device=cpu | lang=ch | pending=1/1 | model_cache=D:\paddlex_cache
[1/1] completed: ANS_ML_208.jpg | tokens=34 | mean_conf=0.874537 | output=D:\users\王鑫020420\Desktop\refgrader-main\ocr_cache\csbench\ML_4\ANS_ML_208.json
summary: completed=1, skipped=0, failed=0
2026-07-27 12:01:55 | INFO     | Initialize PaddleOCR | device=cpu | lang=ch | pending=1/1 | model_cache=D:\paddlex_cache
[1/1] completed: ANS_ML_209.jpg | tokens=44 | mean_conf=0.899537 | output=D:\users\王鑫020420\Desktop\refgrader-main\ocr_cache\csbench\ML_4\ANS_ML_209.json
summary: completed=1, skipped=0, failed=0
2026-07-27 12:02:09 | INFO     | Initialize PaddleOCR | device=cpu | lang=ch | pending=1/1 | model_cache=D:\paddlex_cache
[1/1] completed: ANS_ML_210.jpg | tokens=36 | mean_conf=0.910174 | output=D:\users\王鑫020420\Desktop\refgrader-main\ocr_cache\csbench\ML_4\ANS_ML_210.json
summary: completed=1, skipped=0, failed=0
2026-07-27 12:02:25 | INFO     | Initialize PaddleOCR | device=cpu | lang=ch | pending=1/1 | model_cache=D:\paddlex_cache
[1/1] completed: ANS_ML_211.jpg | tokens=36 | mean_conf=0.93947 | output=D:\users\王鑫020420\Desktop\refgrader-main\ocr_cache\csbench\ML_4\ANS_ML_211.json
summary: completed=1, skipped=0, failed=0
2026-07-27 12:02:39 | INFO     | Initialize PaddleOCR | device=cpu | lang=ch | pending=1/1 | model_cache=D:\paddlex_cache
[1/1] completed: ANS_ML_212.jpg | tokens=35 | mean_conf=0.89801 | output=D:\users\王鑫020420\Desktop\refgrader-main\ocr_cache\csbench\ML_4\ANS_ML_212.json
summary: completed=1, skipped=0, failed=0
2026-07-27 12:02:54 | INFO     | Initialize PaddleOCR | device=cpu | lang=ch | pending=1/1 | model_cache=D:\paddlex_cache
[1/1] completed: ANS_ML_213.jpg | tokens=42 | mean_conf=0.909912 | output=D:\users\王鑫020420\Desktop\refgrader-main\ocr_cache\csbench\ML_4\ANS_ML_213.json
summary: completed=1, skipped=0, failed=0
2026-07-27 12:03:13 | INFO     | Initialize PaddleOCR | device=cpu | lang=ch | pending=1/1 | model_cache=D:\paddlex_cache
[1/1] completed: ANS_ML_214.jpg | tokens=57 | mean_conf=0.925646 | output=D:\users\王鑫020420\Desktop\refgrader-main\ocr_cache\csbench\ML_4\ANS_ML_214.json
summary: completed=1, skipped=0, failed=0
2026-07-27 12:03:29 | INFO     | Initialize PaddleOCR | device=cpu | lang=ch | pending=1/1 | model_cache=D:\paddlex_cache
[1/1] completed: ANS_ML_215.jpg | tokens=44 | mean_conf=0.899397 | output=D:\users\王鑫020420\Desktop\refgrader-main\ocr_cache\csbench\ML_4\ANS_ML_215.json
summary: completed=1, skipped=0, failed=0
2026-07-27 12:03:43 | INFO     | Initialize PaddleOCR | device=cpu | lang=ch | pending=1/1 | model_cache=D:\paddlex_cache
[1/1] completed: ANS_ML_216.jpg | tokens=37 | mean_conf=0.946186 | output=D:\users\王鑫020420\Desktop\refgrader-main\ocr_cache\csbench\ML_4\ANS_ML_216.json
summary: completed=1, skipped=0, failed=0
2026-07-27 12:03:59 | INFO     | Initialize PaddleOCR | device=cpu | lang=ch | pending=1/1 | model_cache=D:\paddlex_cache
[1/1] completed: ANS_ML_217.jpg | tokens=44 | mean_conf=0.854747 | output=D:\users\王鑫020420\Desktop\refgrader-main\ocr_cache\csbench\ML_4\ANS_ML_217.json
summary: completed=1, skipped=0, failed=0
2026-07-27 12:04:16 | INFO     | Initialize PaddleOCR | device=cpu | lang=ch | pending=1/1 | model_cache=D:\paddlex_cache
[1/1] completed: ANS_ML_218.jpg | tokens=40 | mean_conf=0.911674 | output=D:\users\王鑫020420\Desktop\refgrader-main\ocr_cache\csbench\ML_4\ANS_ML_218.json
summary: completed=1, skipped=0, failed=0
2026-07-27 12:04:32 | INFO     | Initialize PaddleOCR | device=cpu | lang=ch | pending=1/1 | model_cache=D:\paddlex_cache
[1/1] completed: ANS_ML_219.jpg | tokens=45 | mean_conf=0.87295 | output=D:\users\王鑫020420\Desktop\refgrader-main\ocr_cache\csbench\ML_4\ANS_ML_219.json
summary: completed=1, skipped=0, failed=0
2026-07-27 12:04:48 | INFO     | Initialize PaddleOCR | device=cpu | lang=ch | pending=1/1 | model_cache=D:\paddlex_cache
[1/1] completed: ANS_ML_220.jpg | tokens=45 | mean_conf=0.939401 | output=D:\users\王鑫020420\Desktop\refgrader-main\ocr_cache\csbench\ML_4\ANS_ML_220.json
summary: completed=1, skipped=0, failed=0
2026-07-27 12:05:02 | INFO     | Initialize PaddleOCR | device=cpu | lang=ch | pending=1/1 | model_cache=D:\paddlex_cache
[1/1] completed: ANS_ML_221.jpg | tokens=36 | mean_conf=0.877454 | output=D:\users\王鑫020420\Desktop\refgrader-main\ocr_cache\csbench\ML_4\ANS_ML_221.json
summary: completed=1, skipped=0, failed=0
2026-07-27 12:05:15 | INFO     | Initialize PaddleOCR | device=cpu | lang=ch | pending=1/1 | model_cache=D:\paddlex_cache
[1/1] completed: ANS_ML_222.jpg | tokens=29 | mean_conf=0.933141 | output=D:\users\王鑫020420\Desktop\refgrader-main\ocr_cache\csbench\ML_4\ANS_ML_222.json
summary: completed=1, skipped=0, failed=0
2026-07-27 12:05:30 | INFO     | Initialize PaddleOCR | device=cpu | lang=ch | pending=1/1 | model_cache=D:\paddlex_cache
[1/1] completed: ANS_ML_224.jpg | tokens=39 | mean_conf=0.851706 | output=D:\users\王鑫020420\Desktop\refgrader-main\ocr_cache\csbench\ML_4\ANS_ML_224.json
summary: completed=1, skipped=0, failed=0
2026-07-27 12:05:35 | INFO     | ⚡ 脱敏清单已预生成，55 名学生共享复用。
2026-07-27 12:05:35 | INFO     | 🏃 开始批改 55 张试卷 (⚡ 开启多线程模式)...
2026-07-27 12:05:35 | INFO     | 
🔍 [正在处理] ANS_ML_169 | 启动 3WD 流水线...
2026-07-27 12:05:35 | INFO     | 
🔍 [正在处理] ANS_ML_170 | 启动 3WD 流水线...
2026-07-27 12:05:35 | INFO     | ⏳ [主线程] 已提交 55 个任务，等待结果回收...
2026-07-27 12:05:54 | INFO     | ✅ [批改完成] ANS_ML_169 | 路由: NEG | 最终分: 0 | 风险: P0.80/U0.00/F0.00/H0/L0 | 提取质量: 🟡low | 留白率: 100% | 低质量率: 0%
2026-07-27 12:05:54 | INFO     | 
🔍 [正在处理] ANS_ML_171 | 启动 3WD 流水线...
2026-07-27 12:05:54 | INFO     | 📢 [总进度] 1/55 份试卷已归档 [NEG-拒绝]。
2026-07-27 12:06:28 | INFO     | ✅ [批改完成] ANS_ML_170 | 路由: BND | 最终分: 0.3 | 风险: P0.00/U0.08/F0.00/H0/L1 | 提取质量: 🟢high | 留白率: 0% | 低质量率: 0%
2026-07-27 12:06:28 | INFO     | 
🔍 [正在处理] ANS_ML_172 | 启动 3WD 流水线...
2026-07-27 12:06:28 | INFO     | 📢 [总进度] 2/55 份试卷已归档。
2026-07-27 12:06:36 | INFO     | ✅ [批改完成] ANS_ML_171 | 路由: POS | 最终分: 1.3 | 风险: P0.00/U0.04/F0.00/H0/L1 | 提取质量: 🟢high | 留白率: 0% | 低质量率: 0%
2026-07-27 12:06:36 | INFO     | 
🔍 [正在处理] ANS_ML_173 | 启动 3WD 流水线...
2026-07-27 12:06:36 | INFO     | 📢 [总进度] 3/55 份试卷已归档。
2026-07-27 12:07:22 | INFO     | ✅ [批改完成] ANS_ML_172 | 路由: BND | 最终分: 2.0 | 风险: P0.00/U0.12/F0.00/H0/L1 | 提取质量: 🟢high | 留白率: 0% | 低质量率: 0%
2026-07-27 12:07:22 | INFO     | 
🔍 [正在处理] ANS_ML_174 | 启动 3WD 流水线...
2026-07-27 12:07:22 | INFO     | 📢 [总进度] 4/55 份试卷已归档。
2026-07-27 12:07:35 | INFO     | ✅ [批改完成] ANS_ML_173 | 路由: BND | 最终分: 0.5 | 风险: P0.00/U0.07/F0.00/H0/L1 | 提取质量: 🟢high | 留白率: 0% | 低质量率: 0%
2026-07-27 12:07:35 | INFO     | 
🔍 [正在处理] ANS_ML_175 | 启动 3WD 流水线...
2026-07-27 12:07:35 | INFO     | 📢 [总进度] 5/55 份试卷已归档。
2026-07-27 12:08:11 | INFO     | ✅ [批改完成] ANS_ML_174 | 路由: POS | 最终分: 1.7 | 风险: P0.00/U0.04/F0.00/H0/L1 | 提取质量: 🟢high | 留白率: 0% | 低质量率: 0%
2026-07-27 12:08:11 | INFO     | 
🔍 [正在处理] ANS_ML_176 | 启动 3WD 流水线...
2026-07-27 12:08:11 | INFO     | 📢 [总进度] 6/55 份试卷已归档。
2026-07-27 12:08:23 | INFO     | ✅ [批改完成] ANS_ML_175 | 路由: BND | 最终分: 2.6 | 风险: P0.00/U0.10/F0.00/H0/L0 | 提取质量: 🟢high | 留白率: 0% | 低质量率: 0%
2026-07-27 12:08:24 | INFO     | 
🔍 [正在处理] ANS_ML_177 | 启动 3WD 流水线...
2026-07-27 12:08:24 | INFO     | 📢 [总进度] 7/55 份试卷已归档。
2026-07-27 12:08:59 | INFO     | ✅ [批改完成] ANS_ML_176 | 路由: BND | 最终分: 0.8 | 风险: P0.00/U0.10/F0.00/H0/L1 | 提取质量: 🟢high | 留白率: 0% | 低质量率: 0%
2026-07-27 12:08:59 | INFO     | 
🔍 [正在处理] ANS_ML_178 | 启动 3WD 流水线...
2026-07-27 12:08:59 | INFO     | 📢 [总进度] 8/55 份试卷已归档。
2026-07-27 12:09:08 | INFO     | ✅ [批改完成] ANS_ML_177 | 路由: POS | 最终分: 6.0 | 风险: P0.00/U0.00/F0.00/H0/L0 | 提取质量: 🟢high | 留白率: 0% | 低质量率: 0%
2026-07-27 12:09:08 | INFO     | 
🔍 [正在处理] ANS_ML_179 | 启动 3WD 流水线...
2026-07-27 12:09:08 | INFO     | 📢 [总进度] 9/55 份试卷已归档。
2026-07-27 12:09:39 | INFO     | ✅ [批改完成] ANS_ML_178 | 路由: POS | 最终分: 1.5 | 风险: P0.00/U0.00/F0.00/H0/L1 | 提取质量: 🟢high | 留白率: 0% | 低质量率: 0%
2026-07-27 12:09:39 | INFO     | 
🔍 [正在处理] ANS_ML_180 | 启动 3WD 流水线...
2026-07-27 12:09:39 | INFO     | 📢 [总进度] 10/55 份试卷已归档。
2026-07-27 12:09:53 | INFO     | ✅ [批改完成] ANS_ML_179 | 路由: POS | 最终分: 3.0 | 风险: P0.00/U0.00/F0.00/H0/L1 | 提取质量: 🟢high | 留白率: 0% | 低质量率: 0%
2026-07-27 12:09:53 | INFO     | 
🔍 [正在处理] ANS_ML_181 | 启动 3WD 流水线...
2026-07-27 12:09:53 | INFO     | 📢 [总进度] 11/55 份试卷已归档。
2026-07-27 12:10:24 | INFO     | ✅ [批改完成] ANS_ML_181 | 路由: POS | 最终分: 0 | 风险: P0.00/U0.00/F1.00/H0/L1 | 提取质量: 🟢high | 留白率: 0% | 低质量率: 0%
2026-07-27 12:10:24 | INFO     | 
🔍 [正在处理] ANS_ML_182 | 启动 3WD 流水线...
2026-07-27 12:10:24 | INFO     | 📢 [总进度] 12/55 份试卷已归档。
2026-07-27 12:10:30 | INFO     | ✅ [批改完成] ANS_ML_180 | 路由: BND | 最终分: 1.2 | 风险: P0.00/U0.14/F0.00/H0/L1 | 提取质量: 🟢high | 留白率: 0% | 低质量率: 0%
2026-07-27 12:10:30 | INFO     | 
🔍 [正在处理] ANS_ML_183 | 启动 3WD 流水线...
2026-07-27 12:10:30 | INFO     | 📢 [总进度] 13/55 份试卷已归档。
2026-07-27 12:11:10 | INFO     | ✅ [批改完成] ANS_ML_182 | 路由: POS | 最终分: 4.3 | 风险: P0.00/U0.04/F0.00/H0/L0 | 提取质量: 🟢high | 留白率: 0% | 低质量率: 0%
2026-07-27 12:11:10 | INFO     | 
🔍 [正在处理] ANS_ML_184 | 启动 3WD 流水线...
2026-07-27 12:11:10 | INFO     | 📢 [总进度] 14/55 份试卷已归档。
2026-07-27 12:11:16 | INFO     | ✅ [批改完成] ANS_ML_183 | 路由: BND | 最终分: 2.5 | 风险: P0.00/U0.12/F0.00/H0/L1 | 提取质量: 🟢high | 留白率: 0% | 低质量率: 0%
2026-07-27 12:11:16 | INFO     | 
🔍 [正在处理] ANS_ML_185 | 启动 3WD 流水线...
2026-07-27 12:11:16 | INFO     | 📢 [总进度] 15/55 份试卷已归档。
2026-07-27 12:11:55 | INFO     | ✅ [批改完成] ANS_ML_185 | 路由: POS | 最终分: 0 | 风险: P0.00/U0.00/F1.00/H0/L1 | 提取质量: 🟢high | 留白率: 0% | 低质量率: 0%
2026-07-27 12:11:55 | INFO     | 
🔍 [正在处理] ANS_ML_186 | 启动 3WD 流水线...
2026-07-27 12:11:55 | INFO     | 📢 [总进度] 16/55 份试卷已归档。
2026-07-27 12:12:04 | INFO     | ✅ [批改完成] ANS_ML_184 | 路由: BND | 最终分: 2.1 | 风险: P0.00/U0.08/F0.00/H0/L1 | 提取质量: 🟢high | 留白率: 0% | 低质量率: 0%
2026-07-27 12:12:04 | INFO     | 
🔍 [正在处理] ANS_ML_187 | 启动 3WD 流水线...
2026-07-27 12:12:04 | INFO     | 📢 [总进度] 17/55 份试卷已归档。
2026-07-27 12:12:41 | INFO     | ✅ [批改完成] ANS_ML_187 | 路由: POS | 最终分: 0 | 风险: P0.00/U0.00/F1.00/H0/L1 | 提取质量: 🟢high | 留白率: 0% | 低质量率: 0%
2026-07-27 12:12:41 | INFO     | 
🔍 [正在处理] ANS_ML_188 | 启动 3WD 流水线...
2026-07-27 12:12:41 | INFO     | 📢 [总进度] 18/55 份试卷已归档。
2026-07-27 12:12:47 | INFO     | ✅ [批改完成] ANS_ML_186 | 路由: BND | 最终分: 1.0 | 风险: P0.00/U0.24/F0.00/H0/L1 | 提取质量: 🟢high | 留白率: 0% | 低质量率: 0%
2026-07-27 12:12:47 | INFO     | 
🔍 [正在处理] ANS_ML_189 | 启动 3WD 流水线...
2026-07-27 12:12:47 | INFO     | 📢 [总进度] 19/55 份试卷已归档。
2026-07-27 12:13:25 | INFO     | ✅ [批改完成] ANS_ML_188 | 路由: BND | 最终分: 1.0 | 风险: P0.00/U0.12/F0.00/H0/L1 | 提取质量: 🟢high | 留白率: 0% | 低质量率: 0%
2026-07-27 12:13:25 | INFO     | 
🔍 [正在处理] ANS_ML_190 | 启动 3WD 流水线...
2026-07-27 12:13:25 | INFO     | 📢 [总进度] 20/55 份试卷已归档。
2026-07-27 12:13:42 | INFO     | ✅ [批改完成] ANS_ML_189 | 路由: BND | 最终分: 1.7 | 风险: P0.00/U0.21/F0.00/H0/L1 | 提取质量: 🟢high | 留白率: 0% | 低质量率: 0%
2026-07-27 12:13:42 | INFO     | 
🔍 [正在处理] ANS_ML_191 | 启动 3WD 流水线...
2026-07-27 12:13:42 | INFO     | 📢 [总进度] 21/55 份试卷已归档。
2026-07-27 12:14:04 | INFO     | ✅ [批改完成] ANS_ML_190 | 路由: BND | 最终分: 0.5 | 风险: P0.00/U0.12/F0.00/H0/L1 | 提取质量: 🟢high | 留白率: 0% | 低质量率: 0%
2026-07-27 12:14:04 | INFO     | 
🔍 [正在处理] ANS_ML_192 | 启动 3WD 流水线...
2026-07-27 12:14:04 | INFO     | 📢 [总进度] 22/55 份试卷已归档。
2026-07-27 12:14:26 | INFO     | ✅ [批改完成] ANS_ML_191 | 路由: BND | 最终分: 4.0 | 风险: P0.00/U0.14/F0.00/H0/L0 | 提取质量: 🟢high | 留白率: 0% | 低质量率: 0%
2026-07-27 12:14:26 | INFO     | 
🔍 [正在处理] ANS_ML_193 | 启动 3WD 流水线...
2026-07-27 12:14:26 | INFO     | 📢 [总进度] 23/55 份试卷已归档。
2026-07-27 12:14:53 | INFO     | ✅ [批改完成] ANS_ML_192 | 路由: POS | 最终分: 1.7 | 风险: P0.00/U0.04/F0.00/H0/L1 | 提取质量: 🟢high | 留白率: 0% | 低质量率: 0%
2026-07-27 12:14:53 | INFO     | 
🔍 [正在处理] ANS_ML_194 | 启动 3WD 流水线...
2026-07-27 12:14:53 | INFO     | 📢 [总进度] 24/55 份试卷已归档。
2026-07-27 12:15:14 | INFO     | ✅ [批改完成] ANS_ML_193 | 路由: BND | 最终分: 0 | 风险: P0.00/U0.16/F1.00/H0/L1 | 提取质量: 🟢high | 留白率: 0% | 低质量率: 0%
2026-07-27 12:15:14 | INFO     | 
🔍 [正在处理] ANS_ML_195 | 启动 3WD 流水线...
2026-07-27 12:15:14 | INFO     | 📢 [总进度] 25/55 份试卷已归档。
2026-07-27 12:15:34 | INFO     | ✅ [批改完成] ANS_ML_195 | 路由: NEG | 最终分: 0 | 风险: P0.80/U0.00/F0.00/H0/L0 | 提取质量: 🟡low | 留白率: 100% | 低质量率: 0%
2026-07-27 12:15:34 | INFO     | 
🔍 [正在处理] ANS_ML_196 | 启动 3WD 流水线...
2026-07-27 12:15:34 | INFO     | 📢 [总进度] 26/55 份试卷已归档 [NEG-拒绝]。
2026-07-27 12:15:42 | INFO     | ✅ [批改完成] ANS_ML_194 | 路由: POS | 最终分: 3.0 | 风险: P0.00/U0.00/F0.00/H0/L1 | 提取质量: 🟢high | 留白率: 0% | 低质量率: 0%
2026-07-27 12:15:42 | INFO     | 
🔍 [正在处理] ANS_ML_197 | 启动 3WD 流水线...
2026-07-27 12:15:42 | INFO     | 📢 [总进度] 27/55 份试卷已归档。
2026-07-27 12:16:40 | INFO     | ✅ [批改完成] ANS_ML_196 | 路由: BND | 最终分: 2.2 | 风险: P0.00/U0.10/F0.00/H0/L1 | 提取质量: 🟢high | 留白率: 0% | 低质量率: 0%
2026-07-27 12:16:40 | INFO     | 
🔍 [正在处理] ANS_ML_198 | 启动 3WD 流水线...
2026-07-27 12:16:40 | INFO     | 📢 [总进度] 28/55 份试卷已归档。
2026-07-27 12:16:42 | INFO     | ✅ [批改完成] ANS_ML_197 | 路由: BND | 最终分: 2.0 | 风险: P0.00/U0.14/F0.00/H0/L1 | 提取质量: 🟢high | 留白率: 0% | 低质量率: 0%
2026-07-27 12:16:42 | INFO     | 
🔍 [正在处理] ANS_ML_199 | 启动 3WD 流水线...
2026-07-27 12:16:42 | INFO     | 📢 [总进度] 29/55 份试卷已归档。
2026-07-27 12:17:21 | INFO     | ✅ [批改完成] ANS_ML_198 | 路由: POS | 最终分: 1.2 | 风险: P0.00/U0.04/F0.00/H0/L1 | 提取质量: 🟢high | 留白率: 0% | 低质量率: 0%
2026-07-27 12:17:21 | INFO     | 
🔍 [正在处理] ANS_ML_200 | 启动 3WD 流水线...
2026-07-27 12:17:21 | INFO     | 📢 [总进度] 30/55 份试卷已归档。
2026-07-27 12:17:29 | INFO     | ✅ [批改完成] ANS_ML_199 | 路由: BND | 最终分: 3.5 | 风险: P0.00/U0.12/F0.00/H0/L1 | 提取质量: 🟢high | 留白率: 0% | 低质量率: 0%
2026-07-27 12:17:29 | INFO     | 
🔍 [正在处理] ANS_ML_201 | 启动 3WD 流水线...
2026-07-27 12:17:29 | INFO     | 📢 [总进度] 31/55 份试卷已归档。
2026-07-27 12:18:07 | INFO     | ✅ [批改完成] ANS_ML_201 | 路由: POS | 最终分: 3.0 | 风险: P0.00/U0.00/F0.00/H0/L1 | 提取质量: 🟢high | 留白率: 0% | 低质量率: 0%
2026-07-27 12:18:07 | INFO     | 
🔍 [正在处理] ANS_ML_203 | 启动 3WD 流水线...
2026-07-27 12:18:07 | INFO     | 📢 [总进度] 32/55 份试卷已归档。
2026-07-27 12:18:10 | INFO     | ✅ [批改完成] ANS_ML_200 | 路由: BND | 最终分: 4.8 | 风险: P0.00/U0.08/F0.00/H0/L0 | 提取质量: 🟢high | 留白率: 0% | 低质量率: 0%
2026-07-27 12:18:10 | INFO     | 
🔍 [正在处理] ANS_ML_204 | 启动 3WD 流水线...
2026-07-27 12:18:10 | INFO     | 📢 [总进度] 33/55 份试卷已归档。
2026-07-27 12:18:49 | INFO     | ✅ [批改完成] ANS_ML_203 | 路由: POS | 最终分: 1.2 | 风险: P0.00/U0.04/F0.00/H0/L1 | 提取质量: 🟢high | 留白率: 0% | 低质量率: 0%
2026-07-27 12:18:49 | INFO     | 
🔍 [正在处理] ANS_ML_205 | 启动 3WD 流水线...
2026-07-27 12:18:49 | INFO     | 📢 [总进度] 34/55 份试卷已归档。
2026-07-27 12:19:10 | INFO     | ✅ [批改完成] ANS_ML_204 | 路由: BND | 最终分: 2.6 | 风险: P0.00/U0.10/F0.00/H0/L0 | 提取质量: 🟢high | 留白率: 0% | 低质量率: 0%
2026-07-27 12:19:10 | INFO     | 
🔍 [正在处理] ANS_ML_206 | 启动 3WD 流水线...
2026-07-27 12:19:10 | INFO     | 📢 [总进度] 35/55 份试卷已归档。
2026-07-27 12:19:33 | INFO     | ✅ [批改完成] ANS_ML_205 | 路由: BND | 最终分: 1.3 | 风险: P0.00/U0.10/F0.00/H0/L1 | 提取质量: 🟢high | 留白率: 0% | 低质量率: 0%
2026-07-27 12:19:33 | INFO     | 
🔍 [正在处理] ANS_ML_207 | 启动 3WD 流水线...
2026-07-27 12:19:33 | INFO     | 📢 [总进度] 36/55 份试卷已归档。
2026-07-27 12:20:16 | INFO     | ✅ [批改完成] ANS_ML_207 | 路由: POS | 最终分: 6.0 | 风险: P0.00/U0.00/F0.00/H0/L0 | 提取质量: 🟢high | 留白率: 0% | 低质量率: 0%
2026-07-27 12:20:16 | INFO     | 
🔍 [正在处理] ANS_ML_208 | 启动 3WD 流水线...
2026-07-27 12:20:16 | INFO     | 📢 [总进度] 37/55 份试卷已归档。
2026-07-27 12:20:25 | INFO     | ✅ [批改完成] ANS_ML_206 | 路由: BND | 最终分: 0.5 | 风险: P0.00/U0.12/F1.00/H0/L1 | 提取质量: 🟢high | 留白率: 0% | 低质量率: 0%
2026-07-27 12:20:25 | INFO     | 
🔍 [正在处理] ANS_ML_209 | 启动 3WD 流水线...
2026-07-27 12:20:25 | INFO     | 📢 [总进度] 38/55 份试卷已归档。
2026-07-27 12:21:00 | INFO     | ✅ [批改完成] ANS_ML_208 | 路由: POS | 最终分: 1.8 | 风险: P0.00/U0.04/F0.00/H0/L1 | 提取质量: 🟢high | 留白率: 0% | 低质量率: 0%
2026-07-27 12:21:00 | INFO     | 
🔍 [正在处理] ANS_ML_210 | 启动 3WD 流水线...
2026-07-27 12:21:00 | INFO     | 📢 [总进度] 39/55 份试卷已归档。
2026-07-27 12:21:22 | INFO     | ✅ [批改完成] ANS_ML_209 | 路由: BND | 最终分: 1.5 | 风险: P0.00/U0.07/F0.00/H0/L1 | 提取质量: 🟢high | 留白率: 0% | 低质量率: 0%
2026-07-27 12:21:22 | INFO     | 
🔍 [正在处理] ANS_ML_211 | 启动 3WD 流水线...
2026-07-27 12:21:22 | INFO     | 📢 [总进度] 40/55 份试卷已归档。
2026-07-27 12:21:47 | INFO     | ✅ [批改完成] ANS_ML_210 | 路由: BND | 最终分: 0 | 风险: P0.00/U0.00/F0.00/H0/L1 | 提取质量: 🟢high | 留白率: 0% | 低质量率: 0%
2026-07-27 12:21:47 | INFO     | 
🔍 [正在处理] ANS_ML_212 | 启动 3WD 流水线...
2026-07-27 12:21:47 | INFO     | 📢 [总进度] 41/55 份试卷已归档。
2026-07-27 12:21:58 | INFO     | ✅ [批改完成] ANS_ML_211 | 路由: POS | 最终分: 0 | 风险: P0.00/U0.00/F1.00/H0/L1 | 提取质量: 🟢high | 留白率: 0% | 低质量率: 0%
2026-07-27 12:21:58 | INFO     | 
🔍 [正在处理] ANS_ML_213 | 启动 3WD 流水线...
2026-07-27 12:21:58 | INFO     | 📢 [总进度] 42/55 份试卷已归档。
2026-07-27 12:22:25 | INFO     | ✅ [批改完成] ANS_ML_212 | 路由: BND | 最终分: 0.7 | 风险: P0.00/U0.08/F0.00/H0/L1 | 提取质量: 🟢high | 留白率: 0% | 低质量率: 0%
2026-07-27 12:22:25 | INFO     | 
🔍 [正在处理] ANS_ML_214 | 启动 3WD 流水线...
2026-07-27 12:22:25 | INFO     | 📢 [总进度] 43/55 份试卷已归档。
2026-07-27 12:22:41 | INFO     | ✅ [批改完成] ANS_ML_213 | 路由: BND | 最终分: 1.3 | 风险: P0.00/U0.08/F0.00/H0/L1 | 提取质量: 🟢high | 留白率: 0% | 低质量率: 0%
2026-07-27 12:22:41 | INFO     | 
🔍 [正在处理] ANS_ML_215 | 启动 3WD 流水线...
2026-07-27 12:22:41 | INFO     | 📢 [总进度] 44/55 份试卷已归档。
2026-07-27 12:23:07 | INFO     | ✅ [批改完成] ANS_ML_214 | 路由: BND | 最终分: 0.8 | 风险: P0.00/U0.10/F0.00/H0/L1 | 提取质量: 🟢high | 留白率: 0% | 低质量率: 0%
2026-07-27 12:23:07 | INFO     | 
🔍 [正在处理] ANS_ML_216 | 启动 3WD 流水线...
2026-07-27 12:23:07 | INFO     | 📢 [总进度] 45/55 份试卷已归档。
2026-07-27 12:23:38 | INFO     | ✅ [批改完成] ANS_ML_215 | 路由: BND | 最终分: 3.8 | 风险: P0.00/U0.17/F0.00/H0/L0 | 提取质量: 🟢high | 留白率: 0% | 低质量率: 0%
2026-07-27 12:23:38 | INFO     | 
🔍 [正在处理] ANS_ML_217 | 启动 3WD 流水线...
2026-07-27 12:23:38 | INFO     | 📢 [总进度] 46/55 份试卷已归档。
2026-07-27 12:23:55 | INFO     | ✅ [批改完成] ANS_ML_216 | 路由: BND | 最终分: 1.8 | 风险: P0.00/U0.14/F0.00/H0/L1 | 提取质量: 🟢high | 留白率: 0% | 低质量率: 0%
2026-07-27 12:23:55 | INFO     | 
🔍 [正在处理] ANS_ML_218 | 启动 3WD 流水线...
2026-07-27 12:23:55 | INFO     | 📢 [总进度] 47/55 份试卷已归档。
2026-07-27 12:24:39 | INFO     | ✅ [批改完成] ANS_ML_217 | 路由: BND | 最终分: 0 | 风险: P0.00/U0.00/F0.00/H0/L1 | 提取质量: 🟢high | 留白率: 0% | 低质量率: 0%
2026-07-27 12:24:39 | INFO     | 
🔍 [正在处理] ANS_ML_219 | 启动 3WD 流水线...
2026-07-27 12:24:39 | INFO     | 📢 [总进度] 48/55 份试卷已归档。
2026-07-27 12:24:44 | INFO     | ✅ [批改完成] ANS_ML_218 | 路由: BND | 最终分: 1.7 | 风险: P0.00/U0.08/F0.00/H0/L1 | 提取质量: 🟢high | 留白率: 0% | 低质量率: 0%
2026-07-27 12:24:44 | INFO     | 
🔍 [正在处理] ANS_ML_220 | 启动 3WD 流水线...
2026-07-27 12:24:44 | INFO     | 📢 [总进度] 49/55 份试卷已归档。
2026-07-27 12:25:27 | INFO     | ✅ [批改完成] ANS_ML_219 | 路由: BND | 最终分: 0.8 | 风险: P0.00/U0.10/F0.00/H0/L1 | 提取质量: 🟢high | 留白率: 0% | 低质量率: 0%
2026-07-27 12:25:27 | INFO     | 
🔍 [正在处理] ANS_ML_221 | 启动 3WD 流水线...
2026-07-27 12:25:27 | INFO     | 📢 [总进度] 50/55 份试卷已归档。
2026-07-27 12:25:55 | INFO     | ✅ [批改完成] ANS_ML_220 | 路由: BND | 最终分: 0.8 | 风险: P0.00/U0.08/F1.00/H0/L1 | 提取质量: 🟢high | 留白率: 0% | 低质量率: 0%
2026-07-27 12:25:55 | INFO     | 
🔍 [正在处理] ANS_ML_222 | 启动 3WD 流水线...
2026-07-27 12:25:55 | INFO     | 📢 [总进度] 51/55 份试卷已归档。
2026-07-27 12:26:11 | INFO     | ✅ [批改完成] ANS_ML_221 | 路由: BND | 最终分: 1.0 | 风险: P0.00/U0.07/F0.00/H0/L1 | 提取质量: 🟢high | 留白率: 0% | 低质量率: 0%
2026-07-27 12:26:11 | INFO     | 
🔍 [正在处理] ANS_ML_223 | 启动 3WD 流水线...
2026-07-27 12:26:11 | INFO     | 📢 [总进度] 52/55 份试卷已归档。
2026-07-27 12:26:23 | INFO     | ✅ [批改完成] ANS_ML_223 | 路由: NEG | 最终分: 0 | 风险: P0.80/U0.00/F0.00/H0/L0 | 提取质量: 🟡low | 留白率: 100% | 低质量率: 0%
2026-07-27 12:26:23 | INFO     | 
🔍 [正在处理] ANS_ML_224 | 启动 3WD 流水线...
2026-07-27 12:26:23 | INFO     | 📢 [总进度] 53/55 份试卷已归档 [NEG-拒绝]。
2026-07-27 12:26:57 | INFO     | ✅ [批改完成] ANS_ML_222 | 路由: BND | 最终分: 0.8 | 风险: P0.00/U0.27/F0.00/H0/L1 | 提取质量: 🟢high | 留白率: 0% | 低质量率: 0%
2026-07-27 12:26:57 | INFO     | 📢 [总进度] 54/55 份试卷已归档。
2026-07-27 12:27:05 | INFO     | ✅ [批改完成] ANS_ML_224 | 路由: POS | 最终分: 4.2 | 风险: P0.00/U0.04/F0.00/H0/L0 | 提取质量: 🟢high | 留白率: 0% | 低质量率: 0%
2026-07-27 12:27:05 | INFO     | 📢 [总进度] 55/55 份试卷已归档。
2026-07-27 12:27:06 | INFO     | 🗂️ 所有线程交卷完毕，正在整理数据... (共收集 55/55 份结果)
2026-07-27 12:27:06 | INFO     | 💾 正常批改结果已保存: D:\users\王鑫020420\Desktop\refgrader-main\results_runs\csbench_ml1_ml2_ml3_ml4_all\runs\teacher_audit_ml_1_4_20260725_192008\ML_4_graded_results.json (52 人)
2026-07-27 12:27:06 | INFO     | 🛑 拒绝域结果已单独保存: D:\users\王鑫020420\Desktop\refgrader-main\results_runs\csbench_ml1_ml2_ml3_ml4_all\runs\teacher_audit_ml_1_4_20260725_192008\ML_4_rejected.json (3 人)
2026-07-27 12:27:06 | INFO     | [result consistency] ML_4: checkpoint=55, graded=52, rejected=3, failed=0, expected=55
2026-07-27 12:27:06 | INFO     | 
🏆 任务完成！
