2026-07-11 19:30:32 | INFO     | ==================================================
2026-07-11 19:30:32 | INFO     | 📂 正在加载试卷数据库...
2026-07-11 19:30:32 | INFO     |    运行模式: FULL
2026-07-11 19:30:32 | INFO     |    题目范围: ['CO_1', 'CO_2']
2026-07-11 19:30:32 | INFO     |    文本模型: glm5 -> glm-5.1
2026-07-11 19:30:32 | INFO     |    提取后端: csbench_hybrid
2026-07-11 19:30:32 | INFO     |    题库文件: D:\users\王鑫020420\Desktop\refgrader-main\data\csbench\exam_database.json
2026-07-11 19:30:32 | INFO     |    教师分文件: D:\users\王鑫020420\Desktop\refgrader-main\data\csbench\teacher_scores.json
2026-07-11 19:30:32 | INFO     |    答案元数据: D:\users\王鑫020420\Desktop\refgrader-main\data\csbench\answer_metadata.jsonl
2026-07-11 19:30:32 | INFO     |    并发数:   2
2026-07-11 19:30:32 | INFO     |    结果目录: D:\users\王鑫020420\Desktop\refgrader-main\results_runs\csbench_co1_co2_full
2026-07-11 19:30:32 | INFO     |    Rubric目录: D:\users\王鑫020420\Desktop\refgrader-main\data\csbench\rubrics\optimized
2026-07-11 19:30:32 | INFO     |    初始Rubric目录: D:\users\王鑫020420\Desktop\refgrader-main\data\csbench\rubrics\initial
2026-07-11 19:30:32 | INFO     |    允许回退初始Rubric: False
2026-07-11 19:30:32 | INFO     |    进度文件: D:\users\王鑫020420\Desktop\refgrader-main\results_runs\csbench_co1_co2_full\progress.json
2026-07-11 19:30:32 | INFO     |    日志文件: logs\experiment_20260711_193032.log
2026-07-11 19:30:32 | INFO     | 🚀 当前处于【精准批改模式】
2026-07-11 19:30:32 | INFO     | 
🚀 [标准模式] 开始处理: CO_1
2026-07-11 19:30:32 | INFO     | ⚡ 已加载本地标准: D:\users\王鑫020420\Desktop\refgrader-main\data\csbench\rubrics\optimized\CO\CO_1_rubric_standard.json
2026-07-11 19:30:32 | INFO     | 📈 断点续传: 发现 104 份已完成的结果，跳过。
2026-07-11 19:30:32 | INFO     | ⏭️ 跳过 104 份已完成试卷，剩余 0 份待处理。
2026-07-11 19:30:32 | INFO     | ✅ 所有试卷已处理完毕，无需重新批改。
2026-07-11 19:30:32 | INFO     | 💾 最终结果已保存: D:\users\王鑫020420\Desktop\refgrader-main\results_runs\csbench_co1_co2_full\CO_1_graded_results.json (98 人) + D:\users\王鑫020420\Desktop\refgrader-main\results_runs\csbench_co1_co2_full\CO_1_rejected.json (6 人)
2026-07-11 19:30:32 | INFO     | [result consistency] CO_1: checkpoint=104, graded=98, rejected=6, failed=0, expected=104
2026-07-11 19:30:32 | INFO     | 
🚀 [标准模式] 开始处理: CO_2
2026-07-11 19:30:32 | INFO     | ⚡ 已加载本地标准: D:\users\王鑫020420\Desktop\refgrader-main\data\csbench\rubrics\optimized\CO\CO_2_rubric_standard.json
2026-07-11 19:30:32 | INFO     | [metadata] loaded 3326 answer records from D:\users\王鑫020420\Desktop\refgrader-main\data\csbench\answer_metadata.jsonl
2026-07-11 19:30:32 | INFO     | [PaddleOCR] preparing 81/84 visual-answer cache entries...
2026-07-11 19:30:38 | INFO     | [1/1] cache hit: ANS_CO_516.jpg
summary: completed=0, skipped=1, failed=0
2026-07-11 19:30:42 | INFO     | [1/1] cache hit: ANS_CO_517.jpg
summary: completed=0, skipped=1, failed=0
2026-07-11 19:30:46 | INFO     | [1/1] cache hit: ANS_CO_518.jpg
summary: completed=0, skipped=1, failed=0
2026-07-11 19:30:50 | INFO     | [1/1] cache hit: ANS_CO_520.jpg
summary: completed=0, skipped=1, failed=0
2026-07-11 19:30:54 | INFO     | [1/1] cache hit: ANS_CO_523.jpg
summary: completed=0, skipped=1, failed=0
2026-07-11 19:30:58 | INFO     | [1/1] cache hit: ANS_CO_524.jpg
summary: completed=0, skipped=1, failed=0
2026-07-11 19:31:02 | INFO     | [1/1] cache hit: ANS_CO_526.jpg
summary: completed=0, skipped=1, failed=0
2026-07-11 19:31:06 | INFO     | [1/1] cache hit: ANS_CO_527.jpg
summary: completed=0, skipped=1, failed=0
2026-07-11 19:31:09 | INFO     | [1/1] cache hit: ANS_CO_528.jpg
summary: completed=0, skipped=1, failed=0
2026-07-11 19:31:13 | INFO     | [1/1] cache hit: ANS_CO_530.jpg
summary: completed=0, skipped=1, failed=0
2026-07-11 19:31:17 | INFO     | [1/1] cache hit: ANS_CO_533.jpg
summary: completed=0, skipped=1, failed=0
2026-07-11 19:31:21 | INFO     | [1/1] cache hit: ANS_CO_539.jpg
summary: completed=0, skipped=1, failed=0
2026-07-11 19:31:25 | INFO     | [1/1] cache hit: ANS_CO_541.jpg
summary: completed=0, skipped=1, failed=0
2026-07-11 19:31:29 | INFO     | [1/1] cache hit: ANS_CO_542.jpg
summary: completed=0, skipped=1, failed=0
2026-07-11 19:31:33 | INFO     | [1/1] cache hit: ANS_CO_543.jpg
summary: completed=0, skipped=1, failed=0
2026-07-11 19:31:36 | INFO     | [1/1] cache hit: ANS_CO_544.jpg
summary: completed=0, skipped=1, failed=0
2026-07-11 19:31:40 | INFO     | [1/1] cache hit: ANS_CO_546.jpg
summary: completed=0, skipped=1, failed=0
2026-07-11 19:31:44 | INFO     | [1/1] cache hit: ANS_CO_547.jpg
summary: completed=0, skipped=1, failed=0
2026-07-11 19:31:48 | INFO     | [1/1] cache hit: ANS_CO_550.jpg
summary: completed=0, skipped=1, failed=0
2026-07-11 19:31:52 | INFO     | [1/1] cache hit: ANS_CO_551.jpg
summary: completed=0, skipped=1, failed=0
2026-07-11 19:31:56 | INFO     | [1/1] cache hit: ANS_CO_554.jpg
summary: completed=0, skipped=1, failed=0
2026-07-11 19:32:00 | INFO     | [1/1] cache hit: ANS_CO_555.jpg
summary: completed=0, skipped=1, failed=0
2026-07-11 19:32:04 | INFO     | [1/1] cache hit: ANS_CO_557.jpg
summary: completed=0, skipped=1, failed=0
2026-07-11 19:32:08 | INFO     | [1/1] cache hit: ANS_CO_558.jpg
summary: completed=0, skipped=1, failed=0
2026-07-11 19:32:12 | INFO     | [1/1] cache hit: ANS_CO_559.jpg
summary: completed=0, skipped=1, failed=0
2026-07-11 19:32:15 | INFO     | [1/1] cache hit: ANS_CO_560.jpg
summary: completed=0, skipped=1, failed=0
2026-07-11 19:32:19 | INFO     | [1/1] cache hit: ANS_CO_561.jpg
summary: completed=0, skipped=1, failed=0
2026-07-11 19:32:23 | INFO     | [1/1] cache hit: ANS_CO_562.jpg
summary: completed=0, skipped=1, failed=0
2026-07-11 19:32:27 | INFO     | [1/1] cache hit: ANS_CO_564.jpg
summary: completed=0, skipped=1, failed=0
2026-07-11 19:32:31 | INFO     | [1/1] cache hit: ANS_CO_565.jpg
summary: completed=0, skipped=1, failed=0
2026-07-11 19:32:35 | INFO     | [1/1] cache hit: ANS_CO_567.jpg
summary: completed=0, skipped=1, failed=0
2026-07-11 19:32:39 | INFO     | [1/1] cache hit: ANS_CO_569.jpg
summary: completed=0, skipped=1, failed=0
2026-07-11 19:32:43 | INFO     | [1/1] cache hit: ANS_CO_570.jpg
summary: completed=0, skipped=1, failed=0
2026-07-11 19:32:47 | INFO     | [1/1] cache hit: ANS_CO_571.jpg
summary: completed=0, skipped=1, failed=0
2026-07-11 19:32:51 | INFO     | [1/1] cache hit: ANS_CO_572.jpg
summary: completed=0, skipped=1, failed=0
2026-07-11 19:32:55 | INFO     | [1/1] cache hit: ANS_CO_573.jpg
summary: completed=0, skipped=1, failed=0
2026-07-11 19:32:59 | INFO     | [1/1] cache hit: ANS_CO_575.png
summary: completed=0, skipped=1, failed=0
2026-07-11 19:33:03 | INFO     | [1/1] cache hit: ANS_CO_578.png
summary: completed=0, skipped=1, failed=0
2026-07-11 19:33:06 | INFO     | [1/1] cache hit: ANS_CO_579.png
summary: completed=0, skipped=1, failed=0
2026-07-11 19:33:10 | INFO     | [1/1] cache hit: ANS_CO_580.png
summary: completed=0, skipped=1, failed=0
2026-07-11 19:33:14 | INFO     | [1/1] cache hit: ANS_CO_582.png
summary: completed=0, skipped=1, failed=0
2026-07-11 19:33:18 | INFO     | [1/1] cache hit: ANS_CO_583.png
summary: completed=0, skipped=1, failed=0
2026-07-11 19:33:22 | INFO     | [1/1] cache hit: ANS_CO_584.png
summary: completed=0, skipped=1, failed=0
2026-07-11 19:33:26 | INFO     | [1/1] cache hit: ANS_CO_585.png
summary: completed=0, skipped=1, failed=0
2026-07-11 19:33:30 | INFO     | [1/1] cache hit: ANS_CO_586.png
summary: completed=0, skipped=1, failed=0
2026-07-11 19:33:33 | INFO     | [1/1] cache hit: ANS_CO_589.png
summary: completed=0, skipped=1, failed=0
2026-07-11 19:33:37 | INFO     | [1/1] cache hit: ANS_CO_590.png
summary: completed=0, skipped=1, failed=0
2026-07-11 19:33:41 | INFO     | [1/1] cache hit: ANS_CO_592.png
summary: completed=0, skipped=1, failed=0
2026-07-11 19:33:45 | INFO     | [1/1] cache hit: ANS_CO_594.png
summary: completed=0, skipped=1, failed=0
2026-07-11 19:33:49 | INFO     | [1/1] cache hit: ANS_CO_595.png
summary: completed=0, skipped=1, failed=0
2026-07-11 19:33:54 | INFO     | [1/1] cache hit: ANS_CO_596.png
summary: completed=0, skipped=1, failed=0
2026-07-11 19:33:58 | INFO     | [1/1] cache hit: ANS_CO_598.png
summary: completed=0, skipped=1, failed=0
2026-07-11 19:34:02 | INFO     | [1/1] cache hit: ANS_CO_599.png
summary: completed=0, skipped=1, failed=0
2026-07-11 19:34:06 | INFO     | [1/1] cache hit: ANS_CO_601.png
summary: completed=0, skipped=1, failed=0
2026-07-11 19:34:10 | INFO     | [1/1] cache hit: ANS_CO_602.png
summary: completed=0, skipped=1, failed=0
2026-07-11 19:34:14 | INFO     | [1/1] cache hit: ANS_CO_603.png
summary: completed=0, skipped=1, failed=0
2026-07-11 19:34:18 | INFO     | [1/1] cache hit: ANS_CO_605.png
summary: completed=0, skipped=1, failed=0
2026-07-11 19:34:22 | INFO     | [1/1] cache hit: ANS_CO_607.png
summary: completed=0, skipped=1, failed=0
2026-07-11 19:34:26 | INFO     | [1/1] cache hit: ANS_CO_609.png
summary: completed=0, skipped=1, failed=0
2026-07-11 19:34:30 | INFO     | [1/1] cache hit: ANS_CO_610.png
summary: completed=0, skipped=1, failed=0
2026-07-11 19:34:34 | INFO     | [1/1] cache hit: ANS_CO_612.png
summary: completed=0, skipped=1, failed=0
2026-07-11 19:34:38 | INFO     | [1/1] cache hit: ANS_CO_614.png
summary: completed=0, skipped=1, failed=0
2026-07-11 19:34:42 | INFO     | [1/1] cache hit: ANS_CO_615.png
summary: completed=0, skipped=1, failed=0
2026-07-11 19:34:46 | INFO     | [1/1] cache hit: ANS_CO_617.png
summary: completed=0, skipped=1, failed=0
2026-07-11 19:34:50 | INFO     | [1/1] cache hit: ANS_CO_619.png
summary: completed=0, skipped=1, failed=0
2026-07-11 19:34:54 | INFO     | [1/1] cache hit: ANS_CO_621.png
summary: completed=0, skipped=1, failed=0
2026-07-11 19:34:58 | INFO     | [1/1] cache hit: ANS_CO_623.png
summary: completed=0, skipped=1, failed=0
2026-07-11 19:35:02 | INFO     | [1/1] cache hit: ANS_CO_626.png
summary: completed=0, skipped=1, failed=0
2026-07-11 19:35:06 | INFO     | [1/1] cache hit: ANS_CO_627.png
summary: completed=0, skipped=1, failed=0
2026-07-11 19:35:10 | INFO     | [1/1] cache hit: ANS_CO_628.png
summary: completed=0, skipped=1, failed=0
2026-07-11 19:35:14 | INFO     | [1/1] cache hit: ANS_CO_629.png
summary: completed=0, skipped=1, failed=0
2026-07-11 19:35:18 | INFO     | [1/1] cache hit: ANS_CO_630.png
summary: completed=0, skipped=1, failed=0
2026-07-11 19:35:22 | INFO     | [1/1] cache hit: ANS_CO_631.png
summary: completed=0, skipped=1, failed=0
2026-07-11 19:35:26 | INFO     | [1/1] cache hit: ANS_CO_633.png
summary: completed=0, skipped=1, failed=0
2026-07-11 19:35:30 | INFO     | [1/1] cache hit: ANS_CO_634.png
summary: completed=0, skipped=1, failed=0
2026-07-11 19:35:34 | INFO     | [1/1] cache hit: ANS_CO_635.png
summary: completed=0, skipped=1, failed=0
2026-07-11 19:35:38 | INFO     | [1/1] cache hit: ANS_CO_636.png
summary: completed=0, skipped=1, failed=0
2026-07-11 19:35:42 | INFO     | [1/1] cache hit: ANS_CO_637.png
summary: completed=0, skipped=1, failed=0
2026-07-11 19:35:46 | INFO     | [1/1] cache hit: ANS_CO_638.png
summary: completed=0, skipped=1, failed=0
2026-07-11 19:35:50 | INFO     | [1/1] cache hit: ANS_CO_641.png
summary: completed=0, skipped=1, failed=0
2026-07-11 19:35:54 | INFO     | [1/1] cache hit: ANS_CO_642.png
summary: completed=0, skipped=1, failed=0
2026-07-11 19:36:21 | INFO     | ⚡ 脱敏清单已预生成，84 名学生共享复用。
2026-07-11 19:36:21 | INFO     | 🏃 开始批改 84 张试卷 (⚡ 开启多线程模式)...
2026-07-11 19:36:21 | INFO     | ⏳ [主线程] 已提交 84 个任务，等待结果回收...
2026-07-11 19:36:21 | INFO     | 📦 成功加载教师真实成绩单数据库！共包含 3326 名考生的数据。
2026-07-11 19:36:21 | INFO     | 📦 成功加载教师真实成绩单数据库！共包含 3326 名考生的数据。
2026-07-11 19:36:21 | INFO     | 
🔍 [正在处理] ANS_CO_516 | 启动 3WD 流水线...
2026-07-11 19:36:21 | INFO     | 
🔍 [正在处理] ANS_CO_517 | 启动 3WD 流水线...
2026-07-11 19:42:29 | INFO     | ✅ [批改完成] ANS_CO_517 | 路由: BND | 最终分: 16.44 | 风险: P0.15/U0.04/F0.00/H0/L0 | 提取质量: 🟢high | 留白率: 0% | 低质量率: 0%
2026-07-11 19:42:29 | INFO     | 
🔍 [正在处理] ANS_CO_518 | 启动 3WD 流水线...
2026-07-11 19:42:29 | INFO     | 📢 [总进度] 1/84 份试卷已归档。
2026-07-11 19:42:41 | INFO     | ✅ [批改完成] ANS_CO_516 | 路由: BND | 最终分: 18.84 | 风险: P0.15/U0.11/F0.00/H0/L0 | 提取质量: 🟢high | 留白率: 0% | 低质量率: 0%
2026-07-11 19:42:41 | INFO     | 
🔍 [正在处理] ANS_CO_520 | 启动 3WD 流水线...
2026-07-11 19:42:41 | INFO     | 📢 [总进度] 2/84 份试卷已归档。
2026-07-11 19:45:16 | INFO     | ✅ [批改完成] ANS_CO_520 | 路由: BND | 最终分: 0 | 风险: P0.43/U0.00/F0.10/H0/L0 | 提取质量: 🟡low | 留白率: 50% | 低质量率: 0%
2026-07-11 19:45:16 | INFO     | 
🔍 [正在处理] ANS_CO_521 | 启动 3WD 流水线...
2026-07-11 19:45:16 | INFO     | 📢 [总进度] 3/84 份试卷已归档。
2026-07-11 19:46:28 | INFO     | ✅ [批改完成] ANS_CO_521 | 路由: BND | 最终分: 0 | 风险: P0.80/U0.00/F0.00/H0/L0 | 提取质量: 🟡low | 留白率: 100% | 低质量率: 0%
2026-07-11 19:46:28 | INFO     | 
🔍 [正在处理] ANS_CO_523 | 启动 3WD 流水线...
2026-07-11 19:46:28 | INFO     | 📢 [总进度] 4/84 份试卷已归档。
2026-07-11 19:51:58 | INFO     | ✅ [批改完成] ANS_CO_523 | 路由: BND | 最终分: 6.0 | 风险: P0.00/U0.00/F0.50/H0/L1 | 提取质量: 🟢high | 留白率: 0% | 低质量率: 0%
2026-07-11 19:51:58 | INFO     | 
🔍 [正在处理] ANS_CO_524 | 启动 3WD 流水线...
2026-07-11 19:51:58 | INFO     | 📢 [总进度] 5/84 份试卷已归档。
2026-07-11 19:57:44 | INFO     | ✅ [批改完成] ANS_CO_524 | 路由: BND | 最终分: 15.14 | 风险: P0.00/U0.06/F0.30/H0/L0 | 提取质量: 🟢high | 留白率: 0% | 低质量率: 0%
2026-07-11 19:57:44 | INFO     | 
🔍 [正在处理] ANS_CO_526 | 启动 3WD 流水线...
2026-07-11 19:57:44 | INFO     | 📢 [总进度] 6/84 份试卷已归档。
2026-07-11 20:12:22 | INFO     | ✅ [批改完成] ANS_CO_526 | 路由: BND | 最终分: 13.54 | 风险: P0.00/U0.06/F0.30/H0/L1 | 提取质量: 🟢high | 留白率: 0% | 低质量率: 0%
2026-07-11 20:12:22 | INFO     | 
🔍 [正在处理] ANS_CO_527 | 启动 3WD 流水线...
2026-07-11 20:12:22 | INFO     | 📢 [总进度] 7/84 份试卷已归档。
2026-07-11 20:13:53 | INFO     | ✅ [批改完成] ANS_CO_518 | 路由: BND | 最终分: 17.14 | 风险: P0.15/U0.13/F0.10/H0/L0 | 提取质量: 🟢high | 留白率: 0% | 低质量率: 0%
2026-07-11 20:13:53 | INFO     | 
🔍 [正在处理] ANS_CO_528 | 启动 3WD 流水线...
2026-07-11 20:13:53 | INFO     | 📢 [总进度] 8/84 份试卷已归档。
2026-07-11 20:19:54 | INFO     | ✅ [批改完成] ANS_CO_527 | 路由: BND | 最终分: 18.14 | 风险: P0.00/U0.05/F0.00/H0/L0 | 提取质量: 🟢high | 留白率: 0% | 低质量率: 0%
2026-07-11 20:19:54 | INFO     | 
🔍 [正在处理] ANS_CO_529 | 启动 3WD 流水线...
2026-07-11 20:19:54 | INFO     | 📢 [总进度] 9/84 份试卷已归档。
2026-07-11 20:21:13 | INFO     | ✅ [批改完成] ANS_CO_529 | 路由: BND | 最终分: 0 | 风险: P0.80/U0.00/F0.00/H0/L0 | 提取质量: 🟡low | 留白率: 100% | 低质量率: 0%
2026-07-11 20:21:13 | INFO     | 
🔍 [正在处理] ANS_CO_530 | 启动 3WD 流水线...
2026-07-11 20:21:13 | INFO     | 📢 [总进度] 10/84 份试卷已归档。
2026-07-11 20:27:16 | INFO     | ✅ [批改完成] ANS_CO_530 | 路由: BND | 最终分: 15.34 | 风险: P0.24/U0.02/F0.00/H0/L0 | 提取质量: 🟢high | 留白率: 0% | 低质量率: 0%
2026-07-11 20:27:16 | INFO     | 
🔍 [正在处理] ANS_CO_533 | 启动 3WD 流水线...
2026-07-11 20:27:16 | INFO     | 📢 [总进度] 11/84 份试卷已归档。
2026-07-11 20:31:10 | INFO     | ✅ [批改完成] ANS_CO_533 | 路由: BND | 最终分: 14.74 | 风险: P0.00/U0.02/F0.00/H0/L0 | 提取质量: 🟢high | 留白率: 0% | 低质量率: 0%
2026-07-11 20:31:10 | INFO     | 
🔍 [正在处理] ANS_CO_539 | 启动 3WD 流水线...
2026-07-11 20:31:10 | INFO     | 📢 [总进度] 12/84 份试卷已归档。
2026-07-11 20:50:31 | INFO     | ✅ [批改完成] ANS_CO_528 | 路由: NEG | 最终分: 9.3 | 风险: P0.18/U0.17/F0.50/H0/L1 | 提取质量: 🟢high | 留白率: 0% | 低质量率: 0%
2026-07-11 20:50:31 | INFO     | 
🔍 [正在处理] ANS_CO_541 | 启动 3WD 流水线...
2026-07-11 20:50:31 | INFO     | 📢 [总进度] 13/84 份试卷已归档 [NEG-拒绝]。
2026-07-11 20:56:30 | INFO     | ✅ [批改完成] ANS_CO_539 | 路由: BND | 最终分: 19.44 | 风险: P0.00/U0.08/F0.00/H0/L0 | 提取质量: 🟢high | 留白率: 0% | 低质量率: 0%
2026-07-11 20:56:30 | INFO     | 
🔍 [正在处理] ANS_CO_542 | 启动 3WD 流水线...
2026-07-11 20:56:30 | INFO     | 📢 [总进度] 14/84 份试卷已归档。
2026-07-11 21:00:00 | INFO     | ✅ [批改完成] ANS_CO_542 | 路由: POS | 最终分: 20.0 | 风险: P0.00/U0.00/F0.00/H0/L0 | 提取质量: 🟢high | 留白率: 0% | 低质量率: 0%
2026-07-11 21:00:00 | INFO     | 
🔍 [正在处理] ANS_CO_543 | 启动 3WD 流水线...
2026-07-11 21:00:00 | INFO     | 📢 [总进度] 15/84 份试卷已归档。
2026-07-11 21:07:44 | INFO     | ✅ [批改完成] ANS_CO_541 | 路由: BND | 最终分: 13.74 | 风险: P0.00/U0.10/F0.00/H0/L0 | 提取质量: 🟢high | 留白率: 0% | 低质量率: 0%
2026-07-11 21:07:44 | INFO     | 
🔍 [正在处理] ANS_CO_544 | 启动 3WD 流水线...
2026-07-11 21:07:44 | INFO     | 📢 [总进度] 16/84 份试卷已归档。
2026-07-11 21:07:53 | INFO     | ✅ [批改完成] ANS_CO_543 | 路由: BND | 最终分: 18.44 | 风险: P0.00/U0.00/F0.10/H0/L0 | 提取质量: 🟢high | 留白率: 0% | 低质量率: 0%
2026-07-11 21:07:53 | INFO     | 
🔍 [正在处理] ANS_CO_546 | 启动 3WD 流水线...
2026-07-11 21:07:53 | INFO     | 📢 [总进度] 17/84 份试卷已归档。
2026-07-11 21:13:32 | INFO     | ✅ [批改完成] ANS_CO_544 | 路由: BND | 最终分: 17.44 | 风险: P0.00/U0.00/F0.00/H0/L0 | 提取质量: 🟢high | 留白率: 0% | 低质量率: 0%
2026-07-11 21:13:32 | INFO     | 
🔍 [正在处理] ANS_CO_547 | 启动 3WD 流水线...
2026-07-11 21:13:32 | INFO     | 📢 [总进度] 18/84 份试卷已归档。
2026-07-11 21:15:10 | INFO     | ✅ [批改完成] ANS_CO_546 | 路由: BND | 最终分: 16.94 | 风险: P0.00/U0.02/F0.00/H0/L0 | 提取质量: 🟢high | 留白率: 0% | 低质量率: 0%
2026-07-11 21:15:10 | INFO     | 
🔍 [正在处理] ANS_CO_550 | 启动 3WD 流水线...
2026-07-11 21:15:10 | INFO     | 📢 [总进度] 19/84 份试卷已归档。
2026-07-11 21:17:14 | INFO     | ✅ [批改完成] ANS_CO_547 | 路由: POS | 最终分: 17.93 | 风险: P0.03/U0.02/F0.00/H0/L0 | 提取质量: 🟢high | 留白率: 0% | 低质量率: 0%
2026-07-11 21:17:14 | INFO     | 
🔍 [正在处理] ANS_CO_551 | 启动 3WD 流水线...
2026-07-11 21:17:14 | INFO     | 📢 [总进度] 20/84 份试卷已归档。
2026-07-11 21:22:46 | INFO     | ✅ [批改完成] ANS_CO_551 | 路由: BND | 最终分: 3.3 | 风险: P0.40/U0.02/F0.00/H0/L0 | 提取质量: 🟡low | 留白率: 50% | 低质量率: 0%
2026-07-11 21:22:46 | INFO     | 
🔍 [正在处理] ANS_CO_554 | 启动 3WD 流水线...
2026-07-11 21:22:46 | INFO     | 📢 [总进度] 21/84 份试卷已归档。
2026-07-11 21:23:28 | INFO     | ✅ [批改完成] ANS_CO_550 | 路由: BND | 最终分: 7.3 | 风险: P0.00/U0.02/F0.30/H0/L1 | 提取质量: 🟢high | 留白率: 0% | 低质量率: 0%
2026-07-11 21:23:28 | INFO     | 
🔍 [正在处理] ANS_CO_555 | 启动 3WD 流水线...
2026-07-11 21:23:28 | INFO     | 📢 [总进度] 22/84 份试卷已归档。
2026-07-11 22:04:26 | INFO     | ✅ [批改完成] ANS_CO_554 | 路由: BND | 最终分: 20.0 | 风险: P0.00/U0.07/F0.00/H0/L0 | 提取质量: 🟢high | 留白率: 0% | 低质量率: 0%
2026-07-11 22:04:26 | INFO     | 
🔍 [正在处理] ANS_CO_557 | 启动 3WD 流水线...
2026-07-11 22:04:26 | INFO     | 📢 [总进度] 23/84 份试卷已归档。
2026-07-11 22:11:21 | INFO     | ✅ [批改完成] ANS_CO_557 | 路由: BND | 最终分: 12.84 | 风险: P0.00/U0.00/F0.30/H0/L1 | 提取质量: 🟢high | 留白率: 0% | 低质量率: 0%
2026-07-11 22:11:21 | INFO     | 
🔍 [正在处理] ANS_CO_558 | 启动 3WD 流水线...
2026-07-11 22:11:21 | INFO     | 📢 [总进度] 24/84 份试卷已归档。
2026-07-11 22:13:13 | INFO     | ✅ [批改完成] ANS_CO_555 | 路由: BND | 最终分: 16.24 | 风险: P0.00/U0.06/F0.20/H0/L0 | 提取质量: 🟢high | 留白率: 0% | 低质量率: 0%
2026-07-11 22:13:13 | INFO     | 
🔍 [正在处理] ANS_CO_559 | 启动 3WD 流水线...
2026-07-11 22:13:13 | INFO     | 📢 [总进度] 25/84 份试卷已归档。
2026-07-11 22:23:38 | INFO     | ✅ [批改完成] ANS_CO_558 | 路由: BND | 最终分: 15.64 | 风险: P0.00/U0.03/F0.00/H0/L0 | 提取质量: 🟢high | 留白率: 0% | 低质量率: 0%
2026-07-11 22:23:38 | INFO     | 
🔍 [正在处理] ANS_CO_560 | 启动 3WD 流水线...
2026-07-11 22:23:38 | INFO     | 📢 [总进度] 26/84 份试卷已归档。
2026-07-11 22:29:04 | INFO     | ✅ [批改完成] ANS_CO_560 | 路由: POS | 最终分: 17.93 | 风险: P0.00/U0.02/F0.00/H0/L0 | 提取质量: 🟢high | 留白率: 0% | 低质量率: 0%
2026-07-11 22:29:04 | INFO     | 
🔍 [正在处理] ANS_CO_561 | 启动 3WD 流水线...
2026-07-11 22:29:04 | INFO     | 📢 [总进度] 27/84 份试卷已归档。
2026-07-11 22:30:30 | INFO     | ✅ [批改完成] ANS_CO_559 | 路由: BND | 最终分: 14.64 | 风险: P0.00/U0.13/F0.30/H0/L0 | 提取质量: 🟢high | 留白率: 0% | 低质量率: 0%
2026-07-11 22:30:30 | INFO     | 
🔍 [正在处理] ANS_CO_562 | 启动 3WD 流水线...
2026-07-11 22:30:30 | INFO     | 📢 [总进度] 28/84 份试卷已归档。
2026-07-11 22:35:27 | INFO     | ✅ [批改完成] ANS_CO_562 | 路由: NEG | 最终分: 8.7 | 风险: P0.00/U0.17/F0.50/H0/L1 | 提取质量: 🟢high | 留白率: 0% | 低质量率: 0%
2026-07-11 22:35:27 | INFO     | 
🔍 [正在处理] ANS_CO_564 | 启动 3WD 流水线...
2026-07-11 22:35:27 | INFO     | 📢 [总进度] 29/84 份试卷已归档 [NEG-拒绝]。
2026-07-11 22:44:36 | INFO     | ✅ [批改完成] ANS_CO_561 | 路由: BND | 最终分: 19.14 | 风险: P0.00/U0.05/F0.00/H0/L0 | 提取质量: 🟢high | 留白率: 0% | 低质量率: 0%
2026-07-11 22:44:36 | INFO     | 
🔍 [正在处理] ANS_CO_565 | 启动 3WD 流水线...
2026-07-11 22:44:36 | INFO     | 📢 [总进度] 30/84 份试卷已归档。
2026-07-11 22:50:59 | INFO     | ✅ [批改完成] ANS_CO_564 | 路由: BND | 最终分: 17.74 | 风险: P0.00/U0.05/F0.10/H0/L0 | 提取质量: 🟢high | 留白率: 0% | 低质量率: 0%
2026-07-11 22:50:59 | INFO     | 
🔍 [正在处理] ANS_CO_567 | 启动 3WD 流水线...
2026-07-11 22:50:59 | INFO     | 📢 [总进度] 31/84 份试卷已归档。
2026-07-11 23:01:20 | INFO     | ✅ [批改完成] ANS_CO_567 | 路由: BND | 最终分: 17.44 | 风险: P0.00/U0.00/F0.00/H0/L0 | 提取质量: 🟢high | 留白率: 0% | 低质量率: 0%
2026-07-11 23:01:20 | INFO     | 
🔍 [正在处理] ANS_CO_569 | 启动 3WD 流水线...
2026-07-11 23:01:20 | INFO     | 📢 [总进度] 32/84 份试卷已归档。
2026-07-11 23:10:13 | INFO     | ✅ [批改完成] ANS_CO_565 | 路由: BND | 最终分: 17.74 | 风险: P0.03/U0.05/F0.00/H0/L0 | 提取质量: 🟢high | 留白率: 0% | 低质量率: 0%
2026-07-11 23:10:13 | INFO     | 
🔍 [正在处理] ANS_CO_570 | 启动 3WD 流水线...
2026-07-11 23:10:13 | INFO     | 📢 [总进度] 33/84 份试卷已归档。
2026-07-11 23:23:00 | INFO     | ✅ [批改完成] ANS_CO_570 | 路由: BND | 最终分: 15.44 | 风险: P0.00/U0.00/F0.00/H0/L0 | 提取质量: 🟢high | 留白率: 0% | 低质量率: 0%
2026-07-11 23:23:00 | INFO     | 
🔍 [正在处理] ANS_CO_571 | 启动 3WD 流水线...
2026-07-11 23:23:00 | INFO     | 📢 [总进度] 34/84 份试卷已归档。
2026-07-11 23:34:01 | INFO     | ✅ [批改完成] ANS_CO_571 | 路由: BND | 最终分: 16.94 | 风险: P0.15/U0.02/F0.00/H0/L0 | 提取质量: 🟢high | 留白率: 0% | 低质量率: 0%
2026-07-11 23:34:01 | INFO     | 
🔍 [正在处理] ANS_CO_572 | 启动 3WD 流水线...
2026-07-11 23:34:01 | INFO     | 📢 [总进度] 35/84 份试卷已归档。
2026-07-11 23:37:29 | INFO     | ✅ [批改完成] ANS_CO_569 | 路由: BND | 最终分: 17.74 | 风险: P0.00/U0.09/F0.10/H0/L0 | 提取质量: 🟢high | 留白率: 0% | 低质量率: 0%
2026-07-11 23:37:29 | INFO     | 
🔍 [正在处理] ANS_CO_573 | 启动 3WD 流水线...
2026-07-11 23:37:29 | INFO     | 📢 [总进度] 36/84 份试卷已归档。
2026-07-11 23:38:32 | INFO     | ✅ [批改完成] ANS_CO_572 | 路由: POS | 最终分: 18.73 | 风险: P0.00/U0.02/F0.00/H0/L0 | 提取质量: 🟢high | 留白率: 0% | 低质量率: 0%
2026-07-11 23:38:32 | INFO     | 
🔍 [正在处理] ANS_CO_575 | 启动 3WD 流水线...
2026-07-11 23:38:32 | INFO     | 📢 [总进度] 37/84 份试卷已归档。
2026-07-11 23:45:17 | INFO     | ✅ [批改完成] ANS_CO_575 | 路由: BND | 最终分: 7.7 | 风险: P0.00/U0.02/F0.30/H0/L1 | 提取质量: 🟢high | 留白率: 0% | 低质量率: 0%
2026-07-11 23:45:17 | INFO     | 
🔍 [正在处理] ANS_CO_578 | 启动 3WD 流水线...
2026-07-11 23:45:17 | INFO     | 📢 [总进度] 38/84 份试卷已归档。
2026-07-11 23:50:53 | INFO     | ✅ [批改完成] ANS_CO_573 | 路由: BND | 最终分: 16.14 | 风险: P0.00/U0.02/F0.10/H0/L0 | 提取质量: 🟢high | 留白率: 0% | 低质量率: 0%
2026-07-11 23:50:53 | INFO     | 
🔍 [正在处理] ANS_CO_579 | 启动 3WD 流水线...
2026-07-11 23:50:53 | INFO     | 📢 [总进度] 39/84 份试卷已归档。
2026-07-11 23:56:08 | INFO     | ✅ [批改完成] ANS_CO_578 | 路由: BND | 最终分: 18.74 | 风险: P0.15/U0.05/F0.00/H0/L0 | 提取质量: 🟢high | 留白率: 0% | 低质量率: 0%
2026-07-11 23:56:08 | INFO     | 
🔍 [正在处理] ANS_CO_580 | 启动 3WD 流水线...
2026-07-11 23:56:08 | INFO     | 📢 [总进度] 40/84 份试卷已归档。
2026-07-12 00:03:51 | INFO     | ✅ [批改完成] ANS_CO_580 | 路由: BND | 最终分: 14.34 | 风险: P0.03/U0.02/F0.10/H0/L1 | 提取质量: 🟢high | 留白率: 0% | 低质量率: 0%
2026-07-12 00:03:51 | INFO     | 
🔍 [正在处理] ANS_CO_582 | 启动 3WD 流水线...
2026-07-12 00:03:51 | INFO     | 📢 [总进度] 41/84 份试卷已归档。
2026-07-12 00:08:07 | INFO     | ✅ [批改完成] ANS_CO_579 | 路由: BND | 最终分: 16.14 | 风险: P0.00/U0.05/F0.30/H0/L0 | 提取质量: 🟢high | 留白率: 0% | 低质量率: 0%
2026-07-12 00:08:07 | INFO     | 
🔍 [正在处理] ANS_CO_583 | 启动 3WD 流水线...
2026-07-12 00:08:07 | INFO     | 📢 [总进度] 42/84 份试卷已归档。
2026-07-12 00:29:15 | INFO     | ✅ [批改完成] ANS_CO_583 | 路由: BND | 最终分: 16.74 | 风险: P0.00/U0.05/F0.00/H0/L0 | 提取质量: 🟢high | 留白率: 0% | 低质量率: 0%
2026-07-12 00:29:15 | INFO     | 
🔍 [正在处理] ANS_CO_584 | 启动 3WD 流水线...
2026-07-12 00:29:15 | INFO     | 📢 [总进度] 43/84 份试卷已归档。
2026-07-12 00:30:27 | INFO     | ✅ [批改完成] ANS_CO_582 | 路由: BND | 最终分: 17.54 | 风险: P0.00/U0.02/F0.20/H0/L0 | 提取质量: 🟢high | 留白率: 0% | 低质量率: 0%
2026-07-12 00:30:27 | INFO     | 
🔍 [正在处理] ANS_CO_585 | 启动 3WD 流水线...
2026-07-12 00:30:27 | INFO     | 📢 [总进度] 44/84 份试卷已归档。
2026-07-12 00:41:58 | INFO     | ✅ [批改完成] ANS_CO_584 | 路由: BND | 最终分: 14.14 | 风险: P0.12/U0.01/F0.00/H0/L1 | 提取质量: 🟢high | 留白率: 0% | 低质量率: 0%
2026-07-12 00:41:58 | INFO     | 
🔍 [正在处理] ANS_CO_586 | 启动 3WD 流水线...
2026-07-12 00:41:58 | INFO     | 📢 [总进度] 45/84 份试卷已归档。
2026-07-12 00:42:54 | INFO     | ✅ [批改完成] ANS_CO_585 | 路由: BND | 最终分: 11.14 | 风险: P0.15/U0.02/F0.50/H0/L1 | 提取质量: 🟢high | 留白率: 0% | 低质量率: 0%
2026-07-12 00:42:54 | INFO     | 
🔍 [正在处理] ANS_CO_589 | 启动 3WD 流水线...
2026-07-12 00:42:54 | INFO     | 📢 [总进度] 46/84 份试卷已归档。
2026-07-12 00:49:39 | INFO     | ✅ [批改完成] ANS_CO_586 | 路由: BND | 最终分: 15.14 | 风险: P0.00/U0.02/F0.00/H0/L0 | 提取质量: 🟢high | 留白率: 0% | 低质量率: 0%
2026-07-12 00:49:39 | INFO     | 
🔍 [正在处理] ANS_CO_590 | 启动 3WD 流水线...
2026-07-12 00:49:39 | INFO     | 📢 [总进度] 47/84 份试卷已归档。
2026-07-12 00:51:32 | INFO     | ✅ [批改完成] ANS_CO_589 | 路由: BND | 最终分: 7.0 | 风险: P0.40/U0.00/F0.00/H0/L0 | 提取质量: 🟡low | 留白率: 50% | 低质量率: 0%
2026-07-12 00:51:32 | INFO     | 
🔍 [正在处理] ANS_CO_592 | 启动 3WD 流水线...
2026-07-12 00:51:32 | INFO     | 📢 [总进度] 48/84 份试卷已归档。
2026-07-12 00:57:12 | INFO     | ✅ [批改完成] ANS_CO_590 | 路由: BND | 最终分: 19.44 | 风险: P0.15/U0.00/F0.10/H0/L0 | 提取质量: 🟢high | 留白率: 0% | 低质量率: 0%
2026-07-12 00:57:12 | INFO     | 
🔍 [正在处理] ANS_CO_594 | 启动 3WD 流水线...
2026-07-12 00:57:12 | INFO     | 📢 [总进度] 49/84 份试卷已归档。
2026-07-12 01:01:21 | INFO     | ✅ [批改完成] ANS_CO_592 | 路由: BND | 最终分: 14.94 | 风险: P0.15/U0.02/F0.00/H0/L0 | 提取质量: 🟢high | 留白率: 0% | 低质量率: 0%
2026-07-12 01:01:21 | INFO     | 
🔍 [正在处理] ANS_CO_595 | 启动 3WD 流水线...
2026-07-12 01:01:21 | INFO     | 📢 [总进度] 50/84 份试卷已归档。
2026-07-12 01:08:39 | INFO     | ✅ [批改完成] ANS_CO_594 | 路由: BND | 最终分: 18.14 | 风险: P0.00/U0.02/F0.10/H0/L0 | 提取质量: 🟢high | 留白率: 0% | 低质量率: 0%
2026-07-12 01:08:39 | INFO     | 
🔍 [正在处理] ANS_CO_596 | 启动 3WD 流水线...
2026-07-12 01:08:39 | INFO     | 📢 [总进度] 51/84 份试卷已归档。
2026-07-12 01:13:52 | INFO     | ✅ [批改完成] ANS_CO_596 | 路由: BND | 最终分: 8.7 | 风险: P0.00/U0.05/F0.30/H0/L1 | 提取质量: 🟢high | 留白率: 0% | 低质量率: 0%
2026-07-12 01:13:52 | INFO     | 
🔍 [正在处理] ANS_CO_598 | 启动 3WD 流水线...
2026-07-12 01:13:52 | INFO     | 📢 [总进度] 52/84 份试卷已归档。
2026-07-12 01:21:15 | INFO     | ✅ [批改完成] ANS_CO_598 | 路由: BND | 最终分: 11.64 | 风险: P0.00/U0.03/F0.10/H0/L1 | 提取质量: 🟢high | 留白率: 0% | 低质量率: 0%
2026-07-12 01:21:15 | INFO     | 
🔍 [正在处理] ANS_CO_599 | 启动 3WD 流水线...
2026-07-12 01:21:15 | INFO     | 📢 [总进度] 53/84 份试卷已归档。
2026-07-12 01:26:17 | INFO     | ✅ [批改完成] ANS_CO_599 | 路由: BND | 最终分: 13.74 | 风险: P0.00/U0.02/F0.40/H0/L0 | 提取质量: 🟢high | 留白率: 0% | 低质量率: 0%
2026-07-12 01:26:17 | INFO     | 
🔍 [正在处理] ANS_CO_601 | 启动 3WD 流水线...
2026-07-12 01:26:17 | INFO     | 📢 [总进度] 54/84 份试卷已归档。
2026-07-12 01:32:11 | INFO     | ✅ [批改完成] ANS_CO_601 | 路由: BND | 最终分: 2.0 | 风险: P0.30/U0.00/F0.50/H0/L1 | 提取质量: 🟢high | 留白率: 0% | 低质量率: 0%
2026-07-12 01:32:11 | INFO     | 
🔍 [正在处理] ANS_CO_602 | 启动 3WD 流水线...
2026-07-12 01:32:11 | INFO     | 📢 [总进度] 55/84 份试卷已归档。
2026-07-12 01:51:09 | INFO     | ✅ [批改完成] ANS_CO_602 | 路由: BND | 最终分: 18.74 | 风险: P0.00/U0.05/F0.00/H0/L0 | 提取质量: 🟢high | 留白率: 0% | 低质量率: 0%
2026-07-12 01:51:09 | INFO     | 
🔍 [正在处理] ANS_CO_603 | 启动 3WD 流水线...
2026-07-12 01:51:09 | INFO     | 📢 [总进度] 56/84 份试卷已归档。
2026-07-12 01:55:01 | INFO     | ✅ [批改完成] ANS_CO_595 | 路由: BND | 最终分: 15.44 | 风险: P0.00/U0.08/F0.30/H0/L0 | 提取质量: 🟢high | 留白率: 0% | 低质量率: 0%
2026-07-12 01:55:01 | INFO     | 
🔍 [正在处理] ANS_CO_605 | 启动 3WD 流水线...
2026-07-12 01:55:01 | INFO     | 📢 [总进度] 57/84 份试卷已归档。
2026-07-12 01:56:22 | INFO     | ✅ [批改完成] ANS_CO_603 | 路由: BND | 最终分: 15.64 | 风险: P0.00/U0.03/F0.00/H0/L0 | 提取质量: 🟢high | 留白率: 0% | 低质量率: 0%
2026-07-12 01:56:22 | INFO     | 
🔍 [正在处理] ANS_CO_607 | 启动 3WD 流水线...
2026-07-12 01:56:22 | INFO     | 📢 [总进度] 58/84 份试卷已归档。
2026-07-12 02:02:38 | INFO     | ✅ [批改完成] ANS_CO_605 | 路由: BND | 最终分: 11.14 | 风险: P0.03/U0.05/F0.10/H0/L1 | 提取质量: 🟢high | 留白率: 0% | 低质量率: 0%
2026-07-12 02:02:38 | INFO     | 
🔍 [正在处理] ANS_CO_609 | 启动 3WD 流水线...
2026-07-12 02:02:38 | INFO     | 📢 [总进度] 59/84 份试卷已归档。
2026-07-12 02:05:53 | INFO     | ✅ [批改完成] ANS_CO_609 | 路由: POS | 最终分: 20.0 | 风险: P0.03/U0.00/F0.00/H0/L0 | 提取质量: 🟢high | 留白率: 0% | 低质量率: 0%
2026-07-12 02:05:53 | INFO     | 
🔍 [正在处理] ANS_CO_610 | 启动 3WD 流水线...
2026-07-12 02:05:53 | INFO     | 📢 [总进度] 60/84 份试卷已归档。
2026-07-12 02:09:58 | INFO     | ✅ [批改完成] ANS_CO_610 | 路由: BND | 最终分: 14.94 | 风险: P0.15/U0.02/F0.10/H0/L0 | 提取质量: 🟢high | 留白率: 0% | 低质量率: 0%
2026-07-12 02:09:58 | INFO     | 
🔍 [正在处理] ANS_CO_612 | 启动 3WD 流水线...
2026-07-12 02:09:58 | INFO     | 📢 [总进度] 61/84 份试卷已归档。
2026-07-12 02:15:40 | INFO     | ✅ [批改完成] ANS_CO_607 | 路由: BND | 最终分: 18.44 | 风险: P0.00/U0.07/F0.00/H0/L0 | 提取质量: 🟢high | 留白率: 0% | 低质量率: 0%
2026-07-12 02:15:40 | INFO     | 
🔍 [正在处理] ANS_CO_613 | 启动 3WD 流水线...
2026-07-12 02:15:40 | INFO     | 📢 [总进度] 62/84 份试卷已归档。
2026-07-12 02:16:37 | INFO     | ✅ [批改完成] ANS_CO_613 | 路由: BND | 最终分: 0 | 风险: P0.80/U0.00/F0.00/H0/L0 | 提取质量: 🟡low | 留白率: 100% | 低质量率: 0%
2026-07-12 02:16:37 | INFO     | 
🔍 [正在处理] ANS_CO_614 | 启动 3WD 流水线...
2026-07-12 02:16:37 | INFO     | 📢 [总进度] 63/84 份试卷已归档。
2026-07-12 02:40:45 | INFO     | ✅ [批改完成] ANS_CO_614 | 路由: BND | 最终分: 15.44 | 风险: P0.15/U0.07/F0.00/H0/L0 | 提取质量: 🟢high | 留白率: 0% | 低质量率: 0%
2026-07-12 02:40:45 | INFO     | 
🔍 [正在处理] ANS_CO_615 | 启动 3WD 流水线...
2026-07-12 02:40:45 | INFO     | 📢 [总进度] 64/84 份试卷已归档。
2026-07-12 02:45:28 | INFO     | ✅ [批改完成] ANS_CO_615 | 路由: BND | 最终分: 7.7 | 风险: P0.00/U0.02/F0.30/H0/L1 | 提取质量: 🟢high | 留白率: 0% | 低质量率: 0%
2026-07-12 02:45:28 | INFO     | 
🔍 [正在处理] ANS_CO_617 | 启动 3WD 流水线...
2026-07-12 02:45:28 | INFO     | 📢 [总进度] 65/84 份试卷已归档。
2026-07-12 02:48:19 | INFO     | ✅ [批改完成] ANS_CO_617 | 路由: BND | 最终分: 14.84 | 风险: P0.27/U0.00/F0.00/H0/L1 | 提取质量: 🟢high | 留白率: 0% | 低质量率: 0%
2026-07-12 02:48:19 | INFO     | 
🔍 [正在处理] ANS_CO_619 | 启动 3WD 流水线...
2026-07-12 02:48:19 | INFO     | 📢 [总进度] 66/84 份试卷已归档。
2026-07-12 02:51:48 | INFO     | ✅ [批改完成] ANS_CO_619 | 路由: BND | 最终分: 3.0 | 风险: P0.40/U0.00/F0.00/H0/L0 | 提取质量: 🟡low | 留白率: 50% | 低质量率: 0%
2026-07-12 02:51:48 | INFO     | 
🔍 [正在处理] ANS_CO_621 | 启动 3WD 流水线...
2026-07-12 02:51:48 | INFO     | 📢 [总进度] 67/84 份试卷已归档。
2026-07-12 02:53:23 | INFO     | ✅ [批改完成] ANS_CO_612 | 路由: BND | 最终分: 18.44 | 风险: P0.15/U0.08/F0.00/H0/L0 | 提取质量: 🟢high | 留白率: 0% | 低质量率: 0%
2026-07-12 02:53:23 | INFO     | 
🔍 [正在处理] ANS_CO_623 | 启动 3WD 流水线...
2026-07-12 02:53:23 | INFO     | 📢 [总进度] 68/84 份试卷已归档。
2026-07-12 02:58:42 | INFO     | ✅ [批改完成] ANS_CO_623 | 路由: BND | 最终分: 14.14 | 风险: P0.15/U0.10/F0.00/H0/L0 | 提取质量: 🟢high | 留白率: 0% | 低质量率: 0%
2026-07-12 02:58:42 | INFO     | 
🔍 [正在处理] ANS_CO_626 | 启动 3WD 流水线...
2026-07-12 02:58:42 | INFO     | 📢 [总进度] 69/84 份试卷已归档。
2026-07-12 03:02:59 | INFO     | ✅ [批改完成] ANS_CO_621 | 路由: POS | 最终分: 20.0 | 风险: P0.00/U0.00/F0.00/H0/L0 | 提取质量: 🟢high | 留白率: 0% | 低质量率: 0%
2026-07-12 03:02:59 | INFO     | 
🔍 [正在处理] ANS_CO_627 | 启动 3WD 流水线...
2026-07-12 03:02:59 | INFO     | 📢 [总进度] 70/84 份试卷已归档。
2026-07-12 03:09:00 | INFO     | ✅ [批改完成] ANS_CO_626 | 路由: BND | 最终分: 13.44 | 风险: P0.15/U0.04/F0.10/H0/L0 | 提取质量: 🟢high | 留白率: 0% | 低质量率: 0%
2026-07-12 03:09:00 | INFO     | 
🔍 [正在处理] ANS_CO_628 | 启动 3WD 流水线...
2026-07-12 03:09:00 | INFO     | 📢 [总进度] 71/84 份试卷已归档。
2026-07-12 03:12:24 | INFO     | ✅ [批改完成] ANS_CO_628 | 路由: BND | 最终分: 16.74 | 风险: P0.15/U0.02/F0.00/H0/L0 | 提取质量: 🟢high | 留白率: 0% | 低质量率: 0%
2026-07-12 03:12:24 | INFO     | 
🔍 [正在处理] ANS_CO_629 | 启动 3WD 流水线...
2026-07-12 03:12:24 | INFO     | 📢 [总进度] 72/84 份试卷已归档。
2026-07-12 03:13:58 | INFO     | ✅ [批改完成] ANS_CO_627 | 路由: BND | 最终分: 5.3 | 风险: P0.40/U0.02/F0.20/H0/L0 | 提取质量: 🟡low | 留白率: 50% | 低质量率: 0%
2026-07-12 03:13:58 | INFO     | 
🔍 [正在处理] ANS_CO_630 | 启动 3WD 流水线...
2026-07-12 03:13:58 | INFO     | 📢 [总进度] 73/84 份试卷已归档。
2026-07-12 03:19:23 | INFO     | ✅ [批改完成] ANS_CO_630 | 路由: BND | 最终分: 15.44 | 风险: P0.00/U0.00/F0.30/H0/L0 | 提取质量: 🟢high | 留白率: 0% | 低质量率: 0%
2026-07-12 03:19:23 | INFO     | 
🔍 [正在处理] ANS_CO_631 | 启动 3WD 流水线...
2026-07-12 03:19:23 | INFO     | 📢 [总进度] 74/84 份试卷已归档。
2026-07-12 03:21:23 | INFO     | ✅ [批改完成] ANS_CO_629 | 路由: BND | 最终分: 15.14 | 风险: P0.00/U0.02/F0.20/H0/L0 | 提取质量: 🟢high | 留白率: 0% | 低质量率: 0%
2026-07-12 03:21:23 | INFO     | 
🔍 [正在处理] ANS_CO_633 | 启动 3WD 流水线...
2026-07-12 03:21:23 | INFO     | 📢 [总进度] 75/84 份试卷已归档。
2026-07-12 03:25:07 | INFO     | ✅ [批改完成] ANS_CO_633 | 路由: BND | 最终分: 14.14 | 风险: P0.00/U0.02/F0.20/H0/L0 | 提取质量: 🟢high | 留白率: 0% | 低质量率: 0%
2026-07-12 03:25:07 | INFO     | 
🔍 [正在处理] ANS_CO_634 | 启动 3WD 流水线...
2026-07-12 03:25:07 | INFO     | 📢 [总进度] 76/84 份试卷已归档。
2026-07-12 03:31:08 | INFO     | ✅ [批改完成] ANS_CO_634 | 路由: POS | 最终分: 20.0 | 风险: P0.00/U0.00/F0.00/H0/L0 | 提取质量: 🟢high | 留白率: 0% | 低质量率: 0%
2026-07-12 03:31:08 | INFO     | 
🔍 [正在处理] ANS_CO_635 | 启动 3WD 流水线...
2026-07-12 03:31:08 | INFO     | 📢 [总进度] 77/84 份试卷已归档。
2026-07-12 03:40:45 | INFO     | ✅ [批改完成] ANS_CO_631 | 路由: BND | 最终分: 15.44 | 风险: P0.00/U0.08/F0.20/H0/L0 | 提取质量: 🟢high | 留白率: 0% | 低质量率: 0%
2026-07-12 03:40:45 | INFO     | 
🔍 [正在处理] ANS_CO_636 | 启动 3WD 流水线...
2026-07-12 03:40:45 | INFO     | 📢 [总进度] 78/84 份试卷已归档。
2026-07-12 03:41:52 | INFO     | ✅ [批改完成] ANS_CO_635 | 路由: POS | 最终分: 19.93 | 风险: P0.00/U0.02/F0.00/H0/L0 | 提取质量: 🟢high | 留白率: 0% | 低质量率: 0%
2026-07-12 03:41:52 | INFO     | 
🔍 [正在处理] ANS_CO_637 | 启动 3WD 流水线...
2026-07-12 03:41:52 | INFO     | 📢 [总进度] 79/84 份试卷已归档。
2026-07-12 03:50:27 | INFO     | ✅ [批改完成] ANS_CO_636 | 路由: BND | 最终分: 14.74 | 风险: P0.15/U0.06/F0.00/H0/L0 | 提取质量: 🟢high | 留白率: 0% | 低质量率: 0%
2026-07-12 03:50:27 | INFO     | 
🔍 [正在处理] ANS_CO_638 | 启动 3WD 流水线...
2026-07-12 03:50:27 | INFO     | 📢 [总进度] 80/84 份试卷已归档。
2026-07-12 03:52:23 | INFO     | ✅ [批改完成] ANS_CO_637 | 路由: POS | 最终分: 20.0 | 风险: P0.00/U0.04/F0.00/H0/L0 | 提取质量: 🟢high | 留白率: 0% | 低质量率: 0%
2026-07-12 03:52:23 | INFO     | 
🔍 [正在处理] ANS_CO_641 | 启动 3WD 流水线...
2026-07-12 03:52:23 | INFO     | 📢 [总进度] 81/84 份试卷已归档。
2026-07-12 03:53:04 | INFO     | ✅ [批改完成] ANS_CO_638 | 路由: POS | 最终分: 20.0 | 风险: P0.00/U0.00/F0.00/H0/L0 | 提取质量: 🟢high | 留白率: 0% | 低质量率: 0%
2026-07-12 03:53:04 | INFO     | 
🔍 [正在处理] ANS_CO_642 | 启动 3WD 流水线...
2026-07-12 03:53:04 | INFO     | 📢 [总进度] 82/84 份试卷已归档。
2026-07-12 03:57:55 | INFO     | ✅ [批改完成] ANS_CO_641 | 路由: BND | 最终分: 15.14 | 风险: P0.00/U0.04/F0.00/H0/L0 | 提取质量: 🟢high | 留白率: 0% | 低质量率: 0%
2026-07-12 03:57:55 | INFO     | 📢 [总进度] 83/84 份试卷已归档。
2026-07-12 04:14:59 | INFO     | ✅ [批改完成] ANS_CO_642 | 路由: BND | 最终分: 14.54 | 风险: P0.15/U0.02/F0.00/H0/L1 | 提取质量: 🟢high | 留白率: 0% | 低质量率: 0%
2026-07-12 04:14:59 | INFO     | 📢 [总进度] 84/84 份试卷已归档。
2026-07-12 04:14:59 | INFO     | 🗂️ 所有线程交卷完毕，正在整理数据... (共收集 84/84 份结果)
2026-07-12 04:15:00 | INFO     | 💾 正常批改结果已保存: D:\users\王鑫020420\Desktop\refgrader-main\results_runs\csbench_co1_co2_full\CO_2_graded_results.json (82 人)
2026-07-12 04:15:00 | INFO     | 🛑 拒绝域结果已单独保存: D:\users\王鑫020420\Desktop\refgrader-main\results_runs\csbench_co1_co2_full\CO_2_rejected.json (2 人)
2026-07-12 04:15:00 | INFO     | [result consistency] CO_2: checkpoint=84, graded=82, rejected=2, failed=0, expected=84
2026-07-12 04:15:00 | INFO     | 
🏆 任务完成！
