2026-07-18 11:42:59 | INFO     | ==================================================
2026-07-18 11:42:59 | INFO     | 📂 正在加载试卷数据库...
2026-07-18 11:42:59 | INFO     |    运行模式: FULL
2026-07-18 11:42:59 | INFO     |    题目范围: ['CO_4']
2026-07-18 11:42:59 | INFO     |    文本模型: glm5 -> glm-5.1
2026-07-18 11:42:59 | INFO     |    提取后端: csbench_hybrid
2026-07-18 11:42:59 | INFO     |    题库文件: D:\users\王鑫020420\Desktop\refgrader-main\data\csbench\exam_database.json
2026-07-18 11:42:59 | INFO     |    教师分文件: D:\users\王鑫020420\Desktop\refgrader-main\data\csbench\teacher_scores.json
2026-07-18 11:42:59 | INFO     |    答案元数据: D:\users\王鑫020420\Desktop\refgrader-main\data\csbench\answer_metadata.jsonl
2026-07-18 11:42:59 | INFO     |    并发数:   2
2026-07-18 11:42:59 | INFO     |    结果目录: D:\users\王鑫020420\Desktop\refgrader-main\results_runs\csbench_co4_full\runs\20260718_114257
2026-07-18 11:42:59 | INFO     |    Rubric目录: D:\users\王鑫020420\Desktop\refgrader-main\data\csbench\rubrics\optimized
2026-07-18 11:42:59 | INFO     |    初始Rubric目录: D:\users\王鑫020420\Desktop\refgrader-main\data\csbench\rubrics\initial
2026-07-18 11:42:59 | INFO     |    允许回退初始Rubric: False
2026-07-18 11:42:59 | INFO     |    进度文件: D:\users\王鑫020420\Desktop\refgrader-main\results_runs\csbench_co4_full\runs\20260718_114257\progress.json
2026-07-18 11:42:59 | INFO     |    日志文件: logs\experiment_20260718_114257.log
2026-07-18 11:42:59 | INFO     | 🚀 当前处于【精准批改模式】
2026-07-18 11:42:59 | INFO     | 
🚀 [标准模式] 开始处理: CO_4
2026-07-18 11:42:59 | INFO     | ⚡ 已加载本地标准: D:\users\王鑫020420\Desktop\refgrader-main\data\csbench\rubrics\optimized\CO\CO_4_rubric_standard.json
2026-07-18 11:42:59 | INFO     | [metadata] loaded 3326 answer records from D:\users\王鑫020420\Desktop\refgrader-main\data\csbench\answer_metadata.jsonl
2026-07-18 11:42:59 | INFO     | [PaddleOCR] preparing 21/68 visual-answer cache entries...
2026-07-18 11:43:03 | INFO     | [1/1] cache hit: ANS_CO_656.jpg
summary: completed=0, skipped=1, failed=0
2026-07-18 11:43:07 | INFO     | [1/1] cache hit: ANS_CO_659.jpg
summary: completed=0, skipped=1, failed=0
2026-07-18 11:43:11 | INFO     | [1/1] cache hit: ANS_CO_668.jpg
summary: completed=0, skipped=1, failed=0
2026-07-18 11:43:14 | INFO     | [1/1] cache hit: ANS_CO_670.jpg
summary: completed=0, skipped=1, failed=0
2026-07-18 11:43:18 | INFO     | [1/1] cache hit: ANS_CO_675.jpg
summary: completed=0, skipped=1, failed=0
2026-07-18 11:43:22 | INFO     | [1/1] cache hit: ANS_CO_678.jpg
summary: completed=0, skipped=1, failed=0
2026-07-18 11:43:25 | INFO     | [1/1] cache hit: ANS_CO_681.jpg
summary: completed=0, skipped=1, failed=0
2026-07-18 11:43:29 | INFO     | [1/1] cache hit: ANS_CO_683.jpg
summary: completed=0, skipped=1, failed=0
2026-07-18 11:43:33 | INFO     | [1/1] cache hit: ANS_CO_689.jpg
summary: completed=0, skipped=1, failed=0
2026-07-18 11:43:36 | INFO     | [1/1] cache hit: ANS_CO_692.jpg
summary: completed=0, skipped=1, failed=0
2026-07-18 11:43:40 | INFO     | [1/1] cache hit: ANS_CO_703.png
summary: completed=0, skipped=1, failed=0
2026-07-18 11:43:44 | INFO     | [1/1] cache hit: ANS_CO_709.png
summary: completed=0, skipped=1, failed=0
2026-07-18 11:43:47 | INFO     | [1/1] cache hit: ANS_CO_715.png
summary: completed=0, skipped=1, failed=0
2026-07-18 11:43:51 | INFO     | [1/1] cache hit: ANS_CO_720.png
summary: completed=0, skipped=1, failed=0
2026-07-18 11:43:55 | INFO     | [1/1] cache hit: ANS_CO_725.png
summary: completed=0, skipped=1, failed=0
2026-07-18 11:43:58 | INFO     | [1/1] cache hit: ANS_CO_730.png
summary: completed=0, skipped=1, failed=0
2026-07-18 11:44:02 | INFO     | [1/1] cache hit: ANS_CO_738.png
summary: completed=0, skipped=1, failed=0
2026-07-18 11:44:05 | INFO     | [1/1] cache hit: ANS_CO_741.png
summary: completed=0, skipped=1, failed=0
2026-07-18 11:44:09 | INFO     | [1/1] cache hit: ANS_CO_752.png
summary: completed=0, skipped=1, failed=0
2026-07-18 11:44:13 | INFO     | [1/1] cache hit: ANS_CO_754.png
summary: completed=0, skipped=1, failed=0
2026-07-18 11:44:16 | INFO     | [1/1] cache hit: ANS_CO_759.png
summary: completed=0, skipped=1, failed=0
2026-07-18 11:44:43 | INFO     | ⚡ 脱敏清单已预生成，68 名学生共享复用。
2026-07-18 11:44:43 | INFO     | 🏃 开始批改 68 张试卷 (⚡ 开启多线程模式)...
2026-07-18 11:44:43 | INFO     | ⏳ [主线程] 已提交 68 个任务，等待结果回收...
2026-07-18 11:44:43 | INFO     | 📦 成功加载教师真实成绩单数据库！共包含 3326 名考生的数据。
2026-07-18 11:44:43 | INFO     | 📦 成功加载教师真实成绩单数据库！共包含 3326 名考生的数据。
2026-07-18 11:44:43 | INFO     | 
🔍 [正在处理] ANS_CO_646 | 启动 3WD 流水线...
2026-07-18 11:44:43 | INFO     | 
🔍 [正在处理] ANS_CO_645 | 启动 3WD 流水线...
2026-07-18 11:48:46 | INFO     | ✅ [批改完成] ANS_CO_646 | 路由: POS | 最终分: 4.0 | 风险: P0.60/U0.00/F0.10/H0/L0 | 提取质量: 🟡low | 留白率: 67% | 低质量率: 0%
2026-07-18 11:48:46 | INFO     | 
🔍 [正在处理] ANS_CO_651 | 启动 3WD 流水线...
2026-07-18 11:48:46 | INFO     | 📢 [总进度] 1/68 份试卷已归档。
2026-07-18 11:52:04 | INFO     | ✅ [批改完成] ANS_CO_645 | 路由: BND | 最终分: 7.3 | 风险: P0.27/U0.02/F0.00/H0/L1 | 提取质量: 🟢high | 留白率: 33% | 低质量率: 0%
2026-07-18 11:52:04 | INFO     | 
🔍 [正在处理] ANS_CO_652 | 启动 3WD 流水线...
2026-07-18 11:52:04 | INFO     | 📢 [总进度] 2/68 份试卷已归档。
2026-07-18 11:53:39 | INFO     | ✅ [批改完成] ANS_CO_651 | 路由: BND | 最终分: 20.0 | 风险: P0.07/U0.03/F0.00/H0/L0 | 提取质量: 🟢high | 留白率: 0% | 低质量率: 0%
2026-07-18 11:53:39 | INFO     | 
🔍 [正在处理] ANS_CO_653 | 启动 3WD 流水线...
2026-07-18 11:53:39 | INFO     | 📢 [总进度] 3/68 份试卷已归档。
2026-07-18 11:55:05 | INFO     | ✅ [批改完成] ANS_CO_652 | 路由: POS | 最终分: 19.0 | 风险: P0.07/U0.00/F0.00/H0/L0 | 提取质量: 🟢high | 留白率: 0% | 低质量率: 0%
2026-07-18 11:55:05 | INFO     | 
🔍 [正在处理] ANS_CO_656 | 启动 3WD 流水线...
2026-07-18 11:55:05 | INFO     | 📢 [总进度] 4/68 份试卷已归档。
2026-07-18 11:58:47 | INFO     | ✅ [批改完成] ANS_CO_653 | 路由: BND | 最终分: 11.0 | 风险: P0.30/U0.04/F0.00/H0/L1 | 提取质量: 🟢high | 留白率: 33% | 低质量率: 0%
2026-07-18 11:58:47 | INFO     | 
🔍 [正在处理] ANS_CO_659 | 启动 3WD 流水线...
2026-07-18 11:58:47 | INFO     | 📢 [总进度] 5/68 份试卷已归档。
2026-07-18 12:01:11 | INFO     | ✅ [批改完成] ANS_CO_656 | 路由: BND | 最终分: 10.7 | 风险: P0.00/U0.02/F0.10/H0/L1 | 提取质量: 🟢high | 留白率: 0% | 低质量率: 0%
2026-07-18 12:01:11 | INFO     | 
🔍 [正在处理] ANS_CO_660 | 启动 3WD 流水线...
2026-07-18 12:01:11 | INFO     | 📢 [总进度] 6/68 份试卷已归档。
2026-07-18 12:05:36 | INFO     | ✅ [批改完成] ANS_CO_659 | 路由: POS | 最终分: 17.8 | 风险: P0.03/U0.01/F0.00/H0/L0 | 提取质量: 🟢high | 留白率: 0% | 低质量率: 0%
2026-07-18 12:05:36 | INFO     | 
🔍 [正在处理] ANS_CO_661 | 启动 3WD 流水线...
2026-07-18 12:05:36 | INFO     | 📢 [总进度] 7/68 份试卷已归档。
2026-07-18 12:09:46 | INFO     | ✅ [批改完成] ANS_CO_661 | 路由: POS | 最终分: 16.0 | 风险: P0.16/U0.00/F0.10/H0/L0 | 提取质量: 🟢high | 留白率: 11% | 低质量率: 0%
2026-07-18 12:09:46 | INFO     | 
🔍 [正在处理] ANS_CO_662 | 启动 3WD 流水线...
2026-07-18 12:09:46 | INFO     | 📢 [总进度] 8/68 份试卷已归档。
2026-07-18 12:11:47 | INFO     | ✅ [批改完成] ANS_CO_660 | 路由: BND | 最终分: 13.7 | 风险: P0.07/U0.05/F0.12/H0/L0 | 提取质量: 🟢high | 留白率: 0% | 低质量率: 0%
2026-07-18 12:11:47 | INFO     | 
🔍 [正在处理] ANS_CO_663 | 启动 3WD 流水线...
2026-07-18 12:11:47 | INFO     | 📢 [总进度] 9/68 份试卷已归档。
2026-07-18 12:15:18 | INFO     | ✅ [批改完成] ANS_CO_662 | 路由: POS | 最终分: 18.5 | 风险: P0.07/U0.00/F0.00/H0/L0 | 提取质量: 🟢high | 留白率: 0% | 低质量率: 0%
2026-07-18 12:15:18 | INFO     | 
🔍 [正在处理] ANS_CO_664 | 启动 3WD 流水线...
2026-07-18 12:15:18 | INFO     | 📢 [总进度] 10/68 份试卷已归档。
2026-07-18 12:19:21 | INFO     | ✅ [批改完成] ANS_CO_663 | 路由: BND | 最终分: 13.0 | 风险: P0.07/U0.04/F0.10/H0/L0 | 提取质量: 🟢high | 留白率: 0% | 低质量率: 0%
2026-07-18 12:19:21 | INFO     | 
🔍 [正在处理] ANS_CO_665 | 启动 3WD 流水线...
2026-07-18 12:19:21 | INFO     | 📢 [总进度] 11/68 份试卷已归档。
2026-07-18 12:32:10 | INFO     | ✅ [批改完成] ANS_CO_664 | 路由: BND | 最终分: 12.1 | 风险: P0.03/U0.14/F0.23/H0/L1 | 提取质量: 🟢high | 留白率: 0% | 低质量率: 0%
2026-07-18 12:32:10 | INFO     | 
🔍 [正在处理] ANS_CO_666 | 启动 3WD 流水线...
2026-07-18 12:32:10 | INFO     | 📢 [总进度] 12/68 份试卷已归档。
2026-07-18 12:49:17 | INFO     | ✅ [批改完成] ANS_CO_665 | 路由: BND | 最终分: 5.0 | 风险: P0.07/U0.14/F0.80/H0/L1 | 提取质量: 🟢high | 留白率: 0% | 低质量率: 0%
2026-07-18 12:49:17 | INFO     | 
🔍 [正在处理] ANS_CO_667 | 启动 3WD 流水线...
2026-07-18 12:49:17 | INFO     | 📢 [总进度] 13/68 份试卷已归档。
2026-07-18 12:52:57 | INFO     | ✅ [批改完成] ANS_CO_667 | 路由: BND | 最终分: 12.3 | 风险: P0.00/U0.05/F0.25/H0/L0 | 提取质量: 🟢high | 留白率: 0% | 低质量率: 0%
2026-07-18 12:52:57 | INFO     | 
🔍 [正在处理] ANS_CO_668 | 启动 3WD 流水线...
2026-07-18 12:52:57 | INFO     | 📢 [总进度] 14/68 份试卷已归档。
2026-07-18 12:55:25 | INFO     | ✅ [批改完成] ANS_CO_668 | 路由: BND | 最终分: 19.7 | 风险: P0.00/U0.02/F0.00/H0/L0 | 提取质量: 🟢high | 留白率: 0% | 低质量率: 0%
2026-07-18 12:55:25 | INFO     | 
🔍 [正在处理] ANS_CO_670 | 启动 3WD 流水线...
2026-07-18 12:55:25 | INFO     | 📢 [总进度] 15/68 份试卷已归档。
2026-07-18 13:10:07 | INFO     | ✅ [批改完成] ANS_CO_670 | 路由: POS | 最终分: 18.2 | 风险: P0.07/U0.01/F0.00/H0/L0 | 提取质量: 🟢high | 留白率: 0% | 低质量率: 0%
2026-07-18 13:10:07 | INFO     | 
🔍 [正在处理] ANS_CO_672 | 启动 3WD 流水线...
2026-07-18 13:10:07 | INFO     | 📢 [总进度] 16/68 份试卷已归档。
2026-07-18 13:19:45 | INFO     | ✅ [批改完成] ANS_CO_672 | 路由: POS | 最终分: 19.0 | 风险: P0.07/U0.00/F0.00/H0/L0 | 提取质量: 🟢high | 留白率: 0% | 低质量率: 0%
2026-07-18 13:19:45 | INFO     | 
🔍 [正在处理] ANS_CO_673 | 启动 3WD 流水线...
2026-07-18 13:19:45 | INFO     | 📢 [总进度] 17/68 份试卷已归档。
2026-07-18 13:21:38 | INFO     | ✅ [批改完成] ANS_CO_673 | 路由: POS | 最终分: 20.0 | 风险: P0.03/U0.01/F0.00/H0/L0 | 提取质量: 🟢high | 留白率: 0% | 低质量率: 0%
2026-07-18 13:21:38 | INFO     | 
🔍 [正在处理] ANS_CO_674 | 启动 3WD 流水线...
2026-07-18 13:21:38 | INFO     | 📢 [总进度] 18/68 份试卷已归档。
2026-07-18 13:40:09 | INFO     | ✅ [批改完成] ANS_CO_674 | 路由: BND | 最终分: 8.2 | 风险: P0.12/U0.06/F0.12/H0/L1 | 提取质量: 🟢high | 留白率: 11% | 低质量率: 0%
2026-07-18 13:40:09 | INFO     | 
🔍 [正在处理] ANS_CO_675 | 启动 3WD 流水线...
2026-07-18 13:40:09 | INFO     | 📢 [总进度] 19/68 份试卷已归档。
2026-07-18 13:45:20 | INFO     | ✅ [批改完成] ANS_CO_675 | 路由: POS | 最终分: 18.8 | 风险: P0.03/U0.01/F0.00/H0/L0 | 提取质量: 🟢high | 留白率: 0% | 低质量率: 0%
2026-07-18 13:45:20 | INFO     | 
🔍 [正在处理] ANS_CO_678 | 启动 3WD 流水线...
2026-07-18 13:45:20 | INFO     | 📢 [总进度] 20/68 份试卷已归档。
2026-07-18 13:48:43 | INFO     | ✅ [批改完成] ANS_CO_666 | 路由: BND | 最终分: 7.65 | 风险: P0.22/U0.04/F0.25/H0/L1 | 提取质量: 🟢high | 留白率: 11% | 低质量率: 0%
2026-07-18 13:48:43 | INFO     | 
🔍 [正在处理] ANS_CO_679 | 启动 3WD 流水线...
2026-07-18 13:48:43 | INFO     | 📢 [总进度] 21/68 份试卷已归档。
2026-07-18 13:51:55 | INFO     | ✅ [批改完成] ANS_CO_678 | 路由: POS | 最终分: 10.0 | 风险: P0.07/U0.00/F0.50/H0/L1 | 提取质量: 🟢high | 留白率: 0% | 低质量率: 0%
2026-07-18 13:51:55 | INFO     | 
🔍 [正在处理] ANS_CO_681 | 启动 3WD 流水线...
2026-07-18 13:51:55 | INFO     | 📢 [总进度] 22/68 份试卷已归档。
2026-07-18 13:54:57 | INFO     | ✅ [批改完成] ANS_CO_681 | 路由: POS | 最终分: 19.0 | 风险: P0.00/U0.00/F0.00/H0/L0 | 提取质量: 🟢high | 留白率: 0% | 低质量率: 0%
2026-07-18 13:54:57 | INFO     | 
🔍 [正在处理] ANS_CO_683 | 启动 3WD 流水线...
2026-07-18 13:54:57 | INFO     | 📢 [总进度] 23/68 份试卷已归档。
2026-07-18 14:02:48 | INFO     | ✅ [批改完成] ANS_CO_679 | 路由: BND | 最终分: 16.3 | 风险: P0.07/U0.08/F0.12/H0/L0 | 提取质量: 🟢high | 留白率: 0% | 低质量率: 0%
2026-07-18 14:02:48 | INFO     | 
🔍 [正在处理] ANS_CO_685 | 启动 3WD 流水线...
2026-07-18 14:02:48 | INFO     | 📢 [总进度] 24/68 份试卷已归档。
2026-07-18 14:03:10 | INFO     | ✅ [批改完成] ANS_CO_683 | 路由: BND | 最终分: 14.0 | 风险: P0.07/U0.02/F0.12/H0/L0 | 提取质量: 🟢high | 留白率: 0% | 低质量率: 0%
2026-07-18 14:03:10 | INFO     | 
🔍 [正在处理] ANS_CO_688 | 启动 3WD 流水线...
2026-07-18 14:03:10 | INFO     | 📢 [总进度] 25/68 份试卷已归档。
2026-07-18 14:08:55 | INFO     | ✅ [批改完成] ANS_CO_685 | 路由: POS | 最终分: 3.3 | 风险: P0.30/U0.01/F0.30/H0/L1 | 提取质量: 🟢high | 留白率: 33% | 低质量率: 0%
2026-07-18 14:08:55 | INFO     | 
🔍 [正在处理] ANS_CO_689 | 启动 3WD 流水线...
2026-07-18 14:08:55 | INFO     | 📢 [总进度] 26/68 份试卷已归档。
2026-07-18 14:16:29 | INFO     | ✅ [批改完成] ANS_CO_689 | 路由: POS | 最终分: 20.0 | 风险: P0.07/U0.00/F0.00/H0/L0 | 提取质量: 🟢high | 留白率: 0% | 低质量率: 0%
2026-07-18 14:16:29 | INFO     | 
🔍 [正在处理] ANS_CO_692 | 启动 3WD 流水线...
2026-07-18 14:16:29 | INFO     | 📢 [总进度] 27/68 份试卷已归档。
2026-07-18 14:20:20 | INFO     | ✅ [批改完成] ANS_CO_692 | 路由: POS | 最终分: 19.0 | 风险: P0.07/U0.00/F0.00/H0/L0 | 提取质量: 🟢high | 留白率: 0% | 低质量率: 0%
2026-07-18 14:20:20 | INFO     | 
🔍 [正在处理] ANS_CO_695 | 启动 3WD 流水线...
2026-07-18 14:20:20 | INFO     | 📢 [总进度] 28/68 份试卷已归档。
2026-07-18 14:28:42 | INFO     | ✅ [批改完成] ANS_CO_688 | 路由: BND | 最终分: 4.95 | 风险: P0.27/U0.03/F0.12/H0/L1 | 提取质量: 🟢high | 留白率: 33% | 低质量率: 0%
2026-07-18 14:28:42 | INFO     | 
🔍 [正在处理] ANS_CO_697 | 启动 3WD 流水线...
2026-07-18 14:28:42 | INFO     | 📢 [总进度] 29/68 份试卷已归档。
2026-07-18 14:30:11 | INFO     | ✅ [批改完成] ANS_CO_695 | 路由: POS | 最终分: 14.2 | 风险: P0.16/U0.01/F0.00/H0/L0 | 提取质量: 🟢high | 留白率: 11% | 低质量率: 0%
2026-07-18 14:30:11 | INFO     | 
🔍 [正在处理] ANS_CO_698 | 启动 3WD 流水线...
2026-07-18 14:30:11 | INFO     | 📢 [总进度] 30/68 份试卷已归档。
2026-07-18 14:36:58 | INFO     | ✅ [批改完成] ANS_CO_698 | 路由: BND | 最终分: 8.8 | 风险: P0.39/U0.07/F0.10/H0/L0 | 提取质量: 🟢high | 留白率: 44% | 低质量率: 0%
2026-07-18 14:36:58 | INFO     | 
🔍 [正在处理] ANS_CO_699 | 启动 3WD 流水线...
2026-07-18 14:36:58 | INFO     | 📢 [总进度] 31/68 份试卷已归档。
2026-07-18 14:38:01 | INFO     | ✅ [批改完成] ANS_CO_699 | 路由: POS | 最终分: 0 | 风险: P0.80/U0.00/F0.00/H0/L0 | 提取质量: 🟡low | 留白率: 100% | 低质量率: 0%
2026-07-18 14:38:01 | INFO     | 
🔍 [正在处理] ANS_CO_700 | 启动 3WD 流水线...
2026-07-18 14:38:01 | INFO     | 📢 [总进度] 32/68 份试卷已归档。
2026-07-18 14:39:29 | INFO     | ✅ [批改完成] ANS_CO_697 | 路由: BND | 最终分: 14.2 | 风险: P0.07/U0.04/F0.10/H0/L0 | 提取质量: 🟢high | 留白率: 0% | 低质量率: 0%
2026-07-18 14:39:29 | INFO     | 
🔍 [正在处理] ANS_CO_703 | 启动 3WD 流水线...
2026-07-18 14:39:29 | INFO     | 📢 [总进度] 33/68 份试卷已归档。
2026-07-18 14:43:35 | INFO     | ✅ [批改完成] ANS_CO_703 | 路由: POS | 最终分: 9.3 | 风险: P0.07/U0.01/F0.12/H0/L1 | 提取质量: 🟢high | 留白率: 0% | 低质量率: 0%
2026-07-18 14:43:35 | INFO     | 
🔍 [正在处理] ANS_CO_704 | 启动 3WD 流水线...
2026-07-18 14:43:35 | INFO     | 📢 [总进度] 34/68 份试卷已归档。
2026-07-18 14:43:51 | INFO     | ✅ [批改完成] ANS_CO_700 | 路由: BND | 最终分: 13.5 | 风险: P0.00/U0.07/F0.12/H0/L0 | 提取质量: 🟢high | 留白率: 0% | 低质量率: 0%
2026-07-18 14:43:51 | INFO     | 
🔍 [正在处理] ANS_CO_708 | 启动 3WD 流水线...
2026-07-18 14:43:51 | INFO     | 📢 [总进度] 35/68 份试卷已归档。
2026-07-18 14:44:23 | INFO     | ✅ [批改完成] ANS_CO_704 | 路由: POS | 最终分: 2.5 | 风险: P0.62/U0.00/F0.12/H0/L0 | 提取质量: 🟡low | 留白率: 78% | 低质量率: 0%
2026-07-18 14:44:23 | INFO     | 
🔍 [正在处理] ANS_CO_709 | 启动 3WD 流水线...
2026-07-18 14:44:23 | INFO     | 📢 [总进度] 36/68 份试卷已归档。
2026-07-18 14:45:20 | INFO     | ✅ [批改完成] ANS_CO_708 | 路由: POS | 最终分: 13.0 | 风险: P0.30/U0.00/F0.00/H0/L0 | 提取质量: 🟢high | 留白率: 33% | 低质量率: 0%
2026-07-18 14:45:20 | INFO     | 
🔍 [正在处理] ANS_CO_714 | 启动 3WD 流水线...
2026-07-18 14:45:20 | INFO     | 📢 [总进度] 37/68 份试卷已归档。
2026-07-18 14:46:52 | INFO     | ✅ [批改完成] ANS_CO_709 | 路由: POS | 最终分: 18.0 | 风险: P0.03/U0.00/F0.00/H0/L0 | 提取质量: 🟢high | 留白率: 0% | 低质量率: 0%
2026-07-18 14:46:52 | INFO     | 
🔍 [正在处理] ANS_CO_715 | 启动 3WD 流水线...
2026-07-18 14:46:52 | INFO     | 📢 [总进度] 38/68 份试卷已归档。
2026-07-18 14:51:48 | INFO     | ✅ [批改完成] ANS_CO_714 | 路由: BND | 最终分: 15.5 | 风险: P0.07/U0.08/F0.12/H0/L0 | 提取质量: 🟢high | 留白率: 0% | 低质量率: 0%
2026-07-18 14:51:48 | INFO     | 
🔍 [正在处理] ANS_CO_717 | 启动 3WD 流水线...
2026-07-18 14:51:48 | INFO     | 📢 [总进度] 39/68 份试卷已归档。
2026-07-18 14:51:48 | INFO     | ✅ [批改完成] ANS_CO_715 | 路由: POS | 最终分: 19.0 | 风险: P0.07/U0.00/F0.00/H0/L0 | 提取质量: 🟢high | 留白率: 0% | 低质量率: 0%
2026-07-18 14:51:48 | INFO     | 
🔍 [正在处理] ANS_CO_719 | 启动 3WD 流水线...
2026-07-18 14:51:48 | INFO     | 📢 [总进度] 40/68 份试卷已归档。
2026-07-18 14:55:56 | INFO     | ✅ [批改完成] ANS_CO_719 | 路由: BND | 最终分: 10.55 | 风险: P0.03/U0.02/F0.12/H0/L1 | 提取质量: 🟢high | 留白率: 0% | 低质量率: 0%
2026-07-18 14:55:56 | INFO     | 
🔍 [正在处理] ANS_CO_720 | 启动 3WD 流水线...
2026-07-18 14:55:56 | INFO     | 📢 [总进度] 41/68 份试卷已归档。
2026-07-18 15:00:22 | INFO     | ✅ [批改完成] ANS_CO_720 | 路由: BND | 最终分: 19.3 | 风险: P0.00/U0.05/F0.00/H0/L0 | 提取质量: 🟢high | 留白率: 0% | 低质量率: 0%
2026-07-18 15:00:22 | INFO     | 
🔍 [正在处理] ANS_CO_721 | 启动 3WD 流水线...
2026-07-18 15:00:22 | INFO     | 📢 [总进度] 42/68 份试卷已归档。
2026-07-18 15:03:03 | INFO     | ✅ [批改完成] ANS_CO_721 | 路由: POS | 最终分: 15.8 | 风险: P0.12/U0.01/F0.00/H0/L0 | 提取质量: 🟢high | 留白率: 11% | 低质量率: 0%
2026-07-18 15:03:03 | INFO     | 
🔍 [正在处理] ANS_CO_722 | 启动 3WD 流水线...
2026-07-18 15:03:03 | INFO     | 📢 [总进度] 43/68 份试卷已归档。
2026-07-18 15:03:55 | INFO     | ✅ [批改完成] ANS_CO_717 | 路由: BND | 最终分: 18.0 | 风险: P0.07/U0.04/F0.10/H0/L0 | 提取质量: 🟢high | 留白率: 0% | 低质量率: 0%
2026-07-18 15:03:55 | INFO     | 
🔍 [正在处理] ANS_CO_725 | 启动 3WD 流水线...
2026-07-18 15:03:55 | INFO     | 📢 [总进度] 44/68 份试卷已归档。
2026-07-18 15:08:36 | INFO     | ✅ [批改完成] ANS_CO_725 | 路由: BND | 最终分: 13.0 | 风险: P0.00/U0.07/F0.00/H0/L0 | 提取质量: 🟢high | 留白率: 0% | 低质量率: 0%
2026-07-18 15:08:36 | INFO     | 
🔍 [正在处理] ANS_CO_727 | 启动 3WD 流水线...
2026-07-18 15:08:36 | INFO     | 📢 [总进度] 45/68 份试卷已归档。
2026-07-18 15:09:46 | INFO     | ✅ [批改完成] ANS_CO_727 | 路由: POS | 最终分: 7.0 | 风险: P0.53/U0.00/F0.00/H0/L0 | 提取质量: 🟡low | 留白率: 67% | 低质量率: 0%
2026-07-18 15:09:46 | INFO     | 
🔍 [正在处理] ANS_CO_730 | 启动 3WD 流水线...
2026-07-18 15:09:46 | INFO     | 📢 [总进度] 46/68 份试卷已归档。
2026-07-18 15:12:11 | INFO     | ✅ [批改完成] ANS_CO_722 | 路由: BND | 最终分: 15.4 | 风险: P0.03/U0.04/F0.12/H0/L0 | 提取质量: 🟢high | 留白率: 0% | 低质量率: 0%
2026-07-18 15:12:11 | INFO     | 
🔍 [正在处理] ANS_CO_731 | 启动 3WD 流水线...
2026-07-18 15:12:11 | INFO     | 📢 [总进度] 47/68 份试卷已归档。
2026-07-18 15:25:30 | INFO     | ✅ [批改完成] ANS_CO_731 | 路由: BND | 最终分: 11.8 | 风险: P0.51/U0.17/F0.12/H0/L0 | 提取质量: 🟡low | 留白率: 56% | 低质量率: 0%
2026-07-18 15:25:30 | INFO     | 
🔍 [正在处理] ANS_CO_732 | 启动 3WD 流水线...
2026-07-18 15:25:30 | INFO     | 📢 [总进度] 48/68 份试卷已归档。
2026-07-18 15:37:01 | INFO     | ✅ [批改完成] ANS_CO_732 | 路由: BND | 最终分: 14.2 | 风险: P0.12/U0.04/F0.10/H0/L0 | 提取质量: 🟢high | 留白率: 11% | 低质量率: 0%
2026-07-18 15:37:01 | INFO     | 
🔍 [正在处理] ANS_CO_735 | 启动 3WD 流水线...
2026-07-18 15:37:01 | INFO     | 📢 [总进度] 49/68 份试卷已归档。
2026-07-18 15:41:32 | INFO     | ✅ [批改完成] ANS_CO_735 | 路由: POS | 最终分: 20.0 | 风险: P0.03/U0.01/F0.00/H0/L0 | 提取质量: 🟢high | 留白率: 0% | 低质量率: 0%
2026-07-18 15:41:32 | INFO     | 
🔍 [正在处理] ANS_CO_737 | 启动 3WD 流水线...
2026-07-18 15:41:32 | INFO     | 📢 [总进度] 50/68 份试卷已归档。
2026-07-18 15:48:17 | INFO     | ✅ [批改完成] ANS_CO_737 | 路由: BND | 最终分: 16.5 | 风险: P0.07/U0.04/F0.12/H0/L0 | 提取质量: 🟢high | 留白率: 0% | 低质量率: 0%
2026-07-18 15:48:17 | INFO     | 
🔍 [正在处理] ANS_CO_738 | 启动 3WD 流水线...
2026-07-18 15:48:17 | INFO     | 📢 [总进度] 51/68 份试卷已归档。
2026-07-18 15:51:59 | INFO     | ✅ [批改完成] ANS_CO_738 | 路由: POS | 最终分: 18.8 | 风险: P0.03/U0.01/F0.00/H0/L0 | 提取质量: 🟢high | 留白率: 0% | 低质量率: 0%
2026-07-18 15:51:59 | INFO     | 
🔍 [正在处理] ANS_CO_740 | 启动 3WD 流水线...
2026-07-18 15:51:59 | INFO     | 📢 [总进度] 52/68 份试卷已归档。
2026-07-18 15:53:45 | INFO     | ✅ [批改完成] ANS_CO_740 | 路由: POS | 最终分: 3.0 | 风险: P0.36/U0.00/F0.35/H0/L0 | 提取质量: 🟢high | 留白率: 44% | 低质量率: 0%
2026-07-18 15:53:45 | INFO     | 
🔍 [正在处理] ANS_CO_741 | 启动 3WD 流水线...
2026-07-18 15:53:45 | INFO     | 📢 [总进度] 53/68 份试卷已归档。
2026-07-18 16:01:36 | INFO     | ✅ [批改完成] ANS_CO_730 | 路由: BND | 最终分: 13.8 | 风险: P0.19/U0.08/F0.20/H0/L1 | 提取质量: 🟢high | 留白率: 11% | 低质量率: 0%
2026-07-18 16:01:36 | INFO     | 
🔍 [正在处理] ANS_CO_742 | 启动 3WD 流水线...
2026-07-18 16:01:36 | INFO     | 📢 [总进度] 54/68 份试卷已归档。
2026-07-18 16:05:00 | INFO     | ✅ [批改完成] ANS_CO_742 | 路由: POS | 最终分: 8.5 | 风险: P0.27/U0.00/F0.12/H0/L1 | 提取质量: 🟢high | 留白率: 33% | 低质量率: 0%
2026-07-18 16:05:00 | INFO     | 
🔍 [正在处理] ANS_CO_743 | 启动 3WD 流水线...
2026-07-18 16:05:00 | INFO     | 📢 [总进度] 55/68 份试卷已归档。
2026-07-18 16:06:14 | INFO     | ✅ [批改完成] ANS_CO_741 | 路由: POS | 最终分: 15.8 | 风险: P0.13/U0.01/F0.00/H0/L0 | 提取质量: 🟢high | 留白率: 0% | 低质量率: 0%
2026-07-18 16:06:14 | INFO     | 
🔍 [正在处理] ANS_CO_747 | 启动 3WD 流水线...
2026-07-18 16:06:14 | INFO     | 📢 [总进度] 56/68 份试卷已归档。
2026-07-18 16:06:21 | INFO     | ✅ [批改完成] ANS_CO_743 | 路由: POS | 最终分: 0 | 风险: P0.62/U0.00/F0.20/H0/L0 | 提取质量: 🟡low | 留白率: 78% | 低质量率: 0%
2026-07-18 16:06:21 | INFO     | 
🔍 [正在处理] ANS_CO_748 | 启动 3WD 流水线...
2026-07-18 16:06:21 | INFO     | 📢 [总进度] 57/68 份试卷已归档。
2026-07-18 16:14:03 | INFO     | ✅ [批改完成] ANS_CO_747 | 路由: POS | 最终分: 0 | 风险: P0.17/U0.00/F1.00/H0/L1 | 提取质量: 🟢high | 留白率: 0% | 低质量率: 0%
2026-07-18 16:14:03 | INFO     | 
🔍 [正在处理] ANS_CO_751 | 启动 3WD 流水线...
2026-07-18 16:14:03 | INFO     | 📢 [总进度] 58/68 份试卷已归档。
2026-07-18 16:14:55 | INFO     | ✅ [批改完成] ANS_CO_748 | 路由: BND | 最终分: 10.7 | 风险: P0.33/U0.19/F0.50/H0/L1 | 提取质量: 🟢high | 留白率: 33% | 低质量率: 0%
2026-07-18 16:14:55 | INFO     | 
🔍 [正在处理] ANS_CO_752 | 启动 3WD 流水线...
2026-07-18 16:14:55 | INFO     | 📢 [总进度] 59/68 份试卷已归档。
2026-07-18 16:18:58 | INFO     | ✅ [批改完成] ANS_CO_751 | 路由: BND | 最终分: 6.3 | 风险: P0.33/U0.02/F0.33/H0/L1 | 提取质量: 🟢high | 留白率: 33% | 低质量率: 0%
2026-07-18 16:18:58 | INFO     | 
🔍 [正在处理] ANS_CO_753 | 启动 3WD 流水线...
2026-07-18 16:18:58 | INFO     | 📢 [总进度] 60/68 份试卷已归档。
2026-07-18 16:20:38 | INFO     | ✅ [批改完成] ANS_CO_752 | 路由: BND | 最终分: 15.7 | 风险: P0.09/U0.07/F0.00/H0/L0 | 提取质量: 🟢high | 留白率: 11% | 低质量率: 0%
2026-07-18 16:20:38 | INFO     | 
🔍 [正在处理] ANS_CO_754 | 启动 3WD 流水线...
2026-07-18 16:20:38 | INFO     | 📢 [总进度] 61/68 份试卷已归档。
2026-07-18 16:24:09 | INFO     | ✅ [批改完成] ANS_CO_753 | 路由: POS | 最终分: 10.5 | 风险: P0.33/U0.00/F0.12/H0/L1 | 提取质量: 🟢high | 留白率: 33% | 低质量率: 0%
2026-07-18 16:24:09 | INFO     | 
🔍 [正在处理] ANS_CO_755 | 启动 3WD 流水线...
2026-07-18 16:24:09 | INFO     | 📢 [总进度] 62/68 份试卷已归档。
2026-07-18 16:28:59 | INFO     | ✅ [批改完成] ANS_CO_755 | 路由: POS | 最终分: 12.2 | 风险: P0.24/U0.01/F0.00/H0/L0 | 提取质量: 🟢high | 留白率: 22% | 低质量率: 0%
2026-07-18 16:28:59 | INFO     | 
🔍 [正在处理] ANS_CO_756 | 启动 3WD 流水线...
2026-07-18 16:28:59 | INFO     | 📢 [总进度] 63/68 份试卷已归档。
2026-07-18 16:38:30 | INFO     | ✅ [批改完成] ANS_CO_756 | 路由: BND | 最终分: 13.7 | 风险: P0.09/U0.05/F0.00/H0/L0 | 提取质量: 🟢high | 留白率: 11% | 低质量率: 0%
2026-07-18 16:38:30 | INFO     | 
🔍 [正在处理] ANS_CO_757 | 启动 3WD 流水线...
2026-07-18 16:38:30 | INFO     | 📢 [总进度] 64/68 份试卷已归档。
2026-07-18 16:38:44 | INFO     | ✅ [批改完成] ANS_CO_754 | 路由: BND | 最终分: 19.3 | 风险: P0.07/U0.04/F0.00/H0/L0 | 提取质量: 🟢high | 留白率: 0% | 低质量率: 0%
2026-07-18 16:38:44 | INFO     | 
🔍 [正在处理] ANS_CO_758 | 启动 3WD 流水线...
2026-07-18 16:38:44 | INFO     | 📢 [总进度] 65/68 份试卷已归档。
2026-07-18 16:39:35 | INFO     | ✅ [批改完成] ANS_CO_757 | 路由: POS | 最终分: 0 | 风险: P0.80/U0.00/F0.00/H0/L0 | 提取质量: 🟡low | 留白率: 100% | 低质量率: 0%
2026-07-18 16:39:35 | INFO     | 
🔍 [正在处理] ANS_CO_759 | 启动 3WD 流水线...
2026-07-18 16:39:35 | INFO     | 📢 [总进度] 66/68 份试卷已归档。
2026-07-18 16:44:28 | INFO     | ✅ [批改完成] ANS_CO_759 | 路由: BND | 最终分: 20.0 | 风险: P0.22/U0.05/F0.00/H0/L0 | 提取质量: 🟢high | 留白率: 11% | 低质量率: 0%
2026-07-18 16:44:28 | INFO     | 📢 [总进度] 67/68 份试卷已归档。
2026-07-18 16:47:07 | INFO     | ✅ [批改完成] ANS_CO_758 | 路由: POS | 最终分: 4.5 | 风险: P0.12/U0.00/F0.33/H0/L1 | 提取质量: 🟢high | 留白率: 11% | 低质量率: 0%
2026-07-18 16:47:07 | INFO     | 📢 [总进度] 68/68 份试卷已归档。
2026-07-18 16:47:07 | INFO     | 🗂️ 所有线程交卷完毕，正在整理数据... (共收集 68/68 份结果)
2026-07-18 16:47:07 | INFO     | 💾 正常批改结果已保存: D:\users\王鑫020420\Desktop\refgrader-main\results_runs\csbench_co4_full\runs\20260718_114257\CO_4_graded_results.json (68 人)
2026-07-18 16:47:07 | INFO     | ✅ 无拒绝域案例。
2026-07-18 16:47:07 | INFO     | [result consistency] CO_4: checkpoint=68, graded=68, rejected=0, failed=0, expected=68
2026-07-18 16:47:07 | INFO     | 
🏆 任务完成！
