2026-07-20 17:23:14 | INFO     | ==================================================
2026-07-20 17:23:14 | INFO     | 📂 正在加载试卷数据库...
2026-07-20 17:23:14 | INFO     |    运行模式: FULL
2026-07-20 17:23:14 | INFO     |    题目范围: ['CO_4']
2026-07-20 17:23:14 | INFO     |    文本模型: glm5 -> glm-5.1
2026-07-20 17:23:14 | INFO     |    提取后端: csbench_hybrid
2026-07-20 17:23:14 | INFO     |    题库文件: D:\users\王鑫020420\Desktop\refgrader-main\data\csbench\exam_database.json
2026-07-20 17:23:14 | INFO     |    教师分文件: D:\users\王鑫020420\Desktop\refgrader-main\data\csbench\teacher_scores.json
2026-07-20 17:23:14 | INFO     |    答案元数据: D:\users\王鑫020420\Desktop\refgrader-main\data\csbench\answer_metadata.jsonl
2026-07-20 17:23:14 | INFO     |    并发数:   2
2026-07-20 17:23:14 | INFO     |    结果目录: D:\users\王鑫020420\Desktop\refgrader-main\results_runs\csbench_co4_full\runs\20260720_172311
2026-07-20 17:23:14 | INFO     |    Rubric目录: D:\users\王鑫020420\Desktop\refgrader-main\data\csbench\rubrics\optimized
2026-07-20 17:23:14 | INFO     |    初始Rubric目录: D:\users\王鑫020420\Desktop\refgrader-main\data\csbench\rubrics\initial
2026-07-20 17:23:14 | INFO     |    允许回退初始Rubric: False
2026-07-20 17:23:14 | INFO     |    进度文件: D:\users\王鑫020420\Desktop\refgrader-main\results_runs\csbench_co4_full\runs\20260720_172311\progress.json
2026-07-20 17:23:14 | INFO     |    日志文件: logs\experiment_20260720_172311.log
2026-07-20 17:23:14 | INFO     | 🚀 当前处于【精准批改模式】
2026-07-20 17:23:14 | INFO     | 
🚀 [标准模式] 开始处理: CO_4
2026-07-20 17:23:14 | INFO     | ⚡ 已加载本地标准: D:\users\王鑫020420\Desktop\refgrader-main\data\csbench\rubrics\optimized\CO\CO_4_rubric_standard.json
2026-07-20 17:23:14 | INFO     | [metadata] loaded 3326 answer records from D:\users\王鑫020420\Desktop\refgrader-main\data\csbench\answer_metadata.jsonl
2026-07-20 17:23:14 | INFO     | [PaddleOCR] preparing 21/68 visual-answer cache entries...
2026-07-20 17:23:20 | INFO     | [1/1] cache hit: ANS_CO_656.jpg
summary: completed=0, skipped=1, failed=0
2026-07-20 17:23:25 | INFO     | [1/1] cache hit: ANS_CO_659.jpg
summary: completed=0, skipped=1, failed=0
2026-07-20 17:23:29 | INFO     | [1/1] cache hit: ANS_CO_668.jpg
summary: completed=0, skipped=1, failed=0
2026-07-20 17:23:34 | INFO     | [1/1] cache hit: ANS_CO_670.jpg
summary: completed=0, skipped=1, failed=0
2026-07-20 17:23:39 | INFO     | [1/1] cache hit: ANS_CO_675.jpg
summary: completed=0, skipped=1, failed=0
2026-07-20 17:23:43 | INFO     | [1/1] cache hit: ANS_CO_678.jpg
summary: completed=0, skipped=1, failed=0
2026-07-20 17:23:48 | INFO     | [1/1] cache hit: ANS_CO_681.jpg
summary: completed=0, skipped=1, failed=0
2026-07-20 17:23:52 | INFO     | [1/1] cache hit: ANS_CO_683.jpg
summary: completed=0, skipped=1, failed=0
2026-07-20 17:23:57 | INFO     | [1/1] cache hit: ANS_CO_689.jpg
summary: completed=0, skipped=1, failed=0
2026-07-20 17:24:02 | INFO     | [1/1] cache hit: ANS_CO_692.jpg
summary: completed=0, skipped=1, failed=0
2026-07-20 17:24:06 | INFO     | [1/1] cache hit: ANS_CO_703.png
summary: completed=0, skipped=1, failed=0
2026-07-20 17:24:11 | INFO     | [1/1] cache hit: ANS_CO_709.png
summary: completed=0, skipped=1, failed=0
2026-07-20 17:24:15 | INFO     | [1/1] cache hit: ANS_CO_715.png
summary: completed=0, skipped=1, failed=0
2026-07-20 17:24:20 | INFO     | [1/1] cache hit: ANS_CO_720.png
summary: completed=0, skipped=1, failed=0
2026-07-20 17:24:24 | INFO     | [1/1] cache hit: ANS_CO_725.png
summary: completed=0, skipped=1, failed=0
2026-07-20 17:24:29 | INFO     | [1/1] cache hit: ANS_CO_730.png
summary: completed=0, skipped=1, failed=0
2026-07-20 17:24:33 | INFO     | [1/1] cache hit: ANS_CO_738.png
summary: completed=0, skipped=1, failed=0
2026-07-20 17:24:38 | INFO     | [1/1] cache hit: ANS_CO_741.png
summary: completed=0, skipped=1, failed=0
2026-07-20 17:24:42 | INFO     | [1/1] cache hit: ANS_CO_752.png
summary: completed=0, skipped=1, failed=0
2026-07-20 17:24:47 | INFO     | [1/1] cache hit: ANS_CO_754.png
summary: completed=0, skipped=1, failed=0
2026-07-20 17:24:52 | INFO     | [1/1] cache hit: ANS_CO_759.png
summary: completed=0, skipped=1, failed=0
2026-07-20 17:25:30 | INFO     | ⚡ 脱敏清单已预生成，68 名学生共享复用。
2026-07-20 17:25:30 | INFO     | 🏃 开始批改 68 张试卷 (⚡ 开启多线程模式)...
2026-07-20 17:25:30 | INFO     | ⏳ [主线程] 已提交 68 个任务，等待结果回收...
2026-07-20 17:25:30 | INFO     | 📦 成功加载教师真实成绩单数据库！共包含 3326 名考生的数据。
2026-07-20 17:25:30 | INFO     | 
🔍 [正在处理] ANS_CO_645 | 启动 3WD 流水线...
2026-07-20 17:25:30 | INFO     | 📦 成功加载教师真实成绩单数据库！共包含 3326 名考生的数据。
2026-07-20 17:25:30 | INFO     | 
🔍 [正在处理] ANS_CO_646 | 启动 3WD 流水线...
2026-07-20 17:30:52 | INFO     | ✅ [批改完成] ANS_CO_646 | 路由: POS | 最终分: 3.0 | 风险: P0.44/U0.00/F0.20/H0/L0 | 提取质量: 🟡low | 留白率: 55% | 低质量率: 0%
2026-07-20 17:30:52 | INFO     | 
🔍 [正在处理] ANS_CO_651 | 启动 3WD 流水线...
2026-07-20 17:30:52 | INFO     | 📢 [总进度] 1/68 份试卷已归档。
2026-07-20 17:34:07 | INFO     | ✅ [批改完成] ANS_CO_651 | 路由: POS | 最终分: 19.7 | 风险: P0.00/U0.02/F0.00/H0/L0 | 提取质量: 🟢high | 留白率: 0% | 低质量率: 0%
2026-07-20 17:34:07 | INFO     | 
🔍 [正在处理] ANS_CO_652 | 启动 3WD 流水线...
2026-07-20 17:34:07 | INFO     | 📢 [总进度] 2/68 份试卷已归档。
2026-07-20 17:40:06 | INFO     | ✅ [批改完成] ANS_CO_652 | 路由: POS | 最终分: 17.69 | 风险: P0.00/U0.04/F0.00/H0/L0 | 提取质量: 🟢high | 留白率: 0% | 低质量率: 0%
2026-07-20 17:40:06 | INFO     | 
🔍 [正在处理] ANS_CO_653 | 启动 3WD 流水线...
2026-07-20 17:40:06 | INFO     | 📢 [总进度] 3/68 份试卷已归档。
2026-07-20 17:54:28 | INFO     | ✅ [批改完成] ANS_CO_653 | 路由: POS | 最终分: 8.6 | 风险: P0.29/U0.02/F0.00/H0/L0 | 提取质量: 🟢high | 留白率: 36% | 低质量率: 0%
2026-07-20 17:54:28 | INFO     | 
🔍 [正在处理] ANS_CO_656 | 启动 3WD 流水线...
2026-07-20 17:54:28 | INFO     | 📢 [总进度] 4/68 份试卷已归档。
2026-07-20 17:57:32 | INFO     | ✅ [批改完成] ANS_CO_645 | 路由: BND | 最终分: 9.51 | 风险: P0.22/U0.09/F0.20/H0/L1 | 提取质量: 🟢high | 留白率: 27% | 低质量率: 0%
2026-07-20 17:57:32 | INFO     | 
🔍 [正在处理] ANS_CO_659 | 启动 3WD 流水线...
2026-07-20 17:57:32 | INFO     | 📢 [总进度] 5/68 份试卷已归档。
2026-07-20 18:12:53 | INFO     | ✅ [批改完成] ANS_CO_659 | 路由: POS | 最终分: 15.8 | 风险: P0.00/U0.06/F0.00/H0/L0 | 提取质量: 🟢high | 留白率: 0% | 低质量率: 0%
2026-07-20 18:12:53 | INFO     | 
🔍 [正在处理] ANS_CO_660 | 启动 3WD 流水线...
2026-07-20 18:12:53 | INFO     | 📢 [总进度] 6/68 份试卷已归档。
2026-07-20 18:14:07 | INFO     | ✅ [批改完成] ANS_CO_656 | 路由: POS | 最终分: 11.09 | 风险: P0.00/U0.05/F0.30/H0/L1 | 提取质量: 🟢high | 留白率: 0% | 低质量率: 0%
2026-07-20 18:14:07 | INFO     | 
🔍 [正在处理] ANS_CO_661 | 启动 3WD 流水线...
2026-07-20 18:14:07 | INFO     | 📢 [总进度] 7/68 份试卷已归档。
2026-07-20 18:21:11 | INFO     | ✅ [批改完成] ANS_CO_661 | 路由: POS | 最终分: 16.49 | 风险: P0.00/U0.02/F0.10/H0/L0 | 提取质量: 🟢high | 留白率: 0% | 低质量率: 0%
2026-07-20 18:21:11 | INFO     | 
🔍 [正在处理] ANS_CO_662 | 启动 3WD 流水线...
2026-07-20 18:21:11 | INFO     | 📢 [总进度] 8/68 份试卷已归档。
2026-07-20 18:27:36 | INFO     | ✅ [批改完成] ANS_CO_662 | 路由: POS | 最终分: 14.69 | 风险: P0.07/U0.05/F0.00/H0/L0 | 提取质量: 🟢high | 留白率: 9% | 低质量率: 0%
2026-07-20 18:27:36 | INFO     | 
🔍 [正在处理] ANS_CO_663 | 启动 3WD 流水线...
2026-07-20 18:27:36 | INFO     | 📢 [总进度] 9/68 份试卷已归档。
2026-07-20 18:31:49 | INFO     | ✅ [批改完成] ANS_CO_660 | 路由: POS | 最终分: 12.4 | 风险: P0.03/U0.06/F0.12/H0/L0 | 提取质量: 🟢high | 留白率: 0% | 低质量率: 0%
2026-07-20 18:31:49 | INFO     | 
🔍 [正在处理] ANS_CO_664 | 启动 3WD 流水线...
2026-07-20 18:31:49 | INFO     | 📢 [总进度] 10/68 份试卷已归档。
2026-07-20 18:31:56 | INFO     | ✅ [批改完成] ANS_CO_663 | 路由: POS | 最终分: 8.39 | 风险: P0.00/U0.02/F0.40/H0/L1 | 提取质量: 🟢high | 留白率: 0% | 低质量率: 0%
2026-07-20 18:31:56 | INFO     | 
🔍 [正在处理] ANS_CO_665 | 启动 3WD 流水线...
2026-07-20 18:31:56 | INFO     | 📢 [总进度] 11/68 份试卷已归档。
2026-07-20 18:39:59 | INFO     | ✅ [批改完成] ANS_CO_664 | 路由: POS | 最终分: 9.0 | 风险: P0.07/U0.00/F0.05/H0/L1 | 提取质量: 🟢high | 留白率: 9% | 低质量率: 0%
2026-07-20 18:39:59 | INFO     | 
🔍 [正在处理] ANS_CO_666 | 启动 3WD 流水线...
2026-07-20 18:39:59 | INFO     | 📢 [总进度] 12/68 份试卷已归档。
2026-07-20 18:45:50 | INFO     | ✅ [批改完成] ANS_CO_665 | 路由: POS | 最终分: 7.3 | 风险: P0.03/U0.05/F0.23/H0/L1 | 提取质量: 🟢high | 留白率: 0% | 低质量率: 0%
2026-07-20 18:45:50 | INFO     | 
🔍 [正在处理] ANS_CO_667 | 启动 3WD 流水线...
2026-07-20 18:45:50 | INFO     | 📢 [总进度] 13/68 份试卷已归档。
2026-07-20 18:46:37 | INFO     | ✅ [批改完成] ANS_CO_666 | 路由: POS | 最终分: 7.5 | 风险: P0.07/U0.00/F0.35/H0/L1 | 提取质量: 🟢high | 留白率: 9% | 低质量率: 0%
2026-07-20 18:46:37 | INFO     | 
🔍 [正在处理] ANS_CO_668 | 启动 3WD 流水线...
2026-07-20 18:46:37 | INFO     | 📢 [总进度] 14/68 份试卷已归档。
2026-07-20 18:47:59 | INFO     | ✅ [批改完成] ANS_CO_667 | 路由: POS | 最终分: 11.8 | 风险: P0.00/U0.01/F0.10/H0/L1 | 提取质量: 🟢high | 留白率: 0% | 低质量率: 0%
2026-07-20 18:48:00 | INFO     | 
🔍 [正在处理] ANS_CO_670 | 启动 3WD 流水线...
2026-07-20 18:48:00 | INFO     | 📢 [总进度] 15/68 份试卷已归档。
2026-07-20 18:53:16 | INFO     | ✅ [批改完成] ANS_CO_668 | 路由: POS | 最终分: 20.0 | 风险: P0.00/U0.00/F0.00/H0/L0 | 提取质量: 🟢high | 留白率: 0% | 低质量率: 0%
2026-07-20 18:53:16 | INFO     | 
🔍 [正在处理] ANS_CO_672 | 启动 3WD 流水线...
2026-07-20 18:53:16 | INFO     | 📢 [总进度] 16/68 份试卷已归档。
2026-07-20 18:57:18 | INFO     | ✅ [批改完成] ANS_CO_672 | 路由: POS | 最终分: 18.0 | 风险: P0.00/U0.01/F0.00/H0/L0 | 提取质量: 🟢high | 留白率: 0% | 低质量率: 0%
2026-07-20 18:57:18 | INFO     | 
🔍 [正在处理] ANS_CO_673 | 启动 3WD 流水线...
2026-07-20 18:57:18 | INFO     | 📢 [总进度] 17/68 份试卷已归档。
2026-07-20 18:59:29 | INFO     | ✅ [批改完成] ANS_CO_673 | 路由: POS | 最终分: 20.0 | 风险: P0.00/U0.00/F0.00/H0/L0 | 提取质量: 🟢high | 留白率: 0% | 低质量率: 0%
2026-07-20 18:59:29 | INFO     | 
🔍 [正在处理] ANS_CO_674 | 启动 3WD 流水线...
2026-07-20 18:59:29 | INFO     | 📢 [总进度] 18/68 份试卷已归档。
2026-07-20 19:11:39 | INFO     | ✅ [批改完成] ANS_CO_674 | 路由: POS | 最终分: 7.3 | 风险: P0.29/U0.02/F0.05/H0/L0 | 提取质量: 🟢high | 留白率: 36% | 低质量率: 0%
2026-07-20 19:11:39 | INFO     | 
🔍 [正在处理] ANS_CO_675 | 启动 3WD 流水线...
2026-07-20 19:11:39 | INFO     | 📢 [总进度] 19/68 份试卷已归档。
2026-07-20 19:14:56 | INFO     | ✅ [批改完成] ANS_CO_670 | 路由: POS | 最终分: 14.49 | 风险: P0.00/U0.02/F0.20/H0/L0 | 提取质量: 🟢high | 留白率: 0% | 低质量率: 0%
2026-07-20 19:14:56 | INFO     | 
🔍 [正在处理] ANS_CO_678 | 启动 3WD 流水线...
2026-07-20 19:14:56 | INFO     | 📢 [总进度] 20/68 份试卷已归档。
2026-07-20 19:22:39 | INFO     | ✅ [批改完成] ANS_CO_678 | 路由: POS | 最终分: 8.0 | 风险: P0.00/U0.00/F0.45/H0/L1 | 提取质量: 🟢high | 留白率: 0% | 低质量率: 0%
2026-07-20 19:22:39 | INFO     | 
🔍 [正在处理] ANS_CO_679 | 启动 3WD 流水线...
2026-07-20 19:22:39 | INFO     | 📢 [总进度] 21/68 份试卷已归档。
2026-07-20 19:28:09 | INFO     | ✅ [批改完成] ANS_CO_679 | 路由: POS | 最终分: 11.5 | 风险: P0.00/U0.07/F0.05/H0/L1 | 提取质量: 🟢high | 留白率: 0% | 低质量率: 0%
2026-07-20 19:28:09 | INFO     | 
🔍 [正在处理] ANS_CO_681 | 启动 3WD 流水线...
2026-07-20 19:28:09 | INFO     | 📢 [总进度] 22/68 份试卷已归档。
2026-07-20 19:29:37 | INFO     | ✅ [批改完成] ANS_CO_675 | 路由: POS | 最终分: 18.79 | 风险: P0.00/U0.02/F0.00/H0/L0 | 提取质量: 🟢high | 留白率: 0% | 低质量率: 0%
2026-07-20 19:29:37 | INFO     | 
🔍 [正在处理] ANS_CO_683 | 启动 3WD 流水线...
2026-07-20 19:29:37 | INFO     | 📢 [总进度] 23/68 份试卷已归档。
2026-07-20 19:34:39 | INFO     | ✅ [批改完成] ANS_CO_681 | 路由: POS | 最终分: 18.7 | 风险: P0.00/U0.02/F0.00/H0/L0 | 提取质量: 🟢high | 留白率: 0% | 低质量率: 0%
2026-07-20 19:34:39 | INFO     | 
🔍 [正在处理] ANS_CO_685 | 启动 3WD 流水线...
2026-07-20 19:34:39 | INFO     | 📢 [总进度] 24/68 份试卷已归档。
2026-07-20 19:35:46 | INFO     | ✅ [批改完成] ANS_CO_683 | 路由: POS | 最终分: 12.0 | 风险: P0.03/U0.00/F0.05/H0/L1 | 提取质量: 🟢high | 留白率: 0% | 低质量率: 0%
2026-07-20 19:35:46 | INFO     | 
🔍 [正在处理] ANS_CO_688 | 启动 3WD 流水线...
2026-07-20 19:35:46 | INFO     | 📢 [总进度] 25/68 份试卷已归档。
2026-07-20 19:44:31 | INFO     | ✅ [批改完成] ANS_CO_688 | 路由: POS | 最终分: 5.2 | 风险: P0.22/U0.03/F0.33/H0/L1 | 提取质量: 🟢high | 留白率: 27% | 低质量率: 0%
2026-07-20 19:44:31 | INFO     | 
🔍 [正在处理] ANS_CO_689 | 启动 3WD 流水线...
2026-07-20 19:44:31 | INFO     | 📢 [总进度] 26/68 份试卷已归档。
2026-07-20 19:50:58 | INFO     | ✅ [批改完成] ANS_CO_689 | 路由: POS | 最终分: 18.2 | 风险: P0.00/U0.01/F0.10/H0/L0 | 提取质量: 🟢high | 留白率: 0% | 低质量率: 0%
2026-07-20 19:50:58 | INFO     | 
🔍 [正在处理] ANS_CO_692 | 启动 3WD 流水线...
2026-07-20 19:50:58 | INFO     | 📢 [总进度] 27/68 份试卷已归档。
2026-07-20 20:07:30 | INFO     | ✅ [批改完成] ANS_CO_692 | 路由: POS | 最终分: 17.5 | 风险: P0.00/U0.04/F0.00/H0/L0 | 提取质量: 🟢high | 留白率: 0% | 低质量率: 0%
2026-07-20 20:07:30 | INFO     | 
🔍 [正在处理] ANS_CO_695 | 启动 3WD 流水线...
2026-07-20 20:07:30 | INFO     | 📢 [总进度] 28/68 份试卷已归档。
2026-07-20 20:44:29 | INFO     | ✅ [批改完成] ANS_CO_685 | 路由: POS | 最终分: 2.5 | 风险: P0.36/U0.03/F0.45/H0/L0 | 提取质量: 🟢high | 留白率: 45% | 低质量率: 0%
2026-07-20 20:44:29 | INFO     | 
🔍 [正在处理] ANS_CO_697 | 启动 3WD 流水线...
2026-07-20 20:44:29 | INFO     | 📢 [总进度] 29/68 份试卷已归档。
2026-07-20 20:49:45 | INFO     | ✅ [批改完成] ANS_CO_697 | 路由: POS | 最终分: 10.0 | 风险: P0.22/U0.00/F0.15/H0/L1 | 提取质量: 🟢high | 留白率: 27% | 低质量率: 0%
2026-07-20 20:49:45 | INFO     | 
🔍 [正在处理] ANS_CO_698 | 启动 3WD 流水线...
2026-07-20 20:49:45 | INFO     | 📢 [总进度] 30/68 份试卷已归档。
2026-07-20 20:52:17 | INFO     | ✅ [批改完成] ANS_CO_695 | 路由: POS | 最终分: 13.2 | 风险: P0.07/U0.02/F0.00/H0/L0 | 提取质量: 🟢high | 留白率: 9% | 低质量率: 0%
2026-07-20 20:52:17 | INFO     | 
🔍 [正在处理] ANS_CO_699 | 启动 3WD 流水线...
2026-07-20 20:52:17 | INFO     | 📢 [总进度] 31/68 份试卷已归档。
2026-07-20 20:58:05 | INFO     | ✅ [批改完成] ANS_CO_699 | 路由: POS | 最终分: 0 | 风险: P0.80/U0.00/F0.00/H0/L0 | 提取质量: 🟡low | 留白率: 100% | 低质量率: 0%
2026-07-20 20:58:05 | INFO     | 
🔍 [正在处理] ANS_CO_700 | 启动 3WD 流水线...
2026-07-20 20:58:05 | INFO     | 📢 [总进度] 32/68 份试卷已归档。
2026-07-20 21:03:45 | INFO     | ✅ [批改完成] ANS_CO_700 | 路由: POS | 最终分: 11.7 | 风险: P0.00/U0.06/F0.05/H0/L1 | 提取质量: 🟢high | 留白率: 0% | 低质量率: 0%
2026-07-20 21:03:45 | INFO     | 
🔍 [正在处理] ANS_CO_703 | 启动 3WD 流水线...
2026-07-20 21:03:45 | INFO     | 📢 [总进度] 33/68 份试卷已归档。
2026-07-20 21:09:59 | INFO     | ✅ [批改完成] ANS_CO_703 | 路由: POS | 最终分: 6.2 | 风险: P0.00/U0.06/F0.25/H0/L1 | 提取质量: 🟢high | 留白率: 0% | 低质量率: 0%
2026-07-20 21:09:59 | INFO     | 
🔍 [正在处理] ANS_CO_704 | 启动 3WD 流水线...
2026-07-20 21:09:59 | INFO     | 📢 [总进度] 34/68 份试卷已归档。
2026-07-20 21:11:10 | INFO     | ✅ [批改完成] ANS_CO_704 | 路由: POS | 最终分: 1.0 | 风险: P0.65/U0.00/F0.05/H0/L0 | 提取质量: 🟡low | 留白率: 82% | 低质量率: 0%
2026-07-20 21:11:10 | INFO     | 
🔍 [正在处理] ANS_CO_708 | 启动 3WD 流水线...
2026-07-20 21:11:10 | INFO     | 📢 [总进度] 35/68 份试卷已归档。
2026-07-20 21:13:18 | INFO     | ✅ [批改完成] ANS_CO_708 | 路由: POS | 最终分: 10.0 | 风险: P0.36/U0.00/F0.00/H0/L0 | 提取质量: 🟢high | 留白率: 45% | 低质量率: 0%
2026-07-20 21:13:18 | INFO     | 
🔍 [正在处理] ANS_CO_709 | 启动 3WD 流水线...
2026-07-20 21:13:18 | INFO     | 📢 [总进度] 36/68 份试卷已归档。
2026-07-20 21:18:35 | INFO     | ✅ [批改完成] ANS_CO_698 | 路由: BND | 最终分: 5.21 | 风险: P0.07/U0.07/F0.38/H0/L1 | 提取质量: 🟢high | 留白率: 9% | 低质量率: 0%
2026-07-20 21:18:35 | INFO     | 
🔍 [正在处理] ANS_CO_714 | 启动 3WD 流水线...
2026-07-20 21:18:35 | INFO     | 📢 [总进度] 37/68 份试卷已归档。
2026-07-20 21:23:43 | INFO     | ✅ [批改完成] ANS_CO_709 | 路由: POS | 最终分: 17.3 | 风险: P0.00/U0.03/F0.00/H0/L0 | 提取质量: 🟢high | 留白率: 0% | 低质量率: 0%
2026-07-20 21:23:43 | INFO     | 
🔍 [正在处理] ANS_CO_715 | 启动 3WD 流水线...
2026-07-20 21:23:43 | INFO     | 📢 [总进度] 38/68 份试卷已归档。
2026-07-20 21:27:39 | INFO     | ✅ [批改完成] ANS_CO_714 | 路由: POS | 最终分: 13.8 | 风险: P0.00/U0.03/F0.05/H0/L0 | 提取质量: 🟢high | 留白率: 0% | 低质量率: 0%
2026-07-20 21:27:39 | INFO     | 
🔍 [正在处理] ANS_CO_717 | 启动 3WD 流水线...
2026-07-20 21:27:39 | INFO     | 📢 [总进度] 39/68 份试卷已归档。
2026-07-20 21:32:18 | INFO     | ✅ [批改完成] ANS_CO_715 | 路由: POS | 最终分: 19.2 | 风险: P0.00/U0.01/F0.00/H0/L0 | 提取质量: 🟢high | 留白率: 0% | 低质量率: 0%
2026-07-20 21:32:18 | INFO     | 
🔍 [正在处理] ANS_CO_719 | 启动 3WD 流水线...
2026-07-20 21:32:18 | INFO     | 📢 [总进度] 40/68 份试卷已归档。
2026-07-20 21:33:57 | INFO     | ✅ [批改完成] ANS_CO_717 | 路由: POS | 最终分: 14.39 | 风险: P0.10/U0.06/F0.00/H0/L0 | 提取质量: 🟢high | 留白率: 9% | 低质量率: 0%
2026-07-20 21:33:57 | INFO     | 
🔍 [正在处理] ANS_CO_720 | 启动 3WD 流水线...
2026-07-20 21:33:57 | INFO     | 📢 [总进度] 41/68 份试卷已归档。
2026-07-20 21:36:12 | INFO     | ✅ [批改完成] ANS_CO_719 | 路由: POS | 最终分: 11.8 | 风险: P0.15/U0.01/F0.05/H0/L1 | 提取质量: 🟢high | 留白率: 18% | 低质量率: 0%
2026-07-20 21:36:12 | INFO     | 
🔍 [正在处理] ANS_CO_721 | 启动 3WD 流水线...
2026-07-20 21:36:12 | INFO     | 📢 [总进度] 42/68 份试卷已归档。
2026-07-20 21:42:06 | INFO     | ✅ [批改完成] ANS_CO_721 | 路由: POS | 最终分: 14.19 | 风险: P0.07/U0.01/F0.00/H0/L0 | 提取质量: 🟢high | 留白率: 9% | 低质量率: 0%
2026-07-20 21:42:06 | INFO     | 
🔍 [正在处理] ANS_CO_722 | 启动 3WD 流水线...
2026-07-20 21:42:06 | INFO     | 📢 [总进度] 43/68 份试卷已归档。
2026-07-20 22:00:16 | INFO     | ✅ [批改完成] ANS_CO_722 | 路由: POS | 最终分: 16.69 | 风险: P0.00/U0.06/F0.05/H0/L0 | 提取质量: 🟢high | 留白率: 0% | 低质量率: 0%
2026-07-20 22:00:16 | INFO     | 
🔍 [正在处理] ANS_CO_725 | 启动 3WD 流水线...
2026-07-20 22:00:16 | INFO     | 📢 [总进度] 44/68 份试卷已归档。
2026-07-20 22:04:37 | INFO     | ✅ [批改完成] ANS_CO_725 | 路由: POS | 最终分: 12.0 | 风险: P0.07/U0.00/F0.00/H0/L1 | 提取质量: 🟢high | 留白率: 9% | 低质量率: 0%
2026-07-20 22:04:37 | INFO     | 
🔍 [正在处理] ANS_CO_727 | 启动 3WD 流水线...
2026-07-20 22:04:37 | INFO     | 📢 [总进度] 45/68 份试卷已归档。
2026-07-20 22:06:07 | INFO     | ✅ [批改完成] ANS_CO_727 | 路由: POS | 最终分: 3.3 | 风险: P0.58/U0.02/F0.00/H0/L0 | 提取质量: 🟡low | 留白率: 73% | 低质量率: 0%
2026-07-20 22:06:07 | INFO     | 
🔍 [正在处理] ANS_CO_730 | 启动 3WD 流水线...
2026-07-20 22:06:07 | INFO     | 📢 [总进度] 46/68 份试卷已归档。
2026-07-20 22:06:59 | INFO     | ✅ [批改完成] ANS_CO_720 | 路由: POS | 最终分: 13.5 | 风险: P0.00/U0.02/F0.00/H0/L0 | 提取质量: 🟢high | 留白率: 0% | 低质量率: 0%
2026-07-20 22:06:59 | INFO     | 
🔍 [正在处理] ANS_CO_731 | 启动 3WD 流水线...
2026-07-20 22:06:59 | INFO     | 📢 [总进度] 47/68 份试卷已归档。
2026-07-20 22:10:00 | INFO     | ✅ [批改完成] ANS_CO_731 | 路由: POS | 最终分: 8.0 | 风险: P0.36/U0.00/F0.05/H0/L0 | 提取质量: 🟢high | 留白率: 45% | 低质量率: 0%
2026-07-20 22:10:00 | INFO     | 
🔍 [正在处理] ANS_CO_732 | 启动 3WD 流水线...
2026-07-20 22:10:00 | INFO     | 📢 [总进度] 48/68 份试卷已归档。
2026-07-20 22:15:25 | INFO     | ✅ [批改完成] ANS_CO_730 | 路由: POS | 最终分: 13.8 | 风险: P0.00/U0.01/F0.30/H0/L0 | 提取质量: 🟢high | 留白率: 0% | 低质量率: 0%
2026-07-20 22:15:25 | INFO     | 
🔍 [正在处理] ANS_CO_735 | 启动 3WD 流水线...
2026-07-20 22:15:25 | INFO     | 📢 [总进度] 49/68 份试卷已归档。
2026-07-20 22:24:07 | INFO     | ✅ [批改完成] ANS_CO_732 | 路由: BND | 最终分: 14.2 | 风险: P0.07/U0.07/F0.10/H0/L0 | 提取质量: 🟢high | 留白率: 9% | 低质量率: 0%
2026-07-20 22:24:07 | INFO     | 
🔍 [正在处理] ANS_CO_737 | 启动 3WD 流水线...
2026-07-20 22:24:07 | INFO     | 📢 [总进度] 50/68 份试卷已归档。
2026-07-20 22:25:27 | INFO     | ✅ [批改完成] ANS_CO_735 | 路由: POS | 最终分: 17.8 | 风险: P0.00/U0.01/F0.00/H0/L0 | 提取质量: 🟢high | 留白率: 0% | 低质量率: 0%
2026-07-20 22:25:27 | INFO     | 
🔍 [正在处理] ANS_CO_738 | 启动 3WD 流水线...
2026-07-20 22:25:27 | INFO     | 📢 [总进度] 51/68 份试卷已归档。
2026-07-20 22:30:14 | INFO     | ✅ [批改完成] ANS_CO_738 | 路由: POS | 最终分: 17.8 | 风险: P0.00/U0.01/F0.00/H0/L0 | 提取质量: 🟢high | 留白率: 0% | 低质量率: 0%
2026-07-20 22:30:14 | INFO     | 
🔍 [正在处理] ANS_CO_740 | 启动 3WD 流水线...
2026-07-20 22:30:14 | INFO     | 📢 [总进度] 52/68 份试卷已归档。
2026-07-20 22:31:53 | INFO     | ✅ [批改完成] ANS_CO_740 | 路由: POS | 最终分: 2.0 | 风险: P0.51/U0.00/F0.20/H0/L0 | 提取质量: 🟡low | 留白率: 64% | 低质量率: 0%
2026-07-20 22:31:53 | INFO     | 
🔍 [正在处理] ANS_CO_741 | 启动 3WD 流水线...
2026-07-20 22:31:53 | INFO     | 📢 [总进度] 53/68 份试卷已归档。
2026-07-20 22:48:51 | INFO     | ✅ [批改完成] ANS_CO_737 | 路由: POS | 最终分: 13.1 | 风险: P0.00/U0.05/F0.05/H0/L0 | 提取质量: 🟢high | 留白率: 0% | 低质量率: 0%
2026-07-20 22:48:51 | INFO     | 
🔍 [正在处理] ANS_CO_742 | 启动 3WD 流水线...
2026-07-20 22:48:51 | INFO     | 📢 [总进度] 54/68 份试卷已归档。
2026-07-20 22:51:07 | INFO     | ✅ [批改完成] ANS_CO_742 | 路由: POS | 最终分: 5.3 | 风险: P0.44/U0.01/F0.05/H0/L0 | 提取质量: 🟡low | 留白率: 55% | 低质量率: 0%
2026-07-20 22:51:07 | INFO     | 
🔍 [正在处理] ANS_CO_743 | 启动 3WD 流水线...
2026-07-20 22:51:07 | INFO     | 📢 [总进度] 55/68 份试卷已归档。
2026-07-20 22:51:40 | INFO     | ✅ [批改完成] ANS_CO_741 | 路由: POS | 最终分: 17.49 | 风险: P0.00/U0.02/F0.00/H0/L0 | 提取质量: 🟢high | 留白率: 0% | 低质量率: 0%
2026-07-20 22:51:40 | INFO     | 
🔍 [正在处理] ANS_CO_747 | 启动 3WD 流水线...
2026-07-20 22:51:40 | INFO     | 📢 [总进度] 56/68 份试卷已归档。
2026-07-20 22:52:25 | INFO     | ✅ [批改完成] ANS_CO_743 | 路由: POS | 最终分: 0 | 风险: P0.73/U0.00/F0.10/H0/L0 | 提取质量: 🟡low | 留白率: 91% | 低质量率: 0%
2026-07-20 22:52:25 | INFO     | 
🔍 [正在处理] ANS_CO_748 | 启动 3WD 流水线...
2026-07-20 22:52:25 | INFO     | 📢 [总进度] 57/68 份试卷已归档。
2026-07-20 22:55:52 | INFO     | ✅ [批改完成] ANS_CO_747 | 路由: POS | 最终分: 0.3 | 风险: P0.15/U0.01/F0.72/H0/L1 | 提取质量: 🟢high | 留白率: 18% | 低质量率: 0%
2026-07-20 22:55:52 | INFO     | 
🔍 [正在处理] ANS_CO_751 | 启动 3WD 流水线...
2026-07-20 22:55:52 | INFO     | 📢 [总进度] 58/68 份试卷已归档。
2026-07-20 23:00:26 | INFO     | ✅ [批改完成] ANS_CO_748 | 路由: POS | 最终分: 10.6 | 风险: P0.07/U0.02/F0.35/H0/L1 | 提取质量: 🟢high | 留白率: 9% | 低质量率: 0%
2026-07-20 23:00:26 | INFO     | 
🔍 [正在处理] ANS_CO_752 | 启动 3WD 流水线...
2026-07-20 23:00:26 | INFO     | 📢 [总进度] 59/68 份试卷已归档。
2026-07-20 23:01:59 | INFO     | ✅ [批改完成] ANS_CO_751 | 路由: POS | 最终分: 6.7 | 风险: P0.36/U0.02/F0.20/H0/L0 | 提取质量: 🟢high | 留白率: 45% | 低质量率: 0%
2026-07-20 23:01:59 | INFO     | 
🔍 [正在处理] ANS_CO_753 | 启动 3WD 流水线...
2026-07-20 23:01:59 | INFO     | 📢 [总进度] 60/68 份试卷已归档。
2026-07-20 23:06:34 | INFO     | ✅ [批改完成] ANS_CO_753 | 路由: POS | 最终分: 7.8 | 风险: P0.36/U0.01/F0.05/H0/L0 | 提取质量: 🟢high | 留白率: 45% | 低质量率: 0%
2026-07-20 23:06:34 | INFO     | 
🔍 [正在处理] ANS_CO_754 | 启动 3WD 流水线...
2026-07-20 23:06:34 | INFO     | 📢 [总进度] 61/68 份试卷已归档。
2026-07-20 23:15:42 | INFO     | ✅ [批改完成] ANS_CO_752 | 路由: POS | 最终分: 14.8 | 风险: P0.00/U0.05/F0.00/H0/L0 | 提取质量: 🟢high | 留白率: 0% | 低质量率: 0%
2026-07-20 23:15:42 | INFO     | 
🔍 [正在处理] ANS_CO_755 | 启动 3WD 流水线...
2026-07-20 23:15:42 | INFO     | 📢 [总进度] 62/68 份试卷已归档。
2026-07-20 23:26:52 | INFO     | ✅ [批改完成] ANS_CO_754 | 路由: POS | 最终分: 18.69 | 风险: P0.00/U0.03/F0.00/H0/L0 | 提取质量: 🟢high | 留白率: 0% | 低质量率: 0%
2026-07-20 23:26:52 | INFO     | 
🔍 [正在处理] ANS_CO_756 | 启动 3WD 流水线...
2026-07-20 23:26:52 | INFO     | 📢 [总进度] 63/68 份试卷已归档。
2026-07-20 23:35:01 | INFO     | ✅ [批改完成] ANS_CO_755 | 路由: POS | 最终分: 11.5 | 风险: P0.15/U0.02/F0.00/H0/L1 | 提取质量: 🟢high | 留白率: 18% | 低质量率: 0%
2026-07-20 23:35:01 | INFO     | 
🔍 [正在处理] ANS_CO_757 | 启动 3WD 流水线...
2026-07-20 23:35:01 | INFO     | 📢 [总进度] 64/68 份试卷已归档。
2026-07-20 23:35:56 | INFO     | ✅ [批改完成] ANS_CO_757 | 路由: POS | 最终分: 0 | 风险: P0.80/U0.00/F0.00/H0/L0 | 提取质量: 🟡low | 留白率: 100% | 低质量率: 0%
2026-07-20 23:35:56 | INFO     | 
🔍 [正在处理] ANS_CO_758 | 启动 3WD 流水线...
2026-07-20 23:35:56 | INFO     | 📢 [总进度] 65/68 份试卷已归档。
2026-07-20 23:39:19 | INFO     | ✅ [批改完成] ANS_CO_756 | 路由: POS | 最终分: 10.3 | 风险: P0.22/U0.02/F0.15/H0/L1 | 提取质量: 🟢high | 留白率: 27% | 低质量率: 0%
2026-07-20 23:39:19 | INFO     | 
🔍 [正在处理] ANS_CO_759 | 启动 3WD 流水线...
2026-07-20 23:39:19 | INFO     | 📢 [总进度] 66/68 份试卷已归档。
2026-07-20 23:46:05 | INFO     | ✅ [批改完成] ANS_CO_758 | 路由: POS | 最终分: 3.5 | 风险: P0.07/U0.00/F0.40/H0/L1 | 提取质量: 🟢high | 留白率: 9% | 低质量率: 0%
2026-07-20 23:46:05 | INFO     | 📢 [总进度] 67/68 份试卷已归档。
2026-07-20 23:46:44 | INFO     | ✅ [批改完成] ANS_CO_759 | 路由: POS | 最终分: 20.0 | 风险: P0.00/U0.00/F0.00/H0/L0 | 提取质量: 🟢high | 留白率: 0% | 低质量率: 0%
2026-07-20 23:46:44 | INFO     | 📢 [总进度] 68/68 份试卷已归档。
2026-07-20 23:46:44 | INFO     | 🗂️ 所有线程交卷完毕，正在整理数据... (共收集 68/68 份结果)
2026-07-20 23:46:44 | INFO     | 💾 正常批改结果已保存: D:\users\王鑫020420\Desktop\refgrader-main\results_runs\csbench_co4_full\runs\20260720_172311\CO_4_graded_results.json (68 人)
2026-07-20 23:46:44 | INFO     | ✅ 无拒绝域案例。
2026-07-20 23:46:44 | INFO     | [result consistency] CO_4: checkpoint=68, graded=68, rejected=0, failed=0, expected=68
2026-07-20 23:46:44 | INFO     | 
🏆 任务完成！
