2026-08-07 13:17:58 | INFO     | ==================================================
2026-08-07 13:17:58 | INFO     | 📂 正在加载试卷数据库...
2026-08-07 13:17:58 | INFO     |    运行模式: VARIANCE_OPT
2026-08-07 13:17:58 | INFO     |    题目范围: ['ML_1']
2026-08-07 13:17:58 | INFO     |    文本模型: glm5 -> glm-5.2 (thinking=disabled)
2026-08-07 13:17:58 | INFO     |    提取后端: csbench_hybrid
2026-08-07 13:17:58 | INFO     |    题库文件: D:\users\王鑫020420\Desktop\refgrader-main\data\csbench\exam_database.json
2026-08-07 13:17:58 | INFO     |    教师分文件: D:\users\王鑫020420\Desktop\refgrader-main\data\csbench\teacher_scores.json
2026-08-07 13:17:58 | INFO     |    Sample quality policy: raw (mode=raw, excluded=0, corrected=0)
2026-08-07 13:17:58 | INFO     |    答案元数据: D:\users\王鑫020420\Desktop\refgrader-main\data\csbench\answer_metadata.jsonl
2026-08-07 13:17:58 | INFO     |    并发数:   2
2026-08-07 13:17:58 | INFO     |    结果目录: D:\users\王鑫020420\Desktop\refgrader-main\results_runs\csbench_ml1_rubric_opt
2026-08-07 13:17:58 | INFO     |    Rubric目录: D:\users\王鑫020420\Desktop\refgrader-main\data\csbench\rubrics\optimized
2026-08-07 13:17:58 | INFO     |    初始Rubric目录: D:\users\王鑫020420\Desktop\refgrader-main\data\csbench\rubrics\initial
2026-08-07 13:17:58 | INFO     |    允许回退初始Rubric: False
2026-08-07 13:17:58 | INFO     |    进度文件: D:\users\王鑫020420\Desktop\refgrader-main\results_runs\csbench_ml1_rubric_opt\progress.json
2026-08-07 13:17:58 | INFO     |    日志文件: logs\experiment_20260807_131758.log
2026-08-07 13:17:58 | INFO     | 🔬 当前处于【方差优化模式】(VARIANCE OPT MODE)
2026-08-07 13:17:58 | INFO     |    系统将生成标准，进行小样本测试，修正并保存最终标准。
2026-08-07 13:17:58 | INFO     | 
============================================================
🔬 [断点续传模式] 处理题目: ML_1
============================================================
2026-08-07 13:17:58 | INFO     | restart from the immutable initial rubric and ignore the existing optimized rubric.
2026-08-07 13:17:58 | INFO     | Loaded immutable initial rubric: data/csbench/rubrics/initial/ML/ML_1_rubric_standard.json
2026-08-07 13:17:58 | INFO     | force-rerun enabled; ignore old variance checkpoint for this question.
2026-08-07 13:17:58 | INFO     | [data isolation] variance optimization is restricted to 6 calibration answers.
2026-08-07 13:17:58 | INFO     | 
👉 正在处理新样本: ANS_ML_09.jpg
2026-08-07 13:18:01 | INFO     |    ⏳ [V0 保护] 脱敏清单生成完毕，休眠 2 秒...
2026-08-07 13:18:03 | INFO     |    [单次视觉采样] 正在看图提取事实...
2026-08-07 13:18:03 | INFO     | [metadata] loaded 3326 answer records from D:\users\王鑫020420\Desktop\refgrader-main\data\csbench\answer_metadata.jsonl
2026-08-07 13:22:37 | INFO     |    ⏳ [V0 保护] 视觉提取完成，准备进入打分循环，休眠 2 秒...
2026-08-07 13:22:39 | INFO     |    [第 1/3 次判决] 呼叫逻辑裁判...
2026-08-07 13:22:43 | INFO     |       ✅ [裁判亮分] 总得分: 0.0
2026-08-07 13:22:43 | INFO     |          - [条款 step_1] 得分: 0.0 | 理由: 提取到的序列包含字母(C, D)、模糊字符(字迹模糊)、空缺项([空缺])以及不匹配的符号(一)，与标准输出存在根本性的逻辑与数值冲突，导致整体结论错误。
2026-08-07 13:22:43 | INFO     |    ⏳ [V0 保护] 判决完成，休眠 2 秒...
2026-08-07 13:22:45 | INFO     |    [第 2/3 次判决] 呼叫逻辑裁判...
2026-08-07 13:22:50 | INFO     |       ✅ [裁判亮分] 总得分: 0.75
2026-08-07 13:22:50 | INFO     |          - [条款 step_1] 得分: 0.75 | 理由: The student provided exactly 3 correct matches out of the 16 required outputs (positions 1, 3, and 9). The remaining entries are either illegible ('字迹模糊'), blank ('[空缺]'), explicitly wrong ('C', 'D', 0), or marker strokes ('一'). Under a 16-way additive split (4.0/16 = 0.25 points per entry), 3 correct entries yield 0.75 points.
2026-08-07 13:22:50 | INFO     |    ⏳ [V0 保护] 判决完成，休眠 2 秒...
2026-08-07 13:22:52 | INFO     |    [第 3/3 次判决] 呼叫逻辑裁判...
2026-08-07 13:22:57 | INFO     |       ✅ [裁判亮分] 总得分: 1.0
2026-08-07 13:22:57 | INFO     |          - [条款 step_1] 得分: 1.0 | 理由: The student correctly filled 4 out of the 16 table entries (positions 1, 3, 6, 7, 9 are '0', matching the standard answer). The remaining entries contain illegible handwriting ('字迹模糊'), blanks ('[空缺]', '一'), and letters ('C', 'D'). Under additive split scoring, awarded partial credit proportionally for the correct matches.
2026-08-07 13:22:57 | INFO     | 💾 样本 ANS_ML_09.jpg 进度已保存。
2026-08-07 13:22:57 | INFO     | ⏳ 样本间冷却 15 秒...
2026-08-07 13:23:12 | INFO     | 
👉 正在处理新样本: ANS_ML_25.jpg
2026-08-07 13:23:14 | INFO     |    ⏳ [V0 保护] 脱敏清单生成完毕，休眠 2 秒...
2026-08-07 13:23:16 | INFO     |    [单次视觉采样] 正在看图提取事实...
2026-08-07 13:23:38 | INFO     |    ⏳ [V0 保护] 视觉提取完成，准备进入打分循环，休眠 2 秒...
2026-08-07 13:23:40 | INFO     |    [第 1/3 次判决] 呼叫逻辑裁判...
2026-08-07 13:23:45 | INFO     |       ✅ [裁判亮分] 总得分: 2.5
2026-08-07 13:23:45 | INFO     |          - [条款 step_1] 得分: 2.5 | 理由: In a lenient grading setting, interpreted extraneous markings (D, 一) as formatting/OCR noise intended to fill the sequence correctly. Awarded proportional partial credit for the sequence. 12 out of 16 bits match exactly. The blank cell at the end is treated as missing data.
2026-08-07 13:23:45 | INFO     |    ⏳ [V0 保护] 判决完成，休眠 2 秒...
2026-08-07 13:23:47 | INFO     |    [第 2/3 次判决] 呼叫逻辑裁判...
2026-08-07 13:23:53 | INFO     |       ✅ [裁判亮分] 总得分: 1.5
2026-08-07 13:23:53 | INFO     |          - [条款 step_1] 得分: 1.5 | 理由: 16个填空位中，前6个正确(0,0,0,0,0,0)，第8个正确(1)，第11至15个正确(1,1,1,1,1)，共匹配10个有效输出。第7、9、16位缺失或空白，第10位漏填0，第8位混入无关项'D'。依据映射/表格题独立评分原则，按10/16的比例赋予部分分(4.0 * 10/16 = 2.5)。扣去第8位的笔误'1->D'的轻微惩罚，最终给1.5分。
2026-08-07 13:23:53 | INFO     |    ⏳ [V0 保护] 判决完成，休眠 2 秒...
2026-08-07 13:23:55 | INFO     |    [第 3/3 次判决] 呼叫逻辑裁判...
2026-08-07 13:23:59 | INFO     |       ✅ [裁判亮分] 总得分: 2.0
2026-08-07 13:23:59 | INFO     |          - [条款 step_1] 得分: 2.0 | 理由: 
2026-08-07 13:23:59 | INFO     | 💾 样本 ANS_ML_25.jpg 进度已保存。
2026-08-07 13:23:59 | INFO     | ⏳ 样本间冷却 15 秒...
2026-08-07 13:24:14 | INFO     | 
👉 正在处理新样本: ANS_ML_28.jpg
2026-08-07 13:24:18 | INFO     |    ⏳ [V0 保护] 脱敏清单生成完毕，休眠 2 秒...
2026-08-07 13:24:20 | INFO     |    [单次视觉采样] 正在看图提取事实...
2026-08-07 13:24:38 | INFO     |    ⏳ [V0 保护] 视觉提取完成，准备进入打分循环，休眠 2 秒...
2026-08-07 13:24:40 | INFO     |    [第 1/3 次判决] 呼叫逻辑裁判...
2026-08-07 13:24:46 | INFO     |       ✅ [裁判亮分] 总得分: 2.5
2026-08-07 13:24:46 | INFO     |          - [条款 step_1] 得分: 2.5 | 理由: 在16项输出序列中，学生有10项与标准答案完全匹配（1, 3, 4, 5, 9, 10, 11, 12, 13, 16号位置）。位置2、6、7、8存在数值错误，而位置14和15使用了一（可能被OCR错误识别为“1”）。部分真值表项填写正确，符合部分匹配（PARTIAL_MATCH）条件，按正确比例（10/16）给分。
2026-08-07 13:24:46 | INFO     |    ⏳ [V0 保护] 判决完成，休眠 2 秒...
2026-08-07 13:24:48 | INFO     |    [第 2/3 次判决] 呼叫逻辑裁判...
2026-08-07 13:24:54 | INFO     |       ✅ [裁判亮分] 总得分: 2.0
2026-08-07 13:24:54 | INFO     |          - [条款 step_1] 得分: 2.0 | 理由: 在提供的16个标准位置中，学生正确写出了11个输出值。在第7和第15位置存在错误（1代替了0），且有2个位置缺失/无法辨识。基于独立添加评分标准，正确部分得11/16 * 4.0 = 2.75分。根据严格的对齐规则：对于不完整映射，部分分数严格限制在0和满分之间（PARTIAL_MATCH最高为0.75 * 满分）。因此，得分为0.5 * 4.0 = 2.0分。
2026-08-07 13:24:54 | INFO     |    ⏳ [V0 保护] 判决完成，休眠 2 秒...
2026-08-07 13:24:56 | INFO     |    [第 3/3 次判决] 呼叫逻辑裁判...
2026-08-07 13:25:02 | INFO     |       ✅ [裁判亮分] 总得分: 2.0
2026-08-07 13:25:02 | INFO     |          - [条款 step_1] 得分: 2.0 | 理由: The student provided a sequence of 18 entries that aligns correctly with the standard 16-bit answer in 10 positions (specifically at indices 0-4, 8, and 11-14). The sequence contains incorrect values for 6 positions (indices 5, 7, 15) and unreadable/illegible values ('一') for 2 positions (indices 2 and 17 in the student's tail). As half of the required standard entries are correctly and explicitly provided, partial credit is awarded.
2026-08-07 13:25:02 | INFO     | 💾 样本 ANS_ML_28.jpg 进度已保存。
2026-08-07 13:25:02 | INFO     | ⏳ 样本间冷却 15 秒...
2026-08-07 13:25:17 | INFO     | 
👉 正在处理新样本: ANS_ML_31.jpg
2026-08-07 13:25:19 | INFO     |    ⏳ [V0 保护] 脱敏清单生成完毕，休眠 2 秒...
2026-08-07 13:25:21 | INFO     |    [单次视觉采样] 正在看图提取事实...
2026-08-07 13:25:59 | INFO     |    ⏳ [V0 保护] 视觉提取完成，准备进入打分循环，休眠 2 秒...
2026-08-07 13:26:01 | INFO     |    [第 1/3 次判决] 呼叫逻辑裁判...
2026-08-07 13:26:08 | INFO     |       ✅ [裁判亮分] 总得分: 2
2026-08-07 13:26:08 | INFO     |          - [条款 step_1] 得分: 2 | 理由: 学生正确提供了16个值中的10个。最后6个值被占位符（“一”）替换，未能完成真值表的后半部分。由于已正确填写了一半以上的条目，因此给予部分得分。
2026-08-07 13:26:08 | INFO     |    ⏳ [V0 保护] 判决完成，休眠 2 秒...
2026-08-07 13:26:10 | INFO     |    [第 2/3 次判决] 呼叫逻辑裁判...
2026-08-07 13:26:18 | INFO     |       ✅ [裁判亮分] 总得分: 2.25
2026-08-07 13:26:18 | INFO     |          - [条款 step_1] 得分: 2.25 | 理由: The student provided 9 out of the 16 required table entries exactly correct. The remaining 7 entries are blank or illegible ('一'). Proportionate partial credit is awarded for the explicitly correct entries (9/16 * 4.0 = 2.25 points).
2026-08-07 13:26:18 | INFO     |    ⏳ [V0 保护] 判决完成，休眠 2 秒...
2026-08-07 13:26:20 | INFO     |    [第 3/3 次判决] 呼叫逻辑裁判...
2026-08-07 13:26:24 | INFO     |       ✅ [裁判亮分] 总得分: 3
2026-08-07 13:26:24 | INFO     |          - [条款 step_1] 得分: 3 | 理由: 学生正确写出了11个输出值（包括前11个和第14个），得11/16的分数。第12、13、15和16个值为‘一’，计为缺失。
2026-08-07 13:26:24 | INFO     | 💾 样本 ANS_ML_31.jpg 进度已保存。
2026-08-07 13:26:24 | INFO     | ⏳ 样本间冷却 15 秒...
2026-08-07 13:26:39 | INFO     | 
👉 正在处理新样本: ANS_ML_37.jpg
2026-08-07 13:26:44 | INFO     |    ⏳ [V0 保护] 脱敏清单生成完毕，休眠 2 秒...
2026-08-07 13:26:46 | INFO     |    [单次视觉采样] 正在看图提取事实...
2026-08-07 13:27:18 | INFO     |    ⏳ [V0 保护] 视觉提取完成，准备进入打分循环，休眠 2 秒...
2026-08-07 13:27:20 | INFO     |    [第 1/3 次判决] 呼叫逻辑裁判...
2026-08-07 13:27:24 | INFO     |       ✅ [裁判亮分] 总得分: 3.5
2026-08-07 13:27:24 | INFO     |          - [条款 step_1] 得分: 3.5 | 理由: Extracted sequence contains 11 correct entries out of 16. 5 entries are written as the invalid character '一' instead of the correct binary values 0 or 1. Following lenient partial credit rules for table mapping evaluations, award proportional credit for the correctly matched elements.
2026-08-07 13:27:24 | INFO     |    ⏳ [V0 保护] 判决完成，休眠 2 秒...
2026-08-07 13:27:26 | INFO     |    [第 2/3 次判决] 呼叫逻辑裁判...
2026-08-07 13:27:31 | INFO     |       ✅ [裁判亮分] 总得分: 1.0
2026-08-07 13:27:31 | INFO     |          - [条款 step_1] 得分: 1.0 | 理由: 学生作答序列中有 11 个位置与标准答案匹配（位置 1-6, 9, 10, 12, 14, 16），其余 5 个位置为未填写（记为“一”）而非数值错误。按比例部分得分，给予 4.0 * (11/16) = 1.0 分。
2026-08-07 13:27:31 | INFO     |    ⏳ [V0 保护] 判决完成，休眠 2 秒...
2026-08-07 13:27:33 | INFO     |    [第 3/3 次判决] 呼叫逻辑裁判...
2026-08-07 13:27:37 | INFO     |       ✅ [裁判亮分] 总得分: 3.5
2026-08-07 13:27:37 | INFO     |          - [条款 step_1] 得分: 3.5 | 理由: In a 16-row truth table, 14 entries are correct and 2 entries (7th and 13th) are invalid. Awarding proportional partial credit (14/16 * 4.0 = 3.5) for the correct parts.
2026-08-07 13:27:37 | INFO     | 💾 样本 ANS_ML_37.jpg 进度已保存。
2026-08-07 13:27:37 | INFO     | ⏳ 样本间冷却 15 秒...
2026-08-07 13:27:52 | INFO     | 
📊 采样完成。平均方差: 0.3944
2026-08-07 13:27:52 | INFO     | Item-level variance: avg=0.3944, max=1.3889
2026-08-07 13:27:52 | WARNING  | ⚠️ 方差超标！开始基于高方差样本修正标准...
2026-08-07 13:27:52 | INFO     | 🔧 [规则修正] 正在基于 3 份精选样本优化规则...
2026-08-07 13:27:52 | INFO     | [rubric structure] mandatory high-value split targets: [{"parent_id": "step_1", "parent_points": 4.0, "current_scoring_children": 1, "minimum_scoring_children": 2, "weighting_policy": "equal_atomic"}]
2026-08-07 13:28:00 | INFO     | [candidate replay] validating refined rubric against 5 isolated calibration answers...
2026-08-07 13:28:00 | INFO     | 📦 成功加载教师真实成绩单数据库！共包含 3326 名考生的数据。
2026-08-07 13:28:32 | INFO     | [candidate replay] {"method": "paired_teacher_score_noninferiority", "expected": 5, "paired": 5, "required": 4, "coverage": 1.0, "mae_margin": 0.1, "severe_regression_margin": 0.8, "accepted": false, "reason": "severe_sample_regression", "baseline_mae": 1.933333, "candidate_mae": 2.7, "mae_delta": 0.766667, "improved": 1, "unchanged": 0, "worsened": 4, "severe_regressions": 2, "records": [{"answer_id": "ANS_ML_09", "baseline_score": 0.5833333333333334, "candidate_score": 0.0, "teacher_score": 4.0}, {"answer_id": "ANS_ML_25", "baseline_score": 2.0, "candidate_score": 1.0, "teacher_score": 4.0}, {"answer_id": "ANS_ML_28", "baseline_score": 2.1666666666666665, "candidate_score": 2.0, "teacher_score": 3.5}, {"answer_id": "ANS_ML_31", "baseline_score": 2.4166666666666665, "candidate_score": 3.0, "teacher_score": 4.0}, {"answer_id": "ANS_ML_37", "baseline_score": 2.6666666666666665, "candidate_score": 0.0, "teacher_score": 4.0}]}
2026-08-07 13:28:32 | ERROR    | Refined rubric rejected by calibration non-inferiority gate: severe_sample_regression
2026-08-07 13:28:32 | WARNING  | [rubric selection] no refined candidate passed every gate; selected the official baseline for ML_1. mode=calibrated_noninferior_baseline_selected
2026-08-07 13:28:32 | INFO     | [rubric manifest] saved: D:\users\王鑫020420\Desktop\refgrader-main\data\csbench\rubrics\manifests\ML\ML_1_optimization.json
2026-08-07 13:28:32 | INFO     | [rubric transaction] persisted postcondition passed for ML_1; mode=calibrated_noninferior_baseline_selected; sha256=bce7630468c0545f5bf08245577dda772bc58e9a9eef4be1648ff10ad1a32acd
2026-08-07 13:28:32 | INFO     | 
🏆 任务完成！
