2026-07-18 10:46:06 | INFO     | ==================================================
2026-07-18 10:46:06 | INFO     | 📂 正在加载试卷数据库...
2026-07-18 10:46:06 | INFO     |    运行模式: VARIANCE_OPT
2026-07-18 10:46:06 | INFO     |    题目范围: ['CO_4']
2026-07-18 10:46:06 | INFO     |    文本模型: glm5 -> glm-5.1
2026-07-18 10:46:06 | INFO     |    提取后端: csbench_hybrid
2026-07-18 10:46:06 | INFO     |    题库文件: D:\users\王鑫020420\Desktop\refgrader-main\data\csbench\exam_database.json
2026-07-18 10:46:06 | INFO     |    教师分文件: ./database/teacher_scores.json
2026-07-18 10:46:06 | INFO     |    答案元数据: D:\users\王鑫020420\Desktop\refgrader-main\data\csbench\answer_metadata.jsonl
2026-07-18 10:46:06 | INFO     |    并发数:   2
2026-07-18 10:46:06 | INFO     |    结果目录: D:\users\王鑫020420\Desktop\refgrader-main\results_runs\csbench_co4_rubric_opt
2026-07-18 10:46:06 | INFO     |    Rubric目录: D:\users\王鑫020420\Desktop\refgrader-main\data\csbench\rubrics\optimized
2026-07-18 10:46:06 | INFO     |    初始Rubric目录: D:\users\王鑫020420\Desktop\refgrader-main\data\csbench\rubrics\initial
2026-07-18 10:46:06 | INFO     |    允许回退初始Rubric: False
2026-07-18 10:46:06 | INFO     |    进度文件: D:\users\王鑫020420\Desktop\refgrader-main\results_runs\csbench_co4_rubric_opt\progress.json
2026-07-18 10:46:06 | INFO     |    日志文件: logs\experiment_20260718_104606.log
2026-07-18 10:46:06 | INFO     | 🔬 当前处于【方差优化模式】(VARIANCE OPT MODE)
2026-07-18 10:46:06 | INFO     |    系统将生成标准，进行小样本测试，修正并保存最终标准。
2026-07-18 10:46:06 | INFO     | 
============================================================
🔬 [断点续传模式] 处理题目: CO_4
============================================================
2026-07-18 10:46:06 | INFO     | force-rerun enabled; restart from the immutable initial rubric and ignore the existing optimized rubric.
2026-07-18 10:46:06 | INFO     | Loaded immutable initial rubric: data/csbench/rubrics/initial/CO/CO_4_rubric_standard.json
2026-07-18 10:46:06 | INFO     | force-rerun enabled; ignore old variance checkpoint for this question.
2026-07-18 10:46:06 | INFO     | [data isolation] variance optimization is restricted to 9 calibration answers.
2026-07-18 10:46:06 | INFO     | 
👉 正在处理新样本: ANS_CO_647.jpg
2026-07-18 10:46:35 | INFO     |    ⏳ [V0 保护] 脱敏清单生成完毕，休眠 2 秒...
2026-07-18 10:46:37 | INFO     |    [单次视觉采样] 正在看图提取事实...
2026-07-18 10:46:37 | INFO     | [metadata] loaded 3326 answer records from D:\users\王鑫020420\Desktop\refgrader-main\data\csbench\answer_metadata.jsonl
2026-07-18 10:49:10 | INFO     |    ⏳ [V0 保护] 视觉提取完成，准备进入打分循环，休眠 2 秒...
2026-07-18 10:49:12 | INFO     |    [第 1/3 次判决] 呼叫逻辑裁判...
2026-07-18 10:50:06 | INFO     |       ✅ [裁判亮分] 总得分: 9
2026-07-18 10:50:06 | INFO     |          - [条款 step_1] 得分: 1 | 理由: 学生正确算出8MB=2²³B，但总位数的提取“2³位”存在歧义或OCR错误（可能原意为24位或23位），由于前半部分推导正确，给予一半分数。
2026-07-18 10:50:06 | INFO     |          - [条款 step_2] 得分: 2 | 理由: 准确得出块大小2KB对应11位块内偏移。
2026-07-18 10:50:06 | INFO     |          - [条款 step_3] 得分: 2 | 理由: 正确通过32块除以2路得出16组，即2⁴，需要4位组号。
2026-07-18 10:50:06 | INFO     |          - [条款 step_4] 得分: 0 | 理由: 主存地址格式中的块内偏移填写为12位，与自己前一步的11位相矛盾且总位数计算错误（8+4+12=24位）。
2026-07-18 10:50:06 | INFO     |          - [条款 step_5] 得分: 0 | 理由: Cache地址格式严重错误，组内块号误写为“块内地址 1位”，且漏掉了最关键的11位块内偏移。
2026-07-18 10:50:06 | INFO     |          - [条款 step_6] 得分: 2 | 理由: 学生正确截取出了对应的高8位标记（01011010），但得出了“命中”的错误结论（且块号推导错误）。基于此给部分过程分。
2026-07-18 10:50:06 | INFO     |          - [条款 step_7] 得分: 2 | 理由: 学生正确截取出了对应的标记（11111110）且正确判断了“命中”，但具体的命中Cache块号写错（应为块1，写成了块3）。基于此给部分分数。
2026-07-18 10:50:06 | INFO     |    ⏳ [V0 保护] 判决完成，休眠 2 秒...
2026-07-18 10:50:08 | INFO     |    [第 2/3 次判决] 呼叫逻辑裁判...
2026-07-18 10:51:47 | INFO     |       ✅ [裁判亮分] 总得分: 8.0
2026-07-18 10:51:47 | INFO     |          - [条款 step_1] 得分: 2.0 | 理由: The student correctly writes 8MB = 2^23 B, and '共2³位' is interpreted under lenient grading as a typographical error for '23位' (23 bits).
2026-07-18 10:51:47 | INFO     |          - [条款 step_2] 得分: 2.0 | 理由: The student correctly calculates the block offset as 11 bits from the 2KB block size.
2026-07-18 10:51:47 | INFO     |          - [条款 step_3] 得分: 2.0 | 理由: The student correctly computes the number of sets and concludes that 4 bits are needed for the Cache group number.
2026-07-18 10:51:47 | INFO     |          - [条款 step_4] 得分: 0.0 | 理由: The student indicates the block offset is 12 bits instead of 11 bits. This results in a 24-bit address format, which directly contradicts the correct 23-bit physical address calculated in step 1.
2026-07-18 10:51:47 | INFO     |          - [条款 step_5] 得分: 0.0 | 理由: The student states the Cache address format as '4-bit set, 1-bit block offset', failing to include the 11-bit intra-block offset entirely and confusing the block offset with the block index.
2026-07-18 10:51:47 | INFO     |          - [条款 step_6] 得分: 1.0 | 理由: The student successfully extracts the correct tag (01011010) matching the standard, but completely fails the conclusion by stating it 'hits Cache block 2', ignoring the group mapping logic which mandates a miss.
2026-07-18 10:51:47 | INFO     |          - [条款 step_7] 得分: 1.0 | 理由: The student extracts the correct tag (11111110) and rightly identifies it as a hit, but names the wrong cache block (block 3 instead of block 1), indicating a flawed understanding of group mapping.
2026-07-18 10:51:47 | INFO     |    ⏳ [V0 保护] 判决完成，休眠 2 秒...
2026-07-18 10:51:49 | INFO     |    [第 3/3 次判决] 呼叫逻辑裁判...
2026-07-18 10:53:15 | INFO     |       ✅ [裁判亮分] 总得分: 13.0
2026-07-18 10:53:15 | INFO     |          - [条款 step_1] 得分: 2.0 | 理由: Student correctly states 8MB = 2^23 B. The '共2³位' is interpreted as a superscript truncation of 2²³位 (23 bits), consistent with the correct capacity derivation. Under lenient grading, full credit.
2026-07-18 10:53:15 | INFO     |          - [条款 step_2] 得分: 2.0 | 理由: Student correctly computes 2KB = 2^11 B and identifies block offset as 11 bits.
2026-07-18 10:53:15 | INFO     |          - [条款 step_3] 得分: 2.0 | 理由: Student correctly applies 32/2 = 16 = 2^4 and concludes 4-bit set index.
2026-07-18 10:53:15 | INFO     |          - [条款 step_4] 得分: 1.0 | 理由: Tag (8 bits) and set index (4 bits) are correct, but block offset is stated as 12 bits instead of 11 bits (contradicting step_2 where student correctly wrote 11). This makes the format inconsistent (8+4+12=24≠23). Two of three fields correct; partial credit.
2026-07-18 10:53:15 | INFO     |          - [条款 step_5] 得分: 1.0 | 理由: Set index (4 bits) is correct and the 1-bit field corresponds to the way select, but it is mislabeled as '块内地址' (block offset) and the actual 11-bit block offset is entirely missing. Format is incomplete.
2026-07-18 10:53:15 | INFO     |          - [条款 step_6] 得分: 2.0 | 理由: Student correctly extracts the tag as 01011010B (matches standard). However, the conclusion '命中Cache块2' is wrong — the correct answer is 未命中 (miss), because block 2 is in a different set than set 0000. Correct tag extraction earns partial credit; wrong final conclusion receives zero.
2026-07-18 10:53:15 | INFO     |          - [条款 step_7] 得分: 3.0 | 理由: Student correctly extracts tag 11111110B and correctly determines 命中 (hit). However, the specific Cache block identified is block 3 instead of the correct block 1 (set 0 contains blocks 0 and 1 only). Two of three sub-tasks correct; partial credit.
2026-07-18 10:53:15 | INFO     | 💾 样本 ANS_CO_647.jpg 进度已保存。
2026-07-18 10:53:15 | INFO     | ⏳ 样本间冷却 15 秒...
2026-07-18 10:53:30 | INFO     | 
👉 正在处理新样本: ANS_CO_687.jpg
2026-07-18 10:53:51 | INFO     |    ⏳ [V0 保护] 脱敏清单生成完毕，休眠 2 秒...
2026-07-18 10:53:53 | INFO     |    [单次视觉采样] 正在看图提取事实...
2026-07-18 10:54:13 | INFO     |    ⏳ [V0 保护] 视觉提取完成，准备进入打分循环，休眠 2 秒...
2026-07-18 10:54:15 | INFO     |    [第 1/3 次判决] 呼叫逻辑裁判...
2026-07-18 10:55:39 | INFO     |       ✅ [裁判亮分] 总得分: 10.0
2026-07-18 10:55:39 | INFO     |          - [条款 step_1] 得分: 2.0 | 理由: 学生写出 8M=2^23，明确表达了物理地址为23位的认知，满足该评分点。
2026-07-18 10:55:39 | INFO     |          - [条款 step_2] 得分: 2.0 | 理由: 学生正确得出块内偏移（字块内地址）为11位，与标准答案一致。
2026-07-18 10:55:39 | INFO     |          - [条款 step_3] 得分: 0.0 | 理由: 学生用主存容量除以块大小和路数来计算组地址，方法完全错误。Cache组号应由Cache总块数32和2路组相联决定，正确结果为4位，而非11位。属于概念性错误。
2026-07-18 10:55:39 | INFO     |          - [条款 step_4] 得分: 0.0 | 理由: 由于step_3组地址位数错误（11位而非4位），导致主存地址格式严重错误：标记1位、组地址11位、块内偏移11位，与标准格式8|4|11完全不符。
2026-07-18 10:55:39 | INFO     |          - [条款 step_5] 得分: 0.0 | 理由: 学生未书写Cache地址格式相关内容。
2026-07-18 10:55:39 | INFO     |          - [条款 step_6] 得分: 2.5 | 理由: 学生正确完成了十六进制转二进制，且最终结论（未命中）正确。但理由仅写'经对照'，未展示地址字段分解、tag提取、组号映射等关键推理过程，且其前置地址格式错误，无法确认对照方法是否正确。给予部分分数。
2026-07-18 10:55:39 | INFO     |          - [条款 step_7] 得分: 3.5 | 理由: 学生正确完成二进制转换（hex标注有笔误7FD057但二进制对应7F0057正确），正确提取出块标记1111 1110（8位，与标准答案一致），结论命中正确。但未说明组号字段0000及具体命中的Cache块号（块1），推理链不完整。给予较多部分分数。
2026-07-18 10:55:39 | INFO     |    ⏳ [V0 保护] 判决完成，休眠 2 秒...
2026-07-18 10:55:41 | INFO     |    [第 2/3 次判决] 呼叫逻辑裁判...
2026-07-18 11:01:15 | INFO     |       ✅ [裁判亮分] 总得分: 9.0
2026-07-18 11:01:15 | INFO     |          - [条款 step_1] 得分: 2.0 | 理由: 学生写出 8M=2^23，并在后续计算中以23为总位数（23-11-11），表明物理地址为23位的认知正确，满足本步骤要求。
2026-07-18 11:01:15 | INFO     |          - [条款 step_2] 得分: 2.0 | 理由: 学生正确得出块内偏移为11位，数值与标准答案一致。
2026-07-18 11:01:15 | INFO     |          - [条款 step_3] 得分: 0.0 | 理由: 学生用主存容量÷块大小÷路数来计算组地址位数，方法错误；正确做法是用Cache容量/块数/路数，得到4位。结果11位也与正确值4位不符。
2026-07-18 11:01:15 | INFO     |          - [条款 step_4] 得分: 0.0 | 理由: 由于上游组地址计算错误，导致地址格式为 1|11|11，与标准格式 8|4|11 严重不符，属于核心数值错误。
2026-07-18 11:01:15 | INFO     |          - [条款 step_5] 得分: 0.0 | 理由: 学生未书写Cache地址格式，无法得分。
2026-07-18 11:01:15 | INFO     |          - [条款 step_6] 得分: 2.0 | 理由: 二进制转换正确，结论（未命中）正确。但学生使用了错误的地址格式（1|11|11）进行对照，且仅写'经对照'而未给出具体的tag/组号比较理由，过程证据不足。给予部分分。
2026-07-18 11:01:15 | INFO     |          - [条款 step_7] 得分: 3.0 | 理由: 结论（命中）正确，提取的tag=1111 1110B与标准答案一致。但学生写错十六进制输入标签（7FD057而非7F0057），且未说明组号字段和具体命中的Cache块号，理由不够完整。给予较多部分分。
2026-07-18 11:01:15 | INFO     |    ⏳ [V0 保护] 判决完成，休眠 2 秒...
2026-07-18 11:01:17 | INFO     |    [第 3/3 次判决] 呼叫逻辑裁判...
2026-07-18 11:04:45 | INFO     |       ✅ [裁判亮分] 总得分: 9.0
2026-07-18 11:04:45 | INFO     |          - [条款 step_1] 得分: 2.0 | 理由: 学生明确指出8M=2^23，符合物理地址总位数为23位的要求，获得满分。
2026-07-18 11:04:45 | INFO     |          - [条款 step_2] 得分: 2.0 | 理由: 学生正确推导并明确指出块内偏移地址为11位，完全匹配标准答案。
2026-07-18 11:04:45 | INFO     |          - [条款 step_3] 得分: 0 | 理由: 学生使用主存容量(8M)除以块大小和相联度来计算Cache组地址，概念错误。Cache组数应由Cache总容量除以块大小和相联度得出（应为4位），而非主存容量。
2026-07-18 11:04:45 | INFO     |          - [条款 step_4] 得分: 0 | 理由: 基于错误的组地址位数计算，学生得出了完全错误的主存地址格式（1-11-11），与标准格式存在核心矛盾。
2026-07-18 11:04:45 | INFO     |          - [条款 step_5] 得分: 0 | 理由: 提取事实显示该部分未作答。
2026-07-18 11:04:45 | INFO     |          - [条款 step_6] 得分: 2.5 | 理由: 学生正确进行了地址的二进制转换，并得出了正确的“未命中”结论，提供了部分计算过程和正确结果。但由于缺失了基于正确地址格式的分析推理，无法获得全部分数。
2026-07-18 11:04:45 | INFO     |          - [条款 step_7] 得分: 2.5 | 理由: 学生正确识别了相关的块标记（1111 1110）并得出了正确的“命中”最终结论。然而，十六进制转换存在输入笔误，且具体推理过程基于了错误的前置格式，故给予一半的部分分数。
2026-07-18 11:04:45 | INFO     | 💾 样本 ANS_CO_687.jpg 进度已保存。
2026-07-18 11:04:45 | INFO     | ⏳ 样本间冷却 15 秒...
2026-07-18 11:05:00 | INFO     | 
👉 正在处理新样本: ANS_CO_693.jpg
2026-07-18 11:05:22 | INFO     |    ⏳ [V0 保护] 脱敏清单生成完毕，休眠 2 秒...
2026-07-18 11:05:24 | INFO     |    [单次视觉采样] 正在看图提取事实...
2026-07-18 11:05:47 | INFO     |    ⏳ [V0 保护] 视觉提取完成，准备进入打分循环，休眠 2 秒...
2026-07-18 11:05:49 | INFO     |    [第 1/3 次判决] 呼叫逻辑裁判...
2026-07-18 11:06:38 | INFO     |       ✅ [裁判亮分] 总得分: 11.0
2026-07-18 11:06:38 | INFO     |          - [条款 step_1] 得分: 2.0 | 理由: 学生明确写出了主存容量 8MB = 2^23，正确指出了对应的物理地址位数。
2026-07-18 11:06:38 | INFO     |          - [条款 step_2] 得分: 2.0 | 理由: 学生明确写出了 2KB = 2^11，得出了正确的块内偏移位数。
2026-07-18 11:06:38 | INFO     |          - [条款 step_3] 得分: 2.0 | 理由: 学生通过 32/2 = 16 组 = 2^4 组，正确推导出了 Cache 组号位数为 4 位。
2026-07-18 11:06:38 | INFO     |          - [条款 step_4] 得分: 0.0 | 理由: 学生未能写出正确的主存地址格式，且由后续步骤可知其字块标记位数计算错误（7位），存在概念性错误。
2026-07-18 11:06:38 | INFO     |          - [条款 step_5] 得分: 0.0 | 理由: 学生描述的Cache地址格式概念错误，混淆了主存地址的Tag结构与Cache地址结构，字块标记位数计算错误。
2026-07-18 11:06:38 | INFO     |          - [条款 step_6] 得分: 3.0 | 理由: 学生正确进行了二进制转换，并得出了“不能在Cache中访问”（未命中）的正确结论，但缺失了关于标记位不匹配导致未命中的具体理由分析。
2026-07-18 11:06:38 | INFO     |          - [条款 step_7] 得分: 2.0 | 理由: 学生得出了“能在Cache中访问”（命中）的正确结论，但二进制转换存在轻微计算错误（57H转成了0101 1111而非0101 0111），且缺失了具体的命中块和标记比对理由。
2026-07-18 11:06:38 | INFO     |    ⏳ [V0 保护] 判决完成，休眠 2 秒...
2026-07-18 11:06:40 | INFO     |    [第 2/3 次判决] 呼叫逻辑裁判...
2026-07-18 11:08:15 | INFO     |       ✅ [裁判亮分] 总得分: 14.0
2026-07-18 11:08:15 | INFO     |          - [条款 step_1] 得分: 2.0 | 理由: 学生明确写出主存8MB = 2^23，正确推导出物理地址为23位。
2026-07-18 11:08:15 | INFO     |          - [条款 step_2] 得分: 2.0 | 理由: 学生正确写出2KB = 2^11，对应块内偏移11位，与标准答案一致。
2026-07-18 11:08:15 | INFO     |          - [条款 step_3] 得分: 2.0 | 理由: 学生正确计算32/2=16组=2^4，组号需要4位，与标准答案一致。
2026-07-18 11:08:15 | INFO     |          - [条款 step_4] 得分: 1.0 | 理由: 学生提及了4位组号，但整体主存地址格式表述混乱（'4位组标记'、'可存块标记放在内容'），未正确给出8位标记字段。组号部分正确，标记位数缺失或错误，给部分分。
2026-07-18 11:08:15 | INFO     |          - [条款 step_5] 得分: 1.0 | 理由: 组号4位正确，但学生写'7位块标记'而非标准答案的'1位组内块号'，概念混淆。组号部分正确，组内块号部分错误，给部分分。
2026-07-18 11:08:15 | INFO     |          - [条款 step_6] 得分: 3.0 | 理由: 学生正确将地址展开为二进制并得出正确结论'不能在cache中访问'（未命中），但缺少tag比较的具体分析过程（未说明组号字段值、tag值及为何不匹配），结论正确但理由不充分，给3/5分。
2026-07-18 11:08:15 | INFO     |          - [条款 step_7] 得分: 3.0 | 理由: 学生得出正确结论'能在cache中访问'（命中），但二进制转换有末尾小错误（0101 1111应为0101 0111，属于偏移位不影响判断），且缺少tag匹配分析的具体理由。结论正确但理由不充分，给3/5分。
2026-07-18 11:08:15 | INFO     |    ⏳ [V0 保护] 判决完成，休眠 2 秒...
2026-07-18 11:08:17 | INFO     |    [第 3/3 次判决] 呼叫逻辑裁判...
2026-07-18 11:09:22 | INFO     |       ✅ [裁判亮分] 总得分: 13.0
2026-07-18 11:09:22 | INFO     |          - [条款 step_1] 得分: 2.0 | 理由: 学生明确写出 8MB = 2^23，按字节编址即对应 23 位物理地址，等价于标准答案。
2026-07-18 11:09:22 | INFO     |          - [条款 step_2] 得分: 2.0 | 理由: 学生明确写出 2KB = 2^11，对应块内偏移 11 位，与标准答案一致。
2026-07-18 11:09:22 | INFO     |          - [条款 step_3] 得分: 2.0 | 理由: 学生给出 32/2=16 组 = 2^4 组，等价推出 Cache 组号 4 位，计算与结论均正确。
2026-07-18 11:09:22 | INFO     |          - [条款 step_4] 得分: 1.0 | 理由: 学生仅明确指出 4 位组号字段正确，未明确给出 8 位字块标记与 11 位块内偏移，且 step_5 显示其认为块标记为 7 位（应为 8 位），地址格式不完整。
2026-07-18 11:09:22 | INFO     |          - [条款 step_5] 得分: 0.0 | 理由: Cache 地址格式应为 组号 4 位 | 组内块号 1 位 | 块内偏移 11 位，学生写成 4 位组 + 7 位块标记，概念上混淆了主存地址格式与 Cache 地址格式，且块标记 7 位本身也错误（23-4-11=8）。属概念性错误。
2026-07-18 11:09:22 | INFO     |          - [条款 step_6] 得分: 3.0 | 理由: 二进制展开正确，最终结论“不能在 cache 中访问”（未命中）正确；但未给出 tag 比对、组号字段或与 Cache 块编号比较的具体理由，依据 allow_semantic_split 给部分分。
2026-07-18 11:09:22 | INFO     |          - [条款 step_7] 得分: 3.0 | 理由: 最终结论“能在 cache 中访问”（命中）正确，但二进制末段存在抄写错误（应为 …0101 0111，写作 …0101 1111），且未给出 tag 与 Cache 块标记匹配的具体理由，仅命中判定部分得分。
2026-07-18 11:09:22 | INFO     | 💾 样本 ANS_CO_693.jpg 进度已保存。
2026-07-18 11:09:22 | INFO     | ⏳ 样本间冷却 15 秒...
2026-07-18 11:09:37 | INFO     | 
👉 正在处理新样本: ANS_CO_696.jpg
2026-07-18 11:10:04 | INFO     |    ⏳ [V0 保护] 脱敏清单生成完毕，休眠 2 秒...
2026-07-18 11:10:06 | INFO     |    [单次视觉采样] 正在看图提取事实...
2026-07-18 11:10:22 | INFO     |    ⏳ [V0 保护] 视觉提取完成，准备进入打分循环，休眠 2 秒...
2026-07-18 11:10:24 | INFO     |    [第 1/3 次判决] 呼叫逻辑裁判...
2026-07-18 11:11:27 | INFO     |       ✅ [裁判亮分] 总得分: 20.0
2026-07-18 11:11:27 | INFO     |          - [条款 step_1] 得分: 2.0 | 理由: The student correctly identifies that 8MB corresponds to 2^23 B and concludes the physical address requires 23 bits.
2026-07-18 11:11:27 | INFO     |          - [条款 step_2] 得分: 2.0 | 理由: The student correctly identifies the block size offset as 11 bits based on the 2KB block size.
2026-07-18 11:11:27 | INFO     |          - [条款 step_3] 得分: 2.0 | 理由: The student correctly calculates 16 groups by dividing 32 blocks by 2 ways, correctly requiring 4 bits.
2026-07-18 11:11:27 | INFO     |          - [条款 step_4] 得分: 2.0 | 理由: The student correctly derives the main memory address format with the exact correct bit allocations.
2026-07-18 11:11:27 | INFO     |          - [条款 step_5] 得分: 2.0 | 理由: The student correctly outlines the cache address format with 4, 1, and 11 bits. The naming '标记' is accepted instead of '组内块号' as the bit lengths and positional layout are entirely correct.
2026-07-18 11:11:27 | INFO     |          - [条款 step_6] 得分: 5.0 | 理由: The student correctly extracts the group number 0000 and calculates the tag bits (missing only the leading zero in 1011010) to properly conclude a cache miss.
2026-07-18 11:11:27 | INFO     |          - [条款 step_7] 得分: 5.0 | 理由: The student accurately calculates the tag bits, matches them to the correct block within the cache set, and correctly concludes a cache hit.
2026-07-18 11:11:27 | INFO     |    ⏳ [V0 保护] 判决完成，休眠 2 秒...
2026-07-18 11:11:29 | INFO     |    [第 2/3 次判决] 呼叫逻辑裁判...
2026-07-18 11:12:22 | INFO     |       ✅ [裁判亮分] 总得分: 20.0
2026-07-18 11:12:22 | INFO     |          - [条款 step_1] 得分: 2.0 | 理由: Student correctly calculates the physical address length as 23 bits from the 8MB main memory capacity.
2026-07-18 11:12:22 | INFO     |          - [条款 step_2] 得分: 2.0 | 理由: Student correctly identifies the block size as 2KB and computes the block offset length as 11 bits.
2026-07-18 11:12:22 | INFO     |          - [条款 step_3] 得分: 2.0 | 理由: Student accurately calculates the cache set number as 4 bits by dividing 32 total blocks by 2 ways per set.
2026-07-18 11:12:22 | INFO     |          - [条款 step_4] 得分: 2.0 | 理由: The main memory address format perfectly matches the standard partition: Tag (8 bits), Set Index (4 bits), and Block Offset (11 bits).
2026-07-18 11:12:22 | INFO     |          - [条款 step_5] 得分: 2.0 | 理由: The Cache address format bit allocation is completely correct (4 bits for set, 1 bit for block, 11 bits for offset).
2026-07-18 11:12:22 | INFO     |          - [条款 step_6] 得分: 5.0 | 理由: Student correctly isolates the offset and index, determines the tag (1011010), and accurately concludes that the address misses in the cache.
2026-07-18 11:12:22 | INFO     |          - [条款 step_7] 得分: 5.0 | 理由: Student correctly parses the address, finds the matching tag (11111110), identifies it with block 1, and accurately concludes a hit.
2026-07-18 11:12:22 | INFO     |    ⏳ [V0 保护] 判决完成，休眠 2 秒...
2026-07-18 11:12:24 | INFO     |    [第 3/3 次判决] 呼叫逻辑裁判...
2026-07-18 11:13:43 | INFO     |       ✅ [裁判亮分] 总得分: 20.0
2026-07-18 11:13:43 | INFO     |          - [条款 step_1] 得分: 2.0 | 理由: 学生正确地将8MB转换为2²³B并得出23位物理地址，与标准答案完全一致。
2026-07-18 11:13:43 | INFO     |          - [条款 step_2] 得分: 2.0 | 理由: 学生正确地将2KB块大小转换为2¹¹并得出11位块内偏移，与标准答案一致。
2026-07-18 11:13:43 | INFO     |          - [条款 step_3] 得分: 2.0 | 理由: 学生正确计算了32块÷2路=16组=2⁴，得出Cache组号占4位，与标准答案完全一致。
2026-07-18 11:13:43 | INFO     |          - [条款 step_4] 得分: 2.0 | 理由: 学生正确得出主存地址格式：字块标记8位、组号4位、块内地址11位，与标准答案完全匹配。
2026-07-18 11:13:43 | INFO     |          - [条款 step_5] 得分: 2.0 | 理由: 学生正确得出Cache地址格式：组号4位、标记1位（组内块号）、块内地址11位，与标准答案一致。
2026-07-18 11:13:43 | INFO     |          - [条款 step_6] 得分: 5.0 | 理由: 学生正确提取了块内地址（后11位）、组号（0000）、识别了组0中的候选块（块0和块1），并正确得出'未命中'结论。tag值1011010（=0x5A）与标准答案01011010（=0x5A）数值相同，仅省略了前导零，属于FORMAT_MINOR级别，不影响结论正确性。
2026-07-18 11:13:43 | INFO     |          - [条款 step_7] 得分: 5.0 | 理由: 学生正确提取了组号0000、tag=11111110（8位，与标准答案完全一致），正确匹配到块1，并正确得出'命中'结论。推理过程完整，与标准答案完全匹配。
2026-07-18 11:13:43 | INFO     | 💾 样本 ANS_CO_696.jpg 进度已保存。
2026-07-18 11:13:43 | INFO     | ⏳ 样本间冷却 15 秒...
2026-07-18 11:13:58 | INFO     | 
👉 正在处理新样本: ANS_CO_701.png
2026-07-18 11:14:20 | INFO     |    ⏳ [V0 保护] 脱敏清单生成完毕，休眠 2 秒...
2026-07-18 11:14:22 | INFO     |    [单次视觉采样] 正在看图提取事实...
2026-07-18 11:14:37 | INFO     |    ⏳ [V0 保护] 视觉提取完成，准备进入打分循环，休眠 2 秒...
2026-07-18 11:14:39 | INFO     |    [第 1/3 次判决] 呼叫逻辑裁判...
2026-07-18 11:14:55 | INFO     |       ✅ [裁判亮分] 总得分: 2.0
2026-07-18 11:14:55 | INFO     |          - [条款 step_1] 得分: 2.0 | 理由: 学生正确写出物理地址为23位，与标准答案一致。虽然其换算过程'8MB=1.2×10²³B'存在数值错误，但rubric仅要求明确指出物理地址总位数，结论23位正确，满足评分要求。
2026-07-18 11:14:55 | INFO     |          - [条款 step_2] 得分: 0 | 理由: 学生未书写任何与块内偏移位数相关的内容。
2026-07-18 11:14:55 | INFO     |          - [条款 step_3] 得分: 0 | 理由: 学生未书写任何与Cache组号位数相关的内容。
2026-07-18 11:14:55 | INFO     |          - [条款 step_4] 得分: 0 | 理由: 学生未书写任何与主存地址格式相关的内容。
2026-07-18 11:14:55 | INFO     |          - [条款 step_5] 得分: 0 | 理由: 学生未书写任何与Cache地址格式相关的内容。
2026-07-18 11:14:55 | INFO     |          - [条款 step_6] 得分: 0 | 理由: 学生未书写任何与地址2D07FFH命中判断相关的内容。
2026-07-18 11:14:55 | INFO     |          - [条款 step_7] 得分: 0 | 理由: 学生未书写任何与地址7F0057H命中判断相关的内容。
2026-07-18 11:14:55 | INFO     |    ⏳ [V0 保护] 判决完成，休眠 2 秒...
2026-07-18 11:14:57 | INFO     |    [第 2/3 次判决] 呼叫逻辑裁判...
2026-07-18 11:15:11 | INFO     |       ✅ [裁判亮分] 总得分: 2.0
2026-07-18 11:15:11 | INFO     |          - [条款 step_1] 得分: 2.0 | 理由: The student correctly concluded that the main memory has a total of 23 bits (主存共23位), which matches the required physical address length.
2026-07-18 11:15:11 | INFO     |          - [条款 step_2] 得分: 0 | 理由: The student did not provide an answer for this step.
2026-07-18 11:15:11 | INFO     |          - [条款 step_3] 得分: 0 | 理由: The student did not provide an answer for this step.
2026-07-18 11:15:11 | INFO     |          - [条款 step_4] 得分: 0 | 理由: The student did not provide an answer for this step.
2026-07-18 11:15:11 | INFO     |          - [条款 step_5] 得分: 0 | 理由: The student did not provide an answer for this step.
2026-07-18 11:15:11 | INFO     |          - [条款 step_6] 得分: 0 | 理由: The student did not provide an answer for this step.
2026-07-18 11:15:11 | INFO     |          - [条款 step_7] 得分: 0 | 理由: The student did not provide an answer for this step.
2026-07-18 11:15:11 | INFO     |    ⏳ [V0 保护] 判决完成，休眠 2 秒...
2026-07-18 11:15:13 | INFO     |    [第 3/3 次判决] 呼叫逻辑裁判...
2026-07-18 11:15:35 | INFO     |       ✅ [裁判亮分] 总得分: 2.0
2026-07-18 11:15:35 | INFO     |          - [条款 step_1] 得分: 2.0 | 理由: 学生明确指出了物理地址总位数为 23 位。虽然 8MB=1.2×10²³B 的推导过程存在书写或识别错误，但最终的物理地址位数结论完全正确，符合评分标准。
2026-07-18 11:15:35 | INFO     |          - [条款 step_2] 得分: 0 | 理由: 提取内容显示学生未书写该步骤，未提供块内偏移位数的信息。
2026-07-18 11:15:35 | INFO     |          - [条款 step_3] 得分: 0 | 理由: 提取内容显示学生未书写该步骤，未提供Cache组号位数的信息。
2026-07-18 11:15:35 | INFO     |          - [条款 step_4] 得分: 0 | 理由: 提取内容显示学生未书写该步骤，未提供主存地址格式。
2026-07-18 11:15:35 | INFO     |          - [条款 step_5] 得分: 0 | 理由: 提取内容显示学生未书写该步骤，未提供Cache地址格式。
2026-07-18 11:15:35 | INFO     |          - [条款 step_6] 得分: 0 | 理由: 提取内容显示学生未书写该步骤，未提供对地址 2D07FFH 的命中判断。
2026-07-18 11:15:35 | INFO     |          - [条款 step_7] 得分: 0 | 理由: 提取内容显示学生未书写该步骤，未提供对地址 7F0057H 的命中判断。
2026-07-18 11:15:35 | INFO     | 💾 样本 ANS_CO_701.png 进度已保存。
2026-07-18 11:15:35 | INFO     | ⏳ 样本间冷却 15 秒...
2026-07-18 11:15:50 | INFO     | 
📊 采样完成。平均方差: 1.2889
2026-07-18 11:15:50 | INFO     | Item-level variance: avg=0.0698, max=0.6667
2026-07-18 11:15:50 | WARNING  | ⚠️ 方差超标！开始基于高方差样本修正标准...
2026-07-18 11:15:50 | INFO     | 🔧 [规则修正] 正在基于 3 份精选样本优化规则...
2026-07-18 11:15:50 | INFO     | [rubric structure] mandatory high-value split targets: [{"parent_id": "step_6", "parent_points": 5.0, "current_scoring_children": 1, "minimum_scoring_children": 2, "weighting_policy": "equal_atomic"}, {"parent_id": "step_7", "parent_points": 5.0, "current_scoring_children": 1, "minimum_scoring_children": 2, "weighting_policy": "equal_atomic"}]
2026-07-18 11:18:37 | INFO     | 🎉 修正后的最终标准已通过总分与语义契约校验。
2026-07-18 11:18:37 | INFO     | [rubric manifest] saved: D:\users\王鑫020420\Desktop\refgrader-main\data\csbench\rubrics\manifests\CO\CO_4_optimization.json
2026-07-18 11:18:37 | INFO     | 
🏆 任务完成！
