2026-07-18 02:12:13 | INFO     | ==================================================
2026-07-18 02:12:13 | INFO     | 📂 正在加载试卷数据库...
2026-07-18 02:12:13 | INFO     |    运行模式: FULL
2026-07-18 02:12:13 | INFO     |    题目范围: ['CO_4']
2026-07-18 02:12:13 | INFO     |    文本模型: glm5 -> glm-5.1
2026-07-18 02:12:13 | INFO     |    提取后端: csbench_hybrid
2026-07-18 02:12:13 | INFO     |    题库文件: D:\users\王鑫020420\Desktop\refgrader-main\data\csbench\exam_database.json
2026-07-18 02:12:13 | INFO     |    教师分文件: D:\users\王鑫020420\Desktop\refgrader-main\data\csbench\teacher_scores.json
2026-07-18 02:12:13 | INFO     |    答案元数据: D:\users\王鑫020420\Desktop\refgrader-main\data\csbench\answer_metadata.jsonl
2026-07-18 02:12:13 | INFO     |    并发数:   2
2026-07-18 02:12:13 | INFO     |    结果目录: D:\users\王鑫020420\Desktop\refgrader-main\results_runs\csbench_co4_full\runs\20260718_021211
2026-07-18 02:12:13 | INFO     |    Rubric目录: D:\users\王鑫020420\Desktop\refgrader-main\data\csbench\rubrics\optimized
2026-07-18 02:12:13 | INFO     |    初始Rubric目录: D:\users\王鑫020420\Desktop\refgrader-main\data\csbench\rubrics\initial
2026-07-18 02:12:13 | INFO     |    允许回退初始Rubric: False
2026-07-18 02:12:13 | INFO     |    进度文件: D:\users\王鑫020420\Desktop\refgrader-main\results_runs\csbench_co4_full\runs\20260718_021211\progress.json
2026-07-18 02:12:13 | INFO     |    日志文件: logs\experiment_20260718_021211.log
2026-07-18 02:12:13 | INFO     | 🚀 当前处于【精准批改模式】
2026-07-18 02:12:13 | INFO     | 
🚀 [标准模式] 开始处理: CO_4
2026-07-18 02:12:13 | INFO     | ⚡ 已加载本地标准: D:\users\王鑫020420\Desktop\refgrader-main\data\csbench\rubrics\optimized\CO\CO_4_rubric_standard.json
2026-07-18 02:12:13 | INFO     | [metadata] loaded 3326 answer records from D:\users\王鑫020420\Desktop\refgrader-main\data\csbench\answer_metadata.jsonl
2026-07-18 02:12:13 | INFO     | [PaddleOCR] preparing 21/68 visual-answer cache entries...
2026-07-18 02:12:17 | INFO     | [1/1] cache hit: ANS_CO_656.jpg
summary: completed=0, skipped=1, failed=0
2026-07-18 02:12:21 | INFO     | [1/1] cache hit: ANS_CO_659.jpg
summary: completed=0, skipped=1, failed=0
2026-07-18 02:12:24 | INFO     | [1/1] cache hit: ANS_CO_668.jpg
summary: completed=0, skipped=1, failed=0
2026-07-18 02:12:28 | INFO     | [1/1] cache hit: ANS_CO_670.jpg
summary: completed=0, skipped=1, failed=0
2026-07-18 02:12:32 | INFO     | [1/1] cache hit: ANS_CO_675.jpg
summary: completed=0, skipped=1, failed=0
2026-07-18 02:12:35 | INFO     | [1/1] cache hit: ANS_CO_678.jpg
summary: completed=0, skipped=1, failed=0
2026-07-18 02:12:39 | INFO     | [1/1] cache hit: ANS_CO_681.jpg
summary: completed=0, skipped=1, failed=0
2026-07-18 02:12:42 | INFO     | [1/1] cache hit: ANS_CO_683.jpg
summary: completed=0, skipped=1, failed=0
2026-07-18 02:12:46 | INFO     | [1/1] cache hit: ANS_CO_689.jpg
summary: completed=0, skipped=1, failed=0
2026-07-18 02:12:50 | INFO     | [1/1] cache hit: ANS_CO_692.jpg
summary: completed=0, skipped=1, failed=0
2026-07-18 02:12:53 | INFO     | [1/1] cache hit: ANS_CO_703.png
summary: completed=0, skipped=1, failed=0
2026-07-18 02:12:57 | INFO     | [1/1] cache hit: ANS_CO_709.png
summary: completed=0, skipped=1, failed=0
2026-07-18 02:13:00 | INFO     | [1/1] cache hit: ANS_CO_715.png
summary: completed=0, skipped=1, failed=0
2026-07-18 02:13:04 | INFO     | [1/1] cache hit: ANS_CO_720.png
summary: completed=0, skipped=1, failed=0
2026-07-18 02:13:07 | INFO     | [1/1] cache hit: ANS_CO_725.png
summary: completed=0, skipped=1, failed=0
2026-07-18 02:13:11 | INFO     | [1/1] cache hit: ANS_CO_730.png
summary: completed=0, skipped=1, failed=0
2026-07-18 02:13:15 | INFO     | [1/1] cache hit: ANS_CO_738.png
summary: completed=0, skipped=1, failed=0
2026-07-18 02:13:18 | INFO     | [1/1] cache hit: ANS_CO_741.png
summary: completed=0, skipped=1, failed=0
2026-07-18 02:13:22 | INFO     | [1/1] cache hit: ANS_CO_752.png
summary: completed=0, skipped=1, failed=0
2026-07-18 02:13:25 | INFO     | [1/1] cache hit: ANS_CO_754.png
summary: completed=0, skipped=1, failed=0
2026-07-18 02:13:29 | INFO     | [1/1] cache hit: ANS_CO_759.png
summary: completed=0, skipped=1, failed=0
2026-07-18 02:14:01 | INFO     | ⚡ 脱敏清单已预生成，68 名学生共享复用。
2026-07-18 02:14:01 | INFO     | 🏃 开始批改 68 张试卷 (⚡ 开启多线程模式)...
2026-07-18 02:14:01 | INFO     | ⏳ [主线程] 已提交 68 个任务，等待结果回收...
2026-07-18 02:14:01 | INFO     | 📦 成功加载教师真实成绩单数据库！共包含 3326 名考生的数据。
2026-07-18 02:14:01 | INFO     | 📦 成功加载教师真实成绩单数据库！共包含 3326 名考生的数据。
2026-07-18 02:14:01 | INFO     | 
🔍 [正在处理] ANS_CO_646 | 启动 3WD 流水线...
2026-07-18 02:14:01 | INFO     | 
🔍 [正在处理] ANS_CO_645 | 启动 3WD 流水线...
2026-07-18 02:18:21 | INFO     | ✅ [批改完成] ANS_CO_645 | 路由: BND | 最终分: 4.55 | 风险: P0.34/U0.02/F0.20/H0/L0 | 提取质量: 🟢high | 留白率: 43% | 低质量率: 0%
2026-07-18 02:18:21 | INFO     | 
🔍 [正在处理] ANS_CO_651 | 启动 3WD 流水线...
2026-07-18 02:18:21 | INFO     | 📢 [总进度] 1/68 份试卷已归档。
2026-07-18 02:21:33 | INFO     | ✅ [批改完成] ANS_CO_651 | 路由: BND | 最终分: 19.7 | 风险: P0.00/U0.02/F0.00/H0/L0 | 提取质量: 🟢high | 留白率: 0% | 低质量率: 0%
2026-07-18 02:21:33 | INFO     | 
🔍 [正在处理] ANS_CO_652 | 启动 3WD 流水线...
2026-07-18 02:21:33 | INFO     | 📢 [总进度] 2/68 份试卷已归档。
2026-07-18 02:21:35 | INFO     | ✅ [批改完成] ANS_CO_646 | 路由: BND | 最终分: 4.0 | 风险: P0.27/U0.07/F0.00/H0/L1 | 提取质量: 🟢high | 留白率: 29% | 低质量率: 0%
2026-07-18 02:21:35 | INFO     | 
🔍 [正在处理] ANS_CO_653 | 启动 3WD 流水线...
2026-07-18 02:21:35 | INFO     | 📢 [总进度] 3/68 份试卷已归档。
2026-07-18 02:24:28 | INFO     | ✅ [批改完成] ANS_CO_652 | 路由: POS | 最终分: 18.7 | 风险: P0.00/U0.02/F0.00/H0/L0 | 提取质量: 🟢high | 留白率: 0% | 低质量率: 0%
2026-07-18 02:24:28 | INFO     | 
🔍 [正在处理] ANS_CO_656 | 启动 3WD 流水线...
2026-07-18 02:24:28 | INFO     | 📢 [总进度] 4/68 份试卷已归档。
2026-07-18 02:32:06 | INFO     | ✅ [批改完成] ANS_CO_656 | 路由: POS | 最终分: 7.3 | 风险: P0.00/U0.01/F0.30/H0/L1 | 提取质量: 🟢high | 留白率: 0% | 低质量率: 0%
2026-07-18 02:32:06 | INFO     | 
🔍 [正在处理] ANS_CO_659 | 启动 3WD 流水线...
2026-07-18 02:32:06 | INFO     | 📢 [总进度] 5/68 份试卷已归档。
2026-07-18 02:39:23 | INFO     | ✅ [批改完成] ANS_CO_659 | 路由: BND | 最终分: 16.95 | 风险: P0.00/U0.05/F0.00/H0/L0 | 提取质量: 🟢high | 留白率: 0% | 低质量率: 0%
2026-07-18 02:39:23 | INFO     | 
🔍 [正在处理] ANS_CO_660 | 启动 3WD 流水线...
2026-07-18 02:39:23 | INFO     | 📢 [总进度] 6/68 份试卷已归档。
2026-07-18 02:45:35 | INFO     | ✅ [批改完成] ANS_CO_660 | 路由: BND | 最终分: 13.0 | 风险: P0.00/U0.04/F0.00/H0/L0 | 提取质量: 🟢high | 留白率: 0% | 低质量率: 0%
2026-07-18 02:45:35 | INFO     | 
🔍 [正在处理] ANS_CO_661 | 启动 3WD 流水线...
2026-07-18 02:45:35 | INFO     | 📢 [总进度] 7/68 份试卷已归档。
2026-07-18 02:45:41 | INFO     | ✅ [批改完成] ANS_CO_653 | 路由: BND | 最终分: 6.38 | 风险: P0.11/U0.07/F0.35/H0/L1 | 提取质量: 🟢high | 留白率: 14% | 低质量率: 0%
2026-07-18 02:45:41 | INFO     | 
🔍 [正在处理] ANS_CO_662 | 启动 3WD 流水线...
2026-07-18 02:45:41 | INFO     | 📢 [总进度] 8/68 份试卷已归档。
2026-07-18 02:52:59 | INFO     | ✅ [批改完成] ANS_CO_662 | 路由: BND | 最终分: 14.8 | 风险: P0.00/U0.03/F0.00/H0/L0 | 提取质量: 🟢high | 留白率: 0% | 低质量率: 0%
2026-07-18 02:52:59 | INFO     | 
🔍 [正在处理] ANS_CO_663 | 启动 3WD 流水线...
2026-07-18 02:52:59 | INFO     | 📢 [总进度] 9/68 份试卷已归档。
2026-07-18 02:54:51 | INFO     | ✅ [批改完成] ANS_CO_661 | 路由: BND | 最终分: 10.7 | 风险: P0.11/U0.05/F0.10/H0/L0 | 提取质量: 🟢high | 留白率: 14% | 低质量率: 0%
2026-07-18 02:54:51 | INFO     | 
🔍 [正在处理] ANS_CO_664 | 启动 3WD 流水线...
2026-07-18 02:54:51 | INFO     | 📢 [总进度] 10/68 份试卷已归档。
2026-07-18 02:58:14 | INFO     | ✅ [批改完成] ANS_CO_663 | 路由: BND | 最终分: 8.05 | 风险: P0.00/U0.02/F0.30/H0/L1 | 提取质量: 🟢high | 留白率: 0% | 低质量率: 0%
2026-07-18 02:58:14 | INFO     | 
🔍 [正在处理] ANS_CO_665 | 启动 3WD 流水线...
2026-07-18 02:58:14 | INFO     | 📢 [总进度] 11/68 份试卷已归档。
2026-07-18 03:02:47 | INFO     | ✅ [批改完成] ANS_CO_664 | 路由: BND | 最终分: 12.3 | 风险: P0.11/U0.05/F0.00/H0/L0 | 提取质量: 🟢high | 留白率: 14% | 低质量率: 0%
2026-07-18 03:02:47 | INFO     | 
🔍 [正在处理] ANS_CO_666 | 启动 3WD 流水线...
2026-07-18 03:02:47 | INFO     | 📢 [总进度] 12/68 份试卷已归档。
2026-07-18 03:04:30 | INFO     | ✅ [批改完成] ANS_CO_665 | 路由: BND | 最终分: 3.3 | 风险: P0.00/U0.05/F1.00/H0/L1 | 提取质量: 🟢high | 留白率: 0% | 低质量率: 0%
2026-07-18 03:04:30 | INFO     | 
🔍 [正在处理] ANS_CO_667 | 启动 3WD 流水线...
2026-07-18 03:04:30 | INFO     | 📢 [总进度] 13/68 份试卷已归档。
2026-07-18 03:06:40 | INFO     | ✅ [批改完成] ANS_CO_667 | 路由: POS | 最终分: 14.7 | 风险: P0.00/U0.02/F0.00/H0/L0 | 提取质量: 🟢high | 留白率: 0% | 低质量率: 0%
2026-07-18 03:06:40 | INFO     | 
🔍 [正在处理] ANS_CO_668 | 启动 3WD 流水线...
2026-07-18 03:06:40 | INFO     | 📢 [总进度] 14/68 份试卷已归档。
2026-07-18 03:14:51 | INFO     | ✅ [批改完成] ANS_CO_668 | 路由: POS | 最终分: 20.0 | 风险: P0.00/U0.00/F0.00/H0/L0 | 提取质量: 🟢high | 留白率: 0% | 低质量率: 0%
2026-07-18 03:14:51 | INFO     | 
🔍 [正在处理] ANS_CO_670 | 启动 3WD 流水线...
2026-07-18 03:14:51 | INFO     | 📢 [总进度] 15/68 份试卷已归档。
2026-07-18 03:24:52 | INFO     | ✅ [批改完成] ANS_CO_666 | 路由: BND | 最终分: 7.3 | 风险: P0.34/U0.05/F0.00/H0/L0 | 提取质量: 🟢high | 留白率: 43% | 低质量率: 0%
2026-07-18 03:24:52 | INFO     | 
🔍 [正在处理] ANS_CO_672 | 启动 3WD 流水线...
2026-07-18 03:24:52 | INFO     | 📢 [总进度] 16/68 份试卷已归档。
2026-07-18 03:32:33 | INFO     | ✅ [批改完成] ANS_CO_670 | 路由: BND | 最终分: 17.0 | 风险: P0.00/U0.07/F0.00/H0/L0 | 提取质量: 🟢high | 留白率: 0% | 低质量率: 0%
2026-07-18 03:32:33 | INFO     | 
🔍 [正在处理] ANS_CO_673 | 启动 3WD 流水线...
2026-07-18 03:32:33 | INFO     | 📢 [总进度] 17/68 份试卷已归档。
2026-07-18 03:34:35 | INFO     | ✅ [批改完成] ANS_CO_673 | 路由: POS | 最终分: 20.0 | 风险: P0.00/U0.00/F0.00/H0/L0 | 提取质量: 🟢high | 留白率: 0% | 低质量率: 0%
2026-07-18 03:34:35 | INFO     | 
🔍 [正在处理] ANS_CO_674 | 启动 3WD 流水线...
2026-07-18 03:34:35 | INFO     | 📢 [总进度] 18/68 份试卷已归档。
2026-07-18 03:37:18 | INFO     | ✅ [批改完成] ANS_CO_672 | 路由: BND | 最终分: 19.7 | 风险: P0.00/U0.02/F0.00/H0/L0 | 提取质量: 🟢high | 留白率: 0% | 低质量率: 0%
2026-07-18 03:37:18 | INFO     | 
🔍 [正在处理] ANS_CO_675 | 启动 3WD 流水线...
2026-07-18 03:37:18 | INFO     | 📢 [总进度] 19/68 份试卷已归档。
2026-07-18 03:40:40 | INFO     | ✅ [批改完成] ANS_CO_674 | 路由: BND | 最终分: 7.3 | 风险: P0.23/U0.02/F0.35/H0/L1 | 提取质量: 🟢high | 留白率: 29% | 低质量率: 0%
2026-07-18 03:40:40 | INFO     | 
🔍 [正在处理] ANS_CO_678 | 启动 3WD 流水线...
2026-07-18 03:40:40 | INFO     | 📢 [总进度] 20/68 份试卷已归档。
2026-07-18 03:42:55 | INFO     | ✅ [批改完成] ANS_CO_675 | 路由: POS | 最终分: 17.8 | 风险: P0.00/U0.01/F0.00/H0/L0 | 提取质量: 🟢high | 留白率: 0% | 低质量率: 0%
2026-07-18 03:42:55 | INFO     | 
🔍 [正在处理] ANS_CO_679 | 启动 3WD 流水线...
2026-07-18 03:42:55 | INFO     | 📢 [总进度] 21/68 份试卷已归档。
2026-07-18 03:47:41 | INFO     | ✅ [批改完成] ANS_CO_679 | 路由: BND | 最终分: 14.2 | 风险: P0.00/U0.05/F0.00/H0/L0 | 提取质量: 🟢high | 留白率: 0% | 低质量率: 0%
2026-07-18 03:47:41 | INFO     | 
🔍 [正在处理] ANS_CO_681 | 启动 3WD 流水线...
2026-07-18 03:47:41 | INFO     | 📢 [总进度] 22/68 份试卷已归档。
2026-07-18 03:51:02 | INFO     | ✅ [批改完成] ANS_CO_678 | 路由: BND | 最终分: 8.7 | 风险: P0.00/U0.06/F0.50/H0/L1 | 提取质量: 🟢high | 留白率: 0% | 低质量率: 0%
2026-07-18 03:51:02 | INFO     | 
🔍 [正在处理] ANS_CO_683 | 启动 3WD 流水线...
2026-07-18 03:51:02 | INFO     | 📢 [总进度] 23/68 份试卷已归档。
2026-07-18 03:54:03 | INFO     | ✅ [批改完成] ANS_CO_681 | 路由: POS | 最终分: 17.5 | 风险: P0.00/U0.02/F0.00/H0/L0 | 提取质量: 🟢high | 留白率: 0% | 低质量率: 0%
2026-07-18 03:54:03 | INFO     | 
🔍 [正在处理] ANS_CO_685 | 启动 3WD 流水线...
2026-07-18 03:54:03 | INFO     | 📢 [总进度] 24/68 份试卷已归档。
2026-07-18 04:00:43 | INFO     | ✅ [批改完成] ANS_CO_683 | 路由: BND | 最终分: 12.0 | 风险: P0.00/U0.05/F0.25/H0/L0 | 提取质量: 🟢high | 留白率: 0% | 低质量率: 0%
2026-07-18 04:00:43 | INFO     | 
🔍 [正在处理] ANS_CO_688 | 启动 3WD 流水线...
2026-07-18 04:00:43 | INFO     | 📢 [总进度] 25/68 份试卷已归档。
2026-07-18 04:06:57 | INFO     | ✅ [批改完成] ANS_CO_688 | 路由: BND | 最终分: 6.3 | 风险: P0.16/U0.09/F0.20/H0/L1 | 提取质量: 🟢high | 留白率: 14% | 低质量率: 0%
2026-07-18 04:06:57 | INFO     | 
🔍 [正在处理] ANS_CO_689 | 启动 3WD 流水线...
2026-07-18 04:06:57 | INFO     | 📢 [总进度] 26/68 份试卷已归档。
2026-07-18 04:14:25 | INFO     | ✅ [批改完成] ANS_CO_689 | 路由: BND | 最终分: 17.55 | 风险: P0.00/U0.02/F0.10/H0/L0 | 提取质量: 🟢high | 留白率: 0% | 低质量率: 0%
2026-07-18 04:14:25 | INFO     | 
🔍 [正在处理] ANS_CO_692 | 启动 3WD 流水线...
2026-07-18 04:14:25 | INFO     | 📢 [总进度] 27/68 份试卷已归档。
2026-07-18 04:24:21 | INFO     | ✅ [批改完成] ANS_CO_692 | 路由: BND | 最终分: 18.7 | 风险: P0.00/U0.02/F0.00/H0/L0 | 提取质量: 🟢high | 留白率: 0% | 低质量率: 0%
2026-07-18 04:24:21 | INFO     | 
🔍 [正在处理] ANS_CO_695 | 启动 3WD 流水线...
2026-07-18 04:24:21 | INFO     | 📢 [总进度] 28/68 份试卷已归档。
2026-07-18 04:25:46 | INFO     | ✅ [批改完成] ANS_CO_685 | 路由: BND | 最终分: 2.12 | 风险: P0.16/U0.05/F0.30/H0/L1 | 提取质量: 🟢high | 留白率: 14% | 低质量率: 0%
2026-07-18 04:25:46 | INFO     | 
🔍 [正在处理] ANS_CO_697 | 启动 3WD 流水线...
2026-07-18 04:25:46 | INFO     | 📢 [总进度] 29/68 份试卷已归档。
2026-07-18 04:28:44 | INFO     | ✅ [批改完成] ANS_CO_697 | 路由: POS | 最终分: 12.7 | 风险: P0.00/U0.02/F0.10/H0/L0 | 提取质量: 🟢high | 留白率: 0% | 低质量率: 0%
2026-07-18 04:28:44 | INFO     | 
🔍 [正在处理] ANS_CO_698 | 启动 3WD 流水线...
2026-07-18 04:28:44 | INFO     | 📢 [总进度] 30/68 份试卷已归档。
2026-07-18 04:33:25 | INFO     | ✅ [批改完成] ANS_CO_695 | 路由: BND | 最终分: 13.5 | 风险: P0.11/U0.05/F0.00/H0/L0 | 提取质量: 🟢high | 留白率: 14% | 低质量率: 0%
2026-07-18 04:33:25 | INFO     | 
🔍 [正在处理] ANS_CO_699 | 启动 3WD 流水线...
2026-07-18 04:33:25 | INFO     | 📢 [总进度] 31/68 份试卷已归档。
2026-07-18 04:34:20 | INFO     | ✅ [批改完成] ANS_CO_699 | 路由: BND | 最终分: 0 | 风险: P0.80/U0.00/F0.00/H0/L0 | 提取质量: 🟡low | 留白率: 100% | 低质量率: 0%
2026-07-18 04:34:20 | INFO     | 
🔍 [正在处理] ANS_CO_700 | 启动 3WD 流水线...
2026-07-18 04:34:20 | INFO     | 📢 [总进度] 32/68 份试卷已归档。
2026-07-18 04:34:29 | INFO     | ✅ [批改完成] ANS_CO_698 | 路由: BND | 最终分: 6.3 | 风险: P0.46/U0.09/F0.10/H0/L0 | 提取质量: 🟡low | 留白率: 57% | 低质量率: 0%
2026-07-18 04:34:29 | INFO     | 
🔍 [正在处理] ANS_CO_703 | 启动 3WD 流水线...
2026-07-18 04:34:29 | INFO     | 📢 [总进度] 33/68 份试卷已归档。
2026-07-18 04:38:49 | INFO     | ✅ [批改完成] ANS_CO_700 | 路由: BND | 最终分: 12.2 | 风险: P0.00/U0.03/F0.25/H0/L0 | 提取质量: 🟢high | 留白率: 0% | 低质量率: 0%
2026-07-18 04:38:49 | INFO     | 
🔍 [正在处理] ANS_CO_704 | 启动 3WD 流水线...
2026-07-18 04:38:49 | INFO     | 📢 [总进度] 34/68 份试卷已归档。
2026-07-18 04:41:16 | INFO     | ✅ [批改完成] ANS_CO_704 | 路由: BND | 最终分: 2.3 | 风险: P0.57/U0.01/F0.25/H0/L0 | 提取质量: 🟡low | 留白率: 71% | 低质量率: 0%
2026-07-18 04:41:16 | INFO     | 
🔍 [正在处理] ANS_CO_708 | 启动 3WD 流水线...
2026-07-18 04:41:16 | INFO     | 📢 [总进度] 35/68 份试卷已归档。
2026-07-18 04:41:34 | INFO     | ✅ [批改完成] ANS_CO_703 | 路由: POS | 最终分: 7.0 | 风险: P0.09/U0.00/F0.35/H0/L1 | 提取质量: 🟢high | 留白率: 0% | 低质量率: 0%
2026-07-18 04:41:34 | INFO     | 
🔍 [正在处理] ANS_CO_709 | 启动 3WD 流水线...
2026-07-18 04:41:34 | INFO     | 📢 [总进度] 36/68 份试卷已归档。
2026-07-18 04:43:25 | INFO     | ✅ [批改完成] ANS_CO_708 | 路由: BND | 最终分: 13.0 | 风险: P0.20/U0.00/F0.00/H0/L0 | 提取质量: 🟢high | 留白率: 14% | 低质量率: 0%
2026-07-18 04:43:25 | INFO     | 
🔍 [正在处理] ANS_CO_714 | 启动 3WD 流水线...
2026-07-18 04:43:25 | INFO     | 📢 [总进度] 37/68 份试卷已归档。
2026-07-18 04:46:50 | INFO     | ✅ [批改完成] ANS_CO_714 | 路由: BND | 最终分: 17.3 | 风险: P0.00/U0.12/F0.00/H0/L0 | 提取质量: 🟢high | 留白率: 0% | 低质量率: 0%
2026-07-18 04:46:50 | INFO     | 
🔍 [正在处理] ANS_CO_715 | 启动 3WD 流水线...
2026-07-18 04:46:50 | INFO     | 📢 [总进度] 38/68 份试卷已归档。
2026-07-18 04:47:57 | INFO     | ✅ [批改完成] ANS_CO_709 | 路由: POS | 最终分: 17.3 | 风险: P0.00/U0.02/F0.10/H0/L0 | 提取质量: 🟢high | 留白率: 0% | 低质量率: 0%
2026-07-18 04:47:57 | INFO     | 
🔍 [正在处理] ANS_CO_717 | 启动 3WD 流水线...
2026-07-18 04:47:57 | INFO     | 📢 [总进度] 39/68 份试卷已归档。
2026-07-18 04:51:57 | INFO     | ✅ [批改完成] ANS_CO_715 | 路由: POS | 最终分: 19.0 | 风险: P0.00/U0.00/F0.00/H0/L0 | 提取质量: 🟢high | 留白率: 0% | 低质量率: 0%
2026-07-18 04:51:57 | INFO     | 
🔍 [正在处理] ANS_CO_719 | 启动 3WD 流水线...
2026-07-18 04:51:57 | INFO     | 📢 [总进度] 40/68 份试卷已归档。
2026-07-18 04:53:03 | INFO     | ✅ [批改完成] ANS_CO_717 | 路由: POS | 最终分: 14.0 | 风险: P0.11/U0.00/F0.00/H0/L0 | 提取质量: 🟢high | 留白率: 14% | 低质量率: 0%
2026-07-18 04:53:03 | INFO     | 
🔍 [正在处理] ANS_CO_720 | 启动 3WD 流水线...
2026-07-18 04:53:03 | INFO     | 📢 [总进度] 41/68 份试卷已归档。
2026-07-18 04:56:59 | INFO     | ✅ [批改完成] ANS_CO_719 | 路由: BND | 最终分: 10.3 | 风险: P0.00/U0.06/F0.25/H0/L1 | 提取质量: 🟢high | 留白率: 0% | 低质量率: 0%
2026-07-18 04:56:59 | INFO     | 
🔍 [正在处理] ANS_CO_721 | 启动 3WD 流水线...
2026-07-18 04:56:59 | INFO     | 📢 [总进度] 42/68 份试卷已归档。
2026-07-18 05:00:51 | INFO     | ✅ [批改完成] ANS_CO_720 | 路由: BND | 最终分: 15.82 | 风险: P0.00/U0.05/F0.00/H0/L0 | 提取质量: 🟢high | 留白率: 0% | 低质量率: 0%
2026-07-18 05:00:51 | INFO     | 
🔍 [正在处理] ANS_CO_722 | 启动 3WD 流水线...
2026-07-18 05:00:51 | INFO     | 📢 [总进度] 43/68 份试卷已归档。
2026-07-18 05:01:09 | INFO     | ✅ [批改完成] ANS_CO_721 | 路由: BND | 最终分: 12.3 | 风险: P0.11/U0.02/F0.00/H0/L0 | 提取质量: 🟢high | 留白率: 14% | 低质量率: 0%
2026-07-18 05:01:09 | INFO     | 
🔍 [正在处理] ANS_CO_725 | 启动 3WD 流水线...
2026-07-18 05:01:09 | INFO     | 📢 [总进度] 44/68 份试卷已归档。
2026-07-18 05:07:34 | INFO     | ✅ [批改完成] ANS_CO_725 | 路由: BND | 最终分: 14.8 | 风险: P0.09/U0.01/F0.00/H0/L0 | 提取质量: 🟢high | 留白率: 0% | 低质量率: 0%
2026-07-18 05:07:34 | INFO     | 
🔍 [正在处理] ANS_CO_727 | 启动 3WD 流水线...
2026-07-18 05:07:34 | INFO     | 📢 [总进度] 45/68 份试卷已归档。
2026-07-18 05:07:38 | INFO     | ✅ [批改完成] ANS_CO_722 | 路由: BND | 最终分: 19.8 | 风险: P0.00/U0.07/F0.00/H0/L0 | 提取质量: 🟢high | 留白率: 0% | 低质量率: 0%
2026-07-18 05:07:38 | INFO     | 
🔍 [正在处理] ANS_CO_730 | 启动 3WD 流水线...
2026-07-18 05:07:38 | INFO     | 📢 [总进度] 46/68 份试卷已归档。
2026-07-18 05:09:38 | INFO     | ✅ [批改完成] ANS_CO_727 | 路由: POS | 最终分: 7.0 | 风险: P0.34/U0.00/F0.10/H0/L0 | 提取质量: 🟢high | 留白率: 43% | 低质量率: 0%
2026-07-18 05:09:38 | INFO     | 
🔍 [正在处理] ANS_CO_731 | 启动 3WD 流水线...
2026-07-18 05:09:38 | INFO     | 📢 [总进度] 47/68 份试卷已归档。
2026-07-18 05:13:03 | INFO     | ✅ [批改完成] ANS_CO_731 | 路由: BND | 最终分: 7.0 | 风险: P0.20/U0.04/F0.10/H0/L1 | 提取质量: 🟢high | 留白率: 14% | 低质量率: 0%
2026-07-18 05:13:03 | INFO     | 
🔍 [正在处理] ANS_CO_732 | 启动 3WD 流水线...
2026-07-18 05:13:03 | INFO     | 📢 [总进度] 48/68 份试卷已归档。
2026-07-18 05:17:09 | INFO     | ✅ [批改完成] ANS_CO_732 | 路由: POS | 最终分: 16.3 | 风险: P0.00/U0.02/F0.10/H0/L0 | 提取质量: 🟢high | 留白率: 0% | 低质量率: 0%
2026-07-18 05:17:09 | INFO     | 
🔍 [正在处理] ANS_CO_735 | 启动 3WD 流水线...
2026-07-18 05:17:09 | INFO     | 📢 [总进度] 49/68 份试卷已归档。
2026-07-18 05:18:33 | INFO     | ✅ [批改完成] ANS_CO_735 | 路由: POS | 最终分: 20.0 | 风险: P0.00/U0.00/F0.00/H0/L0 | 提取质量: 🟢high | 留白率: 0% | 低质量率: 0%
2026-07-18 05:18:33 | INFO     | 
🔍 [正在处理] ANS_CO_737 | 启动 3WD 流水线...
2026-07-18 05:18:33 | INFO     | 📢 [总进度] 50/68 份试卷已归档。
2026-07-18 05:22:16 | INFO     | ✅ [批改完成] ANS_CO_737 | 路由: BND | 最终分: 15.8 | 风险: P0.00/U0.12/F0.00/H0/L0 | 提取质量: 🟢high | 留白率: 0% | 低质量率: 0%
2026-07-18 05:22:16 | INFO     | 
🔍 [正在处理] ANS_CO_738 | 启动 3WD 流水线...
2026-07-18 05:22:16 | INFO     | 📢 [总进度] 51/68 份试卷已归档。
2026-07-18 05:28:06 | INFO     | ✅ [批改完成] ANS_CO_738 | 路由: BND | 最终分: 18.2 | 风险: P0.00/U0.03/F0.00/H0/L0 | 提取质量: 🟢high | 留白率: 0% | 低质量率: 0%
2026-07-18 05:28:06 | INFO     | 
🔍 [正在处理] ANS_CO_740 | 启动 3WD 流水线...
2026-07-18 05:28:06 | INFO     | 📢 [总进度] 52/68 份试卷已归档。
2026-07-18 05:30:38 | INFO     | ✅ [批改完成] ANS_CO_740 | 路由: BND | 最终分: 1.55 | 风险: P0.34/U0.02/F0.60/H0/L0 | 提取质量: 🟢high | 留白率: 43% | 低质量率: 0%
2026-07-18 05:30:38 | INFO     | 
🔍 [正在处理] ANS_CO_741 | 启动 3WD 流水线...
2026-07-18 05:30:38 | INFO     | 📢 [总进度] 53/68 份试卷已归档。
2026-07-18 05:40:34 | INFO     | ✅ [批改完成] ANS_CO_741 | 路由: BND | 最终分: 17.3 | 风险: P0.16/U0.02/F0.00/H0/L0 | 提取质量: 🟢high | 留白率: 14% | 低质量率: 0%
2026-07-18 05:40:34 | INFO     | 
🔍 [正在处理] ANS_CO_742 | 启动 3WD 流水线...
2026-07-18 05:40:34 | INFO     | 📢 [总进度] 54/68 份试卷已归档。
2026-07-18 05:43:44 | INFO     | ✅ [批改完成] ANS_CO_742 | 路由: POS | 最终分: 6.5 | 风险: P0.23/U0.00/F0.35/H0/L1 | 提取质量: 🟢high | 留白率: 29% | 低质量率: 0%
2026-07-18 05:43:44 | INFO     | 
🔍 [正在处理] ANS_CO_743 | 启动 3WD 流水线...
2026-07-18 05:43:44 | INFO     | 📢 [总进度] 55/68 份试卷已归档。
2026-07-18 05:45:23 | INFO     | ✅ [批改完成] ANS_CO_743 | 路由: BND | 最终分: 0 | 风险: P0.57/U0.00/F0.20/H0/L0 | 提取质量: 🟡low | 留白率: 71% | 低质量率: 0%
2026-07-18 05:45:23 | INFO     | 
🔍 [正在处理] ANS_CO_747 | 启动 3WD 流水线...
2026-07-18 05:45:23 | INFO     | 📢 [总进度] 56/68 份试卷已归档。
2026-07-18 05:49:37 | INFO     | ✅ [批改完成] ANS_CO_747 | 路由: BND | 最终分: 0.3 | 风险: P0.04/U0.02/F1.00/H0/L1 | 提取质量: 🟢high | 留白率: 0% | 低质量率: 0%
2026-07-18 05:49:37 | INFO     | 
🔍 [正在处理] ANS_CO_748 | 启动 3WD 流水线...
2026-07-18 05:49:37 | INFO     | 📢 [总进度] 57/68 份试卷已归档。
2026-07-18 05:53:13 | INFO     | ✅ [批改完成] ANS_CO_748 | 路由: BND | 最终分: 12.3 | 风险: P0.34/U0.09/F0.00/H0/L0 | 提取质量: 🟢high | 留白率: 43% | 低质量率: 0%
2026-07-18 05:53:13 | INFO     | 
🔍 [正在处理] ANS_CO_751 | 启动 3WD 流水线...
2026-07-18 05:53:13 | INFO     | 📢 [总进度] 58/68 份试卷已归档。
2026-07-18 05:57:55 | INFO     | ✅ [批改完成] ANS_CO_751 | 路由: BND | 最终分: 7.5 | 风险: P0.16/U0.05/F0.20/H0/L1 | 提取质量: 🟢high | 留白率: 14% | 低质量率: 0%
2026-07-18 05:57:55 | INFO     | 
🔍 [正在处理] ANS_CO_752 | 启动 3WD 流水线...
2026-07-18 05:57:55 | INFO     | 📢 [总进度] 59/68 份试卷已归档。
2026-07-18 06:05:31 | INFO     | ✅ [批改完成] ANS_CO_752 | 路由: POS | 最终分: 12.3 | 风险: P0.00/U0.01/F0.10/H0/L0 | 提取质量: 🟢high | 留白率: 0% | 低质量率: 0%
2026-07-18 06:05:31 | INFO     | 
🔍 [正在处理] ANS_CO_753 | 启动 3WD 流水线...
2026-07-18 06:05:31 | INFO     | 📢 [总进度] 60/68 份试卷已归档。
2026-07-18 06:08:42 | INFO     | ✅ [批改完成] ANS_CO_753 | 路由: BND | 最终分: 7.08 | 风险: P0.11/U0.05/F0.35/H0/L1 | 提取质量: 🟢high | 留白率: 14% | 低质量率: 0%
2026-07-18 06:08:42 | INFO     | 
🔍 [正在处理] ANS_CO_754 | 启动 3WD 流水线...
2026-07-18 06:08:42 | INFO     | 📢 [总进度] 61/68 份试卷已归档。
2026-07-18 06:18:27 | INFO     | ✅ [批改完成] ANS_CO_730 | 路由: BND | 最终分: 17.7 | 风险: P0.00/U0.08/F0.10/H0/L0 | 提取质量: 🟢high | 留白率: 0% | 低质量率: 0%
2026-07-18 06:18:27 | INFO     | 
🔍 [正在处理] ANS_CO_755 | 启动 3WD 流水线...
2026-07-18 06:18:27 | INFO     | 📢 [总进度] 62/68 份试卷已归档。
2026-07-18 06:23:23 | INFO     | ✅ [批改完成] ANS_CO_755 | 路由: BND | 最终分: 10.7 | 风险: P0.00/U0.05/F0.00/H0/L1 | 提取质量: 🟢high | 留白率: 0% | 低质量率: 0%
2026-07-18 06:23:23 | INFO     | 
🔍 [正在处理] ANS_CO_756 | 启动 3WD 流水线...
2026-07-18 06:23:23 | INFO     | 📢 [总进度] 63/68 份试卷已归档。
2026-07-18 06:27:31 | INFO     | ✅ [批改完成] ANS_CO_756 | 路由: BND | 最终分: 13.25 | 风险: P0.11/U0.11/F0.00/H0/L0 | 提取质量: 🟢high | 留白率: 14% | 低质量率: 0%
2026-07-18 06:27:31 | INFO     | 
🔍 [正在处理] ANS_CO_757 | 启动 3WD 流水线...
2026-07-18 06:27:31 | INFO     | 📢 [总进度] 64/68 份试卷已归档。
2026-07-18 06:28:19 | INFO     | ✅ [批改完成] ANS_CO_757 | 路由: BND | 最终分: 0 | 风险: P0.80/U0.00/F0.00/H0/L0 | 提取质量: 🟡low | 留白率: 100% | 低质量率: 0%
2026-07-18 06:28:19 | INFO     | 
🔍 [正在处理] ANS_CO_758 | 启动 3WD 流水线...
2026-07-18 06:28:19 | INFO     | 📢 [总进度] 65/68 份试卷已归档。
2026-07-18 06:29:22 | INFO     | ✅ [批改完成] ANS_CO_754 | 路由: BND | 最终分: 20.0 | 风险: P0.00/U0.05/F0.00/H0/L0 | 提取质量: 🟢high | 留白率: 0% | 低质量率: 0%
2026-07-18 06:29:22 | INFO     | 
🔍 [正在处理] ANS_CO_759 | 启动 3WD 流水线...
2026-07-18 06:29:22 | INFO     | 📢 [总进度] 66/68 份试卷已归档。
2026-07-18 06:31:15 | INFO     | ✅ [批改完成] ANS_CO_758 | 路由: POS | 最终分: 4.2 | 风险: P0.11/U0.01/F0.55/H0/L1 | 提取质量: 🟢high | 留白率: 14% | 低质量率: 0%
2026-07-18 06:31:15 | INFO     | 📢 [总进度] 67/68 份试卷已归档。
2026-07-18 06:33:05 | INFO     | ✅ [批改完成] ANS_CO_759 | 路由: POS | 最终分: 20.0 | 风险: P0.04/U0.00/F0.00/H0/L0 | 提取质量: 🟢high | 留白率: 0% | 低质量率: 0%
2026-07-18 06:33:05 | INFO     | 📢 [总进度] 68/68 份试卷已归档。
2026-07-18 06:33:05 | INFO     | 🗂️ 所有线程交卷完毕，正在整理数据... (共收集 68/68 份结果)
2026-07-18 06:33:05 | INFO     | 💾 正常批改结果已保存: D:\users\王鑫020420\Desktop\refgrader-main\results_runs\csbench_co4_full\runs\20260718_021211\CO_4_graded_results.json (68 人)
2026-07-18 06:33:05 | INFO     | ✅ 无拒绝域案例。
2026-07-18 06:33:05 | INFO     | [result consistency] CO_4: checkpoint=68, graded=68, rejected=0, failed=0, expected=68
2026-07-18 06:33:05 | INFO     | 
🏆 任务完成！
