2026-07-17 23:22:34 | INFO     | ==================================================
2026-07-17 23:22:34 | INFO     | 📂 正在加载试卷数据库...
2026-07-17 23:22:34 | INFO     |    运行模式: VARIANCE_OPT
2026-07-17 23:22:34 | INFO     |    题目范围: ['CO_4']
2026-07-17 23:22:34 | INFO     |    文本模型: glm5 -> glm-5.1
2026-07-17 23:22:34 | INFO     |    提取后端: csbench_hybrid
2026-07-17 23:22:34 | INFO     |    题库文件: D:\users\王鑫020420\Desktop\refgrader-main\data\csbench\exam_database.json
2026-07-17 23:22:34 | INFO     |    教师分文件: ./database/teacher_scores.json
2026-07-17 23:22:34 | INFO     |    答案元数据: D:\users\王鑫020420\Desktop\refgrader-main\data\csbench\answer_metadata.jsonl
2026-07-17 23:22:34 | INFO     |    并发数:   2
2026-07-17 23:22:34 | INFO     |    结果目录: D:\users\王鑫020420\Desktop\refgrader-main\results_runs\csbench_co4_rubric_opt
2026-07-17 23:22:34 | INFO     |    Rubric目录: D:\users\王鑫020420\Desktop\refgrader-main\data\csbench\rubrics\optimized
2026-07-17 23:22:34 | INFO     |    初始Rubric目录: D:\users\王鑫020420\Desktop\refgrader-main\data\csbench\rubrics\initial
2026-07-17 23:22:34 | INFO     |    允许回退初始Rubric: False
2026-07-17 23:22:34 | INFO     |    进度文件: D:\users\王鑫020420\Desktop\refgrader-main\results_runs\csbench_co4_rubric_opt\progress.json
2026-07-17 23:22:34 | INFO     |    日志文件: logs\experiment_20260717_232234.log
2026-07-17 23:22:34 | INFO     | 🔬 当前处于【方差优化模式】(VARIANCE OPT MODE)
2026-07-17 23:22:34 | INFO     |    系统将生成标准，进行小样本测试，修正并保存最终标准。
2026-07-17 23:22:34 | INFO     | 
============================================================
🔬 [断点续传模式] 处理题目: CO_4
============================================================
2026-07-17 23:22:34 | INFO     | force-rerun enabled; restart from the immutable initial rubric and ignore the existing optimized rubric.
2026-07-17 23:22:34 | INFO     | Loaded immutable initial rubric: data/csbench/rubrics/initial/CO/CO_4_rubric_standard.json
2026-07-17 23:22:34 | INFO     | force-rerun enabled; ignore old variance checkpoint for this question.
2026-07-17 23:22:34 | INFO     | [data isolation] variance optimization is restricted to 9 calibration answers.
2026-07-17 23:22:34 | INFO     | 
👉 正在处理新样本: ANS_CO_647.jpg
2026-07-17 23:23:17 | INFO     |    ⏳ [V0 保护] 脱敏清单生成完毕，休眠 2 秒...
2026-07-17 23:23:19 | INFO     |    [单次视觉采样] 正在看图提取事实...
2026-07-17 23:23:19 | INFO     | [metadata] loaded 3326 answer records from D:\users\王鑫020420\Desktop\refgrader-main\data\csbench\answer_metadata.jsonl
2026-07-17 23:30:46 | INFO     |    ⏳ [V0 保护] 视觉提取完成，准备进入打分循环，休眠 2 秒...
2026-07-17 23:30:48 | INFO     |    [第 1/3 次判决] 呼叫逻辑裁判...
2026-07-17 23:40:15 | INFO     |       ✅ [裁判亮分] 总得分: 6.0
2026-07-17 23:40:15 | INFO     |          - [条款 step_1] 得分: 2.0 | 理由: 学生正确识别了 8MB = 2^23B，提取文本中的 '2³位' 显然是 '23位' 的 OCR 识别误差或书写排版问题，结合前半部分 2²³B 可判定其掌握了物理地址为 23 位的知识点。
2026-07-17 23:40:15 | INFO     |          - [条款 step_2] 得分: 2.0 | 理由: 正确得出了块内偏移地址为 11 位的结论，与标准答案完全一致。
2026-07-17 23:40:15 | INFO     |          - [条款 step_3] 得分: 2.0 | 理由: 通过 32 块除以 2 路组相联正确计算出组数为 16，从而得出组号占 4 位，完全正确。
2026-07-17 23:40:15 | INFO     |          - [条款 step_4] 得分: 0.0 | 理由: 尽管标记和组号位数正确，但块内地址位数写成了 12 位，与前面 step 2 自己得出的 11 位相矛盾，且总位数超过 23 位，属于核心参数错误。
2026-07-17 23:40:15 | INFO     |          - [条款 step_5] 得分: 0.0 | 理由: Cache地址格式遗漏了组内块号（应为1位），且将块内地址写成了 1 位，与正确的 11 位存在严重的概念和数值偏差。
2026-07-17 23:40:15 | INFO     |          - [条款 step_6] 得分: 0.0 | 理由: 虽然正确提取了标记位 01011010，但得出了“命中”以及“Cache块2”的错误结论。实际上组号为 0，对应的应为块 0 或块 1，不可能命中块 2。属于结论性致命错误。
2026-07-17 23:40:15 | INFO     |          - [条款 step_7] 得分: 0.0 | 理由: 虽然标记位提取正确，但给出了“命中Cache块3”的结论。由于组号为 0，只会访问块 0 和块 1，结论存在严重逻辑和数值错误。
2026-07-17 23:40:15 | INFO     |    ⏳ [V0 保护] 判决完成，休眠 2 秒...
2026-07-17 23:40:17 | INFO     |    [第 2/3 次判决] 呼叫逻辑裁判...
2026-07-17 23:41:41 | INFO     |       ✅ [裁判亮分] 总得分: 6.0
2026-07-17 23:41:41 | INFO     |          - [条款 step_1] 得分: 2.0 | 理由: 学生准确算出并标明物理地址总位数为23位（提取文本中的'2³'视为'23'的OCR识别排版问题）。
2026-07-17 23:41:41 | INFO     |          - [条款 step_2] 得分: 2.0 | 理由: 准确得出了块内偏移地址为11位。
2026-07-17 23:41:41 | INFO     |          - [条款 step_3] 得分: 2.0 | 理由: 正确运用了组相联计算公式（32/2=16），得出了Cache组号需要4位。
2026-07-17 23:41:41 | INFO     |          - [条款 step_4] 得分: 0.0 | 理由: 块内偏移位数写成了12位，导致主存地址总位数为24位，与第一步算出的23位冲突，属于核心语义计算错误。
2026-07-17 23:41:41 | INFO     |          - [条款 step_5] 得分: 0.0 | 理由: Cache地址格式完全错误，遗漏了块内偏移11位，且将组内块号1位误写成块内地址，丢失了核心维度信息。
2026-07-17 23:41:41 | INFO     |          - [条款 step_6] 得分: 0.0 | 理由: 最终判断结论错误。地址映射到组0，而块2位于组1，该地址不应该命中Cache块2。
2026-07-17 23:41:41 | INFO     |          - [条款 step_7] 得分: 0.0 | 理由: 最终判断结论错误。地址映射到组0，而块3位于组1，该地址不应命中Cache块3。
2026-07-17 23:41:41 | INFO     |    ⏳ [V0 保护] 判决完成，休眠 2 秒...
2026-07-17 23:41:43 | INFO     |    [第 3/3 次判决] 呼叫逻辑裁判...
2026-07-17 23:50:56 | INFO     |       ✅ [裁判亮分] 总得分: 6.0
2026-07-17 23:50:56 | INFO     |          - [条款 step_1] 得分: 2.0 | 理由: 学生明确指出主存地址为23位，符合标准答案。
2026-07-17 23:50:56 | INFO     |          - [条款 step_2] 得分: 2.0 | 理由: 学生正确算出块内偏移地址为11位。
2026-07-17 23:50:56 | INFO     |          - [条款 step_3] 得分: 2.0 | 理由: 学生正确推导出组号位数为4位。
2026-07-17 23:50:56 | INFO     |          - [条款 step_4] 得分: 0.0 | 理由: 学生写出的块内地址为12位，这与前面计算出的11位发生矛盾，属于概念或计算上的实质性错误。
2026-07-17 23:50:56 | INFO     |          - [条款 step_5] 得分: 0.0 | 理由: 学生缺失了11位的块内偏移地址，并将组内块号写为了块内地址，格式存在严重语义错误。
2026-07-17 23:50:56 | INFO     |          - [条款 step_6] 得分: 0.0 | 理由: 学生得出了“命中”的错误结论，且2路组相联中组0只可能对应块0或1，“命中块2”存在根本性概念错误。
2026-07-17 23:50:56 | INFO     |          - [条款 step_7] 得分: 0.0 | 理由: 虽然成功提取了正确的Tag值，但学生结论为“命中Cache块3”，2路组相联下组0不可能包含块3，结论存在概念性严重错误。
2026-07-17 23:50:56 | INFO     | 💾 样本 ANS_CO_647.jpg 进度已保存。
2026-07-17 23:50:56 | INFO     | ⏳ 样本间冷却 15 秒...
2026-07-17 23:51:11 | INFO     | 
👉 正在处理新样本: ANS_CO_687.jpg
2026-07-17 23:51:52 | INFO     |    ⏳ [V0 保护] 脱敏清单生成完毕，休眠 2 秒...
2026-07-17 23:51:54 | INFO     |    [单次视觉采样] 正在看图提取事实...
2026-07-17 23:52:29 | INFO     |    ⏳ [V0 保护] 视觉提取完成，准备进入打分循环，休眠 2 秒...
2026-07-17 23:52:31 | INFO     |    [第 1/3 次判决] 呼叫逻辑裁判...
2026-07-17 23:57:29 | INFO     |       ✅ [裁判亮分] 总得分: 9.0
2026-07-17 23:57:29 | INFO     |          - [条款 step_1] 得分: 2.0 | 理由: 学生明确写出 8M=2^23，对应物理地址23位，满足得分点要求。
2026-07-17 23:57:29 | INFO     |          - [条款 step_2] 得分: 2.0 | 理由: 学生明确得出块内偏移为11位，与标准答案一致。
2026-07-17 23:57:29 | INFO     |          - [条款 step_3] 得分: 0 | 理由: 学生计算的是主存组数而非Cache组号位数，得出11位，与方法要求矛盾，属概念性错误。
2026-07-17 23:57:29 | INFO     |          - [条款 step_4] 得分: 0 | 理由: 学生得出1|11|11的格式，与标准8|4|11矛盾，组号和标记位均错误。
2026-07-17 23:57:29 | INFO     |          - [条款 step_5] 得分: 0 | 理由: 学生未书写Cache地址格式，无法得分。
2026-07-17 23:57:29 | INFO     |          - [条款 step_6] 得分: 2.5 | 理由: 学生得出未命中的结论正确，hex转二进制也正确，但未明确提取tag/组号字段，且'经对照'说明过于简略，缺少基于地址格式的命中判断依据，给一半分数。
2026-07-17 23:57:29 | INFO     |          - [条款 step_7] 得分: 2.5 | 理由: 学生得出命中结论正确，但块标记1111 1110与标准7E不完全对应，且未指明命中块1，理由不完整，给一半分数。
2026-07-17 23:57:29 | INFO     |    ⏳ [V0 保护] 判决完成，休眠 2 秒...
2026-07-17 23:57:31 | INFO     |    [第 2/3 次判决] 呼叫逻辑裁判...
2026-07-18 00:03:27 | INFO     |       ✅ [裁判亮分] 总得分: 8.0
2026-07-18 00:03:27 | INFO     |          - [条款 step_1] 得分: 2.0 | 理由: 学生指出了主存容量8M对应2^23，隐含并提供了物理地址为23位的等效参数。
2026-07-18 00:03:27 | INFO     |          - [条款 step_2] 得分: 2.0 | 理由: 学生正确计算出字块内地址（块内偏移）为11位，符合标准答案。
2026-07-18 00:03:27 | INFO     |          - [条款 step_3] 得分: 0.0 | 理由: 学生将主存容量除以块大小再除以2来求组地址，概念和计算方法完全错误，得出了11位的错误结论。
2026-07-18 00:03:27 | INFO     |          - [条款 step_4] 得分: 0.0 | 理由: 基于错误的计算，学生得出主存地址格式为1|11|11，这与正确的8|4|11格式完全不符，属于核心结构错误。
2026-07-18 00:03:27 | INFO     |          - [条款 step_5] 得分: 0.0 | 理由: 提取事实显示学生未书写此项内容。
2026-07-18 00:03:27 | INFO     |          - [条款 step_6] 得分: 2.0 | 理由: 学生正确完成了十六进制到二进制的转换，并且给出了“未命中”的正确结论，但由于缺乏正确的分析过程且基于错误的地址格式，只给予部分分数。
2026-07-18 00:03:27 | INFO     |          - [条款 step_7] 得分: 2.0 | 理由: 学生给出了“命中”的正确结论，并提取了正确的标记位1111 1110，但十六进制书写有笔误（7FD057），且解释逻辑不够严谨，给予部分分数。
2026-07-18 00:03:27 | INFO     |    ⏳ [V0 保护] 判决完成，休眠 2 秒...
2026-07-18 00:03:29 | INFO     |    [第 3/3 次判决] 呼叫逻辑裁判...
2026-07-18 00:04:51 | INFO     |       ✅ [裁判亮分] 总得分: 8.0
2026-07-18 00:04:51 | INFO     |          - [条款 step_1] 得分: 2.0 | 理由: 学生明确写出8M=2^23，表明物理地址为23位，符合评分标准。
2026-07-18 00:04:51 | INFO     |          - [条款 step_2] 得分: 2.0 | 理由: 学生正确计算出块内地址为11位。
2026-07-18 00:04:51 | INFO     |          - [条款 step_3] 得分: 0 | 理由: 学生计算出组地址位数为11位，与标准答案的4位发生根本性概念冲突，得分为0。
2026-07-18 00:04:51 | INFO     |          - [条款 step_4] 得分: 0 | 理由: 学生给出的主存地址格式各字段位数完全错误（1, 11, 11），与标准格式不符。
2026-07-18 00:04:51 | INFO     |          - [条款 step_5] 得分: 0 | 理由: 提取事实显示学生未书写该部分内容。
2026-07-18 00:04:51 | INFO     |          - [条款 step_6] 得分: 2.0 | 理由: 学生得出了正确的“未命中”结论，但由于前面地址划分错误，缺乏有效且自洽的推导理由，给部分分。
2026-07-18 00:04:51 | INFO     |          - [条款 step_7] 得分: 2.0 | 理由: 学生得出了正确的“命中”结论，且准确找出了对应的字块标记，但缺乏对组地址匹配的完整文字论证，给部分分。
2026-07-18 00:04:51 | INFO     | 💾 样本 ANS_CO_687.jpg 进度已保存。
2026-07-18 00:04:51 | INFO     | ⏳ 样本间冷却 15 秒...
2026-07-18 00:05:06 | INFO     | 
👉 正在处理新样本: ANS_CO_693.jpg
2026-07-18 00:06:11 | INFO     |    ⏳ [V0 保护] 脱敏清单生成完毕，休眠 2 秒...
2026-07-18 00:06:13 | INFO     |    [单次视觉采样] 正在看图提取事实...
2026-07-18 00:06:48 | INFO     |    ⏳ [V0 保护] 视觉提取完成，准备进入打分循环，休眠 2 秒...
2026-07-18 00:06:50 | INFO     |    [第 1/3 次判决] 呼叫逻辑裁判...
2026-07-18 00:14:42 | INFO     |       ✅ [裁判亮分] 总得分: 14.0
2026-07-18 00:14:42 | INFO     |          - [条款 step_1] 得分: 2.0 | 理由: 学生明确写出主存 8MB = 2^23，可直接得出 23 位物理地址，完全匹配。
2026-07-18 00:14:42 | INFO     |          - [条款 step_2] 得分: 2.0 | 理由: 学生给出 2KB = 2^11，数值正确，可直接得出 11 位块内偏移。虽然用词写为'每组'而非'每块'，但在 lenient 评分下不构成语义错误。
2026-07-18 00:14:42 | INFO     |          - [条款 step_3] 得分: 2.0 | 理由: 学生正确计算 32/2 = 16 组 = 2^4，可得 4 位组号，完全匹配。
2026-07-18 00:14:42 | INFO     |          - [条款 step_4] 得分: 1.0 | 理由: 学生提及了 4 位组号（隐含正确），但未清晰推导 8 位字块标记（23-4-11=8），表达式'23≡3(mod4)'含义不明且不正确，整体地址格式表述残缺。给予部分分。
2026-07-18 00:14:42 | INFO     |          - [条款 step_5] 得分: 1.0 | 理由: 学生正确指出 4 位组号，但'7位块标记'错误——Cache 地址格式中应为组内块号 1 位而非 7 位标记位，且缺少 11 位块内偏移说明。部分匹配。
2026-07-18 00:14:42 | INFO     |          - [条款 step_6] 得分: 3.0 | 理由: 学生二进制转换正确且最终结论'不能在cache中访问'（未命中）正确，但未提供 tag 匹配过程的推理。additive_split 下给予结论+转换的部分分。
2026-07-18 00:14:42 | INFO     |          - [条款 step_7] 得分: 3.0 | 理由: 结论'能在cache中访问'（命中）正确，但二进制转换末尾 nibble 有误（57H 末位应为 0111 而非 1111），且缺少 tag 匹配推理。错误位于块内偏移的非关键位，不影响命中判断，但整体理由不足。给予部分分。
2026-07-18 00:14:42 | INFO     |    ⏳ [V0 保护] 判决完成，休眠 2 秒...
2026-07-18 00:14:44 | INFO     |    [第 2/3 次判决] 呼叫逻辑裁判...
2026-07-18 00:50:49 | INFO     |       ✅ [裁判亮分] 总得分: 12.0
2026-07-18 00:50:49 | INFO     |          - [条款 step_1] 得分: 2.0 | 理由: 学生明确给出主存容量 8MB = 2^23，对应物理地址 23 位，与标准答案一致。
2026-07-18 00:50:49 | INFO     |          - [条款 step_2] 得分: 2.0 | 理由: 学生明确给出 2KB = 2^11，对应块内偏移 11 位，关键数值正确（虽然“每组”措辞不准确，但数值含义与偏移位数一致，按宽松评分给满分）。
2026-07-18 00:50:49 | INFO     |          - [条款 step_3] 得分: 2.0 | 理由: 学生正确给出 32/2 = 16 组 = 2^4，对应组号 4 位，与标准答案一致。
2026-07-18 00:50:49 | INFO     |          - [条款 step_4] 得分: 0.0 | 理由: 学生得出主存字块标记为 4 位，实际应为 8 位（23-4-11=8），核心数值错误，属于语义性错误。
2026-07-18 00:50:49 | INFO     |          - [条款 step_5] 得分: 0.0 | 理由: 学生给出 4 位组号 + 7 位块标记，与正确的 Cache 地址格式（组号 4 位 + 组内块号 1 位 + 块内偏移 11 位）不符，结构错误。
2026-07-18 00:50:49 | INFO     |          - [条款 step_6] 得分: 3.0 | 理由: 学生结论（未命中）正确且二进制展开正确，但缺少字块标记位比较的具体推理过程，且上游 step_4 标记位数已错，故给部分分。
2026-07-18 00:50:49 | INFO     |          - [条款 step_7] 得分: 3.0 | 理由: 学生结论（命中）正确，但二进制展开末字节有误（57H 应为 0101 0111，写成 0101 1111），且缺少标记位比较的具体推理，故给部分分。
2026-07-18 00:50:49 | INFO     |    ⏳ [V0 保护] 判决完成，休眠 2 秒...
2026-07-18 00:50:51 | INFO     |    [第 3/3 次判决] 呼叫逻辑裁判...
2026-07-18 01:02:54 | INFO     |       ✅ [裁判亮分] 总得分: 13.0
2026-07-18 01:02:54 | INFO     |          - [条款 step_1] 得分: 2.0 | 理由: 学生明确指出了主存容量以及物理地址的位数23位。
2026-07-18 01:02:54 | INFO     |          - [条款 step_2] 得分: 2.0 | 理由: 学生提取出了2KB对应2^11，得出了11位的块内偏移位数。
2026-07-18 01:02:54 | INFO     |          - [条款 step_3] 得分: 2.0 | 理由: 学生正确计算出了Cache共有16组，对应组号为4位。
2026-07-18 01:02:54 | INFO     |          - [条款 step_4] 得分: 1.0 | 理由: 学生只提到了4位的组号，没有完整写出主存地址的格式（缺少8位字块标记和11位块内偏移的明确结构划分）。
2026-07-18 01:02:54 | INFO     |          - [条款 step_5] 得分: 0.0 | 理由: 学生给出的Cache地址格式完全错误，提出了7位块标记且遗漏了组内块号和偏移量位数。
2026-07-18 01:02:54 | INFO     |          - [条款 step_6] 得分: 3.0 | 理由: 学生正确给出了二进制地址转换并得出了“不能在cache中访问（未命中）”的正确结论，但缺失具体的未命中理由说明。
2026-07-18 01:02:54 | INFO     |          - [条款 step_7] 得分: 3.0 | 理由: 学生给出了二进制地址转换并得出了“能在cache中访问（命中）”的正确结论，但缺失具体的命中理由说明。
2026-07-18 01:02:54 | INFO     | 💾 样本 ANS_CO_693.jpg 进度已保存。
2026-07-18 01:02:54 | INFO     | ⏳ 样本间冷却 15 秒...
2026-07-18 01:03:09 | INFO     | 
👉 正在处理新样本: ANS_CO_696.jpg
2026-07-18 01:03:34 | INFO     |    ⏳ [V0 保护] 脱敏清单生成完毕，休眠 2 秒...
2026-07-18 01:03:36 | INFO     |    [单次视觉采样] 正在看图提取事实...
2026-07-18 01:04:01 | INFO     |    ⏳ [V0 保护] 视觉提取完成，准备进入打分循环，休眠 2 秒...
2026-07-18 01:04:03 | INFO     |    [第 1/3 次判决] 呼叫逻辑裁判...
2026-07-18 01:05:51 | INFO     |       ✅ [裁判亮分] 总得分: 20.0
2026-07-18 01:05:51 | INFO     |          - [条款 step_1] 得分: 2.0 | 理由: 学生明确写出 8MB=2²³B，并正确推导出物理地址为23位，与标准答案完全一致。
2026-07-18 01:05:51 | INFO     |          - [条款 step_2] 得分: 2.0 | 理由: 学生正确识别2KB=2¹¹并得出块内偏移11位，与标准答案一致。
2026-07-18 01:05:51 | INFO     |          - [条款 step_3] 得分: 2.0 | 理由: 学生正确计算32块（2⁵）除以2路等于16组（2⁴），得出组号占4位，计算过程与结论均正确。
2026-07-18 01:05:51 | INFO     |          - [条款 step_4] 得分: 2.0 | 理由: 学生得出主存地址格式为字块标记8位+组号4位+块内地址11位，总23位，与标准答案一致。
2026-07-18 01:05:51 | INFO     |          - [条款 step_5] 得分: 2.0 | 理由: 学生得出Cache地址格式为组号4位+标记1位+块内地址11位，学生将组内块号称为'标记'，但位数为1位，与标准答案的组内块号1位语义一致。
2026-07-18 01:05:51 | INFO     |          - [条款 step_6] 得分: 5.0 | 理由: 学生正确去除11位块内偏移，正确提取组号0000（对应Cache组0），正确提取标记1011010（=0101 1010B，省略前导0但数值等价），正确判断未命中。结论与关键中间值均正确。
2026-07-18 01:05:51 | INFO     |          - [条款 step_7] 得分: 5.0 | 理由: 学生正确去除11位块内偏移，正确提取组号0000（对应Cache组0），正确提取标记11111110，正确对应到块1并判断命中。与标准答案完全一致。
2026-07-18 01:05:51 | INFO     |    ⏳ [V0 保护] 判决完成，休眠 2 秒...
2026-07-18 01:05:53 | INFO     |    [第 2/3 次判决] 呼叫逻辑裁判...
2026-07-18 01:07:14 | INFO     |       ✅ [裁判亮分] 总得分: 20.0
2026-07-18 01:07:14 | INFO     |          - [条款 step_1] 得分: 2.0 | 理由: Student correctly identifies the main memory capacity and calculates the physical address length as 23 bits.
2026-07-18 01:07:14 | INFO     |          - [条款 step_2] 得分: 2.0 | 理由: Student correctly calculates the block offset length as 11 bits.
2026-07-18 01:07:14 | INFO     |          - [条款 step_3] 得分: 2.0 | 理由: Student correctly computes the number of sets (16) and concludes that the set index requires 4 bits.
2026-07-18 01:07:14 | INFO     |          - [条款 step_4] 得分: 2.0 | 理由: Student correctly formulates the main memory address format with the correct lengths for each field (8, 4, 11).
2026-07-18 01:07:14 | INFO     |          - [条款 step_5] 得分: 2.0 | 理由: The bit lengths provided (4, 1, 11) are completely correct. Calling the 1-bit field '标记' instead of '组内块号' is treated as a minor notational slip.
2026-07-18 01:07:14 | INFO     |          - [条款 step_6] 得分: 5.0 | 理由: Student correctly identifies the set (0000), lists the block alternatives, extracts the tag (1011010, simply missing the leading zero), and reaches the correct 'miss' conclusion.
2026-07-18 01:07:14 | INFO     |          - [条款 step_7] 得分: 5.0 | 理由: Student correctly extracts the set (0000) and tag (11111110), matches it to the correct block (块1), and concludes a 'hit'.
2026-07-18 01:07:14 | INFO     |    ⏳ [V0 保护] 判决完成，休眠 2 秒...
2026-07-18 01:07:16 | INFO     |    [第 3/3 次判决] 呼叫逻辑裁判...
2026-07-18 01:10:05 | INFO     |       ✅ [裁判亮分] 总得分: 20.0
2026-07-18 01:10:05 | INFO     |          - [条款 step_1] 得分: 2.0 | 理由: 学生正确将8MB转换为2²³B，并得出物理地址23位，与标准答案一致。
2026-07-18 01:10:05 | INFO     |          - [条款 step_2] 得分: 2.0 | 理由: 学生正确将2KB转换为2¹¹B，得出块内偏移11位。
2026-07-18 01:10:05 | INFO     |          - [条款 step_3] 得分: 2.0 | 理由: 学生正确计算32块/2路=16组=2⁴，得出组号占4位。
2026-07-18 01:10:05 | INFO     |          - [条款 step_4] 得分: 2.0 | 理由: 学生正确给出主存地址格式：字块标记8位、组号4位、块内地址11位，与标准答案一致。
2026-07-18 01:10:05 | INFO     |          - [条款 step_5] 得分: 2.0 | 理由: 学生正确给出Cache地址格式的位数分配（4|1|11），与标准答案一致。1位字段标注为"标记"而非"组内块号"，但位数分配正确，属于术语差异不影响正确性。
2026-07-18 01:10:05 | INFO     |          - [条款 step_6] 得分: 5.0 | 理由: 学生正确提取块内地址、Cache组号(0000→组0)、确认组0包含块0和块1、计算tag=1011010（0101 1010去掉前导零），并正确判断未命中。结论和关键中间步骤均正确。
2026-07-18 01:10:05 | INFO     |          - [条款 step_7] 得分: 5.0 | 理由: 学生正确提取组号(0000→组0)、确认块0和块1、计算tag=11111110、对应块1、并正确判断命中。与标准答案完全一致。
2026-07-18 01:10:05 | INFO     | 💾 样本 ANS_CO_696.jpg 进度已保存。
2026-07-18 01:10:05 | INFO     | ⏳ 样本间冷却 15 秒...
2026-07-18 01:10:20 | INFO     | 
👉 正在处理新样本: ANS_CO_701.png
2026-07-18 01:10:51 | INFO     |    ⏳ [V0 保护] 脱敏清单生成完毕，休眠 2 秒...
2026-07-18 01:10:53 | INFO     |    [单次视觉采样] 正在看图提取事实...
2026-07-18 01:11:21 | INFO     |    ⏳ [V0 保护] 视觉提取完成，准备进入打分循环，休眠 2 秒...
2026-07-18 01:11:23 | INFO     |    [第 1/3 次判决] 呼叫逻辑裁判...
2026-07-18 01:12:31 | INFO     |       ✅ [裁判亮分] 总得分: 3.0
2026-07-18 01:12:31 | INFO     |          - [条款 step_1] 得分: 2.0 | 理由: 学生明确写出主存共23位，与标准答案一致。中间转换表达式写法不规范（应为2^23B），但最终结论正确，属于无关紧要的细节问题。
2026-07-18 01:12:31 | INFO     |          - [条款 step_2] 得分: 1.0 | 理由: 数值11正确（由2KB块大小推导），但学生标注为'cache共11位'而非'块内偏移11位'，标签概念混淆，造成语义歧义，给一半分。
2026-07-18 01:12:31 | INFO     |          - [条款 step_3] 得分: 0 | 理由: 学生未书写该步骤内容。
2026-07-18 01:12:31 | INFO     |          - [条款 step_4] 得分: 0 | 理由: 学生未书写该步骤内容。
2026-07-18 01:12:31 | INFO     |          - [条款 step_5] 得分: 0 | 理由: 学生未书写该步骤内容。
2026-07-18 01:12:31 | INFO     |          - [条款 step_6] 得分: 0 | 理由: 学生未书写该步骤内容。
2026-07-18 01:12:31 | INFO     |          - [条款 step_7] 得分: 0 | 理由: 学生未书写该步骤内容。
2026-07-18 01:12:31 | INFO     |    ⏳ [V0 保护] 判决完成，休眠 2 秒...
2026-07-18 01:12:33 | INFO     |    [第 2/3 次判决] 呼叫逻辑裁判...
2026-07-18 01:13:19 | INFO     |       ✅ [裁判亮分] 总得分: 4.0
2026-07-18 01:13:19 | INFO     |          - [条款 step_1] 得分: 2.0 | 理由: 学生明确给出了物理地址总位数为23位，符合评分点要求。虽然等式前的换算过程存在书写或OCR识别瑕疵（如1.2×10²³B），但目标结果“主存共23位”正确，按宽容评分政策给满分。
2026-07-18 01:13:19 | INFO     |          - [条款 step_2] 得分: 2.0 | 理由: 学生明确计算并写出了所需的位数为11位（cache共11位），对应于块大小2KB计算得出的块内偏移位数，符合评分标准的核心要求。
2026-07-18 01:13:19 | INFO     |          - [条款 step_3] 得分: 0 | 理由: 提取信息显示学生未书写相关内容，无Cache组号位数的计算或结果。
2026-07-18 01:13:19 | INFO     |          - [条款 step_4] 得分: 0 | 理由: 提取信息显示学生未书写主存地址格式的划分结果。
2026-07-18 01:13:19 | INFO     |          - [条款 step_5] 得分: 0 | 理由: 提取信息显示学生未书写Cache地址格式的划分结果。
2026-07-18 01:13:19 | INFO     |          - [条款 step_6] 得分: 0 | 理由: 学生未提供对2D07FFH是否命中的判断及理由说明。
2026-07-18 01:13:19 | INFO     |          - [条款 step_7] 得分: 0 | 理由: 学生未提供对7F0057H是否命中的判断及理由说明。
2026-07-18 01:13:19 | INFO     |    ⏳ [V0 保护] 判决完成，休眠 2 秒...
2026-07-18 01:13:21 | INFO     |    [第 3/3 次判决] 呼叫逻辑裁判...
2026-07-18 01:14:16 | INFO     |       ✅ [裁判亮分] 总得分: 4.0
2026-07-18 01:14:16 | INFO     |          - [条款 step_1] 得分: 2.0 | 理由: 学生明确得出物理地址为23位，公式表达存在笔误（将2^23B写为1.2×10²³B），但最终结论数值正确，符合得分要求。
2026-07-18 01:14:16 | INFO     |          - [条款 step_2] 得分: 2.0 | 理由: 学生明确得出偏移位数为11位，虽然表述为“cache共11位”且公式存在笔误（将2^11B写为2×10¹¹B），但在上下文中得出的数值正确，满足给分条件。
2026-07-18 01:14:16 | INFO     |          - [条款 step_3] 得分: 0 | 理由: 提取内容显示学生未书写相关步骤。
2026-07-18 01:14:16 | INFO     |          - [条款 step_4] 得分: 0 | 理由: 提取内容显示学生未书写相关步骤。
2026-07-18 01:14:16 | INFO     |          - [条款 step_5] 得分: 0 | 理由: 提取内容显示学生未书写相关步骤。
2026-07-18 01:14:16 | INFO     |          - [条款 step_6] 得分: 0 | 理由: 提取内容显示学生未书写相关步骤。
2026-07-18 01:14:16 | INFO     |          - [条款 step_7] 得分: 0 | 理由: 提取内容显示学生未书写相关步骤。
2026-07-18 01:14:16 | INFO     | 💾 样本 ANS_CO_701.png 进度已保存。
2026-07-18 01:14:16 | INFO     | ⏳ 样本间冷却 15 秒...
2026-07-18 01:14:31 | INFO     | 
📊 采样完成。平均方差: 0.2222
2026-07-18 01:14:31 | INFO     | Item-level variance: avg=0.0222, max=0.2222
2026-07-18 01:14:31 | WARNING  | ⚠️ 方差超标！开始基于高方差样本修正标准...
2026-07-18 01:14:31 | INFO     | 🔧 [规则修正] 正在基于 3 份精选样本优化规则...
2026-07-18 01:23:18 | INFO     | 🎉 修正后的最终标准已通过总分与语义契约校验。
2026-07-18 01:23:18 | INFO     | [rubric manifest] saved: D:\users\王鑫020420\Desktop\refgrader-main\data\csbench\rubrics\manifests\CO\CO_4_optimization.json
2026-07-18 01:23:18 | INFO     | 
🏆 任务完成！
